11:53:37 **** 构建 of configuration Debug for project Demo_AGC ****
make all 
正在构建文件： /cygdrive/F/Soft_sdk/Mv_BP10X/MVsB1_Base_SDK/driver/driver_api/src/adc_interface.c
正在调用： Andes C Compiler
nds32le-elf-gcc -I"/cygdrive/F/Soft_sdk/Mv_BP10X/MVsB1_Base_SDK/driver/driver/inc" -I"/cygdrive/F/Soft_sdk/Mv_BP10X/MVsB1_Base_SDK/driver/driver_api/inc" -I"/cygdrive/F/Soft_sdk/Mv_BP10X/MVsB1_Base_SDK/middleware/mv_utils/inc" -Og -mcmodel=medium -g3 -Wall -mcpu=d1088-spu -c -fmessage-length=0 -ldsp -mext-dsp -fsingle-precision-constant -ffunction-sections -fdata-sections -MMD -MP -MF"driver/driver_api/src/adc_interface.d" -MT"driver/driver_api/src/adc_interface.d driver/driver_api/src/adc_interface.o" -o "driver/driver_api/src/adc_interface.o" "/cygdrive/F/Soft_sdk/Mv_BP10X/MVsB1_Base_SDK/driver/driver_api/src/adc_interface.c"
已结束构建： /cygdrive/F/Soft_sdk/Mv_BP10X/MVsB1_Base_SDK/driver/driver_api/src/adc_interface.c
 
正在构建文件： /cygdrive/F/Soft_sdk/Mv_BP10X/MVsB1_Base_SDK/driver/driver_api/src/dac_interface.c
正在调用： Andes C Compiler
nds32le-elf-gcc -I"/cygdrive/F/Soft_sdk/Mv_BP10X/MVsB1_Base_SDK/driver/driver/inc" -I"/cygdrive/F/Soft_sdk/Mv_BP10X/MVsB1_Base_SDK/driver/driver_api/inc" -I"/cygdrive/F/Soft_sdk/Mv_BP10X/MVsB1_Base_SDK/middleware/mv_utils/inc" -Og -mcmodel=medium -g3 -Wall -mcpu=d1088-spu -c -fmessage-length=0 -ldsp -mext-dsp -fsingle-precision-constant -ffunction-sections -fdata-sections -MMD -MP -MF"driver/driver_api/src/dac_interface.d" -MT"driver/driver_api/src/dac_interface.d driver/driver_api/src/dac_interface.o" -o "driver/driver_api/src/dac_interface.o" "/cygdrive/F/Soft_sdk/Mv_BP10X/MVsB1_Base_SDK/driver/driver_api/src/dac_interface.c"
已结束构建： /cygdrive/F/Soft_sdk/Mv_BP10X/MVsB1_Base_SDK/driver/driver_api/src/dac_interface.c
 
正在构建文件： /cygdrive/F/Soft_sdk/Mv_BP10X/MVsB1_Base_SDK/driver/driver_api/src/uarts_interface.c
正在调用： Andes C Compiler
nds32le-elf-gcc -I"/cygdrive/F/Soft_sdk/Mv_BP10X/MVsB1_Base_SDK/driver/driver/inc" -I"/cygdrive/F/Soft_sdk/Mv_BP10X/MVsB1_Base_SDK/driver/driver_api/inc" -I"/cygdrive/F/Soft_sdk/Mv_BP10X/MVsB1_Base_SDK/middleware/mv_utils/inc" -Og -mcmodel=medium -g3 -Wall -mcpu=d1088-spu -c -fmessage-length=0 -ldsp -mext-dsp -fsingle-precision-constant -ffunction-sections -fdata-sections -MMD -MP -MF"driver/driver_api/src/uarts_interface.d" -MT"driver/driver_api/src/uarts_interface.d driver/driver_api/src/uarts_interface.o" -o "driver/driver_api/src/uarts_interface.o" "/cygdrive/F/Soft_sdk/Mv_BP10X/MVsB1_Base_SDK/driver/driver_api/src/uarts_interface.c"
已结束构建： /cygdrive/F/Soft_sdk/Mv_BP10X/MVsB1_Base_SDK/driver/driver_api/src/uarts_interface.c
 
正在构建文件： ../src/voice_agc_demo.c
正在调用： Andes C Compiler
nds32le-elf-gcc -I"/cygdrive/F/Soft_sdk/Mv_BP10X/MVsB1_Base_SDK/driver/driver/inc" -I"/cygdrive/F/Soft_sdk/Mv_BP10X/MVsB1_Base_SDK/driver/driver_api/inc" -I"/cygdrive/F/Soft_sdk/Mv_BP10X/MVsB1_Base_SDK/middleware/mv_utils/inc" -Og -mcmodel=medium -g3 -Wall -mcpu=d1088-spu -c -fmessage-length=0 -ldsp -mext-dsp -fsingle-precision-constant -ffunction-sections -fdata-sections -MMD -MP -MF"src/voice_agc_demo.d" -MT"src/voice_agc_demo.d src/voice_agc_demo.o" -o "src/voice_agc_demo.o" "../src/voice_agc_demo.c"
已结束构建： ../src/voice_agc_demo.c
 
正在构建文件： /cygdrive/F/Soft_sdk/Mv_BP10X/MVsB1_Base_SDK/startup/crt0.S
正在调用： Andes C Compiler
nds32le-elf-gcc -I"/cygdrive/F/Soft_sdk/Mv_BP10X/MVsB1_Base_SDK/driver/driver/inc" -I"/cygdrive/F/Soft_sdk/Mv_BP10X/MVsB1_Base_SDK/driver/driver_api/inc" -I"/cygdrive/F/Soft_sdk/Mv_BP10X/MVsB1_Base_SDK/middleware/mv_utils/inc" -Og -mcmodel=medium -g3 -Wall -mcpu=d1088-spu -c -fmessage-length=0 -ldsp -mext-dsp -fsingle-precision-constant -ffunction-sections -fdata-sections -MMD -MP -MF"startup/crt0.d" -MT"startup/crt0.d startup/crt0.o" -o "startup/crt0.o" "/cygdrive/F/Soft_sdk/Mv_BP10X/MVsB1_Base_SDK/startup/crt0.S"
已结束构建： /cygdrive/F/Soft_sdk/Mv_BP10X/MVsB1_Base_SDK/startup/crt0.S
 
正在构建文件： /cygdrive/F/Soft_sdk/Mv_BP10X/MVsB1_Base_SDK/startup/init-default.c
正在调用： Andes C Compiler
nds32le-elf-gcc -I"/cygdrive/F/Soft_sdk/Mv_BP10X/MVsB1_Base_SDK/driver/driver/inc" -I"/cygdrive/F/Soft_sdk/Mv_BP10X/MVsB1_Base_SDK/driver/driver_api/inc" -I"/cygdrive/F/Soft_sdk/Mv_BP10X/MVsB1_Base_SDK/middleware/mv_utils/inc" -Og -mcmodel=medium -g3 -Wall -mcpu=d1088-spu -c -fmessage-length=0 -ldsp -mext-dsp -fsingle-precision-constant -ffunction-sections -fdata-sections -MMD -MP -MF"startup/init-default.d" -MT"startup/init-default.d startup/init-default.o" -o "startup/init-default.o" "/cygdrive/F/Soft_sdk/Mv_BP10X/MVsB1_Base_SDK/startup/init-default.c"
已结束构建： /cygdrive/F/Soft_sdk/Mv_BP10X/MVsB1_Base_SDK/startup/init-default.c
 
正在构建文件： /cygdrive/F/Soft_sdk/Mv_BP10X/MVsB1_Base_SDK/startup/interrupt.c
正在调用： Andes C Compiler
nds32le-elf-gcc -I"/cygdrive/F/Soft_sdk/Mv_BP10X/MVsB1_Base_SDK/driver/driver/inc" -I"/cygdrive/F/Soft_sdk/Mv_BP10X/MVsB1_Base_SDK/driver/driver_api/inc" -I"/cygdrive/F/Soft_sdk/Mv_BP10X/MVsB1_Base_SDK/middleware/mv_utils/inc" -Og -mcmodel=medium -g3 -Wall -mcpu=d1088-spu -c -fmessage-length=0 -ldsp -mext-dsp -fsingle-precision-constant -ffunction-sections -fdata-sections -MMD -MP -MF"startup/interrupt.d" -MT"startup/interrupt.d startup/interrupt.o" -o "startup/interrupt.o" "/cygdrive/F/Soft_sdk/Mv_BP10X/MVsB1_Base_SDK/startup/interrupt.c"
已结束构建： /cygdrive/F/Soft_sdk/Mv_BP10X/MVsB1_Base_SDK/startup/interrupt.c
 
正在构建文件： /cygdrive/F/Soft_sdk/Mv_BP10X/MVsB1_Base_SDK/startup/retarget.c
正在调用： Andes C Compiler
nds32le-elf-gcc -I"/cygdrive/F/Soft_sdk/Mv_BP10X/MVsB1_Base_SDK/driver/driver/inc" -I"/cygdrive/F/Soft_sdk/Mv_BP10X/MVsB1_Base_SDK/driver/driver_api/inc" -I"/cygdrive/F/Soft_sdk/Mv_BP10X/MVsB1_Base_SDK/middleware/mv_utils/inc" -Og -mcmodel=medium -g3 -Wall -mcpu=d1088-spu -c -fmessage-length=0 -ldsp -mext-dsp -fsingle-precision-constant -ffunction-sections -fdata-sections -MMD -MP -MF"startup/retarget.d" -MT"startup/retarget.d startup/retarget.o" -o "startup/retarget.o" "/cygdrive/F/Soft_sdk/Mv_BP10X/MVsB1_Base_SDK/startup/retarget.c"
已结束构建： /cygdrive/F/Soft_sdk/Mv_BP10X/MVsB1_Base_SDK/startup/retarget.c
 
正在构建目标： Demo_AGC.adx
正在调用： Andes C Linker
nds32le-elf-gcc -Og -nostartfiles -static -L"/cygdrive/F/Soft_sdk/Mv_BP10X/MVsB1_Base_SDK/driver/driver" -mcmodel=medium -ldsp -mext-dsp -T"../nds32-ae210p.ld" -Wl,--gc-sections -mvh -o "Demo_AGC.adx"  ./driver/driver_api/src/adc_interface.o ./driver/driver_api/src/dac_interface.o ./driver/driver_api/src/uarts_interface.o  ./src/voice_agc_demo.o  ./startup/crt0.o ./startup/init-default.o ./startup/interrupt.o ./startup/retarget.o   -lDriver
已结束构建目标： Demo_AGC.adx
 
正在调用： NM (symbol listing)
nds32le-elf-nm -n -l -C "Demo_AGC.adx" > output/symbol.txt
已结束构建： output/symbol.txt
 
正在调用： Readelf (ELF info listing)
nds32le-elf-readelf -a "Demo_AGC.adx" > output/readelf.txt
已结束构建： output/readelf.txt
 
正在调用： Objcopy (object content copy)
nds32le-elf-objcopy -S -O binary "Demo_AGC.adx" output/Demo_AGC.bin
已结束构建： output/Demo_AGC.bin
 
正在调用： Size (section size listing)
nds32le-elf-size  "Demo_AGC.adx" | tee output/.PHONY.size
   text (code + rodata)	   data	    bss	    dec	    hex	filename
  33326 (31442 +   1884)	   1008	   6184	  40518	   9e46	Demo_AGC.adx
已结束构建： output/.PHONY.size
 

11:53:52 Build Finished (took 15s.188ms)

