11:55:33 **** 构建 of configuration Debug for project Demo_MicApplication ****
make all 
正在构建文件： /cygdrive/F/Soft_sdk/Mv_BP10X/MVsB1_Base_SDK/driver/driver_api/src/adc_interface.c
正在调用： Andes C Compiler
nds32le-elf-gcc -DFUNC_OS_EN=1 -I"/cygdrive/F/Soft_sdk/Mv_BP10X/MVsB1_Base_SDK/driver/driver/inc" -I"/cygdrive/F/Soft_sdk/Mv_BP10X/MVsB1_Base_SDK/middleware/rtos/rtos_api" -I"/cygdrive/F/Soft_sdk/Mv_BP10X/MVsB1_Base_SDK/driver/driver_api/inc" -I"/cygdrive/F/Soft_sdk/Mv_BP10X/MVsB1_Base_SDK/driver/driver_api/inc/otg" -I"/cygdrive/F/Soft_sdk/Mv_BP10X/MVsB1_Base_SDK/middleware/rtos/freertos/inc" -I"/cygdrive/F/Soft_sdk/Mv_BP10X/MVsB1_Base_SDK/middleware/fatfs/inc" -I"/cygdrive/F/Soft_sdk/Mv_BP10X/MVsB1_Base_SDK/middleware/mv_utils/inc" -Og -mcmodel=medium -g3 -Wall -mcpu=d1088-spu -c -fmessage-length=0 -ldsp -mext-dsp -fsingle-precision-constant -ffunction-sections -fdata-sections -MMD -MP -MF"driver/driver_api/src/adc_interface.d" -MT"driver/driver_api/src/adc_interface.d driver/driver_api/src/adc_interface.o" -o "driver/driver_api/src/adc_interface.o" "/cygdrive/F/Soft_sdk/Mv_BP10X/MVsB1_Base_SDK/driver/driver_api/src/adc_interface.c"
已结束构建： /cygdrive/F/Soft_sdk/Mv_BP10X/MVsB1_Base_SDK/driver/driver_api/src/adc_interface.c
 
正在构建文件： /cygdrive/F/Soft_sdk/Mv_BP10X/MVsB1_Base_SDK/driver/driver_api/src/dac_interface.c
正在调用： Andes C Compiler
nds32le-elf-gcc -DFUNC_OS_EN=1 -I"/cygdrive/F/Soft_sdk/Mv_BP10X/MVsB1_Base_SDK/driver/driver/inc" -I"/cygdrive/F/Soft_sdk/Mv_BP10X/MVsB1_Base_SDK/middleware/rtos/rtos_api" -I"/cygdrive/F/Soft_sdk/Mv_BP10X/MVsB1_Base_SDK/driver/driver_api/inc" -I"/cygdrive/F/Soft_sdk/Mv_BP10X/MVsB1_Base_SDK/driver/driver_api/inc/otg" -I"/cygdrive/F/Soft_sdk/Mv_BP10X/MVsB1_Base_SDK/middleware/rtos/freertos/inc" -I"/cygdrive/F/Soft_sdk/Mv_BP10X/MVsB1_Base_SDK/middleware/fatfs/inc" -I"/cygdrive/F/Soft_sdk/Mv_BP10X/MVsB1_Base_SDK/middleware/mv_utils/inc" -Og -mcmodel=medium -g3 -Wall -mcpu=d1088-spu -c -fmessage-length=0 -ldsp -mext-dsp -fsingle-precision-constant -ffunction-sections -fdata-sections -MMD -MP -MF"driver/driver_api/src/dac_interface.d" -MT"driver/driver_api/src/dac_interface.d driver/driver_api/src/dac_interface.o" -o "driver/driver_api/src/dac_interface.o" "/cygdrive/F/Soft_sdk/Mv_BP10X/MVsB1_Base_SDK/driver/driver_api/src/dac_interface.c"
已结束构建： /cygdrive/F/Soft_sdk/Mv_BP10X/MVsB1_Base_SDK/driver/driver_api/src/dac_interface.c
 
正在构建文件： /cygdrive/F/Soft_sdk/Mv_BP10X/MVsB1_Base_SDK/driver/driver_api/src/sadc_interface.c
正在调用： Andes C Compiler
nds32le-elf-gcc -DFUNC_OS_EN=1 -I"/cygdrive/F/Soft_sdk/Mv_BP10X/MVsB1_Base_SDK/driver/driver/inc" -I"/cygdrive/F/Soft_sdk/Mv_BP10X/MVsB1_Base_SDK/middleware/rtos/rtos_api" -I"/cygdrive/F/Soft_sdk/Mv_BP10X/MVsB1_Base_SDK/driver/driver_api/inc" -I"/cygdrive/F/Soft_sdk/Mv_BP10X/MVsB1_Base_SDK/driver/driver_api/inc/otg" -I"/cygdrive/F/Soft_sdk/Mv_BP10X/MVsB1_Base_SDK/middleware/rtos/freertos/inc" -I"/cygdrive/F/Soft_sdk/Mv_BP10X/MVsB1_Base_SDK/middleware/fatfs/inc" -I"/cygdrive/F/Soft_sdk/Mv_BP10X/MVsB1_Base_SDK/middleware/mv_utils/inc" -Og -mcmodel=medium -g3 -Wall -mcpu=d1088-spu -c -fmessage-length=0 -ldsp -mext-dsp -fsingle-precision-constant -ffunction-sections -fdata-sections -MMD -MP -MF"driver/driver_api/src/sadc_interface.d" -MT"driver/driver_api/src/sadc_interface.d driver/driver_api/src/sadc_interface.o" -o "driver/driver_api/src/sadc_interface.o" "/cygdrive/F/Soft_sdk/Mv_BP10X/MVsB1_Base_SDK/driver/driver_api/src/sadc_interface.c"
已结束构建： /cygdrive/F/Soft_sdk/Mv_BP10X/MVsB1_Base_SDK/driver/driver_api/src/sadc_interface.c
 
正在构建文件： /cygdrive/F/Soft_sdk/Mv_BP10X/MVsB1_Base_SDK/driver/driver_api/src/sd_card.c
正在调用： Andes C Compiler
nds32le-elf-gcc -DFUNC_OS_EN=1 -I"/cygdrive/F/Soft_sdk/Mv_BP10X/MVsB1_Base_SDK/driver/driver/inc" -I"/cygdrive/F/Soft_sdk/Mv_BP10X/MVsB1_Base_SDK/middleware/rtos/rtos_api" -I"/cygdrive/F/Soft_sdk/Mv_BP10X/MVsB1_Base_SDK/driver/driver_api/inc" -I"/cygdrive/F/Soft_sdk/Mv_BP10X/MVsB1_Base_SDK/driver/driver_api/inc/otg" -I"/cygdrive/F/Soft_sdk/Mv_BP10X/MVsB1_Base_SDK/middleware/rtos/freertos/inc" -I"/cygdrive/F/Soft_sdk/Mv_BP10X/MVsB1_Base_SDK/middleware/fatfs/inc" -I"/cygdrive/F/Soft_sdk/Mv_BP10X/MVsB1_Base_SDK/middleware/mv_utils/inc" -Og -mcmodel=medium -g3 -Wall -mcpu=d1088-spu -c -fmessage-length=0 -ldsp -mext-dsp -fsingle-precision-constant -ffunction-sections -fdata-sections -MMD -MP -MF"driver/driver_api/src/sd_card.d" -MT"driver/driver_api/src/sd_card.d driver/driver_api/src/sd_card.o" -o "driver/driver_api/src/sd_card.o" "/cygdrive/F/Soft_sdk/Mv_BP10X/MVsB1_Base_SDK/driver/driver_api/src/sd_card.c"
已结束构建： /cygdrive/F/Soft_sdk/Mv_BP10X/MVsB1_Base_SDK/driver/driver_api/src/sd_card.c
 
正在构建文件： /cygdrive/F/Soft_sdk/Mv_BP10X/MVsB1_Base_SDK/driver/driver_api/src/uarts_interface.c
正在调用： Andes C Compiler
nds32le-elf-gcc -DFUNC_OS_EN=1 -I"/cygdrive/F/Soft_sdk/Mv_BP10X/MVsB1_Base_SDK/driver/driver/inc" -I"/cygdrive/F/Soft_sdk/Mv_BP10X/MVsB1_Base_SDK/middleware/rtos/rtos_api" -I"/cygdrive/F/Soft_sdk/Mv_BP10X/MVsB1_Base_SDK/driver/driver_api/inc" -I"/cygdrive/F/Soft_sdk/Mv_BP10X/MVsB1_Base_SDK/driver/driver_api/inc/otg" -I"/cygdrive/F/Soft_sdk/Mv_BP10X/MVsB1_Base_SDK/middleware/rtos/freertos/inc" -I"/cygdrive/F/Soft_sdk/Mv_BP10X/MVsB1_Base_SDK/middleware/fatfs/inc" -I"/cygdrive/F/Soft_sdk/Mv_BP10X/MVsB1_Base_SDK/middleware/mv_utils/inc" -Og -mcmodel=medium -g3 -Wall -mcpu=d1088-spu -c -fmessage-length=0 -ldsp -mext-dsp -fsingle-precision-constant -ffunction-sections -fdata-sections -MMD -MP -MF"driver/driver_api/src/uarts_interface.d" -MT"driver/driver_api/src/uarts_interface.d driver/driver_api/src/uarts_interface.o" -o "driver/driver_api/src/uarts_interface.o" "/cygdrive/F/Soft_sdk/Mv_BP10X/MVsB1_Base_SDK/driver/driver_api/src/uarts_interface.c"
已结束构建： /cygdrive/F/Soft_sdk/Mv_BP10X/MVsB1_Base_SDK/driver/driver_api/src/uarts_interface.c
 
正在构建文件： /cygdrive/F/Soft_sdk/Mv_BP10X/MVsB1_Base_SDK/driver/driver_api/src/otg/host/otg_host_standard_enum.c
正在调用： Andes C Compiler
nds32le-elf-gcc -DFUNC_OS_EN=1 -I"/cygdrive/F/Soft_sdk/Mv_BP10X/MVsB1_Base_SDK/driver/driver/inc" -I"/cygdrive/F/Soft_sdk/Mv_BP10X/MVsB1_Base_SDK/middleware/rtos/rtos_api" -I"/cygdrive/F/Soft_sdk/Mv_BP10X/MVsB1_Base_SDK/driver/driver_api/inc" -I"/cygdrive/F/Soft_sdk/Mv_BP10X/MVsB1_Base_SDK/driver/driver_api/inc/otg" -I"/cygdrive/F/Soft_sdk/Mv_BP10X/MVsB1_Base_SDK/middleware/rtos/freertos/inc" -I"/cygdrive/F/Soft_sdk/Mv_BP10X/MVsB1_Base_SDK/middleware/fatfs/inc" -I"/cygdrive/F/Soft_sdk/Mv_BP10X/MVsB1_Base_SDK/middleware/mv_utils/inc" -Og -mcmodel=medium -g3 -Wall -mcpu=d1088-spu -c -fmessage-length=0 -ldsp -mext-dsp -fsingle-precision-constant -ffunction-sections -fdata-sections -MMD -MP -MF"driver/driver_api/src/otg/host/otg_host_standard_enum.d" -MT"driver/driver_api/src/otg/host/otg_host_standard_enum.d driver/driver_api/src/otg/host/otg_host_standard_enum.o" -o "driver/driver_api/src/otg/host/otg_host_standard_enum.o" "/cygdrive/F/Soft_sdk/Mv_BP10X/MVsB1_Base_SDK/driver/driver_api/src/otg/host/otg_host_standard_enum.c"
已结束构建： /cygdrive/F/Soft_sdk/Mv_BP10X/MVsB1_Base_SDK/driver/driver_api/src/otg/host/otg_host_standard_enum.c
 
正在构建文件： /cygdrive/F/Soft_sdk/Mv_BP10X/MVsB1_Base_SDK/driver/driver_api/src/otg/host/otg_host_udisk.c
正在调用： Andes C Compiler
nds32le-elf-gcc -DFUNC_OS_EN=1 -I"/cygdrive/F/Soft_sdk/Mv_BP10X/MVsB1_Base_SDK/driver/driver/inc" -I"/cygdrive/F/Soft_sdk/Mv_BP10X/MVsB1_Base_SDK/middleware/rtos/rtos_api" -I"/cygdrive/F/Soft_sdk/Mv_BP10X/MVsB1_Base_SDK/driver/driver_api/inc" -I"/cygdrive/F/Soft_sdk/Mv_BP10X/MVsB1_Base_SDK/driver/driver_api/inc/otg" -I"/cygdrive/F/Soft_sdk/Mv_BP10X/MVsB1_Base_SDK/middleware/rtos/freertos/inc" -I"/cygdrive/F/Soft_sdk/Mv_BP10X/MVsB1_Base_SDK/middleware/fatfs/inc" -I"/cygdrive/F/Soft_sdk/Mv_BP10X/MVsB1_Base_SDK/middleware/mv_utils/inc" -Og -mcmodel=medium -g3 -Wall -mcpu=d1088-spu -c -fmessage-length=0 -ldsp -mext-dsp -fsingle-precision-constant -ffunction-sections -fdata-sections -MMD -MP -MF"driver/driver_api/src/otg/host/otg_host_udisk.d" -MT"driver/driver_api/src/otg/host/otg_host_udisk.d driver/driver_api/src/otg/host/otg_host_udisk.o" -o "driver/driver_api/src/otg/host/otg_host_udisk.o" "/cygdrive/F/Soft_sdk/Mv_BP10X/MVsB1_Base_SDK/driver/driver_api/src/otg/host/otg_host_udisk.c"
已结束构建： /cygdrive/F/Soft_sdk/Mv_BP10X/MVsB1_Base_SDK/driver/driver_api/src/otg/host/otg_host_udisk.c
 
正在构建文件： /cygdrive/F/Soft_sdk/Mv_BP10X/MVsB1_Base_SDK/middleware/fatfs/src/diskio.c
正在调用： Andes C Compiler
nds32le-elf-gcc -DFUNC_OS_EN=1 -I"/cygdrive/F/Soft_sdk/Mv_BP10X/MVsB1_Base_SDK/driver/driver/inc" -I"/cygdrive/F/Soft_sdk/Mv_BP10X/MVsB1_Base_SDK/middleware/rtos/rtos_api" -I"/cygdrive/F/Soft_sdk/Mv_BP10X/MVsB1_Base_SDK/driver/driver_api/inc" -I"/cygdrive/F/Soft_sdk/Mv_BP10X/MVsB1_Base_SDK/driver/driver_api/inc/otg" -I"/cygdrive/F/Soft_sdk/Mv_BP10X/MVsB1_Base_SDK/middleware/rtos/freertos/inc" -I"/cygdrive/F/Soft_sdk/Mv_BP10X/MVsB1_Base_SDK/middleware/fatfs/inc" -I"/cygdrive/F/Soft_sdk/Mv_BP10X/MVsB1_Base_SDK/middleware/mv_utils/inc" -Og -mcmodel=medium -g3 -Wall -mcpu=d1088-spu -c -fmessage-length=0 -ldsp -mext-dsp -fsingle-precision-constant -ffunction-sections -fdata-sections -MMD -MP -MF"middleware/fatfs/src/diskio.d" -MT"middleware/fatfs/src/diskio.d middleware/fatfs/src/diskio.o" -o "middleware/fatfs/src/diskio.o" "/cygdrive/F/Soft_sdk/Mv_BP10X/MVsB1_Base_SDK/middleware/fatfs/src/diskio.c"
/cygdrive/F/Soft_sdk/Mv_BP10X/MVsB1_Base_SDK/middleware/fatfs/src/diskio.c: In function 'disk_write':
/cygdrive/F/Soft_sdk/Mv_BP10X/MVsB1_Base_SDK/middleware/fatfs/src/diskio.c:153:33: warning: passing argument 2 of 'SDCard_WriteBlock' discards 'const' qualifier from pointer target type
   if(!SDCard_WriteBlock(sector, buff, count))
                                 ^
In file included from /cygdrive/F/Soft_sdk/Mv_BP10X/MVsB1_Base_SDK/middleware/fatfs/src/diskio.c:13:0:
/cygdrive/F/Soft_sdk/Mv_BP10X/MVsB1_Base_SDK/driver/driver_api/inc/sd_card.h:145:18: note: expected 'uint8_t *' but argument is of type 'const BYTE *'
 SD_CARD_ERR_CODE SDCard_WriteBlock(uint32_t Block, uint8_t* Buffer,uint8_t Size);
                  ^
已结束构建： /cygdrive/F/Soft_sdk/Mv_BP10X/MVsB1_Base_SDK/middleware/fatfs/src/diskio.c
 
正在构建文件： /cygdrive/F/Soft_sdk/Mv_BP10X/MVsB1_Base_SDK/middleware/fatfs/src/ff.c
正在调用： Andes C Compiler
nds32le-elf-gcc -DFUNC_OS_EN=1 -I"/cygdrive/F/Soft_sdk/Mv_BP10X/MVsB1_Base_SDK/driver/driver/inc" -I"/cygdrive/F/Soft_sdk/Mv_BP10X/MVsB1_Base_SDK/middleware/rtos/rtos_api" -I"/cygdrive/F/Soft_sdk/Mv_BP10X/MVsB1_Base_SDK/driver/driver_api/inc" -I"/cygdrive/F/Soft_sdk/Mv_BP10X/MVsB1_Base_SDK/driver/driver_api/inc/otg" -I"/cygdrive/F/Soft_sdk/Mv_BP10X/MVsB1_Base_SDK/middleware/rtos/freertos/inc" -I"/cygdrive/F/Soft_sdk/Mv_BP10X/MVsB1_Base_SDK/middleware/fatfs/inc" -I"/cygdrive/F/Soft_sdk/Mv_BP10X/MVsB1_Base_SDK/middleware/mv_utils/inc" -Og -mcmodel=medium -g3 -Wall -mcpu=d1088-spu -c -fmessage-length=0 -ldsp -mext-dsp -fsingle-precision-constant -ffunction-sections -fdata-sections -MMD -MP -MF"middleware/fatfs/src/ff.d" -MT"middleware/fatfs/src/ff.d middleware/fatfs/src/ff.o" -o "middleware/fatfs/src/ff.o" "/cygdrive/F/Soft_sdk/Mv_BP10X/MVsB1_Base_SDK/middleware/fatfs/src/ff.c"
已结束构建： /cygdrive/F/Soft_sdk/Mv_BP10X/MVsB1_Base_SDK/middleware/fatfs/src/ff.c
 
正在构建文件： /cygdrive/F/Soft_sdk/Mv_BP10X/MVsB1_Base_SDK/middleware/fatfs/src/ffpresearch.c
正在调用： Andes C Compiler
nds32le-elf-gcc -DFUNC_OS_EN=1 -I"/cygdrive/F/Soft_sdk/Mv_BP10X/MVsB1_Base_SDK/driver/driver/inc" -I"/cygdrive/F/Soft_sdk/Mv_BP10X/MVsB1_Base_SDK/middleware/rtos/rtos_api" -I"/cygdrive/F/Soft_sdk/Mv_BP10X/MVsB1_Base_SDK/driver/driver_api/inc" -I"/cygdrive/F/Soft_sdk/Mv_BP10X/MVsB1_Base_SDK/driver/driver_api/inc/otg" -I"/cygdrive/F/Soft_sdk/Mv_BP10X/MVsB1_Base_SDK/middleware/rtos/freertos/inc" -I"/cygdrive/F/Soft_sdk/Mv_BP10X/MVsB1_Base_SDK/middleware/fatfs/inc" -I"/cygdrive/F/Soft_sdk/Mv_BP10X/MVsB1_Base_SDK/middleware/mv_utils/inc" -Og -mcmodel=medium -g3 -Wall -mcpu=d1088-spu -c -fmessage-length=0 -ldsp -mext-dsp -fsingle-precision-constant -ffunction-sections -fdata-sections -MMD -MP -MF"middleware/fatfs/src/ffpresearch.d" -MT"middleware/fatfs/src/ffpresearch.d middleware/fatfs/src/ffpresearch.o" -o "middleware/fatfs/src/ffpresearch.o" "/cygdrive/F/Soft_sdk/Mv_BP10X/MVsB1_Base_SDK/middleware/fatfs/src/ffpresearch.c"
已结束构建： /cygdrive/F/Soft_sdk/Mv_BP10X/MVsB1_Base_SDK/middleware/fatfs/src/ffpresearch.c
 
正在构建文件： /cygdrive/F/Soft_sdk/Mv_BP10X/MVsB1_Base_SDK/middleware/fatfs/src/ffsystem.c
正在调用： Andes C Compiler
nds32le-elf-gcc -DFUNC_OS_EN=1 -I"/cygdrive/F/Soft_sdk/Mv_BP10X/MVsB1_Base_SDK/driver/driver/inc" -I"/cygdrive/F/Soft_sdk/Mv_BP10X/MVsB1_Base_SDK/middleware/rtos/rtos_api" -I"/cygdrive/F/Soft_sdk/Mv_BP10X/MVsB1_Base_SDK/driver/driver_api/inc" -I"/cygdrive/F/Soft_sdk/Mv_BP10X/MVsB1_Base_SDK/driver/driver_api/inc/otg" -I"/cygdrive/F/Soft_sdk/Mv_BP10X/MVsB1_Base_SDK/middleware/rtos/freertos/inc" -I"/cygdrive/F/Soft_sdk/Mv_BP10X/MVsB1_Base_SDK/middleware/fatfs/inc" -I"/cygdrive/F/Soft_sdk/Mv_BP10X/MVsB1_Base_SDK/middleware/mv_utils/inc" -Og -mcmodel=medium -g3 -Wall -mcpu=d1088-spu -c -fmessage-length=0 -ldsp -mext-dsp -fsingle-precision-constant -ffunction-sections -fdata-sections -MMD -MP -MF"middleware/fatfs/src/ffsystem.d" -MT"middleware/fatfs/src/ffsystem.d middleware/fatfs/src/ffsystem.o" -o "middleware/fatfs/src/ffsystem.o" "/cygdrive/F/Soft_sdk/Mv_BP10X/MVsB1_Base_SDK/middleware/fatfs/src/ffsystem.c"
已结束构建： /cygdrive/F/Soft_sdk/Mv_BP10X/MVsB1_Base_SDK/middleware/fatfs/src/ffsystem.c
 
正在构建文件： /cygdrive/F/Soft_sdk/Mv_BP10X/MVsB1_Base_SDK/middleware/fatfs/src/ffunicode.c
正在调用： Andes C Compiler
nds32le-elf-gcc -DFUNC_OS_EN=1 -I"/cygdrive/F/Soft_sdk/Mv_BP10X/MVsB1_Base_SDK/driver/driver/inc" -I"/cygdrive/F/Soft_sdk/Mv_BP10X/MVsB1_Base_SDK/middleware/rtos/rtos_api" -I"/cygdrive/F/Soft_sdk/Mv_BP10X/MVsB1_Base_SDK/driver/driver_api/inc" -I"/cygdrive/F/Soft_sdk/Mv_BP10X/MVsB1_Base_SDK/driver/driver_api/inc/otg" -I"/cygdrive/F/Soft_sdk/Mv_BP10X/MVsB1_Base_SDK/middleware/rtos/freertos/inc" -I"/cygdrive/F/Soft_sdk/Mv_BP10X/MVsB1_Base_SDK/middleware/fatfs/inc" -I"/cygdrive/F/Soft_sdk/Mv_BP10X/MVsB1_Base_SDK/middleware/mv_utils/inc" -Og -mcmodel=medium -g3 -Wall -mcpu=d1088-spu -c -fmessage-length=0 -ldsp -mext-dsp -fsingle-precision-constant -ffunction-sections -fdata-sections -MMD -MP -MF"middleware/fatfs/src/ffunicode.d" -MT"middleware/fatfs/src/ffunicode.d middleware/fatfs/src/ffunicode.o" -o "middleware/fatfs/src/ffunicode.o" "/cygdrive/F/Soft_sdk/Mv_BP10X/MVsB1_Base_SDK/middleware/fatfs/src/ffunicode.c"
已结束构建： /cygdrive/F/Soft_sdk/Mv_BP10X/MVsB1_Base_SDK/middleware/fatfs/src/ffunicode.c
 
正在构建文件： /cygdrive/F/Soft_sdk/Mv_BP10X/MVsB1_Base_SDK/middleware/rtos/freertos/src/heap_5s.c
正在调用： Andes C Compiler
nds32le-elf-gcc -DFUNC_OS_EN=1 -I"/cygdrive/F/Soft_sdk/Mv_BP10X/MVsB1_Base_SDK/driver/driver/inc" -I"/cygdrive/F/Soft_sdk/Mv_BP10X/MVsB1_Base_SDK/middleware/rtos/rtos_api" -I"/cygdrive/F/Soft_sdk/Mv_BP10X/MVsB1_Base_SDK/driver/driver_api/inc" -I"/cygdrive/F/Soft_sdk/Mv_BP10X/MVsB1_Base_SDK/driver/driver_api/inc/otg" -I"/cygdrive/F/Soft_sdk/Mv_BP10X/MVsB1_Base_SDK/middleware/rtos/freertos/inc" -I"/cygdrive/F/Soft_sdk/Mv_BP10X/MVsB1_Base_SDK/middleware/fatfs/inc" -I"/cygdrive/F/Soft_sdk/Mv_BP10X/MVsB1_Base_SDK/middleware/mv_utils/inc" -Og -mcmodel=medium -g3 -Wall -mcpu=d1088-spu -c -fmessage-length=0 -ldsp -mext-dsp -fsingle-precision-constant -ffunction-sections -fdata-sections -MMD -MP -MF"middleware/rtos/freertos/src/heap_5s.d" -MT"middleware/rtos/freertos/src/heap_5s.d middleware/rtos/freertos/src/heap_5s.o" -o "middleware/rtos/freertos/src/heap_5s.o" "/cygdrive/F/Soft_sdk/Mv_BP10X/MVsB1_Base_SDK/middleware/rtos/freertos/src/heap_5s.c"
已结束构建： /cygdrive/F/Soft_sdk/Mv_BP10X/MVsB1_Base_SDK/middleware/rtos/freertos/src/heap_5s.c
 
正在构建文件： /cygdrive/F/Soft_sdk/Mv_BP10X/MVsB1_Base_SDK/middleware/rtos/freertos/src/list.c
正在调用： Andes C Compiler
nds32le-elf-gcc -DFUNC_OS_EN=1 -I"/cygdrive/F/Soft_sdk/Mv_BP10X/MVsB1_Base_SDK/driver/driver/inc" -I"/cygdrive/F/Soft_sdk/Mv_BP10X/MVsB1_Base_SDK/middleware/rtos/rtos_api" -I"/cygdrive/F/Soft_sdk/Mv_BP10X/MVsB1_Base_SDK/driver/driver_api/inc" -I"/cygdrive/F/Soft_sdk/Mv_BP10X/MVsB1_Base_SDK/driver/driver_api/inc/otg" -I"/cygdrive/F/Soft_sdk/Mv_BP10X/MVsB1_Base_SDK/middleware/rtos/freertos/inc" -I"/cygdrive/F/Soft_sdk/Mv_BP10X/MVsB1_Base_SDK/middleware/fatfs/inc" -I"/cygdrive/F/Soft_sdk/Mv_BP10X/MVsB1_Base_SDK/middleware/mv_utils/inc" -Og -mcmodel=medium -g3 -Wall -mcpu=d1088-spu -c -fmessage-length=0 -ldsp -mext-dsp -fsingle-precision-constant -ffunction-sections -fdata-sections -MMD -MP -MF"middleware/rtos/freertos/src/list.d" -MT"middleware/rtos/freertos/src/list.d middleware/rtos/freertos/src/list.o" -o "middleware/rtos/freertos/src/list.o" "/cygdrive/F/Soft_sdk/Mv_BP10X/MVsB1_Base_SDK/middleware/rtos/freertos/src/list.c"
已结束构建： /cygdrive/F/Soft_sdk/Mv_BP10X/MVsB1_Base_SDK/middleware/rtos/freertos/src/list.c
 
正在构建文件： /cygdrive/F/Soft_sdk/Mv_BP10X/MVsB1_Base_SDK/middleware/rtos/freertos/src/os_cpu_a.S
正在调用： Andes C Compiler
nds32le-elf-gcc -DFUNC_OS_EN=1 -I"/cygdrive/F/Soft_sdk/Mv_BP10X/MVsB1_Base_SDK/driver/driver/inc" -I"/cygdrive/F/Soft_sdk/Mv_BP10X/MVsB1_Base_SDK/middleware/rtos/rtos_api" -I"/cygdrive/F/Soft_sdk/Mv_BP10X/MVsB1_Base_SDK/driver/driver_api/inc" -I"/cygdrive/F/Soft_sdk/Mv_BP10X/MVsB1_Base_SDK/driver/driver_api/inc/otg" -I"/cygdrive/F/Soft_sdk/Mv_BP10X/MVsB1_Base_SDK/middleware/rtos/freertos/inc" -I"/cygdrive/F/Soft_sdk/Mv_BP10X/MVsB1_Base_SDK/middleware/fatfs/inc" -I"/cygdrive/F/Soft_sdk/Mv_BP10X/MVsB1_Base_SDK/middleware/mv_utils/inc" -Og -mcmodel=medium -g3 -Wall -mcpu=d1088-spu -c -fmessage-length=0 -ldsp -mext-dsp -fsingle-precision-constant -ffunction-sections -fdata-sections -MMD -MP -MF"middleware/rtos/freertos/src/os_cpu_a.d" -MT"middleware/rtos/freertos/src/os_cpu_a.d middleware/rtos/freertos/src/os_cpu_a.o" -o "middleware/rtos/freertos/src/os_cpu_a.o" "/cygdrive/F/Soft_sdk/Mv_BP10X/MVsB1_Base_SDK/middleware/rtos/freertos/src/os_cpu_a.S"
已结束构建： /cygdrive/F/Soft_sdk/Mv_BP10X/MVsB1_Base_SDK/middleware/rtos/freertos/src/os_cpu_a.S
 
正在构建文件： /cygdrive/F/Soft_sdk/Mv_BP10X/MVsB1_Base_SDK/middleware/rtos/freertos/src/port.c
正在调用： Andes C Compiler
nds32le-elf-gcc -DFUNC_OS_EN=1 -I"/cygdrive/F/Soft_sdk/Mv_BP10X/MVsB1_Base_SDK/driver/driver/inc" -I"/cygdrive/F/Soft_sdk/Mv_BP10X/MVsB1_Base_SDK/middleware/rtos/rtos_api" -I"/cygdrive/F/Soft_sdk/Mv_BP10X/MVsB1_Base_SDK/driver/driver_api/inc" -I"/cygdrive/F/Soft_sdk/Mv_BP10X/MVsB1_Base_SDK/driver/driver_api/inc/otg" -I"/cygdrive/F/Soft_sdk/Mv_BP10X/MVsB1_Base_SDK/middleware/rtos/freertos/inc" -I"/cygdrive/F/Soft_sdk/Mv_BP10X/MVsB1_Base_SDK/middleware/fatfs/inc" -I"/cygdrive/F/Soft_sdk/Mv_BP10X/MVsB1_Base_SDK/middleware/mv_utils/inc" -Og -mcmodel=medium -g3 -Wall -mcpu=d1088-spu -c -fmessage-length=0 -ldsp -mext-dsp -fsingle-precision-constant -ffunction-sections -fdata-sections -MMD -MP -MF"middleware/rtos/freertos/src/port.d" -MT"middleware/rtos/freertos/src/port.d middleware/rtos/freertos/src/port.o" -o "middleware/rtos/freertos/src/port.o" "/cygdrive/F/Soft_sdk/Mv_BP10X/MVsB1_Base_SDK/middleware/rtos/freertos/src/port.c"
已结束构建： /cygdrive/F/Soft_sdk/Mv_BP10X/MVsB1_Base_SDK/middleware/rtos/freertos/src/port.c
 
正在构建文件： /cygdrive/F/Soft_sdk/Mv_BP10X/MVsB1_Base_SDK/middleware/rtos/freertos/src/portISR.c
正在调用： Andes C Compiler
nds32le-elf-gcc -DFUNC_OS_EN=1 -I"/cygdrive/F/Soft_sdk/Mv_BP10X/MVsB1_Base_SDK/driver/driver/inc" -I"/cygdrive/F/Soft_sdk/Mv_BP10X/MVsB1_Base_SDK/middleware/rtos/rtos_api" -I"/cygdrive/F/Soft_sdk/Mv_BP10X/MVsB1_Base_SDK/driver/driver_api/inc" -I"/cygdrive/F/Soft_sdk/Mv_BP10X/MVsB1_Base_SDK/driver/driver_api/inc/otg" -I"/cygdrive/F/Soft_sdk/Mv_BP10X/MVsB1_Base_SDK/middleware/rtos/freertos/inc" -I"/cygdrive/F/Soft_sdk/Mv_BP10X/MVsB1_Base_SDK/middleware/fatfs/inc" -I"/cygdrive/F/Soft_sdk/Mv_BP10X/MVsB1_Base_SDK/middleware/mv_utils/inc" -Og -mcmodel=medium -g3 -Wall -mcpu=d1088-spu -c -fmessage-length=0 -ldsp -mext-dsp -fsingle-precision-constant -ffunction-sections -fdata-sections -MMD -MP -MF"middleware/rtos/freertos/src/portISR.d" -MT"middleware/rtos/freertos/src/portISR.d middleware/rtos/freertos/src/portISR.o" -o "middleware/rtos/freertos/src/portISR.o" "/cygdrive/F/Soft_sdk/Mv_BP10X/MVsB1_Base_SDK/middleware/rtos/freertos/src/portISR.c"
已结束构建： /cygdrive/F/Soft_sdk/Mv_BP10X/MVsB1_Base_SDK/middleware/rtos/freertos/src/portISR.c
 
正在构建文件： /cygdrive/F/Soft_sdk/Mv_BP10X/MVsB1_Base_SDK/middleware/rtos/freertos/src/queue.c
正在调用： Andes C Compiler
nds32le-elf-gcc -DFUNC_OS_EN=1 -I"/cygdrive/F/Soft_sdk/Mv_BP10X/MVsB1_Base_SDK/driver/driver/inc" -I"/cygdrive/F/Soft_sdk/Mv_BP10X/MVsB1_Base_SDK/middleware/rtos/rtos_api" -I"/cygdrive/F/Soft_sdk/Mv_BP10X/MVsB1_Base_SDK/driver/driver_api/inc" -I"/cygdrive/F/Soft_sdk/Mv_BP10X/MVsB1_Base_SDK/driver/driver_api/inc/otg" -I"/cygdrive/F/Soft_sdk/Mv_BP10X/MVsB1_Base_SDK/middleware/rtos/freertos/inc" -I"/cygdrive/F/Soft_sdk/Mv_BP10X/MVsB1_Base_SDK/middleware/fatfs/inc" -I"/cygdrive/F/Soft_sdk/Mv_BP10X/MVsB1_Base_SDK/middleware/mv_utils/inc" -Og -mcmodel=medium -g3 -Wall -mcpu=d1088-spu -c -fmessage-length=0 -ldsp -mext-dsp -fsingle-precision-constant -ffunction-sections -fdata-sections -MMD -MP -MF"middleware/rtos/freertos/src/queue.d" -MT"middleware/rtos/freertos/src/queue.d middleware/rtos/freertos/src/queue.o" -o "middleware/rtos/freertos/src/queue.o" "/cygdrive/F/Soft_sdk/Mv_BP10X/MVsB1_Base_SDK/middleware/rtos/freertos/src/queue.c"
已结束构建： /cygdrive/F/Soft_sdk/Mv_BP10X/MVsB1_Base_SDK/middleware/rtos/freertos/src/queue.c
 
正在构建文件： /cygdrive/F/Soft_sdk/Mv_BP10X/MVsB1_Base_SDK/middleware/rtos/freertos/src/tasks.c
正在调用： Andes C Compiler
nds32le-elf-gcc -DFUNC_OS_EN=1 -I"/cygdrive/F/Soft_sdk/Mv_BP10X/MVsB1_Base_SDK/driver/driver/inc" -I"/cygdrive/F/Soft_sdk/Mv_BP10X/MVsB1_Base_SDK/middleware/rtos/rtos_api" -I"/cygdrive/F/Soft_sdk/Mv_BP10X/MVsB1_Base_SDK/driver/driver_api/inc" -I"/cygdrive/F/Soft_sdk/Mv_BP10X/MVsB1_Base_SDK/driver/driver_api/inc/otg" -I"/cygdrive/F/Soft_sdk/Mv_BP10X/MVsB1_Base_SDK/middleware/rtos/freertos/inc" -I"/cygdrive/F/Soft_sdk/Mv_BP10X/MVsB1_Base_SDK/middleware/fatfs/inc" -I"/cygdrive/F/Soft_sdk/Mv_BP10X/MVsB1_Base_SDK/middleware/mv_utils/inc" -Og -mcmodel=medium -g3 -Wall -mcpu=d1088-spu -c -fmessage-length=0 -ldsp -mext-dsp -fsingle-precision-constant -ffunction-sections -fdata-sections -MMD -MP -MF"middleware/rtos/freertos/src/tasks.d" -MT"middleware/rtos/freertos/src/tasks.d middleware/rtos/freertos/src/tasks.o" -o "middleware/rtos/freertos/src/tasks.o" "/cygdrive/F/Soft_sdk/Mv_BP10X/MVsB1_Base_SDK/middleware/rtos/freertos/src/tasks.c"
已结束构建： /cygdrive/F/Soft_sdk/Mv_BP10X/MVsB1_Base_SDK/middleware/rtos/freertos/src/tasks.c
 
正在构建文件： /cygdrive/F/Soft_sdk/Mv_BP10X/MVsB1_Base_SDK/middleware/rtos/rtos_api/rtos_api.c
正在调用： Andes C Compiler
nds32le-elf-gcc -DFUNC_OS_EN=1 -I"/cygdrive/F/Soft_sdk/Mv_BP10X/MVsB1_Base_SDK/driver/driver/inc" -I"/cygdrive/F/Soft_sdk/Mv_BP10X/MVsB1_Base_SDK/middleware/rtos/rtos_api" -I"/cygdrive/F/Soft_sdk/Mv_BP10X/MVsB1_Base_SDK/driver/driver_api/inc" -I"/cygdrive/F/Soft_sdk/Mv_BP10X/MVsB1_Base_SDK/driver/driver_api/inc/otg" -I"/cygdrive/F/Soft_sdk/Mv_BP10X/MVsB1_Base_SDK/middleware/rtos/freertos/inc" -I"/cygdrive/F/Soft_sdk/Mv_BP10X/MVsB1_Base_SDK/middleware/fatfs/inc" -I"/cygdrive/F/Soft_sdk/Mv_BP10X/MVsB1_Base_SDK/middleware/mv_utils/inc" -Og -mcmodel=medium -g3 -Wall -mcpu=d1088-spu -c -fmessage-length=0 -ldsp -mext-dsp -fsingle-precision-constant -ffunction-sections -fdata-sections -MMD -MP -MF"middleware/rtos/rtos_api/rtos_api.d" -MT"middleware/rtos/rtos_api/rtos_api.d middleware/rtos/rtos_api/rtos_api.o" -o "middleware/rtos/rtos_api/rtos_api.o" "/cygdrive/F/Soft_sdk/Mv_BP10X/MVsB1_Base_SDK/middleware/rtos/rtos_api/rtos_api.c"
已结束构建： /cygdrive/F/Soft_sdk/Mv_BP10X/MVsB1_Base_SDK/middleware/rtos/rtos_api/rtos_api.c
 
正在构建文件： ../src/adc_key.c
正在调用： Andes C Compiler
nds32le-elf-gcc -DFUNC_OS_EN=1 -I"/cygdrive/F/Soft_sdk/Mv_BP10X/MVsB1_Base_SDK/driver/driver/inc" -I"/cygdrive/F/Soft_sdk/Mv_BP10X/MVsB1_Base_SDK/middleware/rtos/rtos_api" -I"/cygdrive/F/Soft_sdk/Mv_BP10X/MVsB1_Base_SDK/driver/driver_api/inc" -I"/cygdrive/F/Soft_sdk/Mv_BP10X/MVsB1_Base_SDK/driver/driver_api/inc/otg" -I"/cygdrive/F/Soft_sdk/Mv_BP10X/MVsB1_Base_SDK/middleware/rtos/freertos/inc" -I"/cygdrive/F/Soft_sdk/Mv_BP10X/MVsB1_Base_SDK/middleware/fatfs/inc" -I"/cygdrive/F/Soft_sdk/Mv_BP10X/MVsB1_Base_SDK/middleware/mv_utils/inc" -Og -mcmodel=medium -g3 -Wall -mcpu=d1088-spu -c -fmessage-length=0 -ldsp -mext-dsp -fsingle-precision-constant -ffunction-sections -fdata-sections -MMD -MP -MF"src/adc_key.d" -MT"src/adc_key.d src/adc_key.o" -o "src/adc_key.o" "../src/adc_key.c"
已结束构建： ../src/adc_key.c
 
正在构建文件： ../src/dump.c
正在调用： Andes C Compiler
nds32le-elf-gcc -DFUNC_OS_EN=1 -I"/cygdrive/F/Soft_sdk/Mv_BP10X/MVsB1_Base_SDK/driver/driver/inc" -I"/cygdrive/F/Soft_sdk/Mv_BP10X/MVsB1_Base_SDK/middleware/rtos/rtos_api" -I"/cygdrive/F/Soft_sdk/Mv_BP10X/MVsB1_Base_SDK/driver/driver_api/inc" -I"/cygdrive/F/Soft_sdk/Mv_BP10X/MVsB1_Base_SDK/driver/driver_api/inc/otg" -I"/cygdrive/F/Soft_sdk/Mv_BP10X/MVsB1_Base_SDK/middleware/rtos/freertos/inc" -I"/cygdrive/F/Soft_sdk/Mv_BP10X/MVsB1_Base_SDK/middleware/fatfs/inc" -I"/cygdrive/F/Soft_sdk/Mv_BP10X/MVsB1_Base_SDK/middleware/mv_utils/inc" -Og -mcmodel=medium -g3 -Wall -mcpu=d1088-spu -c -fmessage-length=0 -ldsp -mext-dsp -fsingle-precision-constant -ffunction-sections -fdata-sections -MMD -MP -MF"src/dump.d" -MT"src/dump.d src/dump.o" -o "src/dump.o" "../src/dump.c"
已结束构建： ../src/dump.c
 
正在构建文件： ../src/voice_app_demo.c
正在调用： Andes C Compiler
nds32le-elf-gcc -DFUNC_OS_EN=1 -I"/cygdrive/F/Soft_sdk/Mv_BP10X/MVsB1_Base_SDK/driver/driver/inc" -I"/cygdrive/F/Soft_sdk/Mv_BP10X/MVsB1_Base_SDK/middleware/rtos/rtos_api" -I"/cygdrive/F/Soft_sdk/Mv_BP10X/MVsB1_Base_SDK/driver/driver_api/inc" -I"/cygdrive/F/Soft_sdk/Mv_BP10X/MVsB1_Base_SDK/driver/driver_api/inc/otg" -I"/cygdrive/F/Soft_sdk/Mv_BP10X/MVsB1_Base_SDK/middleware/rtos/freertos/inc" -I"/cygdrive/F/Soft_sdk/Mv_BP10X/MVsB1_Base_SDK/middleware/fatfs/inc" -I"/cygdrive/F/Soft_sdk/Mv_BP10X/MVsB1_Base_SDK/middleware/mv_utils/inc" -Og -mcmodel=medium -g3 -Wall -mcpu=d1088-spu -c -fmessage-length=0 -ldsp -mext-dsp -fsingle-precision-constant -ffunction-sections -fdata-sections -MMD -MP -MF"src/voice_app_demo.d" -MT"src/voice_app_demo.d src/voice_app_demo.o" -o "src/voice_app_demo.o" "../src/voice_app_demo.c"
已结束构建： ../src/voice_app_demo.c
 
正在构建文件： /cygdrive/F/Soft_sdk/Mv_BP10X/MVsB1_Base_SDK/startup/crt0.S
正在调用： Andes C Compiler
nds32le-elf-gcc -DFUNC_OS_EN=1 -I"/cygdrive/F/Soft_sdk/Mv_BP10X/MVsB1_Base_SDK/driver/driver/inc" -I"/cygdrive/F/Soft_sdk/Mv_BP10X/MVsB1_Base_SDK/middleware/rtos/rtos_api" -I"/cygdrive/F/Soft_sdk/Mv_BP10X/MVsB1_Base_SDK/driver/driver_api/inc" -I"/cygdrive/F/Soft_sdk/Mv_BP10X/MVsB1_Base_SDK/driver/driver_api/inc/otg" -I"/cygdrive/F/Soft_sdk/Mv_BP10X/MVsB1_Base_SDK/middleware/rtos/freertos/inc" -I"/cygdrive/F/Soft_sdk/Mv_BP10X/MVsB1_Base_SDK/middleware/fatfs/inc" -I"/cygdrive/F/Soft_sdk/Mv_BP10X/MVsB1_Base_SDK/middleware/mv_utils/inc" -Og -mcmodel=medium -g3 -Wall -mcpu=d1088-spu -c -fmessage-length=0 -ldsp -mext-dsp -fsingle-precision-constant -ffunction-sections -fdata-sections -MMD -MP -MF"startup/crt0.d" -MT"startup/crt0.d startup/crt0.o" -o "startup/crt0.o" "/cygdrive/F/Soft_sdk/Mv_BP10X/MVsB1_Base_SDK/startup/crt0.S"
已结束构建： /cygdrive/F/Soft_sdk/Mv_BP10X/MVsB1_Base_SDK/startup/crt0.S
 
正在构建文件： /cygdrive/F/Soft_sdk/Mv_BP10X/MVsB1_Base_SDK/startup/init-default.c
正在调用： Andes C Compiler
nds32le-elf-gcc -DFUNC_OS_EN=1 -I"/cygdrive/F/Soft_sdk/Mv_BP10X/MVsB1_Base_SDK/driver/driver/inc" -I"/cygdrive/F/Soft_sdk/Mv_BP10X/MVsB1_Base_SDK/middleware/rtos/rtos_api" -I"/cygdrive/F/Soft_sdk/Mv_BP10X/MVsB1_Base_SDK/driver/driver_api/inc" -I"/cygdrive/F/Soft_sdk/Mv_BP10X/MVsB1_Base_SDK/driver/driver_api/inc/otg" -I"/cygdrive/F/Soft_sdk/Mv_BP10X/MVsB1_Base_SDK/middleware/rtos/freertos/inc" -I"/cygdrive/F/Soft_sdk/Mv_BP10X/MVsB1_Base_SDK/middleware/fatfs/inc" -I"/cygdrive/F/Soft_sdk/Mv_BP10X/MVsB1_Base_SDK/middleware/mv_utils/inc" -Og -mcmodel=medium -g3 -Wall -mcpu=d1088-spu -c -fmessage-length=0 -ldsp -mext-dsp -fsingle-precision-constant -ffunction-sections -fdata-sections -MMD -MP -MF"startup/init-default.d" -MT"startup/init-default.d startup/init-default.o" -o "startup/init-default.o" "/cygdrive/F/Soft_sdk/Mv_BP10X/MVsB1_Base_SDK/startup/init-default.c"
已结束构建： /cygdrive/F/Soft_sdk/Mv_BP10X/MVsB1_Base_SDK/startup/init-default.c
 
正在构建文件： /cygdrive/F/Soft_sdk/Mv_BP10X/MVsB1_Base_SDK/startup/interrupt.c
正在调用： Andes C Compiler
nds32le-elf-gcc -DFUNC_OS_EN=1 -I"/cygdrive/F/Soft_sdk/Mv_BP10X/MVsB1_Base_SDK/driver/driver/inc" -I"/cygdrive/F/Soft_sdk/Mv_BP10X/MVsB1_Base_SDK/middleware/rtos/rtos_api" -I"/cygdrive/F/Soft_sdk/Mv_BP10X/MVsB1_Base_SDK/driver/driver_api/inc" -I"/cygdrive/F/Soft_sdk/Mv_BP10X/MVsB1_Base_SDK/driver/driver_api/inc/otg" -I"/cygdrive/F/Soft_sdk/Mv_BP10X/MVsB1_Base_SDK/middleware/rtos/freertos/inc" -I"/cygdrive/F/Soft_sdk/Mv_BP10X/MVsB1_Base_SDK/middleware/fatfs/inc" -I"/cygdrive/F/Soft_sdk/Mv_BP10X/MVsB1_Base_SDK/middleware/mv_utils/inc" -Og -mcmodel=medium -g3 -Wall -mcpu=d1088-spu -c -fmessage-length=0 -ldsp -mext-dsp -fsingle-precision-constant -ffunction-sections -fdata-sections -MMD -MP -MF"startup/interrupt.d" -MT"startup/interrupt.d startup/interrupt.o" -o "startup/interrupt.o" "/cygdrive/F/Soft_sdk/Mv_BP10X/MVsB1_Base_SDK/startup/interrupt.c"
已结束构建： /cygdrive/F/Soft_sdk/Mv_BP10X/MVsB1_Base_SDK/startup/interrupt.c
 
正在构建文件： /cygdrive/F/Soft_sdk/Mv_BP10X/MVsB1_Base_SDK/startup/retarget.c
正在调用： Andes C Compiler
nds32le-elf-gcc -DFUNC_OS_EN=1 -I"/cygdrive/F/Soft_sdk/Mv_BP10X/MVsB1_Base_SDK/driver/driver/inc" -I"/cygdrive/F/Soft_sdk/Mv_BP10X/MVsB1_Base_SDK/middleware/rtos/rtos_api" -I"/cygdrive/F/Soft_sdk/Mv_BP10X/MVsB1_Base_SDK/driver/driver_api/inc" -I"/cygdrive/F/Soft_sdk/Mv_BP10X/MVsB1_Base_SDK/driver/driver_api/inc/otg" -I"/cygdrive/F/Soft_sdk/Mv_BP10X/MVsB1_Base_SDK/middleware/rtos/freertos/inc" -I"/cygdrive/F/Soft_sdk/Mv_BP10X/MVsB1_Base_SDK/middleware/fatfs/inc" -I"/cygdrive/F/Soft_sdk/Mv_BP10X/MVsB1_Base_SDK/middleware/mv_utils/inc" -Og -mcmodel=medium -g3 -Wall -mcpu=d1088-spu -c -fmessage-length=0 -ldsp -mext-dsp -fsingle-precision-constant -ffunction-sections -fdata-sections -MMD -MP -MF"startup/retarget.d" -MT"startup/retarget.d startup/retarget.o" -o "startup/retarget.o" "/cygdrive/F/Soft_sdk/Mv_BP10X/MVsB1_Base_SDK/startup/retarget.c"
已结束构建： /cygdrive/F/Soft_sdk/Mv_BP10X/MVsB1_Base_SDK/startup/retarget.c
 
正在构建目标： Demo_MicApplication.adx
正在调用： Andes C Linker
nds32le-elf-gcc -Og -nostartfiles -static -L"/cygdrive/F/Soft_sdk/Mv_BP10X/MVsB1_Base_SDK/driver/driver" -mcmodel=medium -ldsp -mext-dsp -T"../nds32-ae210p.ld" -Wl,--gc-sections -mvh -o "Demo_MicApplication.adx"  ./driver/driver_api/src/adc_interface.o ./driver/driver_api/src/dac_interface.o ./driver/driver_api/src/sadc_interface.o ./driver/driver_api/src/sd_card.o ./driver/driver_api/src/uarts_interface.o  ./driver/driver_api/src/otg/host/otg_host_standard_enum.o ./driver/driver_api/src/otg/host/otg_host_udisk.o  ./middleware/fatfs/src/diskio.o ./middleware/fatfs/src/ff.o ./middleware/fatfs/src/ffpresearch.o ./middleware/fatfs/src/ffsystem.o ./middleware/fatfs/src/ffunicode.o  ./middleware/rtos/freertos/src/heap_5s.o ./middleware/rtos/freertos/src/list.o ./middleware/rtos/freertos/src/os_cpu_a.o ./middleware/rtos/freertos/src/port.o ./middleware/rtos/freertos/src/portISR.o ./middleware/rtos/freertos/src/queue.o ./middleware/rtos/freertos/src/tasks.o  ./middleware/rtos/rtos_api/rtos_api.o  ./src/adc_key.o ./src/dump.o ./src/voice_app_demo.o  ./startup/crt0.o ./startup/init-default.o ./startup/interrupt.o ./startup/retarget.o   -lDriver
已结束构建目标： Demo_MicApplication.adx
 
正在调用： NM (symbol listing)
nds32le-elf-nm -n -l -C "Demo_MicApplication.adx" > output/symbol.txt
已结束构建： output/symbol.txt
 
正在调用： Readelf (ELF info listing)
nds32le-elf-readelf -a "Demo_MicApplication.adx" > output/readelf.txt
已结束构建： output/readelf.txt
 
正在调用： Objcopy (object content copy)
nds32le-elf-objcopy -S -O binary "Demo_MicApplication.adx" output/Demo_MicApplication.bin
已结束构建： output/Demo_MicApplication.bin
 
正在调用： Size (section size listing)
nds32le-elf-size  "Demo_MicApplication.adx" | tee output/.PHONY.size
   text (code + rodata)	   data	    bss	    dec	    hex	filename
 234678 (56598 + 178080)	   1064	  34320	 270062	  41eee	Demo_MicApplication.adx
已结束构建： output/.PHONY.size
 

11:56:11 Build Finished (took 38s.591ms)

