11:59:51 **** 构建 of configuration Debug for project Example_IR ****
make all 
正在构建文件： /cygdrive/F/Soft_sdk/Mv_BP10X/MVsB1_Base_SDK/driver/driver_api/src/uarts_interface.c
正在调用： Andes C Compiler
nds32le-elf-gcc -I"/cygdrive/F/Soft_sdk/Mv_BP10X/MVsB1_Base_SDK/driver/driver/inc" -I"/cygdrive/F/Soft_sdk/Mv_BP10X/MVsB1_Base_SDK/driver/driver_api/inc" -I"/cygdrive/F/Soft_sdk/Mv_BP10X/MVsB1_Base_SDK/middleware/mv_utils/inc" -Og -mcmodel=medium -g3 -Wall -mcpu=d1088-spu -c -fmessage-length=0 -ldsp -mext-dsp -fsingle-precision-constant -ffunction-sections -fdata-sections -MMD -MP -MF"driver/driver_api/src/uarts_interface.d" -MT"driver/driver_api/src/uarts_interface.d driver/driver_api/src/uarts_interface.o" -o "driver/driver_api/src/uarts_interface.o" "/cygdrive/F/Soft_sdk/Mv_BP10X/MVsB1_Base_SDK/driver/driver_api/src/uarts_interface.c"
已结束构建： /cygdrive/F/Soft_sdk/Mv_BP10X/MVsB1_Base_SDK/driver/driver_api/src/uarts_interface.c
 
正在构建文件： ../src/ir_example.c
正在调用： Andes C Compiler
nds32le-elf-gcc -I"/cygdrive/F/Soft_sdk/Mv_BP10X/MVsB1_Base_SDK/driver/driver/inc" -I"/cygdrive/F/Soft_sdk/Mv_BP10X/MVsB1_Base_SDK/driver/driver_api/inc" -I"/cygdrive/F/Soft_sdk/Mv_BP10X/MVsB1_Base_SDK/middleware/mv_utils/inc" -Og -mcmodel=medium -g3 -Wall -mcpu=d1088-spu -c -fmessage-length=0 -ldsp -mext-dsp -fsingle-precision-constant -ffunction-sections -fdata-sections -MMD -MP -MF"src/ir_example.d" -MT"src/ir_example.d src/ir_example.o" -o "src/ir_example.o" "../src/ir_example.c"
已结束构建： ../src/ir_example.c
 
正在构建文件： ../src/power_deepsleep.c
正在调用： Andes C Compiler
nds32le-elf-gcc -I"/cygdrive/F/Soft_sdk/Mv_BP10X/MVsB1_Base_SDK/driver/driver/inc" -I"/cygdrive/F/Soft_sdk/Mv_BP10X/MVsB1_Base_SDK/driver/driver_api/inc" -I"/cygdrive/F/Soft_sdk/Mv_BP10X/MVsB1_Base_SDK/middleware/mv_utils/inc" -Og -mcmodel=medium -g3 -Wall -mcpu=d1088-spu -c -fmessage-length=0 -ldsp -mext-dsp -fsingle-precision-constant -ffunction-sections -fdata-sections -MMD -MP -MF"src/power_deepsleep.d" -MT"src/power_deepsleep.d src/power_deepsleep.o" -o "src/power_deepsleep.o" "../src/power_deepsleep.c"
../src/power_deepsleep.c: In function 'WakeupSourceGet':
../src/power_deepsleep.c:576:4: warning: format '%d' expects argument of type 'int', but argument 2 has type 'uint32_t' [-Wformat=]
    DBG("GPIO_SOURCE%d ;",(i));
    ^
../src/power_deepsleep.c:576:4: warning: format '%d' expects argument of type 'int', but argument 2 has type 'uint32_t' [-Wformat=]
../src/power_deepsleep.c:579:5: warning: format '%d' expects argument of type 'int', but argument 2 has type 'uint32_t' [-Wformat=]
     DBG("GPIO_A%d ;",getGpio);
     ^
../src/power_deepsleep.c:579:5: warning: format '%d' expects argument of type 'int', but argument 2 has type 'uint32_t' [-Wformat=]
../src/power_deepsleep.c:584:5: warning: format '%d' expects argument of type 'int', but argument 2 has type 'uint32_t' [-Wformat=]
     DBG("GPIO_B%d ;",getGpio);
     ^
../src/power_deepsleep.c:584:5: warning: format '%d' expects argument of type 'int', but argument 2 has type 'uint32_t' [-Wformat=]
../src/power_deepsleep.c:589:5: warning: format '%d' expects argument of type 'int', but argument 2 has type 'uint32_t' [-Wformat=]
     DBG("GPIO_C%d ;",getGpio);
     ^
../src/power_deepsleep.c:589:5: warning: format '%d' expects argument of type 'int', but argument 2 has type 'uint32_t' [-Wformat=]
已结束构建： ../src/power_deepsleep.c
 
正在构建文件： /cygdrive/F/Soft_sdk/Mv_BP10X/MVsB1_Base_SDK/startup/crt0.S
正在调用： Andes C Compiler
nds32le-elf-gcc -I"/cygdrive/F/Soft_sdk/Mv_BP10X/MVsB1_Base_SDK/driver/driver/inc" -I"/cygdrive/F/Soft_sdk/Mv_BP10X/MVsB1_Base_SDK/driver/driver_api/inc" -I"/cygdrive/F/Soft_sdk/Mv_BP10X/MVsB1_Base_SDK/middleware/mv_utils/inc" -Og -mcmodel=medium -g3 -Wall -mcpu=d1088-spu -c -fmessage-length=0 -ldsp -mext-dsp -fsingle-precision-constant -ffunction-sections -fdata-sections -MMD -MP -MF"startup/crt0.d" -MT"startup/crt0.d startup/crt0.o" -o "startup/crt0.o" "/cygdrive/F/Soft_sdk/Mv_BP10X/MVsB1_Base_SDK/startup/crt0.S"
已结束构建： /cygdrive/F/Soft_sdk/Mv_BP10X/MVsB1_Base_SDK/startup/crt0.S
 
正在构建文件： /cygdrive/F/Soft_sdk/Mv_BP10X/MVsB1_Base_SDK/startup/init-default.c
正在调用： Andes C Compiler
nds32le-elf-gcc -I"/cygdrive/F/Soft_sdk/Mv_BP10X/MVsB1_Base_SDK/driver/driver/inc" -I"/cygdrive/F/Soft_sdk/Mv_BP10X/MVsB1_Base_SDK/driver/driver_api/inc" -I"/cygdrive/F/Soft_sdk/Mv_BP10X/MVsB1_Base_SDK/middleware/mv_utils/inc" -Og -mcmodel=medium -g3 -Wall -mcpu=d1088-spu -c -fmessage-length=0 -ldsp -mext-dsp -fsingle-precision-constant -ffunction-sections -fdata-sections -MMD -MP -MF"startup/init-default.d" -MT"startup/init-default.d startup/init-default.o" -o "startup/init-default.o" "/cygdrive/F/Soft_sdk/Mv_BP10X/MVsB1_Base_SDK/startup/init-default.c"
已结束构建： /cygdrive/F/Soft_sdk/Mv_BP10X/MVsB1_Base_SDK/startup/init-default.c
 
正在构建文件： /cygdrive/F/Soft_sdk/Mv_BP10X/MVsB1_Base_SDK/startup/interrupt.c
正在调用： Andes C Compiler
nds32le-elf-gcc -I"/cygdrive/F/Soft_sdk/Mv_BP10X/MVsB1_Base_SDK/driver/driver/inc" -I"/cygdrive/F/Soft_sdk/Mv_BP10X/MVsB1_Base_SDK/driver/driver_api/inc" -I"/cygdrive/F/Soft_sdk/Mv_BP10X/MVsB1_Base_SDK/middleware/mv_utils/inc" -Og -mcmodel=medium -g3 -Wall -mcpu=d1088-spu -c -fmessage-length=0 -ldsp -mext-dsp -fsingle-precision-constant -ffunction-sections -fdata-sections -MMD -MP -MF"startup/interrupt.d" -MT"startup/interrupt.d startup/interrupt.o" -o "startup/interrupt.o" "/cygdrive/F/Soft_sdk/Mv_BP10X/MVsB1_Base_SDK/startup/interrupt.c"
已结束构建： /cygdrive/F/Soft_sdk/Mv_BP10X/MVsB1_Base_SDK/startup/interrupt.c
 
正在构建文件： /cygdrive/F/Soft_sdk/Mv_BP10X/MVsB1_Base_SDK/startup/retarget.c
正在调用： Andes C Compiler
nds32le-elf-gcc -I"/cygdrive/F/Soft_sdk/Mv_BP10X/MVsB1_Base_SDK/driver/driver/inc" -I"/cygdrive/F/Soft_sdk/Mv_BP10X/MVsB1_Base_SDK/driver/driver_api/inc" -I"/cygdrive/F/Soft_sdk/Mv_BP10X/MVsB1_Base_SDK/middleware/mv_utils/inc" -Og -mcmodel=medium -g3 -Wall -mcpu=d1088-spu -c -fmessage-length=0 -ldsp -mext-dsp -fsingle-precision-constant -ffunction-sections -fdata-sections -MMD -MP -MF"startup/retarget.d" -MT"startup/retarget.d startup/retarget.o" -o "startup/retarget.o" "/cygdrive/F/Soft_sdk/Mv_BP10X/MVsB1_Base_SDK/startup/retarget.c"
已结束构建： /cygdrive/F/Soft_sdk/Mv_BP10X/MVsB1_Base_SDK/startup/retarget.c
 
正在构建目标： Example_IR.adx
正在调用： Andes C Linker
nds32le-elf-gcc -Og -nostartfiles -static -L"/cygdrive/F/Soft_sdk/Mv_BP10X/MVsB1_Base_SDK/driver/driver" -mcmodel=medium -ldsp -mext-dsp -T"../nds32-ae210p.ld" -Wl,--gc-sections -mvh -o "Example_IR.adx"  ./driver/driver_api/src/uarts_interface.o  ./src/ir_example.o ./src/power_deepsleep.o  ./startup/crt0.o ./startup/init-default.o ./startup/interrupt.o ./startup/retarget.o   -lDriver
已结束构建目标： Example_IR.adx
 
正在调用： NM (symbol listing)
nds32le-elf-nm -n -l -C "Example_IR.adx" > output/symbol.txt
已结束构建： output/symbol.txt
 
正在调用： Readelf (ELF info listing)
nds32le-elf-readelf -a "Example_IR.adx" > output/readelf.txt
已结束构建： output/readelf.txt
 
正在调用： Objcopy (object content copy)
nds32le-elf-objcopy -S -O binary "Example_IR.adx" output/Example_IR.bin
已结束构建： output/Example_IR.bin
 
正在调用： Size (section size listing)
nds32le-elf-size  "Example_IR.adx" | tee output/.PHONY.size
   text (code + rodata)	   data	    bss	    dec	    hex	filename
  32278 (29214 +   3064)	    144	     92	  32514	   7f02	Example_IR.adx
已结束构建： output/.PHONY.size
 

12:00:05 Build Finished (took 13s.649ms)

