22:00:30 **** Incremental Build of configuration Debug for project BT_Audio_APP ****
make pre-build main-build 
..\script.bat

F:\Soft_sdk\Mv_BP10X\BT_Audio_APP\Debug>..\..\MVsB1_Base_SDK\tools\remind_script\MergeAudio2BinNew.exe -a 0x0 -i ..\..\..\BT_Audio_APP\remind_file 
Wed Sep 18 22:00:31 2019
MergeAudio2Bin Tools version v4.0 for MVS SDK SoundRemind
current path: F:\Soft_sdk\Mv_BP10X\MVsB1_Base_SDK\tools\remind_script
inputdir=..\..\..\BT_Audio_APP\remind_file
base address = 0x0
alarmmod: address = 00001000, size = 0000383E, fullname = alarmmode.mp3
BTmode  : address = 0000483E, size = 00002720, fullname = BTmode.mp3
cardmode: address = 00006F5E, size = 00002720, fullname = cardmode.mp3
DLguodi : address = 0000967E, size = 00002103, fullname = DLguodi.mp3
FMmode  : address = 0000B781, size = 0000383E, fullname = FMmode.mp3
Gxianmod: address = 0000EFBF, size = 00002C04, fullname = Gxianmode.mp3
HDMImode: address = 00011BC3, size = 00004823, fullname = HDMImode.mp3
jinrumod: address = 000163E6, size = 00002992, fullname = jinrumode.mp3
kaiji   : address = 00018D78, size = 00001874, fullname = kaiji.mp3
luyin   : address = 0001A5EC, size = 00001390, fullname = luyin.mp3
REChuifa: address = 0001B97C, size = 000025E7, fullname = REChuifang.mp3
shangyis: address = 0001DF63, size = 000025E7, fullname = shangyishou.mp3
shengkam: address = 0002054A, size = 00004E40, fullname = shengkamode.mp3
standbym: address = 0002538A, size = 00002E76, fullname = standbymode.mp3
Tzhoumod: address = 00028200, size = 00002992, fullname = Tzhoumode.mp3
Upanmode: address = 0002AB92, size = 00002FAF, fullname = Upanmode.mp3
WiFiload: address = 0002DB41, size = 0000B139, fullname = WiFiloading.mp3
xianlumo: address = 00038C7A, size = 00002E76, fullname = xianlumode.mp3
xiayisou: address = 0003BAF0, size = 00002375, fullname = xiayisou.mp3
total file size=253541
CRC16 = 0xFA66
finished...

F:\Soft_sdk\Mv_BP10X\BT_Audio_APP\Debug>copy ..\..\MVsB1_Base_SDK\tools\remind_script\sound_remind_item.h .\..\bt_audio_app_src\inc\remind_sound_item.h 
已复制         1 个文件。
 
正在构建文件： ../bt_audio_app_src/device/io_key.c
正在调用： Andes C Compiler
nds32le-elf-gcc -DFUNC_OS_EN=1 -DCFG_APP_CONFIG -DHAVE_CONFIG_H -I"/cygdrive/F/Soft_sdk/Mv_BP10X/BT_Audio_APP/bt_audio_app_src/audio" -I"/cygdrive/F/Soft_sdk/Mv_BP10X/BT_Audio_APP/bt_audio_app_src/ai/md5" -I"/cygdrive/F/Soft_sdk/Mv_BP10X/BT_Audio_APP/bt_audio_app_src/ai/speex/include/speex" -I"/cygdrive/F/Soft_sdk/Mv_BP10X/BT_Audio_APP/bt_audio_app_src/ai/speex/include" -I"/cygdrive/F/Soft_sdk/Mv_BP10X/BT_Audio_APP/bt_audio_app_src/ai/speex/libspeex" -I"/cygdrive/F/Soft_sdk/Mv_BP10X/BT_Audio_APP/bt_audio_app_src/ai/speex" -I"/cygdrive/F/Soft_sdk/Mv_BP10X/BT_Audio_APP/bt_audio_app_src/ai" -I"/cygdrive/F/Soft_sdk/Mv_BP10X/BT_Audio_APP/bt_audio_app_src/inc" -I"/cygdrive/F/Soft_sdk/Mv_BP10X/MVsB1_Base_SDK/driver/driver_api/inc/otg" -I"/cygdrive/F/Soft_sdk/Mv_BP10X/MVsB1_Base_SDK/middleware/rtc/inc" -I"/cygdrive/F/Soft_sdk/Mv_BP10X/MVsB1_Base_SDK/middleware/fatfs/inc" -I"/cygdrive/F/Soft_sdk/Mv_BP10X/MVsB1_Base_SDK/middleware/user/inc" -I"/cygdrive/F/Soft_sdk/Mv_BP10X/MVsB1_Base_SDK/middleware/bluetooth/inc" -I"/cygdrive/F/Soft_sdk/Mv_BP10X/MVsB1_Base_SDK/middleware/audio/inc" -I"/cygdrive/F/Soft_sdk/Mv_BP10X/MVsB1_Base_SDK/driver/driver/inc" -I"/cygdrive/F/Soft_sdk/Mv_BP10X/MVsB1_Base_SDK/driver/driver_api/inc" -I"/cygdrive/F/Soft_sdk/Mv_BP10X/MVsB1_Base_SDK/middleware/mv_utils/inc" -I"/cygdrive/F/Soft_sdk/Mv_BP10X/MVsB1_Base_SDK/middleware/lrc/inc" -I"/cygdrive/F/Soft_sdk/Mv_BP10X/MVsB1_Base_SDK/middleware/rtos/rtos_api" -I"/cygdrive/F/Soft_sdk/Mv_BP10X/MVsB1_Base_SDK/middleware/rtos/freertos/inc" -I"/cygdrive/F/Soft_sdk/Mv_BP10X/MVsB1_Base_SDK/middleware/flashfs/inc" -I"/cygdrive/F/Soft_sdk/Mv_BP10X/BT_Audio_APP/bt_audio_app_src/display" -I"/cygdrive/F/Soft_sdk/Mv_BP10X/BT_Audio_APP/bt_audio_app_src/user" -I"/cygdrive/F/Soft_sdk/Mv_BP10X/MVsB1_Base_SDK/middleware/cec/inc" -Og -mcmodel=medium -g3 -Wall -mcpu=d1088-spu -c -fmessage-length=0 -ldsp -mext-dsp -ffunction-sections -fdata-sections -MMD -MP -MF"bt_audio_app_src/device/io_key.d" -MT"bt_audio_app_src/device/io_key.d bt_audio_app_src/device/io_key.o" -o "bt_audio_app_src/device/io_key.o" "../bt_audio_app_src/device/io_key.c"
In file included from ../bt_audio_app_src/device/io_key.c:15:0:
/cygdrive/F/Soft_sdk/Mv_BP10X/BT_Audio_APP/bt_audio_app_src/inc/app_config.h:710:1: warning: multi-line comment [-Wcomment]
 // #define IR_KEY_TABLE 0xBA,/*POWER*/  0xB9,/*MODE*/  0xB8,/*MUTE*/ \
 ^
In file included from /cygdrive/F/Soft_sdk/Mv_BP10X/MVsB1_Base_SDK/middleware/audio/inc/audio_effect_library.h:29:0,
                 from /cygdrive/F/Soft_sdk/Mv_BP10X/BT_Audio_APP/bt_audio_app_src/audio/ctrlvars.h:22,
                 from /cygdrive/F/Soft_sdk/Mv_BP10X/BT_Audio_APP/bt_audio_app_src/user/hw_interface.h:15,
                 from ../bt_audio_app_src/device/io_key.c:23:
/cygdrive/F/Soft_sdk/Mv_BP10X/MVsB1_Base_SDK/middleware/audio/inc/pcm_delay.h:19:0: warning: "MAX_DELAY_SAMPLES" redefined
 #define MAX_DELAY_SAMPLES 2400 // Maximum delay in samples, which is about 50ms at 48kHz, or 54ms at 44.1kHz
 ^
In file included from /cygdrive/F/Soft_sdk/Mv_BP10X/MVsB1_Base_SDK/middleware/audio/inc/audio_effect_library.h:19:0,
                 from /cygdrive/F/Soft_sdk/Mv_BP10X/BT_Audio_APP/bt_audio_app_src/audio/ctrlvars.h:22,
                 from /cygdrive/F/Soft_sdk/Mv_BP10X/BT_Audio_APP/bt_audio_app_src/user/hw_interface.h:15,
                 from ../bt_audio_app_src/device/io_key.c:23:
/cygdrive/F/Soft_sdk/Mv_BP10X/MVsB1_Base_SDK/middleware/audio/inc/chorus.h:18:0: note: this is the location of the previous definition
 #define MAX_DELAY_SAMPLES (25*2*48) // maximum delay in samples 25ms*2@48kHz
 ^
In file included from /cygdrive/F/Soft_sdk/Mv_BP10X/BT_Audio_APP/bt_audio_app_src/inc/audio_core_api.h:25:0,
                 from /cygdrive/F/Soft_sdk/Mv_BP10X/BT_Audio_APP/bt_audio_app_src/audio/ctrlvars.h:25,
                 from /cygdrive/F/Soft_sdk/Mv_BP10X/BT_Audio_APP/bt_audio_app_src/user/hw_interface.h:15,
                 from ../bt_audio_app_src/device/io_key.c:23:
/cygdrive/F/Soft_sdk/Mv_BP10X/BT_Audio_APP/bt_audio_app_src/inc/app_config.h:710:1: warning: multi-line comment [-Wcomment]
 // #define IR_KEY_TABLE 0xBA,/*POWER*/  0xB9,/*MODE*/  0xB8,/*MUTE*/ \
 ^
In file included from ../bt_audio_app_src/device/io_key.c:23:0:
/cygdrive/F/Soft_sdk/Mv_BP10X/BT_Audio_APP/bt_audio_app_src/user/hw_interface.h:395:25: warning: backslash and newline separated by space
 #define MUTE_OFF()   do{\             
 ^
已结束构建： ../bt_audio_app_src/device/io_key.c
 
正在构建文件： ../bt_audio_app_src/main.c
正在调用： Andes C Compiler
nds32le-elf-gcc -DFUNC_OS_EN=1 -DCFG_APP_CONFIG -DHAVE_CONFIG_H -I"/cygdrive/F/Soft_sdk/Mv_BP10X/BT_Audio_APP/bt_audio_app_src/audio" -I"/cygdrive/F/Soft_sdk/Mv_BP10X/BT_Audio_APP/bt_audio_app_src/ai/md5" -I"/cygdrive/F/Soft_sdk/Mv_BP10X/BT_Audio_APP/bt_audio_app_src/ai/speex/include/speex" -I"/cygdrive/F/Soft_sdk/Mv_BP10X/BT_Audio_APP/bt_audio_app_src/ai/speex/include" -I"/cygdrive/F/Soft_sdk/Mv_BP10X/BT_Audio_APP/bt_audio_app_src/ai/speex/libspeex" -I"/cygdrive/F/Soft_sdk/Mv_BP10X/BT_Audio_APP/bt_audio_app_src/ai/speex" -I"/cygdrive/F/Soft_sdk/Mv_BP10X/BT_Audio_APP/bt_audio_app_src/ai" -I"/cygdrive/F/Soft_sdk/Mv_BP10X/BT_Audio_APP/bt_audio_app_src/inc" -I"/cygdrive/F/Soft_sdk/Mv_BP10X/MVsB1_Base_SDK/driver/driver_api/inc/otg" -I"/cygdrive/F/Soft_sdk/Mv_BP10X/MVsB1_Base_SDK/middleware/rtc/inc" -I"/cygdrive/F/Soft_sdk/Mv_BP10X/MVsB1_Base_SDK/middleware/fatfs/inc" -I"/cygdrive/F/Soft_sdk/Mv_BP10X/MVsB1_Base_SDK/middleware/user/inc" -I"/cygdrive/F/Soft_sdk/Mv_BP10X/MVsB1_Base_SDK/middleware/bluetooth/inc" -I"/cygdrive/F/Soft_sdk/Mv_BP10X/MVsB1_Base_SDK/middleware/audio/inc" -I"/cygdrive/F/Soft_sdk/Mv_BP10X/MVsB1_Base_SDK/driver/driver/inc" -I"/cygdrive/F/Soft_sdk/Mv_BP10X/MVsB1_Base_SDK/driver/driver_api/inc" -I"/cygdrive/F/Soft_sdk/Mv_BP10X/MVsB1_Base_SDK/middleware/mv_utils/inc" -I"/cygdrive/F/Soft_sdk/Mv_BP10X/MVsB1_Base_SDK/middleware/lrc/inc" -I"/cygdrive/F/Soft_sdk/Mv_BP10X/MVsB1_Base_SDK/middleware/rtos/rtos_api" -I"/cygdrive/F/Soft_sdk/Mv_BP10X/MVsB1_Base_SDK/middleware/rtos/freertos/inc" -I"/cygdrive/F/Soft_sdk/Mv_BP10X/MVsB1_Base_SDK/middleware/flashfs/inc" -I"/cygdrive/F/Soft_sdk/Mv_BP10X/BT_Audio_APP/bt_audio_app_src/display" -I"/cygdrive/F/Soft_sdk/Mv_BP10X/BT_Audio_APP/bt_audio_app_src/user" -I"/cygdrive/F/Soft_sdk/Mv_BP10X/MVsB1_Base_SDK/middleware/cec/inc" -Og -mcmodel=medium -g3 -Wall -mcpu=d1088-spu -c -fmessage-length=0 -ldsp -mext-dsp -ffunction-sections -fdata-sections -MMD -MP -MF"bt_audio_app_src/main.d" -MT"bt_audio_app_src/main.d bt_audio_app_src/main.o" -o "bt_audio_app_src/main.o" "../bt_audio_app_src/main.c"
In file included from /cygdrive/F/Soft_sdk/Mv_BP10X/MVsB1_Base_SDK/driver/driver_api/inc/backup_interface.h:22:0,
                 from ../bt_audio_app_src/main.c:6:
/cygdrive/F/Soft_sdk/Mv_BP10X/BT_Audio_APP/bt_audio_app_src/inc/app_config.h:710:1: warning: multi-line comment [-Wcomment]
 // #define IR_KEY_TABLE 0xBA,/*POWER*/  0xB9,/*MODE*/  0xB8,/*MUTE*/ \
 ^
In file included from /cygdrive/F/Soft_sdk/Mv_BP10X/BT_Audio_APP/bt_audio_app_src/inc/main_task.h:20:0,
                 from ../bt_audio_app_src/main.c:27:
/cygdrive/F/Soft_sdk/Mv_BP10X/BT_Audio_APP/bt_audio_app_src/inc/app_config.h:710:1: warning: multi-line comment [-Wcomment]
 // #define IR_KEY_TABLE 0xBA,/*POWER*/  0xB9,/*MODE*/  0xB8,/*MUTE*/ \
 ^
In file included from /cygdrive/F/Soft_sdk/Mv_BP10X/MVsB1_Base_SDK/middleware/audio/inc/audio_effect_library.h:29:0,
                 from /cygdrive/F/Soft_sdk/Mv_BP10X/BT_Audio_APP/bt_audio_app_src/audio/ctrlvars.h:22,
                 from /cygdrive/F/Soft_sdk/Mv_BP10X/BT_Audio_APP/bt_audio_app_src/user/hw_interface.h:15,
                 from ../bt_audio_app_src/main.c:44:
/cygdrive/F/Soft_sdk/Mv_BP10X/MVsB1_Base_SDK/middleware/audio/inc/pcm_delay.h:19:0: warning: "MAX_DELAY_SAMPLES" redefined
 #define MAX_DELAY_SAMPLES 2400 // Maximum delay in samples, which is about 50ms at 48kHz, or 54ms at 44.1kHz
 ^
In file included from /cygdrive/F/Soft_sdk/Mv_BP10X/MVsB1_Base_SDK/middleware/audio/inc/audio_effect_library.h:19:0,
                 from /cygdrive/F/Soft_sdk/Mv_BP10X/BT_Audio_APP/bt_audio_app_src/audio/ctrlvars.h:22,
                 from /cygdrive/F/Soft_sdk/Mv_BP10X/BT_Audio_APP/bt_audio_app_src/user/hw_interface.h:15,
                 from ../bt_audio_app_src/main.c:44:
/cygdrive/F/Soft_sdk/Mv_BP10X/MVsB1_Base_SDK/middleware/audio/inc/chorus.h:18:0: note: this is the location of the previous definition
 #define MAX_DELAY_SAMPLES (25*2*48) // maximum delay in samples 25ms*2@48kHz
 ^
In file included from ../bt_audio_app_src/main.c:44:0:
/cygdrive/F/Soft_sdk/Mv_BP10X/BT_Audio_APP/bt_audio_app_src/user/hw_interface.h:395:25: warning: backslash and newline separated by space
 #define MUTE_OFF()   do{\             
 ^
../bt_audio_app_src/main.c: In function 'SleepMain':
../bt_audio_app_src/main.c:286:2: warning: implicit declaration of function 'SysTickDeInit' [-Wimplicit-function-declaration]
  SysTickDeInit();
  ^
../bt_audio_app_src/main.c:297:2: warning: implicit declaration of function 'SysTickInit' [-Wimplicit-function-declaration]
  SysTickInit();
  ^
已结束构建： ../bt_audio_app_src/main.c
 
正在构建文件： ../bt_audio_app_src/user/misc.c
正在调用： Andes C Compiler
nds32le-elf-gcc -DFUNC_OS_EN=1 -DCFG_APP_CONFIG -DHAVE_CONFIG_H -I"/cygdrive/F/Soft_sdk/Mv_BP10X/BT_Audio_APP/bt_audio_app_src/audio" -I"/cygdrive/F/Soft_sdk/Mv_BP10X/BT_Audio_APP/bt_audio_app_src/ai/md5" -I"/cygdrive/F/Soft_sdk/Mv_BP10X/BT_Audio_APP/bt_audio_app_src/ai/speex/include/speex" -I"/cygdrive/F/Soft_sdk/Mv_BP10X/BT_Audio_APP/bt_audio_app_src/ai/speex/include" -I"/cygdrive/F/Soft_sdk/Mv_BP10X/BT_Audio_APP/bt_audio_app_src/ai/speex/libspeex" -I"/cygdrive/F/Soft_sdk/Mv_BP10X/BT_Audio_APP/bt_audio_app_src/ai/speex" -I"/cygdrive/F/Soft_sdk/Mv_BP10X/BT_Audio_APP/bt_audio_app_src/ai" -I"/cygdrive/F/Soft_sdk/Mv_BP10X/BT_Audio_APP/bt_audio_app_src/inc" -I"/cygdrive/F/Soft_sdk/Mv_BP10X/MVsB1_Base_SDK/driver/driver_api/inc/otg" -I"/cygdrive/F/Soft_sdk/Mv_BP10X/MVsB1_Base_SDK/middleware/rtc/inc" -I"/cygdrive/F/Soft_sdk/Mv_BP10X/MVsB1_Base_SDK/middleware/fatfs/inc" -I"/cygdrive/F/Soft_sdk/Mv_BP10X/MVsB1_Base_SDK/middleware/user/inc" -I"/cygdrive/F/Soft_sdk/Mv_BP10X/MVsB1_Base_SDK/middleware/bluetooth/inc" -I"/cygdrive/F/Soft_sdk/Mv_BP10X/MVsB1_Base_SDK/middleware/audio/inc" -I"/cygdrive/F/Soft_sdk/Mv_BP10X/MVsB1_Base_SDK/driver/driver/inc" -I"/cygdrive/F/Soft_sdk/Mv_BP10X/MVsB1_Base_SDK/driver/driver_api/inc" -I"/cygdrive/F/Soft_sdk/Mv_BP10X/MVsB1_Base_SDK/middleware/mv_utils/inc" -I"/cygdrive/F/Soft_sdk/Mv_BP10X/MVsB1_Base_SDK/middleware/lrc/inc" -I"/cygdrive/F/Soft_sdk/Mv_BP10X/MVsB1_Base_SDK/middleware/rtos/rtos_api" -I"/cygdrive/F/Soft_sdk/Mv_BP10X/MVsB1_Base_SDK/middleware/rtos/freertos/inc" -I"/cygdrive/F/Soft_sdk/Mv_BP10X/MVsB1_Base_SDK/middleware/flashfs/inc" -I"/cygdrive/F/Soft_sdk/Mv_BP10X/BT_Audio_APP/bt_audio_app_src/display" -I"/cygdrive/F/Soft_sdk/Mv_BP10X/BT_Audio_APP/bt_audio_app_src/user" -I"/cygdrive/F/Soft_sdk/Mv_BP10X/MVsB1_Base_SDK/middleware/cec/inc" -Og -mcmodel=medium -g3 -Wall -mcpu=d1088-spu -c -fmessage-length=0 -ldsp -mext-dsp -ffunction-sections -fdata-sections -MMD -MP -MF"bt_audio_app_src/user/misc.d" -MT"bt_audio_app_src/user/misc.d bt_audio_app_src/user/misc.o" -o "bt_audio_app_src/user/misc.o" "../bt_audio_app_src/user/misc.c"
In file included from /cygdrive/F/Soft_sdk/Mv_BP10X/BT_Audio_APP/bt_audio_app_src/audio/audio_effect.h:15:0,
                 from /cygdrive/F/Soft_sdk/Mv_BP10X/BT_Audio_APP/bt_audio_app_src/audio/ctrlvars.h:21,
                 from ../bt_audio_app_src/user/misc.c:31:
/cygdrive/F/Soft_sdk/Mv_BP10X/BT_Audio_APP/bt_audio_app_src/inc/app_config.h:710:1: warning: multi-line comment [-Wcomment]
 // #define IR_KEY_TABLE 0xBA,/*POWER*/  0xB9,/*MODE*/  0xB8,/*MUTE*/ \
 ^
In file included from /cygdrive/F/Soft_sdk/Mv_BP10X/MVsB1_Base_SDK/middleware/audio/inc/audio_effect_library.h:29:0,
                 from /cygdrive/F/Soft_sdk/Mv_BP10X/BT_Audio_APP/bt_audio_app_src/audio/ctrlvars.h:22,
                 from ../bt_audio_app_src/user/misc.c:31:
/cygdrive/F/Soft_sdk/Mv_BP10X/MVsB1_Base_SDK/middleware/audio/inc/pcm_delay.h:19:0: warning: "MAX_DELAY_SAMPLES" redefined
 #define MAX_DELAY_SAMPLES 2400 // Maximum delay in samples, which is about 50ms at 48kHz, or 54ms at 44.1kHz
 ^
In file included from /cygdrive/F/Soft_sdk/Mv_BP10X/MVsB1_Base_SDK/middleware/audio/inc/audio_effect_library.h:19:0,
                 from /cygdrive/F/Soft_sdk/Mv_BP10X/BT_Audio_APP/bt_audio_app_src/audio/ctrlvars.h:22,
                 from ../bt_audio_app_src/user/misc.c:31:
/cygdrive/F/Soft_sdk/Mv_BP10X/MVsB1_Base_SDK/middleware/audio/inc/chorus.h:18:0: note: this is the location of the previous definition
 #define MAX_DELAY_SAMPLES (25*2*48) // maximum delay in samples 25ms*2@48kHz
 ^
In file included from /cygdrive/F/Soft_sdk/Mv_BP10X/BT_Audio_APP/bt_audio_app_src/inc/audio_core_api.h:25:0,
                 from /cygdrive/F/Soft_sdk/Mv_BP10X/BT_Audio_APP/bt_audio_app_src/audio/ctrlvars.h:25,
                 from ../bt_audio_app_src/user/misc.c:31:
/cygdrive/F/Soft_sdk/Mv_BP10X/BT_Audio_APP/bt_audio_app_src/inc/app_config.h:710:1: warning: multi-line comment [-Wcomment]
 // #define IR_KEY_TABLE 0xBA,/*POWER*/  0xB9,/*MODE*/  0xB8,/*MUTE*/ \
 ^
In file included from ../bt_audio_app_src/user/misc.c:44:0:
../bt_audio_app_src/user/hw_interface.h:395:25: warning: backslash and newline separated by space
 #define MUTE_OFF()   do{\             
 ^
已结束构建： ../bt_audio_app_src/user/misc.c
 
正在构建文件： ../bt_audio_app_src/user/soft_power.c
正在调用： Andes C Compiler
nds32le-elf-gcc -DFUNC_OS_EN=1 -DCFG_APP_CONFIG -DHAVE_CONFIG_H -I"/cygdrive/F/Soft_sdk/Mv_BP10X/BT_Audio_APP/bt_audio_app_src/audio" -I"/cygdrive/F/Soft_sdk/Mv_BP10X/BT_Audio_APP/bt_audio_app_src/ai/md5" -I"/cygdrive/F/Soft_sdk/Mv_BP10X/BT_Audio_APP/bt_audio_app_src/ai/speex/include/speex" -I"/cygdrive/F/Soft_sdk/Mv_BP10X/BT_Audio_APP/bt_audio_app_src/ai/speex/include" -I"/cygdrive/F/Soft_sdk/Mv_BP10X/BT_Audio_APP/bt_audio_app_src/ai/speex/libspeex" -I"/cygdrive/F/Soft_sdk/Mv_BP10X/BT_Audio_APP/bt_audio_app_src/ai/speex" -I"/cygdrive/F/Soft_sdk/Mv_BP10X/BT_Audio_APP/bt_audio_app_src/ai" -I"/cygdrive/F/Soft_sdk/Mv_BP10X/BT_Audio_APP/bt_audio_app_src/inc" -I"/cygdrive/F/Soft_sdk/Mv_BP10X/MVsB1_Base_SDK/driver/driver_api/inc/otg" -I"/cygdrive/F/Soft_sdk/Mv_BP10X/MVsB1_Base_SDK/middleware/rtc/inc" -I"/cygdrive/F/Soft_sdk/Mv_BP10X/MVsB1_Base_SDK/middleware/fatfs/inc" -I"/cygdrive/F/Soft_sdk/Mv_BP10X/MVsB1_Base_SDK/middleware/user/inc" -I"/cygdrive/F/Soft_sdk/Mv_BP10X/MVsB1_Base_SDK/middleware/bluetooth/inc" -I"/cygdrive/F/Soft_sdk/Mv_BP10X/MVsB1_Base_SDK/middleware/audio/inc" -I"/cygdrive/F/Soft_sdk/Mv_BP10X/MVsB1_Base_SDK/driver/driver/inc" -I"/cygdrive/F/Soft_sdk/Mv_BP10X/MVsB1_Base_SDK/driver/driver_api/inc" -I"/cygdrive/F/Soft_sdk/Mv_BP10X/MVsB1_Base_SDK/middleware/mv_utils/inc" -I"/cygdrive/F/Soft_sdk/Mv_BP10X/MVsB1_Base_SDK/middleware/lrc/inc" -I"/cygdrive/F/Soft_sdk/Mv_BP10X/MVsB1_Base_SDK/middleware/rtos/rtos_api" -I"/cygdrive/F/Soft_sdk/Mv_BP10X/MVsB1_Base_SDK/middleware/rtos/freertos/inc" -I"/cygdrive/F/Soft_sdk/Mv_BP10X/MVsB1_Base_SDK/middleware/flashfs/inc" -I"/cygdrive/F/Soft_sdk/Mv_BP10X/BT_Audio_APP/bt_audio_app_src/display" -I"/cygdrive/F/Soft_sdk/Mv_BP10X/BT_Audio_APP/bt_audio_app_src/user" -I"/cygdrive/F/Soft_sdk/Mv_BP10X/MVsB1_Base_SDK/middleware/cec/inc" -Og -mcmodel=medium -g3 -Wall -mcpu=d1088-spu -c -fmessage-length=0 -ldsp -mext-dsp -ffunction-sections -fdata-sections -MMD -MP -MF"bt_audio_app_src/user/soft_power.d" -MT"bt_audio_app_src/user/soft_power.d bt_audio_app_src/user/soft_power.o" -o "bt_audio_app_src/user/soft_power.o" "../bt_audio_app_src/user/soft_power.c"
In file included from /cygdrive/F/Soft_sdk/Mv_BP10X/BT_Audio_APP/bt_audio_app_src/audio/audio_effect.h:15:0,
                 from /cygdrive/F/Soft_sdk/Mv_BP10X/BT_Audio_APP/bt_audio_app_src/audio/ctrlvars.h:21,
                 from ../bt_audio_app_src/user/hw_interface.h:15,
                 from ../bt_audio_app_src/user/soft_power.c:8:
/cygdrive/F/Soft_sdk/Mv_BP10X/BT_Audio_APP/bt_audio_app_src/inc/app_config.h:710:1: warning: multi-line comment [-Wcomment]
 // #define IR_KEY_TABLE 0xBA,/*POWER*/  0xB9,/*MODE*/  0xB8,/*MUTE*/ \
 ^
In file included from /cygdrive/F/Soft_sdk/Mv_BP10X/MVsB1_Base_SDK/middleware/audio/inc/audio_effect_library.h:29:0,
                 from /cygdrive/F/Soft_sdk/Mv_BP10X/BT_Audio_APP/bt_audio_app_src/audio/ctrlvars.h:22,
                 from ../bt_audio_app_src/user/hw_interface.h:15,
                 from ../bt_audio_app_src/user/soft_power.c:8:
/cygdrive/F/Soft_sdk/Mv_BP10X/MVsB1_Base_SDK/middleware/audio/inc/pcm_delay.h:19:0: warning: "MAX_DELAY_SAMPLES" redefined
 #define MAX_DELAY_SAMPLES 2400 // Maximum delay in samples, which is about 50ms at 48kHz, or 54ms at 44.1kHz
 ^
In file included from /cygdrive/F/Soft_sdk/Mv_BP10X/MVsB1_Base_SDK/middleware/audio/inc/audio_effect_library.h:19:0,
                 from /cygdrive/F/Soft_sdk/Mv_BP10X/BT_Audio_APP/bt_audio_app_src/audio/ctrlvars.h:22,
                 from ../bt_audio_app_src/user/hw_interface.h:15,
                 from ../bt_audio_app_src/user/soft_power.c:8:
/cygdrive/F/Soft_sdk/Mv_BP10X/MVsB1_Base_SDK/middleware/audio/inc/chorus.h:18:0: note: this is the location of the previous definition
 #define MAX_DELAY_SAMPLES (25*2*48) // maximum delay in samples 25ms*2@48kHz
 ^
In file included from /cygdrive/F/Soft_sdk/Mv_BP10X/BT_Audio_APP/bt_audio_app_src/inc/audio_core_api.h:25:0,
                 from /cygdrive/F/Soft_sdk/Mv_BP10X/BT_Audio_APP/bt_audio_app_src/audio/ctrlvars.h:25,
                 from ../bt_audio_app_src/user/hw_interface.h:15,
                 from ../bt_audio_app_src/user/soft_power.c:8:
/cygdrive/F/Soft_sdk/Mv_BP10X/BT_Audio_APP/bt_audio_app_src/inc/app_config.h:710:1: warning: multi-line comment [-Wcomment]
 // #define IR_KEY_TABLE 0xBA,/*POWER*/  0xB9,/*MODE*/  0xB8,/*MUTE*/ \
 ^
In file included from ../bt_audio_app_src/user/soft_power.c:8:0:
../bt_audio_app_src/user/hw_interface.h:395:25: warning: backslash and newline separated by space
 #define MUTE_OFF()   do{\             
 ^
已结束构建： ../bt_audio_app_src/user/soft_power.c
 
正在构建目标： BT_Audio_APP.adx
正在调用： Andes C Linker
nds32le-elf-gcc -Og -nostartfiles -static -L"/cygdrive/F/Soft_sdk/Mv_BP10X/MVsB1_Base_SDK/driver/driver" -L"/cygdrive/F/Soft_sdk/Mv_BP10X/MVsB1_Base_SDK/middleware/cec" -L"/cygdrive/F/Soft_sdk/Mv_BP10X/MVsB1_Base_SDK/middleware/audio" -L"/cygdrive/F/Soft_sdk/Mv_BP10X/MVsB1_Base_SDK/middleware/rtc" -L"/cygdrive/F/Soft_sdk/Mv_BP10X/MVsB1_Base_SDK/middleware/flashfs" -L"/cygdrive/F/Soft_sdk/Mv_BP10X/MVsB1_Base_SDK/middleware/bluetooth" -L"/cygdrive/F/Soft_sdk/Mv_BP10X/MVsB1_Base_SDK/middleware/lrc" -L"/cygdrive/F/Soft_sdk/Mv_BP10X/MVsB1_Base_SDK/middleware/fatfs" -mcmodel=medium -ldsp -mext-dsp -T"../nds32-ae210p.ld" -Wl,--gc-sections -mvh -o "BT_Audio_APP.adx"  ./bt_audio_app_src/ai/ai.o ./bt_audio_app_src/ai/ai_resample.o  ./bt_audio_app_src/ai/md5/md5.o  ./bt_audio_app_src/ai/speex/libspeex/bits.o ./bt_audio_app_src/ai/speex/libspeex/cb_search.o ./bt_audio_app_src/ai/speex/libspeex/exc_10_16_table.o ./bt_audio_app_src/ai/speex/libspeex/exc_10_32_table.o ./bt_audio_app_src/ai/speex/libspeex/exc_20_32_table.o ./bt_audio_app_src/ai/speex/libspeex/exc_5_256_table.o ./bt_audio_app_src/ai/speex/libspeex/exc_5_64_table.o ./bt_audio_app_src/ai/speex/libspeex/exc_8_128_table.o ./bt_audio_app_src/ai/speex/libspeex/filters.o ./bt_audio_app_src/ai/speex/libspeex/gain_table.o ./bt_audio_app_src/ai/speex/libspeex/gain_table_lbr.o ./bt_audio_app_src/ai/speex/libspeex/hexc_10_32_table.o ./bt_audio_app_src/ai/speex/libspeex/hexc_table.o ./bt_audio_app_src/ai/speex/libspeex/high_lsp_tables.o ./bt_audio_app_src/ai/speex/libspeex/kiss_fft.o ./bt_audio_app_src/ai/speex/libspeex/kiss_fftr.o ./bt_audio_app_src/ai/speex/libspeex/lpc.o ./bt_audio_app_src/ai/speex/libspeex/lsp.o ./bt_audio_app_src/ai/speex/libspeex/lsp_tables_nb.o ./bt_audio_app_src/ai/speex/libspeex/ltp.o ./bt_audio_app_src/ai/speex/libspeex/modes.o ./bt_audio_app_src/ai/speex/libspeex/modes_wb.o ./bt_audio_app_src/ai/speex/libspeex/nb_celp.o ./bt_audio_app_src/ai/speex/libspeex/quant_lsp.o ./bt_audio_app_src/ai/speex/libspeex/sb_celp.o ./bt_audio_app_src/ai/speex/libspeex/smallft.o ./bt_audio_app_src/ai/speex/libspeex/speex.o ./bt_audio_app_src/ai/speex/libspeex/speex_callbacks.o ./bt_audio_app_src/ai/speex/libspeex/speex_header.o ./bt_audio_app_src/ai/speex/libspeex/stereo.o ./bt_audio_app_src/ai/speex/libspeex/vbr.o ./bt_audio_app_src/ai/speex/libspeex/vorbis_psy.o ./bt_audio_app_src/ai/speex/libspeex/vq.o ./bt_audio_app_src/ai/speex/libspeex/window.o  ./bt_audio_app_src/apps/bt_hf_api.o ./bt_audio_app_src/apps/bt_hf_mode.o ./bt_audio_app_src/apps/bt_play_api.o ./bt_audio_app_src/apps/bt_play_mode.o ./bt_audio_app_src/apps/hdmi_in_api.o ./bt_audio_app_src/apps/hdmi_in_mode.o ./bt_audio_app_src/apps/i2sin_mode.o ./bt_audio_app_src/apps/linein_mode.o ./bt_audio_app_src/apps/main_task.o ./bt_audio_app_src/apps/media_play_api.o ./bt_audio_app_src/apps/media_play_mode.o ./bt_audio_app_src/apps/mode_switch_api.o ./bt_audio_app_src/apps/otg_device_audio.o ./bt_audio_app_src/apps/radio_mode.o ./bt_audio_app_src/apps/spdif_mode.o ./bt_audio_app_src/apps/standby_mode.o ./bt_audio_app_src/apps/usb_audio_mode.o  ./bt_audio_app_src/audio/audio_effect.o ./bt_audio_app_src/audio/audio_vol.o ./bt_audio_app_src/audio/beep.o ./bt_audio_app_src/audio/communication.o ./bt_audio_app_src/audio/ctrlvars.o  ./bt_audio_app_src/audio/effect_parameter/DianYin.o ./bt_audio_app_src/audio/effect_parameter/HanMai.o ./bt_audio_app_src/audio/effect_parameter/HunXiang.o ./bt_audio_app_src/audio/effect_parameter/MoYin.o ./bt_audio_app_src/audio/effect_parameter/NanBianNv.o ./bt_audio_app_src/audio/effect_parameter/NvBianNan.o ./bt_audio_app_src/audio/effect_parameter/WaWaYin.o  ./bt_audio_app_src/audio/music_parameter/Music.o  ./bt_audio_app_src/device/QN8035.o ./bt_audio_app_src/device/RDA5807.o ./bt_audio_app_src/device/adc_key.o ./bt_audio_app_src/device/adc_levels.o ./bt_audio_app_src/device/breakpoint.o ./bt_audio_app_src/device/code_key.o ./bt_audio_app_src/device/deepsleep.o ./bt_audio_app_src/device/device_detect.o ./bt_audio_app_src/device/flash_boot.o ./bt_audio_app_src/device/io_key.o ./bt_audio_app_src/device/ir_key.o ./bt_audio_app_src/device/ir_nec_key.o ./bt_audio_app_src/device/key.o ./bt_audio_app_src/device/power_monitor.o ./bt_audio_app_src/device/string_convert.o ./bt_audio_app_src/device/upgrade.o  ./bt_audio_app_src/display/display.o ./bt_audio_app_src/display/seg_led_disp.o ./bt_audio_app_src/display/seg_panel.o  ./bt_audio_app_src/main.o  ./bt_audio_app_src/services/audio_core_api.o ./bt_audio_app_src/services/audio_core_service.o ./bt_audio_app_src/services/bt_stack_service.o ./bt_audio_app_src/services/decoder_service.o ./bt_audio_app_src/services/device_service.o ./bt_audio_app_src/services/display_service.o ./bt_audio_app_src/services/encoder_service.o ./bt_audio_app_src/services/recorder_service.o ./bt_audio_app_src/services/remind_sound_service.o  ./bt_audio_app_src/startup/crt0.o ./bt_audio_app_src/startup/init-default.o ./bt_audio_app_src/startup/interrupt.o ./bt_audio_app_src/startup/retarget.o  ./bt_audio_app_src/user/misc.o ./bt_audio_app_src/user/soft_power.o  ./driver/driver_api/src/adc_interface.o ./driver/driver_api/src/backup_interface.o ./driver/driver_api/src/dac_interface.o ./driver/driver_api/src/fft_api.o ./driver/driver_api/src/i2c_host.o ./driver/driver_api/src/i2c_interface.o ./driver/driver_api/src/i2s_interface.o ./driver/driver_api/src/ppwm_interface.o ./driver/driver_api/src/sadc_interface.o ./driver/driver_api/src/sd_card.o ./driver/driver_api/src/spdif_interface.o ./driver/driver_api/src/spim_interface.o ./driver/driver_api/src/sw_uart.o ./driver/driver_api/src/uarts_interface.o  ./driver/driver_api/src/otg/device/otg_device_standard_request.o ./driver/driver_api/src/otg/device/otg_device_stor.o  ./driver/driver_api/src/otg/host/otg_host_standard_enum.o ./driver/driver_api/src/otg/host/otg_host_udisk.o  ./middleware/audio/src/audio_decoder_api.o ./middleware/audio/src/bits.o ./middleware/audio/src/libmp2dec.o ./middleware/audio/src/mvstdio.o  ./middleware/bluetooth/src/ble_app_callback.o ./middleware/bluetooth/src/ble_app_func.o ./middleware/bluetooth/src/bt_a2dp_app.o ./middleware/bluetooth/src/bt_app_func.o ./middleware/bluetooth/src/bt_app_interface.o ./middleware/bluetooth/src/bt_avrcp_app.o ./middleware/bluetooth/src/bt_ddb_flash.o ./middleware/bluetooth/src/bt_hfp_app.o ./middleware/bluetooth/src/bt_hid_app.o ./middleware/bluetooth/src/bt_manager.o ./middleware/bluetooth/src/bt_mfi_app.o ./middleware/bluetooth/src/bt_pbap_app.o ./middleware/bluetooth/src/bt_platform_interface.o ./middleware/bluetooth/src/bt_spp_app.o  ./middleware/fatfs/src/diskio.o ./middleware/fatfs/src/ff.o ./middleware/fatfs/src/ffpresearch.o ./middleware/fatfs/src/ffsystem.o ./middleware/fatfs/src/ffunicode.o  ./middleware/flashfs/src/FlashFS_Intf.o  ./middleware/mv_utils/src/debug.o ./middleware/mv_utils/src/mcu_circular_buf.o  ./middleware/rtos/freertos/src/croutine.o ./middleware/rtos/freertos/src/event_groups.o ./middleware/rtos/freertos/src/heap_5s.o ./middleware/rtos/freertos/src/list.o ./middleware/rtos/freertos/src/os_cpu_a.o ./middleware/rtos/freertos/src/port.o ./middleware/rtos/freertos/src/portISR.o ./middleware/rtos/freertos/src/queue.o ./middleware/rtos/freertos/src/shell.o ./middleware/rtos/freertos/src/tasks.o ./middleware/rtos/freertos/src/timers.o  ./middleware/rtos/rtos_api/rtos_api.o   -lDriver -lcec -lsbcenc -lVocalCut -lmp3enc -lAudioEffectLibrary -lresampler -lAudioDecoderLibrary -lBtStack -lFlashFS -lLrc -lfatfs -lRTC -lcvsd_plc -ldsp -lm -lBlueAEC
已结束构建目标： BT_Audio_APP.adx
 
正在调用： NM (symbol listing)
nds32le-elf-nm -n -l -C "BT_Audio_APP.adx" > output/symbol.txt
已结束构建： output/symbol.txt
 
正在调用： Readelf (ELF info listing)
nds32le-elf-readelf -a "BT_Audio_APP.adx" > output/readelf.txt
已结束构建： output/readelf.txt
 
正在调用： Objdump (disassembly)
nds32le-elf-objdump -x -d -C "BT_Audio_APP.adx" > output/objdump.txt
已结束构建： output/objdump.txt
 
正在调用： Objcopy (object content copy)
nds32le-elf-objcopy -S -O binary "BT_Audio_APP.adx" output/BT_Audio_APP.bin
已结束构建： output/BT_Audio_APP.bin
 
正在调用： Size (section size listing)
nds32le-elf-size  "BT_Audio_APP.adx" | tee output/.PHONY.size
   text (code + rodata)	   data	    bss	    dec	    hex	filename
1426564 (999668 + 426896)	   1760	  71080	1499404	 16e10c	BT_Audio_APP.adx
已结束构建： output/.PHONY.size
 
