<html>
<body>
<pre>
<h1>µVision Build Log</h1>
<h2>Tool Versions:</h2>
IDE-Version: ¦ÌVision V5.27.1.0
Copyright (C) 2019 ARM Ltd and ARM Germany GmbH. All rights reserved.
License Information: qing Li, yfa1, LIC=VGX63-AWSKC-T3BMI-T2UVF-NS04C-M1YJS
 
Tool Versions:
Toolchain:       MDK-ARM Plus  Version: 5.27.1.0
Toolchain Path:  C:\Keil_ARM\ARM\ARMCC\Bin
C Compiler:      Armcc.exe V5.06 update 6 (build 750)
Assembler:       Armasm.exe V5.06 update 6 (build 750)
Linker/Locator:  ArmLink.exe V5.06 update 6 (build 750)
Library Manager: ArmAr.exe V5.06 update 6 (build 750)
Hex Converter:   FromElf.exe V5.06 update 6 (build 750)
CPU DLL:         SARMCM3.DLL V5.27.1.0
Dialog DLL:      DCM.DLL V1.17.2.0
Target DLL:      UL2CM3.DLL V1.162.15.0
Dialog DLL:      TCM.DLL V1.36.1.0
 
<h2>Project:</h2>
F:\Soft_sdk\KS_QM003(V2)_07-P04\MDK\QM003_V2.uvprojx
Project File Date:  08/20/2019

<h2>Output:</h2>
*** Using Compiler 'V5.06 update 6 (build 750)', folder: 'C:\Keil_ARM\ARM\ARMCC\Bin'
Build target 'QM003'
compiling startup.c...
compiling coding_key.c...
compiling task_bt.c...
compiling dev_state_machine.c...
compiling dev_detect_driver.c...
compiling line_in_control.c...
compiling player_control.c...
compiling task_main.c...
compiling task_audio_process.c...
compiling main.c...
compiling task_decoder.c...
compiling radio_control.c...
compiling usb_audio_control.c...
compiling idle_control.c...
compiling i2s_in_control.c...
compiling recorder_control.c...
compiling bt_hf_control.c...
compiling bt_device_cfg.c...
compiling bt_app_ui_callback.c...
compiling bt_play_internal_api.c...
compiling rtc_control.c...
compiling bt_app_func.c...
compiling bte2prom.c...
compiling obex_spp_proc.c...
compiling ble_app_callback.c...
compiling adc_key.c...
compiling key.c...
compiling iic_key.c...
compiling ir_key.c...
compiling power_key.c...
compiling pcm_sync.c...
compiling ble_app_example.c...
compiling spp_app_proc.c...
compiling gpio_key.c...
compiling adc_adjust_vol.c...
compiling filesort.c...
compiling diskio.c...
compiling partition.c...
compiling radio.c...
compiling presearch.c...
compiling QN8035.c...
compiling mtk_fm_drv.c...
compiling RDA5807.c...
compiling i2c.c...
compiling breakpoint.c...
compiling sys_app.c...
compiling sound_remind.c...
compiling sys_vol.c...
compiling power_management.c...
compiling rtc_at8563.c...
compiling browser.c...
compiling audio_file.c...
compiling sw_uart.c...
compiling mcu_circular_buf.c...
compiling get_bootup_info.c...
compiling micro_adjust.c...
compiling mass_test.c...
compiling debug_test.c...
compiling retarget.c...
compiling upgrade_detect.c...
compiling gd_flash_drv.c...
compiling eq_params.c...
compiling seg_led_disp.c...
compiling led_display.c...
compiling seg_panel.c...
compiling singled_display.c...
compiling aip1629a.c...
compiling wifi_control.c...
compiling wifi_uart_com.c...
compiling wifi_bt_control.c...
linking...
Program Size: Code=428216 RO-data=172260 RW-data=5788 ZI-data=11564  
After Build - User command #1: fromelf.exe --bin -o "F:\Soft_sdk\KS_QM003(V2)_07-P04\MDK\output\QM003.axf.bin" "F:\Soft_sdk\KS_QM003(V2)_07-P04\MDK\output\QM003.axf"
".\output\QM003.axf" - 0 Error(s), 0 Warning(s).

<h2>Software Packages used:</h2>

Package Vendor: ARM
                http://www.keil.com/pack/ARM.CMSIS.5.5.1.pack
                ARM.CMSIS.5.5.1
                CMSIS (Cortex Microcontroller Software Interface Standard)

<h2>Collection of Component include folders:</h2>
  .\RTE\_QM003
  C:\Keil_ARM\ARM\PACK\ARM\CMSIS\5.5.1\Device\ARM\ARMCM3\Include

<h2>Collection of Component Files used:</h2>
Build Time Elapsed:  00:00:18
</pre>
</body>
</html>
