<html>
<body>
<pre>
<h1>µVision Build Log</h1>
<h2>Tool Versions:</h2>
IDE-Version: ¦ÌVision V5.23.0.0
Copyright (C) 2017 ARM Ltd and ARM Germany GmbH. All rights reserved.
License Information: qing Li, yfa1, LIC=VGX63-AWSKC-T3BMI-T2UVF-NS04C-M1YJS
 
Tool Versions:
Toolchain:       MDK-ARM Plus  Version: 5.23
Toolchain Path:  C:\Keil_ARM\ARM\ARMCC\Bin
C Compiler:      Armcc.exe V5.06 update 4 (build 422)
Assembler:       Armasm.exe V5.06 update 4 (build 422)
Linker/Locator:  ArmLink.exe V5.06 update 4 (build 422)
Library Manager: ArmAr.exe V5.06 update 4 (build 422)
Hex Converter:   FromElf.exe V5.06 update 4 (build 422)
CPU DLL:         SARMCM3.DLL V5.23
Dialog DLL:      DCM.DLL V1.15.0.0
Target DLL:      UL2CM3.DLL V1.159.7.0
Dialog DLL:      TCM.DLL V1.27.0.0
 
<h2>Project:</h2>
F:\Soft_sdk\KS_QM002_07+P08\MDK\KSQM002.uvprojx
Project File Date:  10/23/2018

<h2>Output:</h2>
*** Using Compiler 'V5.06 update 4 (build 422)', folder: 'C:\Keil_ARM\ARM\ARMCC\Bin'
Rebuild target 'KSQM002'
compiling coding_key.c...
compiling main.c...
compiling line_in_control.c...
compiling startup.c...
compiling task_bt.c...
compiling dev_detect_driver.c...
compiling task_audio_process.c...
compiling dev_state_machine.c...
compiling task_main.c...
compiling task_decoder.c...
compiling player_control.c...
..\src\control\player_control.c(2040): warning:  #223-D: function "test_iic" declared implicitly
  		    test_iic();
..\src\control\player_control.c: 1 warning, 0 errors
compiling radio_control.c...
compiling usb_audio_control.c...
compiling rtc_control.c...
compiling idle_control.c...
compiling bt_hf_control.c...
compiling recorder_control.c...
compiling i2s_in_control.c...
compiling bt_device_cfg.c...
compiling bt_app_ui_callback.c...
compiling bt_play_internal_api.c...
compiling bt_app_func.c...
compiling bte2prom.c...
compiling obex_spp_proc.c...
compiling ble_app_callback.c...
compiling pcm_sync.c...
compiling pbap_proc.c...
compiling key.c...
compiling ir_key.c...
compiling adc_key.c...
..\src\key\adc_key.c(135): warning:  #223-D: function "test_iic" declared implicitly
      test_iic();
..\src\key\adc_key.c: 1 warning, 0 errors
compiling power_key.c...
..\src\key\power_key.c(29): warning:  #1215-D: #warning directive: "MV: PUSH BUTTON POWER KEY ENABLE!"
  	#warning	"MV: PUSH BUTTON POWER KEY ENABLE!"
..\src\key\power_key.c: 1 warning, 0 errors
compiling ble_app_example.c...
compiling spp_app_proc.c...
compiling diskio.c...
compiling filesort.c...
compiling radio.c...
compiling partition.c...
compiling presearch.c...
compiling QN8035.c...
compiling mtk_fm_drv.c...
compiling i2c.c...
compiling RDA5807.c...
compiling IICtest.c...
compiling breakpoint.c...
compiling sys_app.c...
compiling sys_vol.c...
compiling sound_remind.c...
compiling power_management.c...
compiling browser.c...
compiling mcu_circular_buf.c...
compiling audio_file.c...
compiling micro_adjust.c...
compiling get_bootup_info.c...
compiling sw_uart.c...
compiling mass_test.c...
compiling debug_test.c...
compiling upgrade_detect.c...
compiling retarget.c...
compiling gd_flash_drv.c...
compiling eq_params.c...
linking...
Program Size: Code=532352 RO-data=179424 RW-data=6748 ZI-data=15616  
After Build - User command #1: fromelf.exe --bin -o "F:\Soft_sdk\KS_QM002_07+P08\MDK\output\KS_QM002.axf.bin" "F:\Soft_sdk\KS_QM002_07+P08\MDK\output\KS_QM002.axf"
".\output\KS_QM002.axf" - 0 Error(s), 3 Warning(s).

<h2>Collection of Component include folders:</h2>
  .\RTE\_KSQM002
  C:\Keil_ARM\ARM\PACK\ARM\CMSIS\5.0.1\Device\ARM\ARMCM3\Include

<h2>Collection of Component Files used:</h2>
Build Time Elapsed:  00:00:12
</pre>
</body>
</html>
