Component: ARM Compiler 6.12 Tool: armlink [5d624300]

==============================================================================

Section Cross References

    main.o(.text.main) refers to gdplatformconfig.o(.text.Usart_Debug_Init) for Usart_Debug_Init
    main.o(.text.main) refers to gdplatformconfig.o(.text.System_Systick_Init) for System_Systick_Init
    main.o(.ARM.exidx.text.main) refers to main.o(.text.main) for [Anonymous Symbol]
    timeout_api.o(.text.GetPassTime) refers to timeout_api.o(.bss.CORET_Systick_Count) for CORET_Systick_Count
    timeout_api.o(.ARM.exidx.text.GetPassTime) refers to timeout_api.o(.text.GetPassTime) for [Anonymous Symbol]
    timeout_api.o(.text.CheckTimer) refers to timeout_api.o(.bss.CORET_Systick_Count) for CORET_Systick_Count
    timeout_api.o(.ARM.exidx.text.CheckTimer) refers to timeout_api.o(.text.CheckTimer) for [Anonymous Symbol]
    timeout_api.o(.ARM.exidx.text.InitTimer) refers to timeout_api.o(.text.InitTimer) for [Anonymous Symbol]
    timeout_api.o(.text.StartTimer) refers to timeout_api.o(.bss.CORET_Systick_Count) for CORET_Systick_Count
    timeout_api.o(.ARM.exidx.text.StartTimer) refers to timeout_api.o(.text.StartTimer) for [Anonymous Symbol]
    timeout_api.o(.text.ChangeTimerPeriod) refers to timeout_api.o(.bss.CORET_Systick_Count) for CORET_Systick_Count
    timeout_api.o(.ARM.exidx.text.ChangeTimerPeriod) refers to timeout_api.o(.text.ChangeTimerPeriod) for [Anonymous Symbol]
    timeout_api.o(.text.PastTimeGet) refers to timeout_api.o(.bss.CORET_Systick_Count) for CORET_Systick_Count
    timeout_api.o(.ARM.exidx.text.PastTimeGet) refers to timeout_api.o(.text.PastTimeGet) for [Anonymous Symbol]
    timeout_api.o(.text.TimeOutSet) refers to timeout_api.o(.bss.CORET_Systick_Count) for CORET_Systick_Count
    timeout_api.o(.ARM.exidx.text.TimeOutSet) refers to timeout_api.o(.text.TimeOutSet) for [Anonymous Symbol]
    timeout_api.o(.text.IsTimeOut) refers to timeout_api.o(.bss.CORET_Systick_Count) for CORET_Systick_Count
    timeout_api.o(.ARM.exidx.text.IsTimeOut) refers to timeout_api.o(.text.IsTimeOut) for [Anonymous Symbol]
    timeout_api.o(.text.WaitMs) refers to timeout_api.o(.bss.CORET_Systick_Count) for CORET_Systick_Count
    timeout_api.o(.ARM.exidx.text.WaitMs) refers to timeout_api.o(.text.WaitMs) for [Anonymous Symbol]
    gd32e230_it.o(.ARM.exidx.text.NMI_Handler) refers to gd32e230_it.o(.text.NMI_Handler) for [Anonymous Symbol]
    gd32e230_it.o(.ARM.exidx.text.HardFault_Handler) refers to gd32e230_it.o(.text.HardFault_Handler) for [Anonymous Symbol]
    gd32e230_it.o(.ARM.exidx.text.SVC_Handler) refers to gd32e230_it.o(.text.SVC_Handler) for [Anonymous Symbol]
    gd32e230_it.o(.ARM.exidx.text.PendSV_Handler) refers to gd32e230_it.o(.text.PendSV_Handler) for [Anonymous Symbol]
    gd32e230_it.o(.text.SysTick_Handler) refers to timeout_api.o(.bss.CORET_Systick_Count) for CORET_Systick_Count
    gd32e230_it.o(.ARM.exidx.text.SysTick_Handler) refers to gd32e230_it.o(.text.SysTick_Handler) for [Anonymous Symbol]
    system_gd32e230.o(.text.SystemInit) refers to system_gd32e230.o(.text.system_clock_config) for system_clock_config
    system_gd32e230.o(.text.SystemInit) refers to gd32e230_misc.o(.text.nvic_vector_table_set) for nvic_vector_table_set
    system_gd32e230.o(.ARM.exidx.text.SystemInit) refers to system_gd32e230.o(.text.SystemInit) for [Anonymous Symbol]
    system_gd32e230.o(.text.system_clock_config) refers to system_gd32e230.o(.text.system_clock_72m_hxtal) for system_clock_72m_hxtal
    system_gd32e230.o(.ARM.exidx.text.system_clock_config) refers to system_gd32e230.o(.text.system_clock_config) for [Anonymous Symbol]
    system_gd32e230.o(.text.SystemCoreClockUpdate) refers to system_gd32e230.o(.data.SystemCoreClock) for SystemCoreClock
    system_gd32e230.o(.ARM.exidx.text.SystemCoreClockUpdate) refers to system_gd32e230.o(.text.SystemCoreClockUpdate) for [Anonymous Symbol]
    system_gd32e230.o(.ARM.exidx.text.system_clock_72m_hxtal) refers to system_gd32e230.o(.text.system_clock_72m_hxtal) for [Anonymous Symbol]
    startup_gd32e230.o(RESET) refers to startup_gd32e230.o(STACK) for __initial_sp
    startup_gd32e230.o(RESET) refers to startup_gd32e230.o(.text) for Reset_Handler
    startup_gd32e230.o(RESET) refers to gd32e230_it.o(.text.NMI_Handler) for NMI_Handler
    startup_gd32e230.o(RESET) refers to gd32e230_it.o(.text.HardFault_Handler) for HardFault_Handler
    startup_gd32e230.o(RESET) refers to gd32e230_it.o(.text.SVC_Handler) for SVC_Handler
    startup_gd32e230.o(RESET) refers to gd32e230_it.o(.text.PendSV_Handler) for PendSV_Handler
    startup_gd32e230.o(RESET) refers to gd32e230_it.o(.text.SysTick_Handler) for SysTick_Handler
    startup_gd32e230.o(.text) refers to system_gd32e230.o(.text.SystemInit) for SystemInit
    startup_gd32e230.o(.text) refers to entry.o(.ARM.Collect$$$$00000000) for __main
[...]
    Removing gd32e230_i2c.o(.text.i2c_sam_timeout_enable), (26 bytes).
    Removing gd32e230_i2c.o(.ARM.exidx.text.i2c_sam_timeout_enable), (8 bytes).
    Removing gd32e230_i2c.o(.text.i2c_sam_timeout_disable), (26 bytes).
    Removing gd32e230_i2c.o(.ARM.exidx.text.i2c_sam_timeout_disable), (8 bytes).
    Removing gd32e230_i2c.o(.text.i2c_flag_get), (66 bytes).
    Removing gd32e230_i2c.o(.ARM.exidx.text.i2c_flag_get), (8 bytes).
    Removing gd32e230_i2c.o(.text.i2c_flag_clear), (76 bytes).
    Removing gd32e230_i2c.o(.ARM.exidx.text.i2c_flag_clear), (8 bytes).
    Removing gd32e230_i2c.o(.text.i2c_interrupt_enable), (44 bytes).
    Removing gd32e230_i2c.o(.ARM.exidx.text.i2c_interrupt_enable), (8 bytes).
    Removing gd32e230_i2c.o(.text.i2c_interrupt_disable), (44 bytes).
    Removing gd32e230_i2c.o(.ARM.exidx.text.i2c_interrupt_disable), (8 bytes).
    Removing gd32e230_i2c.o(.text.i2c_interrupt_flag_get), (180 bytes).
    Removing gd32e230_i2c.o(.ARM.exidx.text.i2c_interrupt_flag_get), (8 bytes).
    Removing gd32e230_i2c.o(.text.i2c_interrupt_flag_clear), (76 bytes).
    Removing gd32e230_i2c.o(.ARM.exidx.text.i2c_interrupt_flag_clear), (8 bytes).
    Removing gd32e230_misc.o(.text), (0 bytes).
    Removing gd32e230_misc.o(.text.nvic_irq_enable), (52 bytes).
    Removing gd32e230_misc.o(.ARM.exidx.text.nvic_irq_enable), (8 bytes).
    Removing gd32e230_misc.o(.text.__NVIC_SetPriority), (140 bytes).
    Removing gd32e230_misc.o(.ARM.exidx.text.__NVIC_SetPriority), (8 bytes).
    Removing gd32e230_misc.o(.text.__NVIC_EnableIRQ), (56 bytes).
    Removing gd32e230_misc.o(.ARM.exidx.text.__NVIC_EnableIRQ), (8 bytes).
    Removing gd32e230_misc.o(.text.nvic_irq_disable), (24 bytes).
    Removing gd32e230_misc.o(.ARM.exidx.text.nvic_irq_disable), (8 bytes).
    Removing gd32e230_misc.o(.text.__NVIC_DisableIRQ), (64 bytes).
    Removing gd32e230_misc.o(.ARM.exidx.text.__NVIC_DisableIRQ), (8 bytes).
    Removing gd32e230_misc.o(.text.nvic_system_reset), (4 bytes).
    Removing gd32e230_misc.o(.ARM.exidx.text.nvic_system_reset), (8 bytes).
    Removing gd32e230_misc.o(.text.__NVIC_SystemReset), (28 bytes).
    Removing gd32e230_misc.o(.ARM.exidx.text.__NVIC_SystemReset), (8 bytes).
    Removing gd32e230_misc.o(.ARM.exidx.text.nvic_vector_table_set), (8 bytes).
    Removing gd32e230_misc.o(.text.system_lowpower_set), (28 bytes).
    Removing gd32e230_misc.o(.ARM.exidx.text.system_lowpower_set), (8 bytes).
    Removing gd32e230_misc.o(.text.system_lowpower_reset), (28 bytes).
    Removing gd32e230_misc.o(.ARM.exidx.text.system_lowpower_reset), (8 bytes).
    Removing gd32e230_misc.o(.text.systick_clksource_set), (48 bytes).
    Removing gd32e230_misc.o(.ARM.exidx.text.systick_clksource_set), (8 bytes).
    Removing gd32e230_pmu.o(.text), (0 bytes).
    Removing gd32e230_pmu.o(.text.pmu_deinit), (28 bytes).
    Removing gd32e230_pmu.o(.ARM.exidx.text.pmu_deinit), (8 bytes).
    Removing gd32e230_pmu.o(.text.pmu_lvd_select), (52 bytes).
    Removing gd32e230_pmu.o(.ARM.exidx.text.pmu_lvd_select), (8 bytes).
    Removing gd32e230_pmu.o(.text.pmu_ldo_output_select), (36 bytes).
    Removing gd32e230_pmu.o(.ARM.exidx.text.pmu_ldo_output_select), (8 bytes).
    Removing gd32e230_pmu.o(.text.pmu_lvd_disable), (16 bytes).
    Removing gd32e230_pmu.o(.ARM.exidx.text.pmu_lvd_disable), (8 bytes).
    Removing gd32e230_pmu.o(.text.pmu_to_sleepmode), (48 bytes).
    Removing gd32e230_pmu.o(.ARM.exidx.text.pmu_to_sleepmode), (8 bytes).
    Removing gd32e230_pmu.o(.text.pmu_to_deepsleepmode), (184 bytes).
    Removing gd32e230_pmu.o(.ARM.exidx.text.pmu_to_deepsleepmode), (8 bytes).
    Removing gd32e230_pmu.o(.text.pmu_to_standbymode), (68 bytes).
    Removing gd32e230_pmu.o(.ARM.exidx.text.pmu_to_standbymode), (8 bytes).
    Removing gd32e230_pmu.o(.text.pmu_wakeup_pin_enable), (28 bytes).
    Removing gd32e230_pmu.o(.ARM.exidx.text.pmu_wakeup_pin_enable), (8 bytes).
    Removing gd32e230_pmu.o(.text.pmu_wakeup_pin_disable), (28 bytes).
    Removing gd32e230_pmu.o(.ARM.exidx.text.pmu_wakeup_pin_disable), (8 bytes).
    Removing gd32e230_pmu.o(.text.pmu_backup_write_enable), (20 bytes).
    Removing gd32e230_pmu.o(.ARM.exidx.text.pmu_backup_write_enable), (8 bytes).
    Removing gd32e230_pmu.o(.text.pmu_backup_write_disable), (20 bytes).
    Removing gd32e230_pmu.o(.ARM.exidx.text.pmu_backup_write_disable), (8 bytes).
    Removing gd32e230_pmu.o(.text.pmu_flag_clear), (60 bytes).
    Removing gd32e230_pmu.o(.ARM.exidx.text.pmu_flag_clear), (8 bytes).
    Removing gd32e230_pmu.o(.text.pmu_flag_get), (48 bytes).
    Removing gd32e230_pmu.o(.ARM.exidx.text.pmu_flag_get), (8 bytes).
    Removing gd32e230_pmu.o(.bss.pmu_to_deepsleepmode.reg_snap), (12 bytes).
    Removing gd32e230_rcu.o(.text), (0 bytes).
    Removing gd32e230_rcu.o(.text.rcu_deinit), (148 bytes).
    Removing gd32e230_rcu.o(.ARM.exidx.text.rcu_deinit), (8 bytes).
    Removing gd32e230_rcu.o(.ARM.exidx.text.rcu_periph_clock_enable), (8 bytes).
    Removing gd32e230_rcu.o(.text.rcu_periph_clock_disable), (44 bytes).
    Removing gd32e230_rcu.o(.ARM.exidx.text.rcu_periph_clock_disable), (8 bytes).
    Removing gd32e230_rcu.o(.text.rcu_periph_clock_sleep_enable), (44 bytes).
    Removing gd32e230_rcu.o(.ARM.exidx.text.rcu_periph_clock_sleep_enable), (8 bytes).
    Removing gd32e230_rcu.o(.text.rcu_periph_clock_sleep_disable), (44 bytes).
    Removing gd32e230_rcu.o(.ARM.exidx.text.rcu_periph_clock_sleep_disable), (8 bytes).
    Removing gd32e230_rcu.o(.ARM.exidx.text.rcu_periph_reset_enable), (8 bytes).
    Removing gd32e230_rcu.o(.ARM.exidx.text.rcu_periph_reset_disable), (8 bytes).
    Removing gd32e230_rcu.o(.text.rcu_bkp_reset_enable), (20 bytes).
    Removing gd32e230_rcu.o(.ARM.exidx.text.rcu_bkp_reset_enable), (8 bytes).
    Removing gd32e230_rcu.o(.text.rcu_bkp_reset_disable), (20 bytes).
    Removing gd32e230_rcu.o(.ARM.exidx.text.rcu_bkp_reset_disable), (8 bytes).
    Removing gd32e230_rcu.o(.text.rcu_system_clock_source_config), (44 bytes).
    Removing gd32e230_rcu.o(.ARM.exidx.text.rcu_system_clock_source_config), (8 bytes).
    Removing gd32e230_rcu.o(.text.rcu_system_clock_source_get), (16 bytes).
    Removing gd32e230_rcu.o(.ARM.exidx.text.rcu_system_clock_source_get), (8 bytes).
    Removing gd32e230_rcu.o(.text.rcu_ahb_clock_config), (44 bytes).
    Removing gd32e230_rcu.o(.ARM.exidx.text.rcu_ahb_clock_config), (8 bytes).
    Removing gd32e230_rcu.o(.text.rcu_apb1_clock_config), (44 bytes).
    Removing gd32e230_rcu.o(.ARM.exidx.text.rcu_apb1_clock_config), (8 bytes).
    Removing gd32e230_rcu.o(.text.rcu_apb2_clock_config), (44 bytes).
    Removing gd32e230_rcu.o(.ARM.exidx.text.rcu_apb2_clock_config), (8 bytes).
    Removing gd32e230_rcu.o(.text.rcu_adc_clock_config), (400 bytes).
    Removing gd32e230_rcu.o(.ARM.exidx.text.rcu_adc_clock_config), (8 bytes).
    Removing gd32e230_rcu.o(.text.rcu_ckout_config), (56 bytes).
    Removing gd32e230_rcu.o(.ARM.exidx.text.rcu_ckout_config), (8 bytes).
    Removing gd32e230_rcu.o(.text.rcu_pll_config), (52 bytes).
    Removing gd32e230_rcu.o(.ARM.exidx.text.rcu_pll_config), (8 bytes).
    Removing gd32e230_rcu.o(.text.rcu_usart_clock_config), (36 bytes).
    Removing gd32e230_rcu.o(.ARM.exidx.text.rcu_usart_clock_config), (8 bytes).
    Removing gd32e230_rcu.o(.text.rcu_rtc_clock_config), (36 bytes).
    Removing gd32e230_rcu.o(.ARM.exidx.text.rcu_rtc_clock_config), (8 bytes).
    Removing gd32e230_rcu.o(.text.rcu_hxtal_prediv_config), (44 bytes).
    Removing gd32e230_rcu.o(.ARM.exidx.text.rcu_hxtal_prediv_config), (8 bytes).
    Removing gd32e230_rcu.o(.text.rcu_lxtal_drive_capability_config), (36 bytes).
    Removing gd32e230_rcu.o(.ARM.exidx.text.rcu_lxtal_drive_capability_config), (8 bytes).
    Removing gd32e230_rcu.o(.text.rcu_flag_get), (64 bytes).
    Removing gd32e230_rcu.o(.ARM.exidx.text.rcu_flag_get), (8 bytes).
    Removing gd32e230_rcu.o(.text.rcu_all_reset_flag_clear), (20 bytes).
    Removing gd32e230_rcu.o(.ARM.exidx.text.rcu_all_reset_flag_clear), (8 bytes).
    Removing gd32e230_rcu.o(.text.rcu_interrupt_flag_get), (64 bytes).
    Removing gd32e230_rcu.o(.ARM.exidx.text.rcu_interrupt_flag_get), (8 bytes).
    Removing gd32e230_rcu.o(.text.rcu_interrupt_flag_clear), (44 bytes).
    Removing gd32e230_rcu.o(.ARM.exidx.text.rcu_interrupt_flag_clear), (8 bytes).
    Removing gd32e230_rcu.o(.text.rcu_interrupt_enable), (44 bytes).
    Removing gd32e230_rcu.o(.ARM.exidx.text.rcu_interrupt_enable), (8 bytes).
    Removing gd32e230_rcu.o(.text.rcu_interrupt_disable), (44 bytes).
    Removing gd32e230_rcu.o(.ARM.exidx.text.rcu_interrupt_disable), (8 bytes).
    Removing gd32e230_rcu.o(.text.rcu_osci_stab_wait), (600 bytes).
    Removing gd32e230_rcu.o(.ARM.exidx.text.rcu_osci_stab_wait), (8 bytes).
    Removing gd32e230_rcu.o(.text.rcu_osci_on), (44 bytes).
    Removing gd32e230_rcu.o(.ARM.exidx.text.rcu_osci_on), (8 bytes).
    Removing gd32e230_rcu.o(.text.rcu_osci_off), (44 bytes).
    Removing gd32e230_rcu.o(.ARM.exidx.text.rcu_osci_off), (8 bytes).
    Removing gd32e230_rcu.o(.text.rcu_osci_bypass_mode_enable), (140 bytes).
    Removing gd32e230_rcu.o(.ARM.exidx.text.rcu_osci_bypass_mode_enable), (8 bytes).
    Removing gd32e230_rcu.o(.text.rcu_osci_bypass_mode_disable), (140 bytes).
    Removing gd32e230_rcu.o(.ARM.exidx.text.rcu_osci_bypass_mode_disable), (8 bytes).
    Removing gd32e230_rcu.o(.text.rcu_hxtal_clock_monitor_enable), (20 bytes).
    Removing gd32e230_rcu.o(.ARM.exidx.text.rcu_hxtal_clock_monitor_enable), (8 bytes).
    Removing gd32e230_rcu.o(.text.rcu_hxtal_clock_monitor_disable), (20 bytes).
    Removing gd32e230_rcu.o(.ARM.exidx.text.rcu_hxtal_clock_monitor_disable), (8 bytes).
    Removing gd32e230_rcu.o(.text.rcu_irc8m_adjust_value_set), (48 bytes).
    Removing gd32e230_rcu.o(.ARM.exidx.text.rcu_irc8m_adjust_value_set), (8 bytes).
    Removing gd32e230_rcu.o(.text.rcu_irc28m_adjust_value_set), (48 bytes).
    Removing gd32e230_rcu.o(.ARM.exidx.text.rcu_irc28m_adjust_value_set), (8 bytes).
    Removing gd32e230_rcu.o(.text.rcu_voltage_key_unlock), (32 bytes).
    Removing gd32e230_rcu.o(.ARM.exidx.text.rcu_voltage_key_unlock), (8 bytes).
    Removing gd32e230_rcu.o(.text.rcu_deepsleep_voltage_set), (36 bytes).
    Removing gd32e230_rcu.o(.ARM.exidx.text.rcu_deepsleep_voltage_set), (8 bytes).
    Removing gd32e230_rcu.o(.ARM.exidx.text.rcu_clock_freq_get), (8 bytes).
    Removing gd32e230_rcu.o(.rodata.cst16), (16 bytes).
    Removing gd32e230_rcu.o(.rodata.cst8), (16 bytes).
    Removing gd32e230_rtc.o(.text), (0 bytes).
    Removing gd32e230_rtc.o(.text.rtc_deinit), (168 bytes).
    Removing gd32e230_rtc.o(.ARM.exidx.text.rtc_deinit), (8 bytes).
    Removing gd32e230_rtc.o(.text.rtc_init_mode_enter), (128 bytes).
    Removing gd32e230_rtc.o(.ARM.exidx.text.rtc_init_mode_enter), (8 bytes).
    Removing gd32e230_rtc.o(.text.rtc_register_sync_wait), (152 bytes).
    Removing gd32e230_rtc.o(.ARM.exidx.text.rtc_register_sync_wait), (8 bytes).
    Removing gd32e230_rtc.o(.text.rtc_init), (212 bytes).
    Removing gd32e230_rtc.o(.ARM.exidx.text.rtc_init), (8 bytes).
    Removing gd32e230_rtc.o(.text.rtc_init_mode_exit), (16 bytes).
    Removing gd32e230_rtc.o(.ARM.exidx.text.rtc_init_mode_exit), (8 bytes).
    Removing gd32e230_rtc.o(.text.rtc_current_time_get), (188 bytes).
    Removing gd32e230_rtc.o(.ARM.exidx.text.rtc_current_time_get), (8 bytes).
    Removing gd32e230_rtc.o(.text.rtc_subsecond_get), (36 bytes).
    Removing gd32e230_rtc.o(.ARM.exidx.text.rtc_subsecond_get), (8 bytes).
    Removing gd32e230_rtc.o(.text.rtc_alarm_config), (92 bytes).
    Removing gd32e230_rtc.o(.ARM.exidx.text.rtc_alarm_config), (8 bytes).
    Removing gd32e230_rtc.o(.text.rtc_alarm_subsecond_config), (52 bytes).
    Removing gd32e230_rtc.o(.ARM.exidx.text.rtc_alarm_subsecond_config), (8 bytes).
    Removing gd32e230_rtc.o(.text.rtc_alarm_enable), (36 bytes).
    Removing gd32e230_rtc.o(.ARM.exidx.text.rtc_alarm_enable), (8 bytes).
    Removing gd32e230_rtc.o(.text.rtc_alarm_disable), (132 bytes).
    Removing gd32e230_rtc.o(.ARM.exidx.text.rtc_alarm_disable), (8 bytes).
    Removing gd32e230_rtc.o(.text.rtc_alarm_get), (112 bytes).
    Removing gd32e230_rtc.o(.ARM.exidx.text.rtc_alarm_get), (8 bytes).
    Removing gd32e230_rtc.o(.text.rtc_alarm_subsecond_get), (20 bytes).
    Removing gd32e230_rtc.o(.ARM.exidx.text.rtc_alarm_subsecond_get), (8 bytes).
    Removing gd32e230_rtc.o(.text.rtc_timestamp_enable), (72 bytes).
    Removing gd32e230_rtc.o(.ARM.exidx.text.rtc_timestamp_enable), (8 bytes).
    Removing gd32e230_rtc.o(.text.rtc_timestamp_disable), (36 bytes).
    Removing gd32e230_rtc.o(.ARM.exidx.text.rtc_timestamp_disable), (8 bytes).
    Removing gd32e230_rtc.o(.text.rtc_timestamp_get), (120 bytes).
    Removing gd32e230_rtc.o(.ARM.exidx.text.rtc_timestamp_get), (8 bytes).
    Removing gd32e230_rtc.o(.text.rtc_timestamp_subsecond_get), (12 bytes).
    Removing gd32e230_rtc.o(.ARM.exidx.text.rtc_timestamp_subsecond_get), (8 bytes).
    Removing gd32e230_rtc.o(.text.rtc_tamper_enable), (208 bytes).
    Removing gd32e230_rtc.o(.ARM.exidx.text.rtc_tamper_enable), (8 bytes).
    Removing gd32e230_rtc.o(.text.rtc_tamper_disable), (28 bytes).
    Removing gd32e230_rtc.o(.ARM.exidx.text.rtc_tamper_disable), (8 bytes).
    Removing gd32e230_rtc.o(.text.rtc_interrupt_enable), (68 bytes).
    Removing gd32e230_rtc.o(.ARM.exidx.text.rtc_interrupt_enable), (8 bytes).
    Removing gd32e230_rtc.o(.text.rtc_interrupt_disable), (72 bytes).
    Removing gd32e230_rtc.o(.ARM.exidx.text.rtc_interrupt_disable), (8 bytes).
    Removing gd32e230_rtc.o(.text.rtc_flag_get), (48 bytes).
    Removing gd32e230_rtc.o(.ARM.exidx.text.rtc_flag_get), (8 bytes).
    Removing gd32e230_rtc.o(.text.rtc_flag_clear), (28 bytes).
    Removing gd32e230_rtc.o(.ARM.exidx.text.rtc_flag_clear), (8 bytes).
    Removing gd32e230_rtc.o(.text.rtc_alter_output_config), (100 bytes).
    Removing gd32e230_rtc.o(.ARM.exidx.text.rtc_alter_output_config), (8 bytes).
    Removing gd32e230_rtc.o(.text.rtc_calibration_config), (176 bytes).
    Removing gd32e230_rtc.o(.ARM.exidx.text.rtc_calibration_config), (8 bytes).
    Removing gd32e230_rtc.o(.text.rtc_hour_adjust), (48 bytes).
    Removing gd32e230_rtc.o(.ARM.exidx.text.rtc_hour_adjust), (8 bytes).
    Removing gd32e230_rtc.o(.text.rtc_second_adjust), (188 bytes).
    Removing gd32e230_rtc.o(.ARM.exidx.text.rtc_second_adjust), (8 bytes).
    Removing gd32e230_rtc.o(.text.rtc_bypass_shadow_enable), (36 bytes).
    Removing gd32e230_rtc.o(.ARM.exidx.text.rtc_bypass_shadow_enable), (8 bytes).
    Removing gd32e230_rtc.o(.text.rtc_bypass_shadow_disable), (36 bytes).
    Removing gd32e230_rtc.o(.ARM.exidx.text.rtc_bypass_shadow_disable), (8 bytes).
    Removing gd32e230_rtc.o(.text.rtc_refclock_detection_enable), (76 bytes).
    Removing gd32e230_rtc.o(.ARM.exidx.text.rtc_refclock_detection_enable), (8 bytes).
    Removing gd32e230_rtc.o(.text.rtc_refclock_detection_disable), (76 bytes).
    Removing gd32e230_rtc.o(.ARM.exidx.text.rtc_refclock_detection_disable), (8 bytes).
    Removing gd32e230_spi.o(.text), (0 bytes).
    Removing gd32e230_spi.o(.text.spi_i2s_deinit), (84 bytes).
    Removing gd32e230_spi.o(.ARM.exidx.text.spi_i2s_deinit), (8 bytes).
    Removing gd32e230_spi.o(.text.spi_struct_para_init), (42 bytes).
    Removing gd32e230_spi.o(.ARM.exidx.text.spi_struct_para_init), (8 bytes).
    Removing gd32e230_spi.o(.text.spi_init), (316 bytes).
    Removing gd32e230_spi.o(.ARM.exidx.text.spi_init), (8 bytes).
    Removing gd32e230_spi.o(.text.spi_enable), (22 bytes).
    Removing gd32e230_spi.o(.ARM.exidx.text.spi_enable), (8 bytes).
    Removing gd32e230_spi.o(.text.spi_disable), (22 bytes).
    Removing gd32e230_spi.o(.ARM.exidx.text.spi_disable), (8 bytes).
    Removing gd32e230_spi.o(.text.i2s_init), (96 bytes).
    Removing gd32e230_spi.o(.ARM.exidx.text.i2s_init), (8 bytes).
    Removing gd32e230_spi.o(.text.i2s_psc_config), (230 bytes).
    Removing gd32e230_spi.o(.ARM.exidx.text.i2s_psc_config), (8 bytes).
    Removing gd32e230_spi.o(.text.i2s_enable), (24 bytes).
    Removing gd32e230_spi.o(.ARM.exidx.text.i2s_enable), (8 bytes).
    Removing gd32e230_spi.o(.text.i2s_disable), (24 bytes).
    Removing gd32e230_spi.o(.ARM.exidx.text.i2s_disable), (8 bytes).
    Removing gd32e230_spi.o(.text.spi_nss_output_enable), (22 bytes).
    Removing gd32e230_spi.o(.ARM.exidx.text.spi_nss_output_enable), (8 bytes).
    Removing gd32e230_spi.o(.text.spi_nss_output_disable), (22 bytes).
    Removing gd32e230_spi.o(.ARM.exidx.text.spi_nss_output_disable), (8 bytes).
    Removing gd32e230_spi.o(.text.spi_nss_internal_high), (24 bytes).
    Removing gd32e230_spi.o(.ARM.exidx.text.spi_nss_internal_high), (8 bytes).
    Removing gd32e230_spi.o(.text.spi_nss_internal_low), (24 bytes).
    Removing gd32e230_spi.o(.ARM.exidx.text.spi_nss_internal_low), (8 bytes).
    Removing gd32e230_spi.o(.text.spi_dma_enable), (52 bytes).
    Removing gd32e230_spi.o(.ARM.exidx.text.spi_dma_enable), (8 bytes).
    Removing gd32e230_spi.o(.text.spi_dma_disable), (52 bytes).
    Removing gd32e230_spi.o(.ARM.exidx.text.spi_dma_disable), (8 bytes).
    Removing gd32e230_spi.o(.text.spi_i2s_data_frame_format_config), (140 bytes).
    Removing gd32e230_spi.o(.ARM.exidx.text.spi_i2s_data_frame_format_config), (8 bytes).
    Removing gd32e230_spi.o(.text.spi_i2s_data_transmit), (92 bytes).
    Removing gd32e230_spi.o(.ARM.exidx.text.spi_i2s_data_transmit), (8 bytes).
    Removing gd32e230_spi.o(.text.spi_i2s_data_receive), (88 bytes).
    Removing gd32e230_spi.o(.ARM.exidx.text.spi_i2s_data_receive), (8 bytes).
    Removing gd32e230_spi.o(.text.spi_bidirectional_transfer_config), (58 bytes).
    Removing gd32e230_spi.o(.ARM.exidx.text.spi_bidirectional_transfer_config), (8 bytes).
    Removing gd32e230_spi.o(.text.spi_crc_polynomial_set), (40 bytes).
    Removing gd32e230_spi.o(.ARM.exidx.text.spi_crc_polynomial_set), (8 bytes).
    Removing gd32e230_spi.o(.text.spi_crc_polynomial_get), (18 bytes).
    Removing gd32e230_spi.o(.ARM.exidx.text.spi_crc_polynomial_get), (8 bytes).
    Removing gd32e230_spi.o(.text.spi_crc_on), (24 bytes).
    Removing gd32e230_spi.o(.ARM.exidx.text.spi_crc_on), (8 bytes).
    Removing gd32e230_spi.o(.text.spi_crc_off), (24 bytes).
    Removing gd32e230_spi.o(.ARM.exidx.text.spi_crc_off), (8 bytes).
    Removing gd32e230_spi.o(.text.spi_crc_next), (24 bytes).
    Removing gd32e230_spi.o(.ARM.exidx.text.spi_crc_next), (8 bytes).
    Removing gd32e230_spi.o(.text.spi_crc_get), (52 bytes).
    Removing gd32e230_spi.o(.ARM.exidx.text.spi_crc_get), (8 bytes).
    Removing gd32e230_spi.o(.text.spi_ti_mode_enable), (22 bytes).
    Removing gd32e230_spi.o(.ARM.exidx.text.spi_ti_mode_enable), (8 bytes).
    Removing gd32e230_spi.o(.text.spi_ti_mode_disable), (22 bytes).
    Removing gd32e230_spi.o(.ARM.exidx.text.spi_ti_mode_disable), (8 bytes).
    Removing gd32e230_spi.o(.text.spi_nssp_mode_enable), (22 bytes).
    Removing gd32e230_spi.o(.ARM.exidx.text.spi_nssp_mode_enable), (8 bytes).
    Removing gd32e230_spi.o(.text.spi_nssp_mode_disable), (22 bytes).
    Removing gd32e230_spi.o(.ARM.exidx.text.spi_nssp_mode_disable), (8 bytes).
    Removing gd32e230_spi.o(.text.qspi_enable), (26 bytes).
    Removing gd32e230_spi.o(.ARM.exidx.text.qspi_enable), (8 bytes).
    Removing gd32e230_spi.o(.text.qspi_disable), (26 bytes).
    Removing gd32e230_spi.o(.ARM.exidx.text.qspi_disable), (8 bytes).
    Removing gd32e230_spi.o(.text.qspi_write_enable), (26 bytes).
    Removing gd32e230_spi.o(.ARM.exidx.text.qspi_write_enable), (8 bytes).
    Removing gd32e230_spi.o(.text.qspi_read_enable), (26 bytes).
    Removing gd32e230_spi.o(.ARM.exidx.text.qspi_read_enable), (8 bytes).
    Removing gd32e230_spi.o(.text.qspi_io23_output_enable), (26 bytes).
    Removing gd32e230_spi.o(.ARM.exidx.text.qspi_io23_output_enable), (8 bytes).
    Removing gd32e230_spi.o(.text.qspi_io23_output_disable), (26 bytes).
    Removing gd32e230_spi.o(.ARM.exidx.text.qspi_io23_output_disable), (8 bytes).
    Removing gd32e230_spi.o(.text.spi_i2s_interrupt_enable), (84 bytes).
    Removing gd32e230_spi.o(.ARM.exidx.text.spi_i2s_interrupt_enable), (8 bytes).
    Removing gd32e230_spi.o(.text.spi_i2s_interrupt_disable), (84 bytes).
    Removing gd32e230_spi.o(.ARM.exidx.text.spi_i2s_interrupt_disable), (8 bytes).
    Removing gd32e230_spi.o(.text.spi_i2s_interrupt_flag_get), (244 bytes).
    Removing gd32e230_spi.o(.ARM.exidx.text.spi_i2s_interrupt_flag_get), (8 bytes).
    Removing gd32e230_spi.o(.text.spi_i2s_flag_get), (144 bytes).
    Removing gd32e230_spi.o(.ARM.exidx.text.spi_i2s_flag_get), (8 bytes).
    Removing gd32e230_spi.o(.text.spi_crc_error_clear), (22 bytes).
    Removing gd32e230_spi.o(.ARM.exidx.text.spi_crc_error_clear), (8 bytes).
    Removing gd32e230_spi.o(.text.spi_fifo_access_size_config), (44 bytes).
    Removing gd32e230_spi.o(.ARM.exidx.text.spi_fifo_access_size_config), (8 bytes).
    Removing gd32e230_spi.o(.text.spi_transmit_odd_config), (44 bytes).
    Removing gd32e230_spi.o(.ARM.exidx.text.spi_transmit_odd_config), (8 bytes).
    Removing gd32e230_spi.o(.text.spi_receive_odd_config), (44 bytes).
    Removing gd32e230_spi.o(.ARM.exidx.text.spi_receive_odd_config), (8 bytes).
    Removing gd32e230_spi.o(.text.spi_crc_length_set), (44 bytes).
    Removing gd32e230_spi.o(.ARM.exidx.text.spi_crc_length_set), (8 bytes).
    Removing gd32e230_syscfg.o(.text), (0 bytes).
    Removing gd32e230_syscfg.o(.text.syscfg_deinit), (24 bytes).
    Removing gd32e230_syscfg.o(.ARM.exidx.text.syscfg_deinit), (8 bytes).
    Removing gd32e230_syscfg.o(.text.syscfg_dma_remap_enable), (28 bytes).
    Removing gd32e230_syscfg.o(.ARM.exidx.text.syscfg_dma_remap_enable), (8 bytes).
    Removing gd32e230_syscfg.o(.text.syscfg_dma_remap_disable), (28 bytes).
    Removing gd32e230_syscfg.o(.ARM.exidx.text.syscfg_dma_remap_disable), (8 bytes).
    Removing gd32e230_syscfg.o(.text.syscfg_high_current_enable), (20 bytes).
    Removing gd32e230_syscfg.o(.ARM.exidx.text.syscfg_high_current_enable), (8 bytes).
    Removing gd32e230_syscfg.o(.text.syscfg_high_current_disable), (20 bytes).
    Removing gd32e230_syscfg.o(.ARM.exidx.text.syscfg_high_current_disable), (8 bytes).
    Removing gd32e230_syscfg.o(.text.syscfg_exti_line_config), (188 bytes).
    Removing gd32e230_syscfg.o(.ARM.exidx.text.syscfg_exti_line_config), (8 bytes).
    Removing gd32e230_syscfg.o(.text.syscfg_lock_config), (28 bytes).
    Removing gd32e230_syscfg.o(.ARM.exidx.text.syscfg_lock_config), (8 bytes).
    Removing gd32e230_syscfg.o(.text.irq_latency_set), (44 bytes).
    Removing gd32e230_syscfg.o(.ARM.exidx.text.irq_latency_set), (8 bytes).
    Removing gd32e230_syscfg.o(.text.syscfg_flag_get), (48 bytes).
    Removing gd32e230_syscfg.o(.ARM.exidx.text.syscfg_flag_get), (8 bytes).
    Removing gd32e230_syscfg.o(.text.syscfg_flag_clear), (28 bytes).
    Removing gd32e230_syscfg.o(.ARM.exidx.text.syscfg_flag_clear), (8 bytes).
    Removing gd32e230_timer.o(.text), (0 bytes).
    Removing gd32e230_timer.o(.text.timer_deinit), (252 bytes).
    Removing gd32e230_timer.o(.ARM.exidx.text.timer_deinit), (8 bytes).
    Removing gd32e230_timer.o(.text.timer_struct_para_init), (44 bytes).
    Removing gd32e230_timer.o(.ARM.exidx.text.timer_struct_para_init), (8 bytes).
    Removing gd32e230_timer.o(.text.timer_init), (260 bytes).
    Removing gd32e230_timer.o(.ARM.exidx.text.timer_init), (8 bytes).
    Removing gd32e230_timer.o(.text.timer_enable), (22 bytes).
    Removing gd32e230_timer.o(.ARM.exidx.text.timer_enable), (8 bytes).
    Removing gd32e230_timer.o(.text.timer_disable), (22 bytes).
    Removing gd32e230_timer.o(.ARM.exidx.text.timer_disable), (8 bytes).
    Removing gd32e230_timer.o(.text.timer_auto_reload_shadow_enable), (22 bytes).
    Removing gd32e230_timer.o(.ARM.exidx.text.timer_auto_reload_shadow_enable), (8 bytes).
    Removing gd32e230_timer.o(.text.timer_auto_reload_shadow_disable), (22 bytes).
    Removing gd32e230_timer.o(.ARM.exidx.text.timer_auto_reload_shadow_disable), (8 bytes).
    Removing gd32e230_timer.o(.text.timer_update_event_enable), (22 bytes).
    Removing gd32e230_timer.o(.ARM.exidx.text.timer_update_event_enable), (8 bytes).
    Removing gd32e230_timer.o(.text.timer_update_event_disable), (22 bytes).
    Removing gd32e230_timer.o(.ARM.exidx.text.timer_update_event_disable), (8 bytes).
    Removing gd32e230_timer.o(.text.timer_counter_alignment), (42 bytes).
    Removing gd32e230_timer.o(.ARM.exidx.text.timer_counter_alignment), (8 bytes).
    Removing gd32e230_timer.o(.text.timer_counter_up_direction), (22 bytes).
    Removing gd32e230_timer.o(.ARM.exidx.text.timer_counter_up_direction), (8 bytes).
    Removing gd32e230_timer.o(.text.timer_counter_down_direction), (22 bytes).
    Removing gd32e230_timer.o(.ARM.exidx.text.timer_counter_down_direction), (8 bytes).
    Removing gd32e230_timer.o(.text.timer_prescaler_config), (56 bytes).
    Removing gd32e230_timer.o(.ARM.exidx.text.timer_prescaler_config), (8 bytes).
    Removing gd32e230_timer.o(.text.timer_repetition_value_config), (26 bytes).
    Removing gd32e230_timer.o(.ARM.exidx.text.timer_repetition_value_config), (8 bytes).
    Removing gd32e230_timer.o(.text.timer_autoreload_value_config), (26 bytes).
    Removing gd32e230_timer.o(.ARM.exidx.text.timer_autoreload_value_config), (8 bytes).
    Removing gd32e230_timer.o(.text.timer_counter_value_config), (26 bytes).
    Removing gd32e230_timer.o(.ARM.exidx.text.timer_counter_value_config), (8 bytes).
    Removing gd32e230_timer.o(.text.timer_counter_read), (24 bytes).
    Removing gd32e230_timer.o(.ARM.exidx.text.timer_counter_read), (8 bytes).
    Removing gd32e230_timer.o(.text.timer_prescaler_read), (26 bytes).
    Removing gd32e230_timer.o(.ARM.exidx.text.timer_prescaler_read), (8 bytes).
    Removing gd32e230_timer.o(.text.timer_single_pulse_mode_config), (62 bytes).
    Removing gd32e230_timer.o(.ARM.exidx.text.timer_single_pulse_mode_config), (8 bytes).
    Removing gd32e230_timer.o(.text.timer_update_source_config), (62 bytes).
    Removing gd32e230_timer.o(.ARM.exidx.text.timer_update_source_config), (8 bytes).
    Removing gd32e230_timer.o(.text.timer_ocpre_clear_source_config), (66 bytes).
    Removing gd32e230_timer.o(.ARM.exidx.text.timer_ocpre_clear_source_config), (8 bytes).
    Removing gd32e230_timer.o(.text.timer_interrupt_enable), (30 bytes).
    Removing gd32e230_timer.o(.ARM.exidx.text.timer_interrupt_enable), (8 bytes).
    Removing gd32e230_timer.o(.text.timer_interrupt_disable), (30 bytes).
    Removing gd32e230_timer.o(.ARM.exidx.text.timer_interrupt_disable), (8 bytes).
    Removing gd32e230_timer.o(.text.timer_interrupt_flag_get), (68 bytes).
    Removing gd32e230_timer.o(.ARM.exidx.text.timer_interrupt_flag_get), (8 bytes).
    Removing gd32e230_timer.o(.text.timer_interrupt_flag_clear), (30 bytes).
    Removing gd32e230_timer.o(.ARM.exidx.text.timer_interrupt_flag_clear), (8 bytes).
    Removing gd32e230_timer.o(.text.timer_flag_get), (50 bytes).
    Removing gd32e230_timer.o(.ARM.exidx.text.timer_flag_get), (8 bytes).
    Removing gd32e230_timer.o(.text.timer_flag_clear), (30 bytes).
    Removing gd32e230_timer.o(.ARM.exidx.text.timer_flag_clear), (8 bytes).
    Removing gd32e230_timer.o(.text.timer_dma_enable), (32 bytes).
    Removing gd32e230_timer.o(.ARM.exidx.text.timer_dma_enable), (8 bytes).
    Removing gd32e230_timer.o(.text.timer_dma_disable), (32 bytes).
    Removing gd32e230_timer.o(.ARM.exidx.text.timer_dma_disable), (8 bytes).
    Removing gd32e230_timer.o(.text.timer_channel_dma_request_source_select), (66 bytes).
    Removing gd32e230_timer.o(.ARM.exidx.text.timer_channel_dma_request_source_select), (8 bytes).
    Removing gd32e230_timer.o(.text.timer_dma_transfer_config), (56 bytes).
    Removing gd32e230_timer.o(.ARM.exidx.text.timer_dma_transfer_config), (8 bytes).
    Removing gd32e230_timer.o(.text.timer_event_software_generate), (32 bytes).
    Removing gd32e230_timer.o(.ARM.exidx.text.timer_event_software_generate), (8 bytes).
    Removing gd32e230_timer.o(.text.timer_break_struct_para_init), (42 bytes).
    Removing gd32e230_timer.o(.ARM.exidx.text.timer_break_struct_para_init), (8 bytes).
    Removing gd32e230_timer.o(.text.timer_break_config), (52 bytes).
    Removing gd32e230_timer.o(.ARM.exidx.text.timer_break_config), (8 bytes).
    Removing gd32e230_timer.o(.text.timer_break_enable), (24 bytes).
    Removing gd32e230_timer.o(.ARM.exidx.text.timer_break_enable), (8 bytes).
    Removing gd32e230_timer.o(.text.timer_break_disable), (24 bytes).
    Removing gd32e230_timer.o(.ARM.exidx.text.timer_break_disable), (8 bytes).
    Removing gd32e230_timer.o(.text.timer_automatic_output_enable), (24 bytes).
    Removing gd32e230_timer.o(.ARM.exidx.text.timer_automatic_output_enable), (8 bytes).
    Removing gd32e230_timer.o(.text.timer_automatic_output_disable), (24 bytes).
    Removing gd32e230_timer.o(.ARM.exidx.text.timer_automatic_output_disable), (8 bytes).
    Removing gd32e230_timer.o(.text.timer_primary_output_config), (56 bytes).
    Removing gd32e230_timer.o(.ARM.exidx.text.timer_primary_output_config), (8 bytes).
    Removing gd32e230_timer.o(.text.timer_channel_control_shadow_config), (52 bytes).
    Removing gd32e230_timer.o(.ARM.exidx.text.timer_channel_control_shadow_config), (8 bytes).
    Removing gd32e230_timer.o(.text.timer_channel_control_shadow_update_config), (66 bytes).
    Removing gd32e230_timer.o(.ARM.exidx.text.timer_channel_control_shadow_update_config), (8 bytes).
    Removing gd32e230_timer.o(.text.timer_channel_output_struct_para_init), (38 bytes).
    Removing gd32e230_timer.o(.ARM.exidx.text.timer_channel_output_struct_para_init), (8 bytes).
    Removing gd32e230_timer.o(.text.timer_channel_output_config), (768 bytes).
    Removing gd32e230_timer.o(.ARM.exidx.text.timer_channel_output_config), (8 bytes).
    Removing gd32e230_timer.o(.text.timer_channel_output_mode_config), (170 bytes).
    Removing gd32e230_timer.o(.ARM.exidx.text.timer_channel_output_mode_config), (8 bytes).
    Removing gd32e230_timer.o(.text.timer_channel_output_pulse_value_config), (98 bytes).
    Removing gd32e230_timer.o(.ARM.exidx.text.timer_channel_output_pulse_value_config), (8 bytes).
    Removing gd32e230_timer.o(.text.timer_channel_output_shadow_config), (170 bytes).
    Removing gd32e230_timer.o(.ARM.exidx.text.timer_channel_output_shadow_config), (8 bytes).
    Removing gd32e230_timer.o(.text.timer_channel_output_fast_config), (170 bytes).
    Removing gd32e230_timer.o(.ARM.exidx.text.timer_channel_output_fast_config), (8 bytes).
    Removing gd32e230_timer.o(.text.timer_channel_output_clear_config), (170 bytes).
    Removing gd32e230_timer.o(.ARM.exidx.text.timer_channel_output_clear_config), (8 bytes).
    Removing gd32e230_timer.o(.text.timer_channel_output_polarity_config), (172 bytes).
    Removing gd32e230_timer.o(.ARM.exidx.text.timer_channel_output_polarity_config), (8 bytes).
    Removing gd32e230_timer.o(.text.timer_channel_complementary_output_polarity_config), (172 bytes).
    Removing gd32e230_timer.o(.ARM.exidx.text.timer_channel_complementary_output_polarity_config), (8 bytes).
    Removing gd32e230_timer.o(.text.timer_channel_output_state_config), (164 bytes).
    Removing gd32e230_timer.o(.ARM.exidx.text.timer_channel_output_state_config), (8 bytes).
    Removing gd32e230_timer.o(.text.timer_channel_complementary_output_state_config), (136 bytes).
    Removing gd32e230_timer.o(.ARM.exidx.text.timer_channel_complementary_output_state_config), (8 bytes).
    Removing gd32e230_timer.o(.text.timer_channel_input_struct_para_init), (32 bytes).
    Removing gd32e230_timer.o(.ARM.exidx.text.timer_channel_input_struct_para_init), (8 bytes).
    Removing gd32e230_timer.o(.text.timer_input_capture_config), (458 bytes).
    Removing gd32e230_timer.o(.ARM.exidx.text.timer_input_capture_config), (8 bytes).
    Removing gd32e230_timer.o(.text.timer_channel_input_capture_prescaler_config), (170 bytes).
    Removing gd32e230_timer.o(.ARM.exidx.text.timer_channel_input_capture_prescaler_config), (8 bytes).
    Removing gd32e230_timer.o(.text.timer_channel_capture_value_register_read), (96 bytes).
    Removing gd32e230_timer.o(.ARM.exidx.text.timer_channel_capture_value_register_read), (8 bytes).
    Removing gd32e230_timer.o(.text.timer_input_pwm_capture_config), (524 bytes).
    Removing gd32e230_timer.o(.ARM.exidx.text.timer_input_pwm_capture_config), (8 bytes).
    Removing gd32e230_timer.o(.text.timer_hall_mode_config), (62 bytes).
    Removing gd32e230_timer.o(.ARM.exidx.text.timer_hall_mode_config), (8 bytes).
    Removing gd32e230_timer.o(.text.timer_input_trigger_source_select), (40 bytes).
    Removing gd32e230_timer.o(.ARM.exidx.text.timer_input_trigger_source_select), (8 bytes).
    Removing gd32e230_timer.o(.text.timer_master_output_trigger_source_select), (40 bytes).
    Removing gd32e230_timer.o(.ARM.exidx.text.timer_master_output_trigger_source_select), (8 bytes).
    Removing gd32e230_timer.o(.text.timer_slave_mode_select), (40 bytes).
    Removing gd32e230_timer.o(.ARM.exidx.text.timer_slave_mode_select), (8 bytes).
    Removing gd32e230_timer.o(.text.timer_master_slave_mode_config), (62 bytes).
    Removing gd32e230_timer.o(.ARM.exidx.text.timer_master_slave_mode_config), (8 bytes).
    Removing gd32e230_timer.o(.text.timer_external_trigger_config), (70 bytes).
    Removing gd32e230_timer.o(.ARM.exidx.text.timer_external_trigger_config), (8 bytes).
    Removing gd32e230_timer.o(.text.timer_quadrature_decoder_mode_config), (124 bytes).
    Removing gd32e230_timer.o(.ARM.exidx.text.timer_quadrature_decoder_mode_config), (8 bytes).
    Removing gd32e230_timer.o(.text.timer_internal_clock_config), (22 bytes).
    Removing gd32e230_timer.o(.ARM.exidx.text.timer_internal_clock_config), (8 bytes).
    Removing gd32e230_timer.o(.text.timer_internal_trigger_as_external_clock_config), (46 bytes).
    Removing gd32e230_timer.o(.ARM.exidx.text.timer_internal_trigger_as_external_clock_config), (8 bytes).
    Removing gd32e230_timer.o(.text.timer_external_trigger_as_external_clock_config), (240 bytes).
    Removing gd32e230_timer.o(.ARM.exidx.text.timer_external_trigger_as_external_clock_config), (8 bytes).
    Removing gd32e230_timer.o(.text.timer_external_clock_mode0_config), (62 bytes).
    Removing gd32e230_timer.o(.ARM.exidx.text.timer_external_clock_mode0_config), (8 bytes).
    Removing gd32e230_timer.o(.text.timer_external_clock_mode1_config), (56 bytes).
    Removing gd32e230_timer.o(.ARM.exidx.text.timer_external_clock_mode1_config), (8 bytes).
    Removing gd32e230_timer.o(.text.timer_external_clock_mode1_disable), (24 bytes).
    Removing gd32e230_timer.o(.ARM.exidx.text.timer_external_clock_mode1_disable), (8 bytes).
    Removing gd32e230_timer.o(.text.timer_channel_remap_config), (24 bytes).
    Removing gd32e230_timer.o(.ARM.exidx.text.timer_channel_remap_config), (8 bytes).
    Removing gd32e230_timer.o(.text.timer_write_chxval_register_config), (70 bytes).
    Removing gd32e230_timer.o(.ARM.exidx.text.timer_write_chxval_register_config), (8 bytes).
    Removing gd32e230_timer.o(.text.timer_output_value_selection_config), (70 bytes).
    Removing gd32e230_timer.o(.ARM.exidx.text.timer_output_value_selection_config), (8 bytes).
    Removing gd32e230_usart.o(.text), (0 bytes).
    Removing gd32e230_usart.o(.ARM.exidx.text.usart_deinit), (8 bytes).
    Removing gd32e230_usart.o(.ARM.exidx.text.usart_baudrate_set), (8 bytes).
    Removing gd32e230_usart.o(.ARM.exidx.text.usart_parity_config), (8 bytes).
    Removing gd32e230_usart.o(.ARM.exidx.text.usart_word_length_set), (8 bytes).
    Removing gd32e230_usart.o(.ARM.exidx.text.usart_stop_bit_set), (8 bytes).
    Removing gd32e230_usart.o(.ARM.exidx.text.usart_enable), (8 bytes).
    Removing gd32e230_usart.o(.text.usart_disable), (22 bytes).
    Removing gd32e230_usart.o(.ARM.exidx.text.usart_disable), (8 bytes).
    Removing gd32e230_usart.o(.ARM.exidx.text.usart_transmit_config), (8 bytes).
    Removing gd32e230_usart.o(.text.usart_receive_config), (40 bytes).
    Removing gd32e230_usart.o(.ARM.exidx.text.usart_receive_config), (8 bytes).
    Removing gd32e230_usart.o(.text.usart_data_first_config), (52 bytes).
    Removing gd32e230_usart.o(.ARM.exidx.text.usart_data_first_config), (8 bytes).
    Removing gd32e230_usart.o(.text.usart_invert_config), (198 bytes).
    Removing gd32e230_usart.o(.ARM.exidx.text.usart_invert_config), (8 bytes).
    Removing gd32e230_usart.o(.text.usart_overrun_enable), (34 bytes).
    Removing gd32e230_usart.o(.ARM.exidx.text.usart_overrun_enable), (8 bytes).
    Removing gd32e230_usart.o(.text.usart_overrun_disable), (34 bytes).
    Removing gd32e230_usart.o(.ARM.exidx.text.usart_overrun_disable), (8 bytes).
    Removing gd32e230_usart.o(.text.usart_oversample_config), (52 bytes).
    Removing gd32e230_usart.o(.ARM.exidx.text.usart_oversample_config), (8 bytes).
    Removing gd32e230_usart.o(.text.usart_sample_bit_config), (52 bytes).
    Removing gd32e230_usart.o(.ARM.exidx.text.usart_sample_bit_config), (8 bytes).
    Removing gd32e230_usart.o(.text.usart_receiver_timeout_enable), (24 bytes).
    Removing gd32e230_usart.o(.ARM.exidx.text.usart_receiver_timeout_enable), (8 bytes).
    Removing gd32e230_usart.o(.text.usart_receiver_timeout_disable), (24 bytes).
    Removing gd32e230_usart.o(.ARM.exidx.text.usart_receiver_timeout_disable), (8 bytes).
    Removing gd32e230_usart.o(.text.usart_receiver_timeout_threshold_config), (42 bytes).
    Removing gd32e230_usart.o(.ARM.exidx.text.usart_receiver_timeout_threshold_config), (8 bytes).
    Removing gd32e230_usart.o(.ARM.exidx.text.usart_data_transmit), (8 bytes).
    Removing gd32e230_usart.o(.text.usart_data_receive), (24 bytes).
    Removing gd32e230_usart.o(.ARM.exidx.text.usart_data_receive), (8 bytes).
    Removing gd32e230_usart.o(.text.usart_autobaud_detection_enable), (24 bytes).
    Removing gd32e230_usart.o(.ARM.exidx.text.usart_autobaud_detection_enable), (8 bytes).
    Removing gd32e230_usart.o(.text.usart_autobaud_detection_disable), (24 bytes).
    Removing gd32e230_usart.o(.ARM.exidx.text.usart_autobaud_detection_disable), (8 bytes).
    Removing gd32e230_usart.o(.text.usart_autobaud_detection_mode_config), (42 bytes).
    Removing gd32e230_usart.o(.ARM.exidx.text.usart_autobaud_detection_mode_config), (8 bytes).
    Removing gd32e230_usart.o(.text.usart_address_config), (56 bytes).
    Removing gd32e230_usart.o(.ARM.exidx.text.usart_address_config), (8 bytes).
    Removing gd32e230_usart.o(.text.usart_address_detection_mode_config), (52 bytes).
    Removing gd32e230_usart.o(.ARM.exidx.text.usart_address_detection_mode_config), (8 bytes).
    Removing gd32e230_usart.o(.text.usart_mute_mode_enable), (24 bytes).
    Removing gd32e230_usart.o(.ARM.exidx.text.usart_mute_mode_enable), (8 bytes).
    Removing gd32e230_usart.o(.text.usart_mute_mode_disable), (24 bytes).
    Removing gd32e230_usart.o(.ARM.exidx.text.usart_mute_mode_disable), (8 bytes).
    Removing gd32e230_usart.o(.text.usart_mute_mode_wakeup_config), (52 bytes).
    Removing gd32e230_usart.o(.ARM.exidx.text.usart_mute_mode_wakeup_config), (8 bytes).
    Removing gd32e230_usart.o(.text.usart_lin_mode_enable), (34 bytes).
    Removing gd32e230_usart.o(.ARM.exidx.text.usart_lin_mode_enable), (8 bytes).
    Removing gd32e230_usart.o(.text.usart_lin_mode_disable), (34 bytes).
    Removing gd32e230_usart.o(.ARM.exidx.text.usart_lin_mode_disable), (8 bytes).
    Removing gd32e230_usart.o(.text.usart_lin_break_detection_length_config), (52 bytes).
    Removing gd32e230_usart.o(.ARM.exidx.text.usart_lin_break_detection_length_config), (8 bytes).
    Removing gd32e230_usart.o(.text.usart_halfduplex_enable), (32 bytes).
    Removing gd32e230_usart.o(.ARM.exidx.text.usart_halfduplex_enable), (8 bytes).
    Removing gd32e230_usart.o(.text.usart_halfduplex_disable), (32 bytes).
    Removing gd32e230_usart.o(.ARM.exidx.text.usart_halfduplex_disable), (8 bytes).
    Removing gd32e230_usart.o(.text.usart_clock_enable), (34 bytes).
    Removing gd32e230_usart.o(.ARM.exidx.text.usart_clock_enable), (8 bytes).
    Removing gd32e230_usart.o(.text.usart_clock_disable), (34 bytes).
    Removing gd32e230_usart.o(.ARM.exidx.text.usart_clock_disable), (8 bytes).
    Removing gd32e230_usart.o(.text.usart_synchronous_clock_config), (102 bytes).
    Removing gd32e230_usart.o(.ARM.exidx.text.usart_synchronous_clock_config), (8 bytes).
    Removing gd32e230_usart.o(.text.usart_guard_time_config), (56 bytes).
    Removing gd32e230_usart.o(.ARM.exidx.text.usart_guard_time_config), (8 bytes).
    Removing gd32e230_usart.o(.text.usart_smartcard_mode_enable), (32 bytes).
    Removing gd32e230_usart.o(.ARM.exidx.text.usart_smartcard_mode_enable), (8 bytes).
    Removing gd32e230_usart.o(.text.usart_smartcard_mode_disable), (32 bytes).
    Removing gd32e230_usart.o(.ARM.exidx.text.usart_smartcard_mode_disable), (8 bytes).
    Removing gd32e230_usart.o(.text.usart_smartcard_mode_nack_enable), (32 bytes).
    Removing gd32e230_usart.o(.ARM.exidx.text.usart_smartcard_mode_nack_enable), (8 bytes).
    Removing gd32e230_usart.o(.text.usart_smartcard_mode_nack_disable), (32 bytes).
    Removing gd32e230_usart.o(.ARM.exidx.text.usart_smartcard_mode_nack_disable), (8 bytes).
    Removing gd32e230_usart.o(.text.usart_smartcard_mode_early_nack_enable), (26 bytes).
    Removing gd32e230_usart.o(.ARM.exidx.text.usart_smartcard_mode_early_nack_enable), (8 bytes).
    Removing gd32e230_usart.o(.text.usart_smartcard_mode_early_nack_disable), (26 bytes).
    Removing gd32e230_usart.o(.ARM.exidx.text.usart_smartcard_mode_early_nack_disable), (8 bytes).
    Removing gd32e230_usart.o(.text.usart_smartcard_autoretry_config), (56 bytes).
    Removing gd32e230_usart.o(.ARM.exidx.text.usart_smartcard_autoretry_config), (8 bytes).
    Removing gd32e230_usart.o(.text.usart_block_length_config), (44 bytes).
    Removing gd32e230_usart.o(.ARM.exidx.text.usart_block_length_config), (8 bytes).
    Removing gd32e230_usart.o(.text.usart_irda_mode_enable), (32 bytes).
    Removing gd32e230_usart.o(.ARM.exidx.text.usart_irda_mode_enable), (8 bytes).
    Removing gd32e230_usart.o(.text.usart_irda_mode_disable), (32 bytes).
    Removing gd32e230_usart.o(.ARM.exidx.text.usart_irda_mode_disable), (8 bytes).
    Removing gd32e230_usart.o(.text.usart_prescaler_config), (50 bytes).
    Removing gd32e230_usart.o(.ARM.exidx.text.usart_prescaler_config), (8 bytes).
    Removing gd32e230_usart.o(.text.usart_irda_lowpower_config), (52 bytes).
    Removing gd32e230_usart.o(.ARM.exidx.text.usart_irda_lowpower_config), (8 bytes).
    Removing gd32e230_usart.o(.text.usart_hardware_flow_rts_config), (52 bytes).
    Removing gd32e230_usart.o(.ARM.exidx.text.usart_hardware_flow_rts_config), (8 bytes).
    Removing gd32e230_usart.o(.text.usart_hardware_flow_cts_config), (52 bytes).
    Removing gd32e230_usart.o(.ARM.exidx.text.usart_hardware_flow_cts_config), (8 bytes).
    Removing gd32e230_usart.o(.text.usart_hardware_flow_coherence_config), (44 bytes).
    Removing gd32e230_usart.o(.ARM.exidx.text.usart_hardware_flow_coherence_config), (8 bytes).
    Removing gd32e230_usart.o(.text.usart_rs485_driver_enable), (34 bytes).
    Removing gd32e230_usart.o(.ARM.exidx.text.usart_rs485_driver_enable), (8 bytes).
    Removing gd32e230_usart.o(.text.usart_rs485_driver_disable), (34 bytes).
    Removing gd32e230_usart.o(.ARM.exidx.text.usart_rs485_driver_disable), (8 bytes).
    Removing gd32e230_usart.o(.text.usart_driver_assertime_config), (56 bytes).
    Removing gd32e230_usart.o(.ARM.exidx.text.usart_driver_assertime_config), (8 bytes).
    Removing gd32e230_usart.o(.text.usart_driver_deassertime_config), (56 bytes).
    Removing gd32e230_usart.o(.ARM.exidx.text.usart_driver_deassertime_config), (8 bytes).
    Removing gd32e230_usart.o(.text.usart_depolarity_config), (54 bytes).
    Removing gd32e230_usart.o(.ARM.exidx.text.usart_depolarity_config), (8 bytes).
    Removing gd32e230_usart.o(.text.usart_dma_receive_config), (40 bytes).
    Removing gd32e230_usart.o(.ARM.exidx.text.usart_dma_receive_config), (8 bytes).
    Removing gd32e230_usart.o(.text.usart_dma_transmit_config), (40 bytes).
    Removing gd32e230_usart.o(.ARM.exidx.text.usart_dma_transmit_config), (8 bytes).
    Removing gd32e230_usart.o(.text.usart_reception_error_dma_disable), (34 bytes).
    Removing gd32e230_usart.o(.ARM.exidx.text.usart_reception_error_dma_disable), (8 bytes).
    Removing gd32e230_usart.o(.text.usart_reception_error_dma_enable), (34 bytes).
    Removing gd32e230_usart.o(.ARM.exidx.text.usart_reception_error_dma_enable), (8 bytes).
    Removing gd32e230_usart.o(.text.usart_wakeup_enable), (22 bytes).
    Removing gd32e230_usart.o(.ARM.exidx.text.usart_wakeup_enable), (8 bytes).
    Removing gd32e230_usart.o(.text.usart_wakeup_disable), (22 bytes).
    Removing gd32e230_usart.o(.ARM.exidx.text.usart_wakeup_disable), (8 bytes).
    Removing gd32e230_usart.o(.text.usart_wakeup_mode_config), (54 bytes).
    Removing gd32e230_usart.o(.ARM.exidx.text.usart_wakeup_mode_config), (8 bytes).
    Removing gd32e230_usart.o(.text.usart_receive_fifo_enable), (28 bytes).
    Removing gd32e230_usart.o(.ARM.exidx.text.usart_receive_fifo_enable), (8 bytes).
    Removing gd32e230_usart.o(.text.usart_receive_fifo_disable), (28 bytes).
    Removing gd32e230_usart.o(.ARM.exidx.text.usart_receive_fifo_disable), (8 bytes).
    Removing gd32e230_usart.o(.text.usart_receive_fifo_counter_number), (26 bytes).
    Removing gd32e230_usart.o(.ARM.exidx.text.usart_receive_fifo_counter_number), (8 bytes).
    Removing gd32e230_usart.o(.ARM.exidx.text.usart_flag_get), (8 bytes).
    Removing gd32e230_usart.o(.text.usart_flag_clear), (40 bytes).
    Removing gd32e230_usart.o(.ARM.exidx.text.usart_flag_clear), (8 bytes).
    Removing gd32e230_usart.o(.text.usart_interrupt_enable), (44 bytes).
    Removing gd32e230_usart.o(.ARM.exidx.text.usart_interrupt_enable), (8 bytes).
    Removing gd32e230_usart.o(.text.usart_interrupt_disable), (44 bytes).
    Removing gd32e230_usart.o(.ARM.exidx.text.usart_interrupt_disable), (8 bytes).
    Removing gd32e230_usart.o(.text.usart_command_enable), (30 bytes).
    Removing gd32e230_usart.o(.ARM.exidx.text.usart_command_enable), (8 bytes).
    Removing gd32e230_usart.o(.text.usart_interrupt_flag_get), (110 bytes).
    Removing gd32e230_usart.o(.ARM.exidx.text.usart_interrupt_flag_get), (8 bytes).
    Removing gd32e230_usart.o(.text.usart_interrupt_flag_clear), (72 bytes).
    Removing gd32e230_usart.o(.ARM.exidx.text.usart_interrupt_flag_clear), (8 bytes).
    Removing gd32e230_wwdgt.o(.text), (0 bytes).
    Removing gd32e230_wwdgt.o(.text.wwdgt_deinit), (28 bytes).
    Removing gd32e230_wwdgt.o(.ARM.exidx.text.wwdgt_deinit), (8 bytes).
    Removing gd32e230_wwdgt.o(.text.wwdgt_enable), (16 bytes).
    Removing gd32e230_wwdgt.o(.ARM.exidx.text.wwdgt_enable), (8 bytes).
    Removing gd32e230_wwdgt.o(.text.wwdgt_counter_update), (48 bytes).
    Removing gd32e230_wwdgt.o(.ARM.exidx.text.wwdgt_counter_update), (8 bytes).
    Removing gd32e230_wwdgt.o(.text.wwdgt_config), (112 bytes).
    Removing gd32e230_wwdgt.o(.ARM.exidx.text.wwdgt_config), (8 bytes).
    Removing gd32e230_wwdgt.o(.text.wwdgt_interrupt_enable), (20 bytes).
    Removing gd32e230_wwdgt.o(.ARM.exidx.text.wwdgt_interrupt_enable), (8 bytes).
    Removing gd32e230_wwdgt.o(.text.wwdgt_flag_get), (44 bytes).
    Removing gd32e230_wwdgt.o(.ARM.exidx.text.wwdgt_flag_get), (8 bytes).
    Removing gd32e230_wwdgt.o(.text.wwdgt_flag_clear), (16 bytes).
    Removing gd32e230_wwdgt.o(.ARM.exidx.text.wwdgt_flag_clear), (8 bytes).
    Removing gd32e230c_eval.o(.text), (0 bytes).
    Removing gd32e230c_eval.o(.text.gd_eval_led_init), (120 bytes).
    Removing gd32e230c_eval.o(.ARM.exidx.text.gd_eval_led_init), (8 bytes).
    Removing gd32e230c_eval.o(.text.gd_eval_led_on), (36 bytes).
    Removing gd32e230c_eval.o(.ARM.exidx.text.gd_eval_led_on), (8 bytes).
    Removing gd32e230c_eval.o(.text.gd_eval_led_off), (36 bytes).
    Removing gd32e230c_eval.o(.ARM.exidx.text.gd_eval_led_off), (8 bytes).
    Removing gd32e230c_eval.o(.text.gd_eval_led_toggle), (36 bytes).
    Removing gd32e230c_eval.o(.ARM.exidx.text.gd_eval_led_toggle), (8 bytes).
    Removing gd32e230c_eval.o(.text.gd_eval_key_init), (188 bytes).
    Removing gd32e230c_eval.o(.ARM.exidx.text.gd_eval_key_init), (8 bytes).
    Removing gd32e230c_eval.o(.text.gd_eval_key_state_get), (48 bytes).
    Removing gd32e230c_eval.o(.ARM.exidx.text.gd_eval_key_state_get), (8 bytes).
    Removing gd32e230c_eval.o(.text.gd_eval_com_init), (220 bytes).
    Removing gd32e230c_eval.o(.ARM.exidx.text.gd_eval_com_init), (8 bytes).
    Removing gd32e230c_eval.o(.rodata.GPIO_CLK), (8 bytes).
    Removing gd32e230c_eval.o(.rodata.GPIO_PORT), (16 bytes).
    Removing gd32e230c_eval.o(.rodata.GPIO_PIN), (16 bytes).
    Removing gd32e230c_eval.o(.rodata.KEY_CLK), (4 bytes).
    Removing gd32e230c_eval.o(.rodata.KEY_PORT), (8 bytes).
    Removing gd32e230c_eval.o(.rodata.KEY_PIN), (8 bytes).
    Removing gd32e230c_eval.o(.rodata.KEY_IRQn), (2 bytes).
    Removing gd32e230c_eval.o(.rodata.KEY_PORT_SOURCE), (2 bytes).
    Removing gd32e230c_eval.o(.rodata.KEY_PIN_SOURCE), (2 bytes).
    Removing gd32e230c_eval.o(.rodata.KEY_EXTI_LINE), (8 bytes).
    Removing gd32e230c_eval.o(.rodata.COM_CLK), (2 bytes).
    Removing gd32e230c_eval.o(.rodata.COM_TX_PIN), (4 bytes).
    Removing gd32e230c_eval.o(.rodata.COM_RX_PIN), (4 bytes).

1058 unused section(s) (total 37590 bytes) removed from the image.

==============================================================================

Image Symbol Table

    Local Symbols

    Symbol Name                              Value     Ov Type        Size  Object(Section)

    ../clib/microlib/division.c              0x00000000   Number         0  uidiv.o ABSOLUTE
    ../clib/microlib/division.c              0x00000000   Number         0  uldiv.o ABSOLUTE
    ../clib/microlib/init/entry.s            0x00000000   Number         0  entry.o ABSOLUTE
    ../clib/microlib/init/entry.s            0x00000000   Number         0  entry2.o ABSOLUTE
    ../clib/microlib/init/entry.s            0x00000000   Number         0  entry5.o ABSOLUTE
    ../clib/microlib/init/entry.s            0x00000000   Number         0  entry7a.o ABSOLUTE
    ../clib/microlib/init/entry.s            0x00000000   Number         0  entry7b.o ABSOLUTE
    ../clib/microlib/init/entry.s            0x00000000   Number         0  entry8a.o ABSOLUTE
    ../clib/microlib/init/entry.s            0x00000000   Number         0  entry8b.o ABSOLUTE
    ../clib/microlib/init/entry.s            0x00000000   Number         0  entry9a.o ABSOLUTE
    ../clib/microlib/init/entry.s            0x00000000   Number         0  entry9b.o ABSOLUTE
    ../clib/microlib/init/entry.s            0x00000000   Number         0  entry10a.o ABSOLUTE
    ../clib/microlib/init/entry.s            0x00000000   Number         0  entry10b.o ABSOLUTE
    ../clib/microlib/init/entry.s            0x00000000   Number         0  entry11a.o ABSOLUTE
    ../clib/microlib/init/entry.s            0x00000000   Number         0  entry11b.o ABSOLUTE
    ../clib/microlib/longlong.c              0x00000000   Number         0  llshl.o ABSOLUTE
    ../clib/microlib/longlong.c              0x00000000   Number         0  llushr.o ABSOLUTE
    ../clib/microlib/longlong.c              0x00000000   Number         0  llsshr.o ABSOLUTE
    ../clib/microlib/printf/printf.c         0x00000000   Number         0  printfa.o ABSOLUTE
    ../clib/microlib/stdio/streams.c         0x00000000   Number         0  stdout.o ABSOLUTE
    ../clib/microlib/stubs.s                 0x00000000   Number         0  iusefp.o ABSOLUTE
    ../fplib/microlib/fpadd.c                0x00000000   Number         0  dadd.o ABSOLUTE
    ../fplib/microlib/fpdiv.c                0x00000000   Number         0  ddiv.o ABSOLUTE
    ../fplib/microlib/fpepilogue.c           0x00000000   Number         0  depilogue.o ABSOLUTE
    ../fplib/microlib/fpfix.c                0x00000000   Number         0  dfixul.o ABSOLUTE
    ../fplib/microlib/fpmul.c                0x00000000   Number         0  dmul.o ABSOLUTE
    ..\GD32E230\Firmware\CMSIS\GD\GD32E230\Source\ARM\startup_gd32e230.s 0x00000000   Number         0  startup_gd32e230.o ABSOLUTE
    GDPlatformconfig.c                       0x00000000   Number         0  gdplatformconfig.o ABSOLUTE
    cdrcmple.s                               0x00000000   Number         0  cdrcmple.o ABSOLUTE
    dc.s                                     0x00000000   Number         0  dc.o ABSOLUTE
    gd32e230_adc.c                           0x00000000   Number         0  gd32e230_adc.o ABSOLUTE
    gd32e230_cmp.c                           0x00000000   Number         0  gd32e230_cmp.o ABSOLUTE
    gd32e230_crc.c                           0x00000000   Number         0  gd32e230_crc.o ABSOLUTE
    gd32e230_dbg.c                           0x00000000   Number         0  gd32e230_dbg.o ABSOLUTE
    gd32e230_dma.c                           0x00000000   Number         0  gd32e230_dma.o ABSOLUTE
    gd32e230_exti.c                          0x00000000   Number         0  gd32e230_exti.o ABSOLUTE
    gd32e230_fmc.c                           0x00000000   Number         0  gd32e230_fmc.o ABSOLUTE
    gd32e230_fwdgt.c                         0x00000000   Number         0  gd32e230_fwdgt.o ABSOLUTE
    gd32e230_gpio.c                          0x00000000   Number         0  gd32e230_gpio.o ABSOLUTE
    gd32e230_i2c.c                           0x00000000   Number         0  gd32e230_i2c.o ABSOLUTE
    gd32e230_it.c                            0x00000000   Number         0  gd32e230_it.o ABSOLUTE
    gd32e230_misc.c                          0x00000000   Number         0  gd32e230_misc.o ABSOLUTE
    gd32e230_pmu.c                           0x00000000   Number         0  gd32e230_pmu.o ABSOLUTE
    gd32e230_rcu.c                           0x00000000   Number         0  gd32e230_rcu.o ABSOLUTE
    gd32e230_rtc.c                           0x00000000   Number         0  gd32e230_rtc.o ABSOLUTE
    gd32e230_spi.c                           0x00000000   Number         0  gd32e230_spi.o ABSOLUTE
    gd32e230_syscfg.c                        0x00000000   Number         0  gd32e230_syscfg.o ABSOLUTE
    gd32e230_timer.c                         0x00000000   Number         0  gd32e230_timer.o ABSOLUTE
    gd32e230_usart.c                         0x00000000   Number         0  gd32e230_usart.o ABSOLUTE
    gd32e230_wwdgt.c                         0x00000000   Number         0  gd32e230_wwdgt.o ABSOLUTE
    gd32e230c_eval.c                         0x00000000   Number         0  gd32e230c_eval.o ABSOLUTE
    handlers.s                               0x00000000   Number         0  handlers.o ABSOLUTE
    init.s                                   0x00000000   Number         0  init.o ABSOLUTE
    main.c                                   0x00000000   Number         0  main.o ABSOLUTE
    system_gd32e230.c                        0x00000000   Number         0  system_gd32e230.o ABSOLUTE
    timeout_api.c                            0x00000000   Number         0  timeout_api.o ABSOLUTE
    RESET                                    0x08000000   Section      204  startup_gd32e230.o(RESET)
    .ARM.Collect$$$$00000000                 0x080000cc   Section        0  entry.o(.ARM.Collect$$$$00000000)
    .ARM.Collect$$$$00000001                 0x080000cc   Section        4  entry2.o(.ARM.Collect$$$$00000001)
    .ARM.Collect$$$$00000004                 0x080000d0   Section        4  entry5.o(.ARM.Collect$$$$00000004)
    .ARM.Collect$$$$00000008                 0x080000d4   Section        0  entry7b.o(.ARM.Collect$$$$00000008)
    .ARM.Collect$$$$0000000A                 0x080000d4   Section        0  entry8b.o(.ARM.Collect$$$$0000000A)
    .ARM.Collect$$$$0000000B                 0x080000d4   Section        8  entry9a.o(.ARM.Collect$$$$0000000B)
    __lit__00000000                          0x080000dc   Data           4  entry2.o(.ARM.Collect$$$$00002712)
    .ARM.Collect$$$$0000000D                 0x080000dc   Section        0  entry10a.o(.ARM.Collect$$$$0000000D)
    .ARM.Collect$$$$0000000F                 0x080000dc   Section        0  entry11a.o(.ARM.Collect$$$$0000000F)
    .ARM.Collect$$$$00002712                 0x080000dc   Section        4  entry2.o(.ARM.Collect$$$$00002712)
    .text                                    0x080000e0   Section       28  startup_gd32e230.o(.text)
    .text                                    0x080000fc   Section        0  uidiv.o(.text)
    .text                                    0x08000128   Section        0  uldiv.o(.text)
    .text                                    0x08000188   Section        0  iusefp.o(.text)
    .text                                    0x08000188   Section        0  dadd.o(.text)
    .text                                    0x080002ec   Section        0  dmul.o(.text)
    .text                                    0x080003bc   Section        0  ddiv.o(.text)
    .text                                    0x080004ac   Section        0  dfixul.o(.text)
    .text                                    0x080004ec   Section       40  cdrcmple.o(.text)
    .text                                    0x08000514   Section       36  init.o(.text)
    .text                                    0x08000538   Section        0  llshl.o(.text)
    .text                                    0x08000558   Section        0  llushr.o(.text)
    .text                                    0x0800057a   Section        0  llsshr.o(.text)
    .text                                    0x080005a0   Section        0  depilogue.o(.text)
    [Anonymous Symbol]                       0x0800065e   Section        0  gd32e230_it.o(.text.HardFault_Handler)
    [Anonymous Symbol]                       0x08000662   Section        0  gd32e230_it.o(.text.NMI_Handler)
    [Anonymous Symbol]                       0x08000664   Section        0  gd32e230_it.o(.text.PendSV_Handler)
    [Anonymous Symbol]                       0x08000666   Section        0  gd32e230_it.o(.text.SVC_Handler)
    SysTick_Config                           0x08000669   Thumb Code    88  gdplatformconfig.o(.text.SysTick_Config)
    [Anonymous Symbol]                       0x08000668   Section        0  gdplatformconfig.o(.text.SysTick_Config)
    __arm_cp.3_0                             0x080006b4   Number         4  gdplatformconfig.o(.text.SysTick_Config)
    __arm_cp.3_1                             0x080006b8   Number         4  gdplatformconfig.o(.text.SysTick_Config)
    __arm_cp.3_2                             0x080006bc   Number         4  gdplatformconfig.o(.text.SysTick_Config)
    [Anonymous Symbol]                       0x080006c0   Section        0  gd32e230_it.o(.text.SysTick_Handler)
    __arm_cp.4_0                             0x080006cc   Number         4  gd32e230_it.o(.text.SysTick_Handler)
    [Anonymous Symbol]                       0x080006d0   Section        0  system_gd32e230.o(.text.SystemInit)
    __arm_cp.0_0                             0x08000758   Number         4  system_gd32e230.o(.text.SystemInit)
    __arm_cp.0_1                             0x0800075c   Number         4  system_gd32e230.o(.text.SystemInit)
    __arm_cp.0_2                             0x08000760   Number         4  system_gd32e230.o(.text.SystemInit)
    __arm_cp.0_3                             0x08000764   Number         4  system_gd32e230.o(.text.SystemInit)
    __arm_cp.0_4                             0x08000768   Number         4  system_gd32e230.o(.text.SystemInit)
    __arm_cp.0_5                             0x0800076c   Number         4  system_gd32e230.o(.text.SystemInit)
    __arm_cp.0_6                             0x08000770   Number         4  system_gd32e230.o(.text.SystemInit)
    __arm_cp.0_7                             0x08000774   Number         4  system_gd32e230.o(.text.SystemInit)
    __arm_cp.0_8                             0x08000778   Number         4  system_gd32e230.o(.text.SystemInit)
    [Anonymous Symbol]                       0x0800077c   Section        0  gdplatformconfig.o(.text.System_Systick_Init)
    __arm_cp.2_0                             0x080007c4   Number         4  gdplatformconfig.o(.text.System_Systick_Init)
    __arm_cp.2_1                             0x080007c8   Number         4  gdplatformconfig.o(.text.System_Systick_Init)
    __arm_cp.2_2                             0x080007cc   Number         4  gdplatformconfig.o(.text.System_Systick_Init)
    [Anonymous Symbol]                       0x080007d0   Section        0  gdplatformconfig.o(.text.Usart_Debug_Init)
    __arm_cp.0_0                             0x08000854   Number         4  gdplatformconfig.o(.text.Usart_Debug_Init)
    __arm_cp.0_1                             0x08000858   Number         4  gdplatformconfig.o(.text.Usart_Debug_Init)
    __arm_cp.0_2                             0x0800085c   Number         4  gdplatformconfig.o(.text.Usart_Debug_Init)
    __NVIC_SetPriority                       0x08000861   Thumb Code   140  gdplatformconfig.o(.text.__NVIC_SetPriority)
    [Anonymous Symbol]                       0x08000860   Section        0  gdplatformconfig.o(.text.__NVIC_SetPriority)
    __arm_cp.4_0                             0x080008e4   Number         4  gdplatformconfig.o(.text.__NVIC_SetPriority)
    __arm_cp.4_1                             0x080008e8   Number         4  gdplatformconfig.o(.text.__NVIC_SetPriority)
    [Anonymous Symbol]                       0x080008ec   Section        0  gdplatformconfig.o(.text.fputc)
    __arm_cp.1_0                             0x08000920   Number         4  gdplatformconfig.o(.text.fputc)
    __arm_cp.1_1                             0x08000924   Number         4  gdplatformconfig.o(.text.fputc)
    [Anonymous Symbol]                       0x08000928   Section        0  gd32e230_gpio.o(.text.gpio_af_set)
    [Anonymous Symbol]                       0x080009fa   Section        0  gd32e230_gpio.o(.text.gpio_mode_set)
    [Anonymous Symbol]                       0x08000a9c   Section        0  gd32e230_gpio.o(.text.gpio_output_options_set)
    [Anonymous Symbol]                       0x08000b38   Section        0  main.o(.text.main)
    [Anonymous Symbol]                       0x08000b54   Section        0  gd32e230_misc.o(.text.nvic_vector_table_set)
    __arm_cp.7_0                             0x08000b78   Number         4  gd32e230_misc.o(.text.nvic_vector_table_set)
    __arm_cp.7_1                             0x08000b7c   Number         4  gd32e230_misc.o(.text.nvic_vector_table_set)
    [Anonymous Symbol]                       0x08000b80   Section        0  gd32e230_rcu.o(.text.rcu_clock_freq_get)
    __arm_cp.38_0                            0x08000de0   Number         4  gd32e230_rcu.o(.text.rcu_clock_freq_get)
    __arm_cp.38_1                            0x08000de4   Number         4  gd32e230_rcu.o(.text.rcu_clock_freq_get)
    __arm_cp.38_3                            0x08000de8   Number         4  gd32e230_rcu.o(.text.rcu_clock_freq_get)
    __arm_cp.38_4                            0x08000dec   Number         4  gd32e230_rcu.o(.text.rcu_clock_freq_get)
    __arm_cp.38_5                            0x08000df0   Number         4  gd32e230_rcu.o(.text.rcu_clock_freq_get)
    __arm_cp.38_6                            0x08000df4   Number         4  gd32e230_rcu.o(.text.rcu_clock_freq_get)
    __arm_cp.38_7                            0x08000df8   Number         4  gd32e230_rcu.o(.text.rcu_clock_freq_get)
    __arm_cp.38_8                            0x08000dfc   Number         4  gd32e230_rcu.o(.text.rcu_clock_freq_get)
    [Anonymous Symbol]                       0x08000e00   Section        0  gd32e230_rcu.o(.text.rcu_periph_clock_enable)
    [Anonymous Symbol]                       0x08000e28   Section        0  gd32e230_rcu.o(.text.rcu_periph_reset_disable)
    [Anonymous Symbol]                       0x08000e50   Section        0  gd32e230_rcu.o(.text.rcu_periph_reset_enable)
    system_clock_72m_hxtal                   0x08000e79   Thumb Code   228  system_gd32e230.o(.text.system_clock_72m_hxtal)
    [Anonymous Symbol]                       0x08000e78   Section        0  system_gd32e230.o(.text.system_clock_72m_hxtal)
    __arm_cp.3_0                             0x08000f4c   Number         4  system_gd32e230.o(.text.system_clock_72m_hxtal)
    __arm_cp.3_1                             0x08000f50   Number         4  system_gd32e230.o(.text.system_clock_72m_hxtal)
    __arm_cp.3_2                             0x08000f54   Number         4  system_gd32e230.o(.text.system_clock_72m_hxtal)
    __arm_cp.3_3                             0x08000f58   Number         4  system_gd32e230.o(.text.system_clock_72m_hxtal)
    system_clock_config                      0x08000f5d   Thumb Code     8  system_gd32e230.o(.text.system_clock_config)
    [Anonymous Symbol]                       0x08000f5c   Section        0  system_gd32e230.o(.text.system_clock_config)
    [Anonymous Symbol]                       0x08000f64   Section        0  gd32e230_usart.o(.text.usart_baudrate_set)
    __arm_cp.1_2                             0x08001018   Number         4  gd32e230_usart.o(.text.usart_baudrate_set)
    [Anonymous Symbol]                       0x0800101c   Section        0  gd32e230_usart.o(.text.usart_data_transmit)
    __arm_cp.18_0                            0x08001038   Number         4  gd32e230_usart.o(.text.usart_data_transmit)
    [Anonymous Symbol]                       0x0800103c   Section        0  gd32e230_usart.o(.text.usart_deinit)
    __arm_cp.0_0                             0x08001084   Number         4  gd32e230_usart.o(.text.usart_deinit)
    __arm_cp.0_1                             0x08001088   Number         4  gd32e230_usart.o(.text.usart_deinit)
    __arm_cp.0_2                             0x0800108c   Number         4  gd32e230_usart.o(.text.usart_deinit)
    __arm_cp.0_3                             0x08001090   Number         4  gd32e230_usart.o(.text.usart_deinit)
    [Anonymous Symbol]                       0x08001094   Section        0  gd32e230_usart.o(.text.usart_enable)
    [Anonymous Symbol]                       0x080010aa   Section        0  gd32e230_usart.o(.text.usart_flag_get)
    [Anonymous Symbol]                       0x080010ec   Section        0  gd32e230_usart.o(.text.usart_parity_config)
    [Anonymous Symbol]                       0x08001120   Section        0  gd32e230_usart.o(.text.usart_stop_bit_set)
    [Anonymous Symbol]                       0x08001154   Section        0  gd32e230_usart.o(.text.usart_transmit_config)
    [Anonymous Symbol]                       0x0800117c   Section        0  gd32e230_usart.o(.text.usart_word_length_set)
    i.__0printf                              0x080011b0   Section        0  printfa.o(i.__0printf)
    i.__ARM_clz                              0x080011d0   Section        0  depilogue.o(i.__ARM_clz)
    i.__scatterload_copy                     0x080011fe   Section       14  handlers.o(i.__scatterload_copy)
    i.__scatterload_null                     0x0800120c   Section        2  handlers.o(i.__scatterload_null)
    i.__scatterload_zeroinit                 0x0800120e   Section       14  handlers.o(i.__scatterload_zeroinit)
    _fp_digits                               0x0800121d   Thumb Code   344  printfa.o(i._fp_digits)
    i._fp_digits                             0x0800121c   Section        0  printfa.o(i._fp_digits)
    _printf_core                             0x08001391   Thumb Code  1754  printfa.o(i._printf_core)
    i._printf_core                           0x08001390   Section        0  printfa.o(i._printf_core)
    _printf_post_padding                     0x08001a7d   Thumb Code    32  printfa.o(i._printf_post_padding)
    i._printf_post_padding                   0x08001a7c   Section        0  printfa.o(i._printf_post_padding)
    _printf_pre_padding                      0x08001a9d   Thumb Code    44  printfa.o(i._printf_pre_padding)
    i._printf_pre_padding                    0x08001a9c   Section        0  printfa.o(i._printf_pre_padding)
    .L.str.1                                 0x08001ac8   Data          24  gdplatformconfig.o(.rodata.str1.1)
    [Anonymous Symbol]                       0x08001ac8   Section        0  gdplatformconfig.o(.rodata.str1.1)
    .L.str                                   0x08001ae0   Data          22  gdplatformconfig.o(.rodata.str1.1)
    .L.str.2                                 0x08001af6   Data          26  gdplatformconfig.o(.rodata.str1.1)
    .data                                    0x20000000   Section        4  stdout.o(.data)
    STACK                                    0x20000010   Section     1024  startup_gd32e230.o(STACK)

    Global Symbols

    Symbol Name                              Value     Ov Type        Size  Object(Section)

    BuildAttributes$$THM_ISAv3M$S$8M$PE$A:L22$X:L11$S22$IEEE1$IW$~IW$USESV6$~STKCKD$USESV7$~SHL$OSPACE$ROPI$EBA8$MICROLIB$REQ8$PRES8$EABIv2 0x00000000   Number         0  anon$$obj.o ABSOLUTE
    __cpp_initialize__aeabi_                  - Undefined Weak Reference
    __cxa_finalize                            - Undefined Weak Reference
    __decompress                              - Undefined Weak Reference
    _clock_init                               - Undefined Weak Reference
    _microlib_exit                            - Undefined Weak Reference
    __Vectors_Size                           0x000000cc   Number         0  startup_gd32e230.o ABSOLUTE
    __Vectors                                0x08000000   Data           4  startup_gd32e230.o(RESET)
    __Vectors_End                            0x080000cc   Data           0  startup_gd32e230.o(RESET)
    __main                                   0x080000cd   Thumb Code     0  entry.o(.ARM.Collect$$$$00000000)
    _main_stk                                0x080000cd   Thumb Code     0  entry2.o(.ARM.Collect$$$$00000001)
    _main_scatterload                        0x080000d1   Thumb Code     0  entry5.o(.ARM.Collect$$$$00000004)
    __main_after_scatterload                 0x080000d5   Thumb Code     0  entry5.o(.ARM.Collect$$$$00000004)
    _main_clock                              0x080000d5   Thumb Code     0  entry7b.o(.ARM.Collect$$$$00000008)
    _main_cpp_init                           0x080000d5   Thumb Code     0  entry8b.o(.ARM.Collect$$$$0000000A)
    _main_init                               0x080000d5   Thumb Code     0  entry9a.o(.ARM.Collect$$$$0000000B)
    __rt_final_cpp                           0x080000dd   Thumb Code     0  entry10a.o(.ARM.Collect$$$$0000000D)
    __rt_final_exit                          0x080000dd   Thumb Code     0  entry11a.o(.ARM.Collect$$$$0000000F)
    Reset_Handler                            0x080000e1   Thumb Code     8  startup_gd32e230.o(.text)
    ADC_CMP_IRQHandler                       0x080000f3   Thumb Code     0  startup_gd32e230.o(.text)
    DMA_Channel0_IRQHandler                  0x080000f3   Thumb Code     0  startup_gd32e230.o(.text)
    DMA_Channel1_2_IRQHandler                0x080000f3   Thumb Code     0  startup_gd32e230.o(.text)
    DMA_Channel3_4_IRQHandler                0x080000f3   Thumb Code     0  startup_gd32e230.o(.text)
    EXTI0_1_IRQHandler                       0x080000f3   Thumb Code     0  startup_gd32e230.o(.text)
    EXTI2_3_IRQHandler                       0x080000f3   Thumb Code     0  startup_gd32e230.o(.text)
    EXTI4_15_IRQHandler                      0x080000f3   Thumb Code     0  startup_gd32e230.o(.text)
    FMC_IRQHandler                           0x080000f3   Thumb Code     0  startup_gd32e230.o(.text)
    I2C0_ER_IRQHandler                       0x080000f3   Thumb Code     0  startup_gd32e230.o(.text)
    I2C0_EV_IRQHandler                       0x080000f3   Thumb Code     0  startup_gd32e230.o(.text)
    I2C1_ER_IRQHandler                       0x080000f3   Thumb Code     0  startup_gd32e230.o(.text)
    I2C1_EV_IRQHandler                       0x080000f3   Thumb Code     0  startup_gd32e230.o(.text)
    LVD_IRQHandler                           0x080000f3   Thumb Code     0  startup_gd32e230.o(.text)
    RCU_IRQHandler                           0x080000f3   Thumb Code     0  startup_gd32e230.o(.text)
    RTC_IRQHandler                           0x080000f3   Thumb Code     0  startup_gd32e230.o(.text)
    SPI0_IRQHandler                          0x080000f3   Thumb Code     0  startup_gd32e230.o(.text)
    SPI1_IRQHandler                          0x080000f3   Thumb Code     0  startup_gd32e230.o(.text)
    TIMER0_BRK_UP_TRG_COM_IRQHandler         0x080000f3   Thumb Code     0  startup_gd32e230.o(.text)
    TIMER0_Channel_IRQHandler                0x080000f3   Thumb Code     0  startup_gd32e230.o(.text)
    TIMER13_IRQHandler                       0x080000f3   Thumb Code     0  startup_gd32e230.o(.text)
    TIMER14_IRQHandler                       0x080000f3   Thumb Code     0  startup_gd32e230.o(.text)
    TIMER15_IRQHandler                       0x080000f3   Thumb Code     0  startup_gd32e230.o(.text)
    TIMER16_IRQHandler                       0x080000f3   Thumb Code     0  startup_gd32e230.o(.text)
    TIMER2_IRQHandler                        0x080000f3   Thumb Code     0  startup_gd32e230.o(.text)
    TIMER5_IRQHandler                        0x080000f3   Thumb Code     0  startup_gd32e230.o(.text)
    USART0_IRQHandler                        0x080000f3   Thumb Code     0  startup_gd32e230.o(.text)
    USART1_IRQHandler                        0x080000f3   Thumb Code     0  startup_gd32e230.o(.text)
    WWDGT_IRQHandler                         0x080000f3   Thumb Code     0  startup_gd32e230.o(.text)
    __aeabi_uidiv                            0x080000fd   Thumb Code     0  uidiv.o(.text)
    __aeabi_uidivmod                         0x080000fd   Thumb Code    44  uidiv.o(.text)
    __aeabi_uldivmod                         0x08000129   Thumb Code    96  uldiv.o(.text)
    __I$use$fp                               0x08000189   Thumb Code     0  iusefp.o(.text)
    __aeabi_dadd                             0x08000189   Thumb Code   328  dadd.o(.text)
    __aeabi_dsub                             0x080002d1   Thumb Code    12  dadd.o(.text)
    __aeabi_drsub                            0x080002dd   Thumb Code    12  dadd.o(.text)
    __aeabi_dmul                             0x080002ed   Thumb Code   202  dmul.o(.text)
    __aeabi_ddiv                             0x080003bd   Thumb Code   234  ddiv.o(.text)
    __aeabi_d2ulz                            0x080004ad   Thumb Code    54  dfixul.o(.text)
    __aeabi_cdrcmple                         0x080004ed   Thumb Code    38  cdrcmple.o(.text)
    __scatterload                            0x08000515   Thumb Code    28  init.o(.text)
    __scatterload_rt2                        0x08000515   Thumb Code     0  init.o(.text)
    __aeabi_llsl                             0x08000539   Thumb Code    32  llshl.o(.text)
    _ll_shift_l                              0x08000539   Thumb Code     0  llshl.o(.text)
    __aeabi_llsr                             0x08000559   Thumb Code    34  llushr.o(.text)
    _ll_ushift_r                             0x08000559   Thumb Code     0  llushr.o(.text)
    __aeabi_lasr                             0x0800057b   Thumb Code    38  llsshr.o(.text)
    _ll_sshift_r                             0x0800057b   Thumb Code     0  llsshr.o(.text)
    _double_round                            0x080005a1   Thumb Code    26  depilogue.o(.text)
    _double_epilogue                         0x080005bb   Thumb Code   164  depilogue.o(.text)
    HardFault_Handler                        0x0800065f   Thumb Code     4  gd32e230_it.o(.text.HardFault_Handler)
    NMI_Handler                              0x08000663   Thumb Code     2  gd32e230_it.o(.text.NMI_Handler)
    PendSV_Handler                           0x08000665   Thumb Code     2  gd32e230_it.o(.text.PendSV_Handler)
    SVC_Handler                              0x08000667   Thumb Code     2  gd32e230_it.o(.text.SVC_Handler)
    SysTick_Handler                          0x080006c1   Thumb Code    16  gd32e230_it.o(.text.SysTick_Handler)
    SystemInit                               0x080006d1   Thumb Code   172  system_gd32e230.o(.text.SystemInit)
    System_Systick_Init                      0x0800077d   Thumb Code    84  gdplatformconfig.o(.text.System_Systick_Init)
    Usart_Debug_Init                         0x080007d1   Thumb Code   144  gdplatformconfig.o(.text.Usart_Debug_Init)
    fputc                                    0x080008ed   Thumb Code    60  gdplatformconfig.o(.text.fputc)
    gpio_af_set                              0x08000929   Thumb Code   210  gd32e230_gpio.o(.text.gpio_af_set)
    gpio_mode_set                            0x080009fb   Thumb Code   162  gd32e230_gpio.o(.text.gpio_mode_set)
    gpio_output_options_set                  0x08000a9d   Thumb Code   156  gd32e230_gpio.o(.text.gpio_output_options_set)
    main                                     0x08000b39   Thumb Code    28  main.o(.text.main)
    nvic_vector_table_set                    0x08000b55   Thumb Code    44  gd32e230_misc.o(.text.nvic_vector_table_set)
    rcu_clock_freq_get                       0x08000b81   Thumb Code   644  gd32e230_rcu.o(.text.rcu_clock_freq_get)
    rcu_periph_clock_enable                  0x08000e01   Thumb Code    44  gd32e230_rcu.o(.text.rcu_periph_clock_enable)
    rcu_periph_reset_disable                 0x08000e29   Thumb Code    44  gd32e230_rcu.o(.text.rcu_periph_reset_disable)
    rcu_periph_reset_enable                  0x08000e51   Thumb Code    44  gd32e230_rcu.o(.text.rcu_periph_reset_enable)
    usart_baudrate_set                       0x08000f65   Thumb Code   192  gd32e230_usart.o(.text.usart_baudrate_set)
    usart_data_transmit                      0x0800101d   Thumb Code    32  gd32e230_usart.o(.text.usart_data_transmit)
    usart_deinit                             0x0800103d   Thumb Code    88  gd32e230_usart.o(.text.usart_deinit)
    usart_enable                             0x08001095   Thumb Code    22  gd32e230_usart.o(.text.usart_enable)
    usart_flag_get                           0x080010ab   Thumb Code    66  gd32e230_usart.o(.text.usart_flag_get)
    usart_parity_config                      0x080010ed   Thumb Code    52  gd32e230_usart.o(.text.usart_parity_config)
    usart_stop_bit_set                       0x08001121   Thumb Code    52  gd32e230_usart.o(.text.usart_stop_bit_set)
    usart_transmit_config                    0x08001155   Thumb Code    40  gd32e230_usart.o(.text.usart_transmit_config)
    usart_word_length_set                    0x0800117d   Thumb Code    52  gd32e230_usart.o(.text.usart_word_length_set)
    __0printf                                0x080011b1   Thumb Code    24  printfa.o(i.__0printf)
    __1printf                                0x080011b1   Thumb Code     0  printfa.o(i.__0printf)
    __2printf                                0x080011b1   Thumb Code     0  printfa.o(i.__0printf)
    __c89printf                              0x080011b1   Thumb Code     0  printfa.o(i.__0printf)
    printf                                   0x080011b1   Thumb Code     0  printfa.o(i.__0printf)
    __ARM_clz                                0x080011d1   Thumb Code    46  depilogue.o(i.__ARM_clz)
    __scatterload_copy                       0x080011ff   Thumb Code    14  handlers.o(i.__scatterload_copy)
    __scatterload_null                       0x0800120d   Thumb Code     2  handlers.o(i.__scatterload_null)
    __scatterload_zeroinit                   0x0800120f   Thumb Code    14  handlers.o(i.__scatterload_zeroinit)
    Region$$Table$$Base                      0x08001b10   Number         0  anon$$obj.o(Region$$Table)
    Region$$Table$$Limit                     0x08001b30   Number         0  anon$$obj.o(Region$$Table)
    __stdout                                 0x20000000   Data           4  stdout.o(.data)
    SystemCoreClock                          0x20000004   Data           4  system_gd32e230.o(.data.SystemCoreClock)
    CORET_Systick_Count                      0x20000008   Data           4  timeout_api.o(.bss.CORET_Systick_Count)
    __initial_sp                             0x20000410   Data           0  startup_gd32e230.o(STACK)



==============================================================================

Memory Map of the image

  Image Entry point : 0x080000cd

  Load Region LR_IROM1 (Base: 0x08000000, Size: 0x00001b38, Max: 0x00008000, ABSOLUTE)

    Execution Region ER_IROM1 (Exec base: 0x08000000, Load base: 0x08000000, Size: 0x00001b30, Max: 0x00008000, ABSOLUTE)

    Exec Addr    Load Addr    Size         Type   Attr      Idx    E Section Name        Object

    0x08000000   0x08000000   0x000000cc   Data   RO           75    RESET               startup_gd32e230.o
    0x080000cc   0x080000cc   0x00000000   Code   RO         1275  * .ARM.Collect$$$$00000000  mc_p.l(entry.o)
    0x080000cc   0x080000cc   0x00000004   Code   RO         1306    .ARM.Collect$$$$00000001  mc_p.l(entry2.o)
    0x080000d0   0x080000d0   0x00000004   Code   RO         1309    .ARM.Collect$$$$00000004  mc_p.l(entry5.o)
    0x080000d4   0x080000d4   0x00000000   Code   RO         1311    .ARM.Collect$$$$00000008  mc_p.l(entry7b.o)
    0x080000d4   0x080000d4   0x00000000   Code   RO         1313    .ARM.Collect$$$$0000000A  mc_p.l(entry8b.o)
    0x080000d4   0x080000d4   0x00000008   Code   RO         1314    .ARM.Collect$$$$0000000B  mc_p.l(entry9a.o)
    0x080000dc   0x080000dc   0x00000000   Code   RO         1316    .ARM.Collect$$$$0000000D  mc_p.l(entry10a.o)
    0x080000dc   0x080000dc   0x00000000   Code   RO         1318    .ARM.Collect$$$$0000000F  mc_p.l(entry11a.o)
    0x080000dc   0x080000dc   0x00000004   Code   RO         1307    .ARM.Collect$$$$00002712  mc_p.l(entry2.o)
    0x080000e0   0x080000e0   0x0000001c   Code   RO           76    .text               startup_gd32e230.o
    0x080000fc   0x080000fc   0x0000002c   Code   RO         1321    .text               mc_p.l(uidiv.o)
    0x08000128   0x08000128   0x00000060   Code   RO         1323    .text               mc_p.l(uldiv.o)
    0x08000188   0x08000188   0x00000000   Code   RO         1325    .text               mc_p.l(iusefp.o)
    0x08000188   0x08000188   0x00000164   Code   RO         1326    .text               mf_p.l(dadd.o)
    0x080002ec   0x080002ec   0x000000d0   Code   RO         1328    .text               mf_p.l(dmul.o)
    0x080003bc   0x080003bc   0x000000f0   Code   RO         1330    .text               mf_p.l(ddiv.o)
    0x080004ac   0x080004ac   0x00000040   Code   RO         1332    .text               mf_p.l(dfixul.o)
    0x080004ec   0x080004ec   0x00000028   Code   RO         1334    .text               mf_p.l(cdrcmple.o)
    0x08000514   0x08000514   0x00000024   Code   RO         1336    .text               mc_p.l(init.o)
    0x08000538   0x08000538   0x00000020   Code   RO         1338    .text               mc_p.l(llshl.o)
    0x08000558   0x08000558   0x00000022   Code   RO         1340    .text               mc_p.l(llushr.o)
    0x0800057a   0x0800057a   0x00000026   Code   RO         1342    .text               mc_p.l(llsshr.o)
    0x080005a0   0x080005a0   0x000000be   Code   RO         1344    .text               mf_p.l(depilogue.o)
    0x0800065e   0x0800065e   0x00000004   Code   RO           40    .text.HardFault_Handler  gd32e230_it.o
    0x08000662   0x08000662   0x00000002   Code   RO           38    .text.NMI_Handler   gd32e230_it.o
    0x08000664   0x08000664   0x00000002   Code   RO           44    .text.PendSV_Handler  gd32e230_it.o
    0x08000666   0x08000666   0x00000002   Code   RO           42    .text.SVC_Handler   gd32e230_it.o
    0x08000668   0x08000668   0x00000058   Code   RO           89    .text.SysTick_Config  gdplatformconfig.o
    0x080006c0   0x080006c0   0x00000010   Code   RO           46    .text.SysTick_Handler  gd32e230_it.o
    0x080006d0   0x080006d0   0x000000ac   Code   RO           56    .text.SystemInit    system_gd32e230.o
    0x0800077c   0x0800077c   0x00000054   Code   RO           87    .text.System_Systick_Init  gdplatformconfig.o
    0x080007d0   0x080007d0   0x00000090   Code   RO           83    .text.Usart_Debug_Init  gdplatformconfig.o
    0x08000860   0x08000860   0x0000008c   Code   RO           91    .text.__NVIC_SetPriority  gdplatformconfig.o
    0x080008ec   0x080008ec   0x0000003c   Code   RO           85    .text.fputc         gdplatformconfig.o
    0x08000928   0x08000928   0x000000d2   Code   RO          468    .text.gpio_af_set   gd32e230_gpio.o
    0x080009fa   0x080009fa   0x000000a2   Code   RO          448    .text.gpio_mode_set  gd32e230_gpio.o
    0x08000a9c   0x08000a9c   0x0000009c   Code   RO          450    .text.gpio_output_options_set  gd32e230_gpio.o
    0x08000b38   0x08000b38   0x0000001c   Code   RO            2    .text.main          main.o
    0x08000b54   0x08000b54   0x0000002c   Code   RO          576    .text.nvic_vector_table_set  gd32e230_misc.o
    0x08000b80   0x08000b80   0x00000280   Code   RO          703    .text.rcu_clock_freq_get  gd32e230_rcu.o
    0x08000e00   0x08000e00   0x00000028   Code   RO          629    .text.rcu_periph_clock_enable  gd32e230_rcu.o
    0x08000e28   0x08000e28   0x00000028   Code   RO          639    .text.rcu_periph_reset_disable  gd32e230_rcu.o
    0x08000e50   0x08000e50   0x00000028   Code   RO          637    .text.rcu_periph_reset_enable  gd32e230_rcu.o
    0x08000e78   0x08000e78   0x000000e4   Code   RO           62    .text.system_clock_72m_hxtal  system_gd32e230.o
    0x08000f5c   0x08000f5c   0x00000008   Code   RO           58    .text.system_clock_config  system_gd32e230.o
    0x08000f64   0x08000f64   0x000000b8   Code   RO         1065    .text.usart_baudrate_set  gd32e230_usart.o
    0x0800101c   0x0800101c   0x00000020   Code   RO         1099    .text.usart_data_transmit  gd32e230_usart.o
    0x0800103c   0x0800103c   0x00000058   Code   RO         1063    .text.usart_deinit  gd32e230_usart.o
    0x08001094   0x08001094   0x00000016   Code   RO         1073    .text.usart_enable  gd32e230_usart.o
    0x080010aa   0x080010aa   0x00000042   Code   RO         1197    .text.usart_flag_get  gd32e230_usart.o
    0x080010ec   0x080010ec   0x00000034   Code   RO         1067    .text.usart_parity_config  gd32e230_usart.o
    0x08001120   0x08001120   0x00000034   Code   RO         1071    .text.usart_stop_bit_set  gd32e230_usart.o
    0x08001154   0x08001154   0x00000028   Code   RO         1077    .text.usart_transmit_config  gd32e230_usart.o
    0x0800117c   0x0800117c   0x00000034   Code   RO         1069    .text.usart_word_length_set  gd32e230_usart.o
    0x080011b0   0x080011b0   0x00000020   Code   RO         1279    i.__0printf         mc_p.l(printfa.o)
    0x080011d0   0x080011d0   0x0000002e   Code   RO         1346    i.__ARM_clz         mf_p.l(depilogue.o)
    0x080011fe   0x080011fe   0x0000000e   Code   RO         1350    i.__scatterload_copy  mc_p.l(handlers.o)
    0x0800120c   0x0800120c   0x00000002   Code   RO         1351    i.__scatterload_null  mc_p.l(handlers.o)
    0x0800120e   0x0800120e   0x0000000e   Code   RO         1352    i.__scatterload_zeroinit  mc_p.l(handlers.o)
    0x0800121c   0x0800121c   0x00000174   Code   RO         1286    i._fp_digits        mc_p.l(printfa.o)
    0x08001390   0x08001390   0x000006ec   Code   RO         1287    i._printf_core      mc_p.l(printfa.o)
    0x08001a7c   0x08001a7c   0x00000020   Code   RO         1288    i._printf_post_padding  mc_p.l(printfa.o)
    0x08001a9c   0x08001a9c   0x0000002c   Code   RO         1289    i._printf_pre_padding  mc_p.l(printfa.o)
    0x08001ac8   0x08001ac8   0x00000048   Data   RO           93    .rodata.str1.1      gdplatformconfig.o
    0x08001b10   0x08001b10   0x00000020   Data   RO         1349    Region$$Table       anon$$obj.o


    Execution Region RW_IRAM1 (Exec base: 0x20000000, Load base: 0x08001b30, Size: 0x00000410, Max: 0x00001800, ABSOLUTE)

    Exec Addr    Load Addr    Size         Type   Attr      Idx    E Section Name        Object

    0x20000000   0x08001b30   0x00000004   Data   RW         1320    .data               mc_p.l(stdout.o)
    0x20000004   0x08001b34   0x00000004   Data   RW           64    .data.SystemCoreClock  system_gd32e230.o
    0x20000008        -       0x00000004   Zero   RW           29    .bss.CORET_Systick_Count  timeout_api.o
    0x2000000c   0x08001b38   0x00000004   PAD
    0x20000010        -       0x00000400   Zero   RW           73    STACK               startup_gd32e230.o


==============================================================================

Image component sizes


      Code (inc. data)   RO Data    RW Data    ZI Data      Debug   Object Name

       528          0          0          0          0       4305   gd32e230_gpio.o
        26          4          0          0          0        694   gd32e230_it.o
        44          8          0          0          0       3923   gd32e230_misc.o
       760         32          0          0          0      11408   gd32e230_rcu.o
       588         24          0          0          0      14571   gd32e230_usart.o
       516         52         72          0          0       4546   gdplatformconfig.o
        28          0          0          0          0        361   main.o
        28          8        204          0       1024        684   startup_gd32e230.o
       408         52          0          4          0       1817   system_gd32e230.o
         0          0          0          0          4       2396   timeout_api.o

    ----------------------------------------------------------------------
      2926        180        308          4       1032      44705   Object Totals
         0          0         32          0          0          0   (incl. Generated)
         0          0          0          0          4          0   (incl. Padding)

    ----------------------------------------------------------------------

      Code (inc. data)   RO Data    RW Data    ZI Data      Debug   Library Member Name

         0          0          0          0          0          0   entry.o
         0          0          0          0          0          0   entry10a.o
         0          0          0          0          0          0   entry11a.o
         8          4          0          0          0          0   entry2.o
         4          0          0          0          0          0   entry5.o
         0          0          0          0          0          0   entry7b.o
         0          0          0          0          0          0   entry8b.o
         8          4          0          0          0          0   entry9a.o
        30          0          0          0          0          0   handlers.o
        36          8          0          0          0         68   init.o
         0          0          0          0          0          0   iusefp.o
        32          0          0          0          0         68   llshl.o
        38          0          0          0          0         68   llsshr.o
        34          0          0          0          0         68   llushr.o
      2252         98          0          0          0        412   printfa.o
         0          0          0          4          0          0   stdout.o
        44          0          0          0          0         72   uidiv.o
        96          0          0          0          0         84   uldiv.o
        40          2          0          0          0         68   cdrcmple.o
       356          4          0          0          0        140   dadd.o
       240          6          0          0          0         84   ddiv.o
       236          0          0          0          0        216   depilogue.o
        64         10          0          0          0         68   dfixul.o
       208          6          0          0          0         88   dmul.o

    ----------------------------------------------------------------------
      3726        142          0          4          0       1504   Library Totals
         0          0          0          0          0          0   (incl. Padding)

    ----------------------------------------------------------------------

      Code (inc. data)   RO Data    RW Data    ZI Data      Debug   Library Name

      2582        114          0          4          0        840   mc_p.l
      1144         28          0          0          0        664   mf_p.l

    ----------------------------------------------------------------------
      3726        142          0          4          0       1504   Library Totals

    ----------------------------------------------------------------------

==============================================================================


      Code (inc. data)   RO Data    RW Data    ZI Data      Debug   

      6652        322        308          8       1032      45537   Grand Totals
      6652        322        308          8       1032      45537   ELF Image Totals
      6652        322        308          8          0          0   ROM Totals

==============================================================================

    Total RO  Size (Code + RO Data)                 6960 (   6.80kB)
    Total RW  Size (RW Data + ZI Data)              1040 (   1.02kB)
    Total ROM Size (Code + RO Data + RW Data)       6968 (   6.80kB)

==============================================================================

