Component: ARM Compiler 5.06 update 6 (build 750) Tool: armlink [4d35ed]

==============================================================================

Section Cross References

    main.o(i.assert_failed) refers to printf3.o(i.__0printf$3) for __2printf
    main.o(i.main) refers to asmplatformconfig.o(i.Usart_Debug_Init) for Usart_Debug_Init
    main.o(i.main) refers to asmplatformconfig.o(i.System_Systick_Init) for System_Systick_Init
    timeout_api.o(i.ChangeTimerPeriod) refers to timeout_api.o(.data) for .data
    timeout_api.o(i.CheckTimer) refers to timeout_api.o(.data) for .data
    timeout_api.o(i.GetPassTime) refers to timeout_api.o(.data) for .data
    timeout_api.o(i.IsTimeOut) refers to timeout_api.o(.data) for .data
    timeout_api.o(i.PastTimeGet) refers to timeout_api.o(.data) for .data
    timeout_api.o(i.StartTimer) refers to timeout_api.o(.data) for .data
    timeout_api.o(i.TimeOutSet) refers to timeout_api.o(.data) for .data
    timeout_api.o(i.WaitMs) refers to uidiv.o(.text) for __aeabi_uidivmod
    timeout_api.o(i.WaitMs) refers to timeout_api.o(.data) for .data
    stm32f0xx_adc.o(i.ADC_AnalogWatchdogCmd) refers to main.o(i.assert_failed) for assert_failed
    stm32f0xx_adc.o(i.ADC_AnalogWatchdogCmd) refers to stm32f0xx_adc.o(.conststring) for .conststring
    stm32f0xx_adc.o(i.ADC_AnalogWatchdogSingleChannelCmd) refers to main.o(i.assert_failed) for assert_failed
    stm32f0xx_adc.o(i.ADC_AnalogWatchdogSingleChannelCmd) refers to stm32f0xx_adc.o(.conststring) for .conststring
    stm32f0xx_adc.o(i.ADC_AnalogWatchdogSingleChannelConfig) refers to main.o(i.assert_failed) for assert_failed
    stm32f0xx_adc.o(i.ADC_AnalogWatchdogSingleChannelConfig) refers to stm32f0xx_adc.o(.conststring) for .conststring
    stm32f0xx_adc.o(i.ADC_AnalogWatchdogThresholdsConfig) refers to main.o(i.assert_failed) for assert_failed
    stm32f0xx_adc.o(i.ADC_AnalogWatchdogThresholdsConfig) refers to stm32f0xx_adc.o(.conststring) for .conststring
    stm32f0xx_adc.o(i.ADC_AutoPowerOffCmd) refers to main.o(i.assert_failed) for assert_failed
    stm32f0xx_adc.o(i.ADC_AutoPowerOffCmd) refers to stm32f0xx_adc.o(.conststring) for .conststring
    stm32f0xx_adc.o(i.ADC_ChannelConfig) refers to main.o(i.assert_failed) for assert_failed
    stm32f0xx_adc.o(i.ADC_ChannelConfig) refers to stm32f0xx_adc.o(.conststring) for .conststring
    stm32f0xx_adc.o(i.ADC_ClearFlag) refers to main.o(i.assert_failed) for assert_failed
    stm32f0xx_adc.o(i.ADC_ClearFlag) refers to stm32f0xx_adc.o(.conststring) for .conststring
    stm32f0xx_adc.o(i.ADC_ClearITPendingBit) refers to main.o(i.assert_failed) for assert_failed
    stm32f0xx_adc.o(i.ADC_ClearITPendingBit) refers to stm32f0xx_adc.o(.conststring) for .conststring
    stm32f0xx_adc.o(i.ADC_ClockModeConfig) refers to main.o(i.assert_failed) for assert_failed
    stm32f0xx_adc.o(i.ADC_ClockModeConfig) refers to stm32f0xx_adc.o(.conststring) for .conststring
    stm32f0xx_adc.o(i.ADC_Cmd) refers to main.o(i.assert_failed) for assert_failed
    stm32f0xx_adc.o(i.ADC_Cmd) refers to stm32f0xx_adc.o(.conststring) for .conststring
    stm32f0xx_adc.o(i.ADC_ContinuousModeCmd) refers to main.o(i.assert_failed) for assert_failed
    stm32f0xx_adc.o(i.ADC_ContinuousModeCmd) refers to stm32f0xx_adc.o(.conststring) for .conststring
    stm32f0xx_adc.o(i.ADC_DMACmd) refers to main.o(i.assert_failed) for assert_failed
    stm32f0xx_adc.o(i.ADC_DMACmd) refers to stm32f0xx_adc.o(.conststring) for .conststring
    stm32f0xx_adc.o(i.ADC_DMARequestModeConfig) refers to main.o(i.assert_failed) for assert_failed
    stm32f0xx_adc.o(i.ADC_DMARequestModeConfig) refers to stm32f0xx_adc.o(.conststring) for .conststring
    stm32f0xx_adc.o(i.ADC_DeInit) refers to main.o(i.assert_failed) for assert_failed
    stm32f0xx_adc.o(i.ADC_DeInit) refers to stm32f0xx_rcc.o(i.RCC_APB2PeriphResetCmd) for RCC_APB2PeriphResetCmd
    stm32f0xx_adc.o(i.ADC_DeInit) refers to stm32f0xx_adc.o(.conststring) for .conststring
    stm32f0xx_adc.o(i.ADC_DiscModeCmd) refers to main.o(i.assert_failed) for assert_failed
    stm32f0xx_adc.o(i.ADC_DiscModeCmd) refers to stm32f0xx_adc.o(.conststring) for .conststring
    stm32f0xx_adc.o(i.ADC_GetCalibrationFactor) refers to main.o(i.assert_failed) for assert_failed
    stm32f0xx_adc.o(i.ADC_GetCalibrationFactor) refers to stm32f0xx_adc.o(.conststring) for .conststring
    stm32f0xx_adc.o(i.ADC_GetConversionValue) refers to main.o(i.assert_failed) for assert_failed
    stm32f0xx_adc.o(i.ADC_GetConversionValue) refers to stm32f0xx_adc.o(.conststring) for .conststring
    stm32f0xx_adc.o(i.ADC_GetFlagStatus) refers to main.o(i.assert_failed) for assert_failed
    stm32f0xx_adc.o(i.ADC_GetFlagStatus) refers to stm32f0xx_adc.o(.conststring) for .conststring
    stm32f0xx_adc.o(i.ADC_GetITStatus) refers to main.o(i.assert_failed) for assert_failed
[...]
    asmplatformconfig.o(i.System_Systick_Init) refers to asmplatformconfig.o(i.NVIC_SetPriority) for NVIC_SetPriority
    asmplatformconfig.o(i.System_Systick_Init) refers to system_stm32f0xx.o(.data) for SystemCoreClock
    asmplatformconfig.o(i.Usart_Debug_Init) refers to stm32f0xx_rcc.o(i.RCC_AHBPeriphClockCmd) for RCC_AHBPeriphClockCmd
    asmplatformconfig.o(i.Usart_Debug_Init) refers to stm32f0xx_rcc.o(i.RCC_APB2PeriphClockCmd) for RCC_APB2PeriphClockCmd
    asmplatformconfig.o(i.Usart_Debug_Init) refers to stm32f0xx_gpio.o(i.GPIO_PinAFConfig) for GPIO_PinAFConfig
    asmplatformconfig.o(i.Usart_Debug_Init) refers to stm32f0xx_gpio.o(i.GPIO_Init) for GPIO_Init
    asmplatformconfig.o(i.Usart_Debug_Init) refers to stm32f0xx_usart.o(i.USART_Init) for USART_Init
    asmplatformconfig.o(i.Usart_Debug_Init) refers to stm32f0xx_usart.o(i.USART_Cmd) for USART_Cmd
    asmplatformconfig.o(i.Usart_Debug_Init) refers to printf3.o(i.__0printf$3) for __2printf
    asmplatformconfig.o(i.fputc) refers to stm32f0xx_usart.o(i.USART_SendData) for USART_SendData
    asmplatformconfig.o(i.fputc) refers to stm32f0xx_usart.o(i.USART_GetFlagStatus) for USART_GetFlagStatus
    entry.o(.ARM.Collect$$$$00000000) refers (Special) to entry10a.o(.ARM.Collect$$$$0000000D) for __rt_final_cpp
    entry.o(.ARM.Collect$$$$00000000) refers (Special) to entry11a.o(.ARM.Collect$$$$0000000F) for __rt_final_exit
    entry.o(.ARM.Collect$$$$00000000) refers (Special) to entry7b.o(.ARM.Collect$$$$00000008) for _main_clock
    entry.o(.ARM.Collect$$$$00000000) refers (Special) to entry8b.o(.ARM.Collect$$$$0000000A) for _main_cpp_init
    entry.o(.ARM.Collect$$$$00000000) refers (Special) to entry9a.o(.ARM.Collect$$$$0000000B) for _main_init
    entry.o(.ARM.Collect$$$$00000000) refers (Special) to entry5.o(.ARM.Collect$$$$00000004) for _main_scatterload
    entry.o(.ARM.Collect$$$$00000000) refers (Special) to entry2.o(.ARM.Collect$$$$00000001) for _main_stk
    printfb.o(i.__0fprintf$bare) refers to printfb.o(i._printf_core) for _printf_core
    printfb.o(i.__0fprintf$bare) refers to asmplatformconfig.o(i.fputc) for fputc
    printfb.o(i.__0printf$bare) refers to printfb.o(i._printf_core) for _printf_core
    printfb.o(i.__0printf$bare) refers to asmplatformconfig.o(i.fputc) for fputc
    printfb.o(i.__0printf$bare) refers to stdout.o(.data) for __stdout
    printfb.o(i.__0snprintf$bare) refers to printfb.o(i._printf_core) for _printf_core
    printfb.o(i.__0snprintf$bare) refers to printfb.o(i._snputc) for _snputc
    printfb.o(i.__0sprintf$bare) refers to printfb.o(i._printf_core) for _printf_core
    printfb.o(i.__0sprintf$bare) refers to printfb.o(i._sputc) for _sputc
    printfb.o(i.__0vfprintf$bare) refers to printfb.o(i._printf_core) for _printf_core
    printfb.o(i.__0vfprintf$bare) refers to asmplatformconfig.o(i.fputc) for fputc
    printfb.o(i.__0vprintf$bare) refers to printfb.o(i._printf_core) for _printf_core
    printfb.o(i.__0vprintf$bare) refers to asmplatformconfig.o(i.fputc) for fputc
    printfb.o(i.__0vprintf$bare) refers to stdout.o(.data) for __stdout
    printfb.o(i.__0vsnprintf$bare) refers to printfb.o(i._printf_core) for _printf_core
    printfb.o(i.__0vsnprintf$bare) refers to printfb.o(i._snputc) for _snputc
    printfb.o(i.__0vsprintf$bare) refers to printfb.o(i._printf_core) for _printf_core
    printfb.o(i.__0vsprintf$bare) refers to printfb.o(i._sputc) for _sputc
    printf0.o(i.__0fprintf$0) refers to printf0.o(i._printf_core) for _printf_core
    printf0.o(i.__0fprintf$0) refers to asmplatformconfig.o(i.fputc) for fputc
    printf0.o(i.__0printf$0) refers to printf0.o(i._printf_core) for _printf_core
    printf0.o(i.__0printf$0) refers to asmplatformconfig.o(i.fputc) for fputc
    printf0.o(i.__0printf$0) refers to stdout.o(.data) for __stdout
    printf0.o(i.__0snprintf$0) refers to printf0.o(i._printf_core) for _printf_core
    printf0.o(i.__0snprintf$0) refers to printf0.o(i._snputc) for _snputc
    printf0.o(i.__0sprintf$0) refers to printf0.o(i._printf_core) for _printf_core
    printf0.o(i.__0sprintf$0) refers to printf0.o(i._sputc) for _sputc
    printf0.o(i.__0vfprintf$0) refers to printf0.o(i._printf_core) for _printf_core
    printf0.o(i.__0vfprintf$0) refers to asmplatformconfig.o(i.fputc) for fputc
    printf0.o(i.__0vprintf$0) refers to printf0.o(i._printf_core) for _printf_core
    printf0.o(i.__0vprintf$0) refers to asmplatformconfig.o(i.fputc) for fputc
    printf0.o(i.__0vprintf$0) refers to stdout.o(.data) for __stdout
    printf0.o(i.__0vsnprintf$0) refers to printf0.o(i._printf_core) for _printf_core
    printf0.o(i.__0vsnprintf$0) refers to printf0.o(i._snputc) for _snputc
    printf0.o(i.__0vsprintf$0) refers to printf0.o(i._printf_core) for _printf_core
    printf0.o(i.__0vsprintf$0) refers to printf0.o(i._sputc) for _sputc
    printf1.o(i.__0fprintf$1) refers to printf1.o(i._printf_core) for _printf_core
    printf1.o(i.__0fprintf$1) refers to asmplatformconfig.o(i.fputc) for fputc
    printf1.o(i.__0printf$1) refers to printf1.o(i._printf_core) for _printf_core
    printf1.o(i.__0printf$1) refers to asmplatformconfig.o(i.fputc) for fputc
    printf1.o(i.__0printf$1) refers to stdout.o(.data) for __stdout
    printf1.o(i.__0snprintf$1) refers to printf1.o(i._printf_core) for _printf_core
    printf1.o(i.__0snprintf$1) refers to printf1.o(i._snputc) for _snputc
    printf1.o(i.__0sprintf$1) refers to printf1.o(i._printf_core) for _printf_core
    printf1.o(i.__0sprintf$1) refers to printf1.o(i._sputc) for _sputc
    printf1.o(i.__0vfprintf$1) refers to printf1.o(i._printf_core) for _printf_core
    printf1.o(i.__0vfprintf$1) refers to asmplatformconfig.o(i.fputc) for fputc
    printf1.o(i.__0vprintf$1) refers to printf1.o(i._printf_core) for _printf_core
    printf1.o(i.__0vprintf$1) refers to asmplatformconfig.o(i.fputc) for fputc
    printf1.o(i.__0vprintf$1) refers to stdout.o(.data) for __stdout
    printf1.o(i.__0vsnprintf$1) refers to printf1.o(i._printf_core) for _printf_core
    printf1.o(i.__0vsnprintf$1) refers to printf1.o(i._snputc) for _snputc
    printf1.o(i.__0vsprintf$1) refers to printf1.o(i._printf_core) for _printf_core
    printf1.o(i.__0vsprintf$1) refers to printf1.o(i._sputc) for _sputc
    printf1.o(i._printf_core) refers to uidiv.o(.text) for __aeabi_uidivmod
    printf2.o(i.__0fprintf$2) refers to printf2.o(i._printf_core) for _printf_core
    printf2.o(i.__0fprintf$2) refers to asmplatformconfig.o(i.fputc) for fputc
    printf2.o(i.__0printf$2) refers to printf2.o(i._printf_core) for _printf_core
    printf2.o(i.__0printf$2) refers to asmplatformconfig.o(i.fputc) for fputc
    printf2.o(i.__0printf$2) refers to stdout.o(.data) for __stdout
    printf2.o(i.__0snprintf$2) refers to printf2.o(i._printf_core) for _printf_core
    printf2.o(i.__0snprintf$2) refers to printf2.o(i._snputc) for _snputc
    printf2.o(i.__0sprintf$2) refers to printf2.o(i._printf_core) for _printf_core
    printf2.o(i.__0sprintf$2) refers to printf2.o(i._sputc) for _sputc
    printf2.o(i.__0vfprintf$2) refers to printf2.o(i._printf_core) for _printf_core
    printf2.o(i.__0vfprintf$2) refers to asmplatformconfig.o(i.fputc) for fputc
    printf2.o(i.__0vprintf$2) refers to printf2.o(i._printf_core) for _printf_core
    printf2.o(i.__0vprintf$2) refers to asmplatformconfig.o(i.fputc) for fputc
    printf2.o(i.__0vprintf$2) refers to stdout.o(.data) for __stdout
    printf2.o(i.__0vsnprintf$2) refers to printf2.o(i._printf_core) for _printf_core
    printf2.o(i.__0vsnprintf$2) refers to printf2.o(i._snputc) for _snputc
    printf2.o(i.__0vsprintf$2) refers to printf2.o(i._printf_core) for _printf_core
    printf2.o(i.__0vsprintf$2) refers to printf2.o(i._sputc) for _sputc
    printf3.o(i.__0fprintf$3) refers to printf3.o(i._printf_core) for _printf_core
    printf3.o(i.__0fprintf$3) refers to asmplatformconfig.o(i.fputc) for fputc
    printf3.o(i.__0printf$3) refers to printf3.o(i._printf_core) for _printf_core
    printf3.o(i.__0printf$3) refers to asmplatformconfig.o(i.fputc) for fputc
    printf3.o(i.__0printf$3) refers to stdout.o(.data) for __stdout
    printf3.o(i.__0snprintf$3) refers to printf3.o(i._printf_core) for _printf_core
    printf3.o(i.__0snprintf$3) refers to printf3.o(i._snputc) for _snputc
    printf3.o(i.__0sprintf$3) refers to printf3.o(i._printf_core) for _printf_core
    printf3.o(i.__0sprintf$3) refers to printf3.o(i._sputc) for _sputc
    printf3.o(i.__0vfprintf$3) refers to printf3.o(i._printf_core) for _printf_core
    printf3.o(i.__0vfprintf$3) refers to asmplatformconfig.o(i.fputc) for fputc
    printf3.o(i.__0vprintf$3) refers to printf3.o(i._printf_core) for _printf_core
    printf3.o(i.__0vprintf$3) refers to asmplatformconfig.o(i.fputc) for fputc
    printf3.o(i.__0vprintf$3) refers to stdout.o(.data) for __stdout
    printf3.o(i.__0vsnprintf$3) refers to printf3.o(i._printf_core) for _printf_core
    printf3.o(i.__0vsnprintf$3) refers to printf3.o(i._snputc) for _snputc
    printf3.o(i.__0vsprintf$3) refers to printf3.o(i._printf_core) for _printf_core
    printf3.o(i.__0vsprintf$3) refers to printf3.o(i._sputc) for _sputc
    printf3.o(i._printf_core) refers to uidiv.o(.text) for __aeabi_uidivmod
    printf4.o(i.__0fprintf$4) refers to printf4.o(i._printf_core) for _printf_core
    printf4.o(i.__0fprintf$4) refers to asmplatformconfig.o(i.fputc) for fputc
    printf4.o(i.__0printf$4) refers to printf4.o(i._printf_core) for _printf_core
    printf4.o(i.__0printf$4) refers to asmplatformconfig.o(i.fputc) for fputc
    printf4.o(i.__0printf$4) refers to stdout.o(.data) for __stdout
    printf4.o(i.__0snprintf$4) refers to printf4.o(i._printf_core) for _printf_core
    printf4.o(i.__0snprintf$4) refers to printf4.o(i._snputc) for _snputc
    printf4.o(i.__0sprintf$4) refers to printf4.o(i._printf_core) for _printf_core
    printf4.o(i.__0sprintf$4) refers to printf4.o(i._sputc) for _sputc
    printf4.o(i.__0vfprintf$4) refers to printf4.o(i._printf_core) for _printf_core
    printf4.o(i.__0vfprintf$4) refers to asmplatformconfig.o(i.fputc) for fputc
    printf4.o(i.__0vprintf$4) refers to printf4.o(i._printf_core) for _printf_core
    printf4.o(i.__0vprintf$4) refers to asmplatformconfig.o(i.fputc) for fputc
    printf4.o(i.__0vprintf$4) refers to stdout.o(.data) for __stdout
    printf4.o(i.__0vsnprintf$4) refers to printf4.o(i._printf_core) for _printf_core
    printf4.o(i.__0vsnprintf$4) refers to printf4.o(i._snputc) for _snputc
    printf4.o(i.__0vsprintf$4) refers to printf4.o(i._printf_core) for _printf_core
    printf4.o(i.__0vsprintf$4) refers to printf4.o(i._sputc) for _sputc
    printf4.o(i._printf_core) refers to uldiv.o(.text) for __aeabi_uldivmod
    printf5.o(i.__0fprintf$5) refers to printf5.o(i._printf_core) for _printf_core
    printf5.o(i.__0fprintf$5) refers to asmplatformconfig.o(i.fputc) for fputc
    printf5.o(i.__0printf$5) refers to printf5.o(i._printf_core) for _printf_core
    printf5.o(i.__0printf$5) refers to asmplatformconfig.o(i.fputc) for fputc
    printf5.o(i.__0printf$5) refers to stdout.o(.data) for __stdout
    printf5.o(i.__0snprintf$5) refers to printf5.o(i._printf_core) for _printf_core
    printf5.o(i.__0snprintf$5) refers to printf5.o(i._snputc) for _snputc
    printf5.o(i.__0sprintf$5) refers to printf5.o(i._printf_core) for _printf_core
    printf5.o(i.__0sprintf$5) refers to printf5.o(i._sputc) for _sputc
    printf5.o(i.__0vfprintf$5) refers to printf5.o(i._printf_core) for _printf_core
    printf5.o(i.__0vfprintf$5) refers to asmplatformconfig.o(i.fputc) for fputc
    printf5.o(i.__0vprintf$5) refers to printf5.o(i._printf_core) for _printf_core
    printf5.o(i.__0vprintf$5) refers to asmplatformconfig.o(i.fputc) for fputc
    printf5.o(i.__0vprintf$5) refers to stdout.o(.data) for __stdout
    printf5.o(i.__0vsnprintf$5) refers to printf5.o(i._printf_core) for _printf_core
    printf5.o(i.__0vsnprintf$5) refers to printf5.o(i._snputc) for _snputc
    printf5.o(i.__0vsprintf$5) refers to printf5.o(i._printf_core) for _printf_core
    printf5.o(i.__0vsprintf$5) refers to printf5.o(i._sputc) for _sputc
    printf5.o(i._printf_core) refers to uldiv.o(.text) for __aeabi_uldivmod
    printf6.o(i.__0fprintf$6) refers to printf6.o(i._printf_core) for _printf_core
    printf6.o(i.__0fprintf$6) refers to asmplatformconfig.o(i.fputc) for fputc
    printf6.o(i.__0printf$6) refers to printf6.o(i._printf_core) for _printf_core
    printf6.o(i.__0printf$6) refers to asmplatformconfig.o(i.fputc) for fputc
    printf6.o(i.__0printf$6) refers to stdout.o(.data) for __stdout
    printf6.o(i.__0snprintf$6) refers to printf6.o(i._printf_core) for _printf_core
    printf6.o(i.__0snprintf$6) refers to printf6.o(i._snputc) for _snputc
    printf6.o(i.__0sprintf$6) refers to printf6.o(i._printf_core) for _printf_core
    printf6.o(i.__0sprintf$6) refers to printf6.o(i._sputc) for _sputc
    printf6.o(i.__0vfprintf$6) refers to printf6.o(i._printf_core) for _printf_core
    printf6.o(i.__0vfprintf$6) refers to asmplatformconfig.o(i.fputc) for fputc
    printf6.o(i.__0vprintf$6) refers to printf6.o(i._printf_core) for _printf_core
    printf6.o(i.__0vprintf$6) refers to asmplatformconfig.o(i.fputc) for fputc
    printf6.o(i.__0vprintf$6) refers to stdout.o(.data) for __stdout
    printf6.o(i.__0vsnprintf$6) refers to printf6.o(i._printf_core) for _printf_core
    printf6.o(i.__0vsnprintf$6) refers to printf6.o(i._snputc) for _snputc
    printf6.o(i.__0vsprintf$6) refers to printf6.o(i._printf_core) for _printf_core
    printf6.o(i.__0vsprintf$6) refers to printf6.o(i._sputc) for _sputc
    printf6.o(i._printf_core) refers to printf6.o(i._printf_pre_padding) for _printf_pre_padding
    printf6.o(i._printf_core) refers to printf6.o(i._printf_post_padding) for _printf_post_padding
    printf6.o(i._printf_core) refers to uidiv.o(.text) for __aeabi_uidivmod
    printf7.o(i.__0fprintf$7) refers to printf7.o(i._printf_core) for _printf_core
    printf7.o(i.__0fprintf$7) refers to asmplatformconfig.o(i.fputc) for fputc
    printf7.o(i.__0printf$7) refers to printf7.o(i._printf_core) for _printf_core
    printf7.o(i.__0printf$7) refers to asmplatformconfig.o(i.fputc) for fputc
    printf7.o(i.__0printf$7) refers to stdout.o(.data) for __stdout
    printf7.o(i.__0snprintf$7) refers to printf7.o(i._printf_core) for _printf_core
    printf7.o(i.__0snprintf$7) refers to printf7.o(i._snputc) for _snputc
    printf7.o(i.__0sprintf$7) refers to printf7.o(i._printf_core) for _printf_core
    printf7.o(i.__0sprintf$7) refers to printf7.o(i._sputc) for _sputc
    printf7.o(i.__0vfprintf$7) refers to printf7.o(i._printf_core) for _printf_core
    printf7.o(i.__0vfprintf$7) refers to asmplatformconfig.o(i.fputc) for fputc
    printf7.o(i.__0vprintf$7) refers to printf7.o(i._printf_core) for _printf_core
    printf7.o(i.__0vprintf$7) refers to asmplatformconfig.o(i.fputc) for fputc
    printf7.o(i.__0vprintf$7) refers to stdout.o(.data) for __stdout
    printf7.o(i.__0vsnprintf$7) refers to printf7.o(i._printf_core) for _printf_core
    printf7.o(i.__0vsnprintf$7) refers to printf7.o(i._snputc) for _snputc
    printf7.o(i.__0vsprintf$7) refers to printf7.o(i._printf_core) for _printf_core
    printf7.o(i.__0vsprintf$7) refers to printf7.o(i._sputc) for _sputc
    printf7.o(i._printf_core) refers to printf7.o(i._printf_pre_padding) for _printf_pre_padding
    printf7.o(i._printf_core) refers to printf7.o(i._printf_post_padding) for _printf_post_padding
    printf7.o(i._printf_core) refers to uldiv.o(.text) for __aeabi_uldivmod
    printf8.o(i.__0fprintf$8) refers to printf8.o(i._printf_core) for _printf_core
    printf8.o(i.__0fprintf$8) refers to asmplatformconfig.o(i.fputc) for fputc
    printf8.o(i.__0printf$8) refers to printf8.o(i._printf_core) for _printf_core
    printf8.o(i.__0printf$8) refers to asmplatformconfig.o(i.fputc) for fputc
    printf8.o(i.__0printf$8) refers to stdout.o(.data) for __stdout
    printf8.o(i.__0snprintf$8) refers to printf8.o(i._printf_core) for _printf_core
    printf8.o(i.__0snprintf$8) refers to printf8.o(i._snputc) for _snputc
    printf8.o(i.__0sprintf$8) refers to printf8.o(i._printf_core) for _printf_core
    printf8.o(i.__0sprintf$8) refers to printf8.o(i._sputc) for _sputc
    printf8.o(i.__0vfprintf$8) refers to printf8.o(i._printf_core) for _printf_core
    printf8.o(i.__0vfprintf$8) refers to asmplatformconfig.o(i.fputc) for fputc
    printf8.o(i.__0vprintf$8) refers to printf8.o(i._printf_core) for _printf_core
    printf8.o(i.__0vprintf$8) refers to asmplatformconfig.o(i.fputc) for fputc
    printf8.o(i.__0vprintf$8) refers to stdout.o(.data) for __stdout
    printf8.o(i.__0vsnprintf$8) refers to printf8.o(i._printf_core) for _printf_core
    printf8.o(i.__0vsnprintf$8) refers to printf8.o(i._snputc) for _snputc
    printf8.o(i.__0vsprintf$8) refers to printf8.o(i._printf_core) for _printf_core
    printf8.o(i.__0vsprintf$8) refers to printf8.o(i._sputc) for _sputc
    printf8.o(i._printf_core) refers to printf8.o(i._printf_pre_padding) for _printf_pre_padding
    printf8.o(i._printf_core) refers to printf8.o(i._printf_post_padding) for _printf_post_padding
    printf8.o(i._printf_core) refers to uldiv.o(.text) for __aeabi_uldivmod
    printfa.o(i.__0fprintf) refers (Special) to iusefp.o(.text) for __I$use$fp
    printfa.o(i.__0fprintf) refers to printfa.o(i._printf_core) for _printf_core
    printfa.o(i.__0fprintf) refers to asmplatformconfig.o(i.fputc) for fputc
    printfa.o(i.__0printf) refers (Special) to iusefp.o(.text) for __I$use$fp
    printfa.o(i.__0printf) refers to printfa.o(i._printf_core) for _printf_core
    printfa.o(i.__0printf) refers to asmplatformconfig.o(i.fputc) for fputc
    printfa.o(i.__0printf) refers to stdout.o(.data) for __stdout
    printfa.o(i.__0snprintf) refers (Special) to iusefp.o(.text) for __I$use$fp
    printfa.o(i.__0snprintf) refers to printfa.o(i._printf_core) for _printf_core
    printfa.o(i.__0snprintf) refers to printfa.o(i._snputc) for _snputc
    printfa.o(i.__0sprintf) refers (Special) to iusefp.o(.text) for __I$use$fp
    printfa.o(i.__0sprintf) refers to printfa.o(i._printf_core) for _printf_core
    printfa.o(i.__0sprintf) refers to printfa.o(i._sputc) for _sputc
    printfa.o(i.__0vfprintf) refers (Special) to iusefp.o(.text) for __I$use$fp
    printfa.o(i.__0vfprintf) refers to printfa.o(i._printf_core) for _printf_core
    printfa.o(i.__0vfprintf) refers to asmplatformconfig.o(i.fputc) for fputc
    printfa.o(i.__0vprintf) refers (Special) to iusefp.o(.text) for __I$use$fp
    printfa.o(i.__0vprintf) refers to printfa.o(i._printf_core) for _printf_core
    printfa.o(i.__0vprintf) refers to asmplatformconfig.o(i.fputc) for fputc
    printfa.o(i.__0vprintf) refers to stdout.o(.data) for __stdout
    printfa.o(i.__0vsnprintf) refers (Special) to iusefp.o(.text) for __I$use$fp
    printfa.o(i.__0vsnprintf) refers to printfa.o(i._printf_core) for _printf_core
    printfa.o(i.__0vsnprintf) refers to printfa.o(i._snputc) for _snputc
    printfa.o(i.__0vsprintf) refers (Special) to iusefp.o(.text) for __I$use$fp
    printfa.o(i.__0vsprintf) refers to printfa.o(i._printf_core) for _printf_core
    printfa.o(i.__0vsprintf) refers to printfa.o(i._sputc) for _sputc
    printfa.o(i._fp_digits) refers (Special) to iusefp.o(.text) for __I$use$fp
    printfa.o(i._fp_digits) refers to dmul.o(.text) for __aeabi_dmul
    printfa.o(i._fp_digits) refers to ddiv.o(.text) for __aeabi_ddiv
    printfa.o(i._fp_digits) refers to cdrcmple.o(.text) for __aeabi_cdrcmple
    printfa.o(i._fp_digits) refers to dadd.o(.text) for __aeabi_dadd
    printfa.o(i._fp_digits) refers to dfixul.o(.text) for __aeabi_d2ulz
    printfa.o(i._fp_digits) refers to uldiv.o(.text) for __aeabi_uldivmod
    printfa.o(i._printf_core) refers (Special) to iusefp.o(.text) for __I$use$fp
    printfa.o(i._printf_core) refers to printfa.o(i._printf_pre_padding) for _printf_pre_padding
    printfa.o(i._printf_core) refers to uldiv.o(.text) for __aeabi_uldivmod
    printfa.o(i._printf_core) refers to printfa.o(i._printf_post_padding) for _printf_post_padding
    printfa.o(i._printf_core) refers to printfa.o(i._fp_digits) for _fp_digits
    printfa.o(i._printf_core) refers to uidiv.o(.text) for __aeabi_uidivmod
    printfa.o(i._printf_post_padding) refers (Special) to iusefp.o(.text) for __I$use$fp
    printfa.o(i._printf_pre_padding) refers (Special) to iusefp.o(.text) for __I$use$fp
    printfa.o(i._snputc) refers (Special) to iusefp.o(.text) for __I$use$fp
    printfa.o(i._sputc) refers (Special) to iusefp.o(.text) for __I$use$fp
    entry2.o(.ARM.Collect$$$$00000001) refers to entry2.o(.ARM.Collect$$$$00002712) for __lit__00000000
    entry2.o(.ARM.Collect$$$$00002712) refers to startup_stm32f030.o(STACK) for __initial_sp
    entry2.o(__vectab_stack_and_reset_area) refers to startup_stm32f030.o(STACK) for __initial_sp
    entry2.o(__vectab_stack_and_reset_area) refers to entry.o(.ARM.Collect$$$$00000000) for __main
    entry5.o(.ARM.Collect$$$$00000004) refers to init.o(.text) for __scatterload
    entry9a.o(.ARM.Collect$$$$0000000B) refers to main.o(i.main) for main
    entry9b.o(.ARM.Collect$$$$0000000C) refers to main.o(i.main) for main
    uldiv.o(.text) refers to llushr.o(.text) for __aeabi_llsr
    uldiv.o(.text) refers to llshl.o(.text) for __aeabi_llsl
    dadd.o(.text) refers to llshl.o(.text) for __aeabi_llsl
    dadd.o(.text) refers to llsshr.o(.text) for __aeabi_lasr
    dadd.o(.text) refers to depilogue.o(.text) for _double_epilogue
    dmul.o(.text) refers to depilogue.o(.text) for _double_epilogue
    ddiv.o(.text) refers to depilogue.o(.text) for _double_round
    dfixul.o(.text) refers to llushr.o(.text) for __aeabi_llsr
    dfixul.o(.text) refers to llshl.o(.text) for __aeabi_llsl
    init.o(.text) refers to entry5.o(.ARM.Collect$$$$00000004) for __main_after_scatterload
    depilogue.o(.text) refers to depilogue.o(i.__ARM_clz) for __ARM_clz
    depilogue.o(.text) refers to llshl.o(.text) for __aeabi_llsl
    depilogue.o(.text) refers to llushr.o(.text) for __aeabi_llsr


==============================================================================

Removing Unused input sections from the image.

    Removing main.o(.rev16_text), (4 bytes).
    Removing main.o(.revsh_text), (4 bytes).
    Removing timeout_api.o(.rev16_text), (4 bytes).
    Removing timeout_api.o(.revsh_text), (4 bytes).
    Removing timeout_api.o(i.ChangeTimerPeriod), (20 bytes).
    Removing timeout_api.o(i.CheckTimer), (52 bytes).
    Removing timeout_api.o(i.GetPassTime), (24 bytes).
    Removing timeout_api.o(i.InitTimer), (12 bytes).
    Removing timeout_api.o(i.IsTimeOut), (44 bytes).
    Removing timeout_api.o(i.PastTimeGet), (24 bytes).
    Removing timeout_api.o(i.StartTimer), (20 bytes).
    Removing timeout_api.o(i.TimeOutSet), (16 bytes).
    Removing timeout_api.o(i.WaitMs), (28 bytes).
    Removing stm32f0xx_adc.o(.rev16_text), (4 bytes).
    Removing stm32f0xx_adc.o(.revsh_text), (4 bytes).
    Removing stm32f0xx_adc.o(i.ADC_AnalogWatchdogCmd), (68 bytes).
    Removing stm32f0xx_adc.o(i.ADC_AnalogWatchdogSingleChannelCmd), (68 bytes).
    Removing stm32f0xx_adc.o(i.ADC_AnalogWatchdogSingleChannelConfig), (200 bytes).
    Removing stm32f0xx_adc.o(i.ADC_AnalogWatchdogThresholdsConfig), (76 bytes).
    Removing stm32f0xx_adc.o(i.ADC_AutoPowerOffCmd), (68 bytes).
    Removing stm32f0xx_adc.o(i.ADC_ChannelConfig), (104 bytes).
    Removing stm32f0xx_adc.o(i.ADC_ClearFlag), (60 bytes).
    Removing stm32f0xx_adc.o(i.ADC_ClearITPendingBit), (60 bytes).
    Removing stm32f0xx_adc.o(i.ADC_ClockModeConfig), (64 bytes).
    Removing stm32f0xx_adc.o(i.ADC_Cmd), (60 bytes).
    Removing stm32f0xx_adc.o(i.ADC_ContinuousModeCmd), (68 bytes).
    Removing stm32f0xx_adc.o(i.ADC_DMACmd), (68 bytes).
    Removing stm32f0xx_adc.o(i.ADC_DMARequestModeConfig), (48 bytes).
    Removing stm32f0xx_adc.o(i.ADC_DeInit), (48 bytes).
    Removing stm32f0xx_adc.o(i.ADC_DiscModeCmd), (68 bytes).
    Removing stm32f0xx_adc.o(i.ADC_GetCalibrationFactor), (76 bytes).
    Removing stm32f0xx_adc.o(i.ADC_GetConversionValue), (36 bytes).
    Removing stm32f0xx_adc.o(i.ADC_GetFlagStatus), (132 bytes).
    Removing stm32f0xx_adc.o(i.ADC_GetITStatus), (88 bytes).
    Removing stm32f0xx_adc.o(i.ADC_ITConfig), (92 bytes).
    Removing stm32f0xx_adc.o(i.ADC_Init), (216 bytes).
    Removing stm32f0xx_adc.o(i.ADC_JitterCmd), (80 bytes).
    Removing stm32f0xx_adc.o(i.ADC_OverrunModeCmd), (68 bytes).
    Removing stm32f0xx_adc.o(i.ADC_StartOfConversion), (40 bytes).
    Removing stm32f0xx_adc.o(i.ADC_StopOfConversion), (40 bytes).
    Removing stm32f0xx_adc.o(i.ADC_StructInit), (16 bytes).
    Removing stm32f0xx_adc.o(i.ADC_TempSensorCmd), (52 bytes).
    Removing stm32f0xx_adc.o(i.ADC_VbatCmd), (48 bytes).
    Removing stm32f0xx_adc.o(i.ADC_VrefintCmd), (48 bytes).
    Removing stm32f0xx_adc.o(i.ADC_WaitModeCmd), (68 bytes).
    Removing stm32f0xx_adc.o(.conststring), (70 bytes).
    Removing stm32f0xx_crc.o(.rev16_text), (4 bytes).
    Removing stm32f0xx_crc.o(.revsh_text), (4 bytes).
    Removing stm32f0xx_crc.o(i.CRC_CalcBlockCRC), (28 bytes).
    Removing stm32f0xx_crc.o(i.CRC_CalcCRC), (12 bytes).
    Removing stm32f0xx_crc.o(i.CRC_CalcCRC16bits), (12 bytes).
    Removing stm32f0xx_crc.o(i.CRC_CalcCRC8bits), (12 bytes).
    Removing stm32f0xx_crc.o(i.CRC_DeInit), (32 bytes).
    Removing stm32f0xx_crc.o(i.CRC_GetCRC), (12 bytes).
    Removing stm32f0xx_crc.o(i.CRC_GetIDRegister), (12 bytes).
    Removing stm32f0xx_crc.o(i.CRC_PolynomialSizeSelect), (52 bytes).
    Removing stm32f0xx_crc.o(i.CRC_ResetDR), (16 bytes).
    Removing stm32f0xx_crc.o(i.CRC_ReverseInputDataSelect), (48 bytes).
    Removing stm32f0xx_crc.o(i.CRC_ReverseOutputDataCmd), (44 bytes).
    Removing stm32f0xx_crc.o(i.CRC_SetIDRegister), (12 bytes).
    Removing stm32f0xx_crc.o(i.CRC_SetInitRegister), (12 bytes).
    Removing stm32f0xx_crc.o(i.CRC_SetPolynomial), (12 bytes).
    Removing stm32f0xx_crc.o(.conststring), (70 bytes).
    Removing stm32f0xx_dbgmcu.o(.rev16_text), (4 bytes).
    Removing stm32f0xx_dbgmcu.o(.revsh_text), (4 bytes).
    Removing stm32f0xx_dbgmcu.o(i.DBGMCU_APB1PeriphConfig), (68 bytes).
    Removing stm32f0xx_dbgmcu.o(i.DBGMCU_APB2PeriphConfig), (68 bytes).
    Removing stm32f0xx_dbgmcu.o(i.DBGMCU_Config), (64 bytes).
    Removing stm32f0xx_dbgmcu.o(i.DBGMCU_GetDEVID), (16 bytes).
    Removing stm32f0xx_dbgmcu.o(i.DBGMCU_GetREVID), (12 bytes).
    Removing stm32f0xx_dbgmcu.o(.conststring), (73 bytes).
    Removing stm32f0xx_dma.o(.rev16_text), (4 bytes).
    Removing stm32f0xx_dma.o(.revsh_text), (4 bytes).
    Removing stm32f0xx_dma.o(i.DMA_ClearFlag), (60 bytes).
    Removing stm32f0xx_dma.o(i.DMA_ClearITPendingBit), (60 bytes).
    Removing stm32f0xx_dma.o(i.DMA_Cmd), (160 bytes).
    Removing stm32f0xx_dma.o(i.DMA_DeInit), (292 bytes).
    Removing stm32f0xx_dma.o(i.DMA_GetCurrDataCounter), (124 bytes).
    Removing stm32f0xx_dma.o(i.DMA_GetFlagStatus), (388 bytes).
    Removing stm32f0xx_dma.o(i.DMA_GetITStatus), (388 bytes).
    Removing stm32f0xx_dma.o(i.DMA_ITConfig), (180 bytes).
    Removing stm32f0xx_dma.o(i.DMA_Init), (384 bytes).
    Removing stm32f0xx_dma.o(i.DMA_RemapConfig), (1264 bytes).
    Removing stm32f0xx_dma.o(i.DMA_SetCurrDataCounter), (124 bytes).
    Removing stm32f0xx_dma.o(i.DMA_StructInit), (26 bytes).
    Removing stm32f0xx_dma.o(.conststring), (70 bytes).
    Removing stm32f0xx_exti.o(.rev16_text), (4 bytes).
    Removing stm32f0xx_exti.o(.revsh_text), (4 bytes).
    Removing stm32f0xx_exti.o(i.EXTI_ClearFlag), (40 bytes).
    Removing stm32f0xx_exti.o(i.EXTI_ClearITPendingBit), (40 bytes).
    Removing stm32f0xx_exti.o(i.EXTI_DeInit), (32 bytes).
    Removing stm32f0xx_exti.o(i.EXTI_GenerateSWInterrupt), (44 bytes).
    Removing stm32f0xx_exti.o(i.EXTI_GetFlagStatus), (192 bytes).
    Removing stm32f0xx_exti.o(i.EXTI_GetITStatus), (196 bytes).
    Removing stm32f0xx_exti.o(i.EXTI_Init), (192 bytes).
    Removing stm32f0xx_exti.o(i.EXTI_StructInit), (14 bytes).
    Removing stm32f0xx_exti.o(.conststring), (71 bytes).
    Removing stm32f0xx_flash.o(.rev16_text), (4 bytes).
    Removing stm32f0xx_flash.o(.revsh_text), (4 bytes).
    Removing stm32f0xx_flash.o(i.FLASH_ClearFlag), (40 bytes).
    Removing stm32f0xx_flash.o(i.FLASH_EraseAllPages), (52 bytes).
    Removing stm32f0xx_flash.o(i.FLASH_ErasePage), (88 bytes).
    Removing stm32f0xx_flash.o(i.FLASH_GetFlagStatus), (56 bytes).
    Removing stm32f0xx_flash.o(i.FLASH_GetPrefetchBufferStatus), (20 bytes).
    Removing stm32f0xx_flash.o(i.FLASH_GetStatus), (40 bytes).
    Removing stm32f0xx_flash.o(i.FLASH_ITConfig), (72 bytes).
    Removing stm32f0xx_flash.o(i.FLASH_Lock), (16 bytes).
    Removing stm32f0xx_flash.o(i.FLASH_OB_BOOT0Config), (84 bytes).
    Removing stm32f0xx_flash.o(i.FLASH_OB_BOOT0SWConfig), (84 bytes).
    Removing stm32f0xx_flash.o(i.FLASH_OB_BOOTConfig), (84 bytes).
    Removing stm32f0xx_flash.o(i.FLASH_OB_EnableWRP), (156 bytes).
    Removing stm32f0xx_flash.o(i.FLASH_OB_Erase), (116 bytes).
    Removing stm32f0xx_flash.o(i.FLASH_OB_GetRDP), (20 bytes).
    Removing stm32f0xx_flash.o(i.FLASH_OB_GetUser), (16 bytes).
    Removing stm32f0xx_flash.o(i.FLASH_OB_GetWRP), (12 bytes).
    Removing stm32f0xx_flash.o(i.FLASH_OB_Launch), (20 bytes).
    Removing stm32f0xx_flash.o(i.FLASH_OB_Lock), (16 bytes).
    Removing stm32f0xx_flash.o(i.FLASH_OB_ProgramData), (88 bytes).
    Removing stm32f0xx_flash.o(i.FLASH_OB_RDPConfig), (112 bytes).
    Removing stm32f0xx_flash.o(i.FLASH_OB_SRAMParityConfig), (84 bytes).
    Removing stm32f0xx_flash.o(i.FLASH_OB_Unlock), (32 bytes).
    Removing stm32f0xx_flash.o(i.FLASH_OB_UserConfig), (132 bytes).
    Removing stm32f0xx_flash.o(i.FLASH_OB_VDDAConfig), (84 bytes).
    Removing stm32f0xx_flash.o(i.FLASH_OB_WriteUser), (60 bytes).
    Removing stm32f0xx_flash.o(i.FLASH_PrefetchBufferCmd), (44 bytes).
    Removing stm32f0xx_flash.o(i.FLASH_ProgramHalfWord), (84 bytes).
    Removing stm32f0xx_flash.o(i.FLASH_ProgramWord), (104 bytes).
    Removing stm32f0xx_flash.o(i.FLASH_SetLatency), (40 bytes).
    Removing stm32f0xx_flash.o(i.FLASH_Unlock), (32 bytes).
    Removing stm32f0xx_flash.o(i.FLASH_WaitForLastOperation), (34 bytes).
    Removing stm32f0xx_flash.o(.conststring), (72 bytes).
    Removing stm32f0xx_gpio.o(.rev16_text), (4 bytes).
    Removing stm32f0xx_gpio.o(.revsh_text), (4 bytes).
    Removing stm32f0xx_gpio.o(i.GPIO_DeInit), (148 bytes).
    Removing stm32f0xx_gpio.o(i.GPIO_PinLockConfig), (76 bytes).
    Removing stm32f0xx_gpio.o(i.GPIO_ReadInputData), (80 bytes).
    Removing stm32f0xx_gpio.o(i.GPIO_ReadInputDataBit), (188 bytes).
    Removing stm32f0xx_gpio.o(i.GPIO_ReadOutputData), (80 bytes).
    Removing stm32f0xx_gpio.o(i.GPIO_ReadOutputDataBit), (188 bytes).
    Removing stm32f0xx_gpio.o(i.GPIO_ResetBits), (96 bytes).
    Removing stm32f0xx_gpio.o(i.GPIO_SetBits), (96 bytes).
    Removing stm32f0xx_gpio.o(i.GPIO_StructInit), (24 bytes).
    Removing stm32f0xx_gpio.o(i.GPIO_Write), (84 bytes).
    Removing stm32f0xx_gpio.o(i.GPIO_WriteBit), (200 bytes).
    Removing stm32f0xx_i2c.o(.rev16_text), (4 bytes).
    Removing stm32f0xx_i2c.o(.revsh_text), (4 bytes).
    Removing stm32f0xx_i2c.o(i.I2C_10BitAddressHeaderCmd), (80 bytes).
    Removing stm32f0xx_i2c.o(i.I2C_10BitAddressingModeCmd), (80 bytes).
    Removing stm32f0xx_i2c.o(i.I2C_AcknowledgeConfig), (80 bytes).
    Removing stm32f0xx_i2c.o(i.I2C_AutoEndCmd), (80 bytes).
    Removing stm32f0xx_i2c.o(i.I2C_CalculatePEC), (68 bytes).
    Removing stm32f0xx_i2c.o(i.I2C_ClearFlag), (72 bytes).
    Removing stm32f0xx_i2c.o(i.I2C_ClearITPendingBit), (72 bytes).
    Removing stm32f0xx_i2c.o(i.I2C_ClockTimeoutCmd), (68 bytes).
    Removing stm32f0xx_i2c.o(i.I2C_Cmd), (76 bytes).
    Removing stm32f0xx_i2c.o(i.I2C_DMACmd), (104 bytes).
    Removing stm32f0xx_i2c.o(i.I2C_DeInit), (60 bytes).
    Removing stm32f0xx_i2c.o(i.I2C_DualAddressCmd), (76 bytes).
    Removing stm32f0xx_i2c.o(i.I2C_ExtendedClockTimeoutCmd), (72 bytes).
    Removing stm32f0xx_i2c.o(i.I2C_GeneralCallCmd), (76 bytes).
    Removing stm32f0xx_i2c.o(i.I2C_GenerateSTART), (80 bytes).
    Removing stm32f0xx_i2c.o(i.I2C_GenerateSTOP), (80 bytes).
    Removing stm32f0xx_i2c.o(i.I2C_GetAddressMatched), (52 bytes).
    Removing stm32f0xx_i2c.o(i.I2C_GetFlagStatus), (144 bytes).
    Removing stm32f0xx_i2c.o(i.I2C_GetITStatus), (168 bytes).
    Removing stm32f0xx_i2c.o(i.I2C_GetPEC), (36 bytes).
    Removing stm32f0xx_i2c.o(i.I2C_GetTransferDirection), (60 bytes).
    Removing stm32f0xx_i2c.o(i.I2C_ITConfig), (100 bytes).
    Removing stm32f0xx_i2c.o(i.I2C_IdleClockTimeoutCmd), (68 bytes).
    Removing stm32f0xx_i2c.o(i.I2C_Init), (260 bytes).
    Removing stm32f0xx_i2c.o(i.I2C_MasterRequestConfig), (80 bytes).
    Removing stm32f0xx_i2c.o(i.I2C_NumberOfBytesConfig), (56 bytes).
    Removing stm32f0xx_i2c.o(i.I2C_OwnAddress2Config), (124 bytes).
    Removing stm32f0xx_i2c.o(i.I2C_PECRequestCmd), (68 bytes).
    Removing stm32f0xx_i2c.o(i.I2C_ReadRegister), (108 bytes).
    Removing stm32f0xx_i2c.o(i.I2C_ReceiveData), (48 bytes).
    Removing stm32f0xx_i2c.o(i.I2C_ReloadCmd), (80 bytes).
    Removing stm32f0xx_i2c.o(i.I2C_SMBusAlertCmd), (68 bytes).
    Removing stm32f0xx_i2c.o(i.I2C_SendData), (48 bytes).
    Removing stm32f0xx_i2c.o(i.I2C_SlaveAddressConfig), (80 bytes).
    Removing stm32f0xx_i2c.o(i.I2C_SlaveByteControlCmd), (76 bytes).
    Removing stm32f0xx_i2c.o(i.I2C_SoftwareResetCmd), (60 bytes).
    Removing stm32f0xx_i2c.o(i.I2C_StopModeCmd), (68 bytes).
    Removing stm32f0xx_i2c.o(i.I2C_StretchClockCmd), (76 bytes).
    Removing stm32f0xx_i2c.o(i.I2C_StructInit), (22 bytes).
    Removing stm32f0xx_i2c.o(i.I2C_TimeoutAConfig), (68 bytes).
    Removing stm32f0xx_i2c.o(i.I2C_TimeoutBConfig), (72 bytes).
    Removing stm32f0xx_i2c.o(i.I2C_TransferHandling), (164 bytes).
    Removing stm32f0xx_i2c.o(.conststring), (70 bytes).
    Removing stm32f0xx_iwdg.o(.rev16_text), (4 bytes).
    Removing stm32f0xx_iwdg.o(.revsh_text), (4 bytes).
    Removing stm32f0xx_iwdg.o(i.IWDG_Enable), (16 bytes).
    Removing stm32f0xx_iwdg.o(i.IWDG_GetFlagStatus), (52 bytes).
    Removing stm32f0xx_iwdg.o(i.IWDG_ReloadCounter), (16 bytes).
    Removing stm32f0xx_iwdg.o(i.IWDG_SetPrescaler), (52 bytes).
    Removing stm32f0xx_iwdg.o(i.IWDG_SetReload), (36 bytes).
    Removing stm32f0xx_iwdg.o(i.IWDG_SetWindowValue), (36 bytes).
    Removing stm32f0xx_iwdg.o(i.IWDG_WriteAccessCmd), (40 bytes).
    Removing stm32f0xx_iwdg.o(.conststring), (71 bytes).
    Removing stm32f0xx_misc.o(.rev16_text), (4 bytes).
    Removing stm32f0xx_misc.o(.revsh_text), (4 bytes).
    Removing stm32f0xx_misc.o(i.NVIC_Init), (116 bytes).
    Removing stm32f0xx_misc.o(i.NVIC_SystemLPConfig), (68 bytes).
    Removing stm32f0xx_misc.o(i.SysTick_CLKSourceConfig), (44 bytes).
    Removing stm32f0xx_misc.o(.conststring), (71 bytes).
    Removing stm32f0xx_pwr.o(.rev16_text), (4 bytes).
    Removing stm32f0xx_pwr.o(.revsh_text), (4 bytes).
    Removing stm32f0xx_pwr.o(i.PWR_BackupAccessCmd), (44 bytes).
    Removing stm32f0xx_pwr.o(i.PWR_ClearFlag), (44 bytes).
    Removing stm32f0xx_pwr.o(i.PWR_DeInit), (22 bytes).
    Removing stm32f0xx_pwr.o(i.PWR_EnterSTANDBYMode), (32 bytes).
    Removing stm32f0xx_pwr.o(i.PWR_EnterSTOPMode), (112 bytes).
    Removing stm32f0xx_pwr.o(i.PWR_EnterSleepMode), (56 bytes).
    Removing stm32f0xx_pwr.o(i.PWR_GetFlagStatus), (56 bytes).
    Removing stm32f0xx_pwr.o(i.PWR_PVDCmd), (44 bytes).
    Removing stm32f0xx_pwr.o(i.PWR_PVDLevelConfig), (64 bytes).
    Removing stm32f0xx_pwr.o(i.PWR_WakeUpPinCmd), (108 bytes).
    Removing stm32f0xx_pwr.o(.conststring), (70 bytes).
    Removing stm32f0xx_rcc.o(.rev16_text), (4 bytes).
    Removing stm32f0xx_rcc.o(.revsh_text), (4 bytes).
    Removing stm32f0xx_rcc.o(i.RCC_ADCCLKConfig), (84 bytes).
    Removing stm32f0xx_rcc.o(i.RCC_AHBPeriphResetCmd), (76 bytes).
    Removing stm32f0xx_rcc.o(i.RCC_APB1PeriphClockCmd), (76 bytes).
    Removing stm32f0xx_rcc.o(i.RCC_APB1PeriphResetCmd), (76 bytes).
    Removing stm32f0xx_rcc.o(i.RCC_APB2PeriphResetCmd), (76 bytes).
    Removing stm32f0xx_rcc.o(i.RCC_AdjustHSI14CalibrationValue), (44 bytes).
    Removing stm32f0xx_rcc.o(i.RCC_AdjustHSICalibrationValue), (44 bytes).
    Removing stm32f0xx_rcc.o(i.RCC_BackupResetCmd), (48 bytes).
    Removing stm32f0xx_rcc.o(i.RCC_CECCLKConfig), (48 bytes).
    Removing stm32f0xx_rcc.o(i.RCC_ClearFlag), (20 bytes).
    Removing stm32f0xx_rcc.o(i.RCC_ClearITPendingBit), (32 bytes).
    Removing stm32f0xx_rcc.o(i.RCC_ClockSecuritySystemCmd), (52 bytes).
    Removing stm32f0xx_rcc.o(i.RCC_DeInit), (92 bytes).
    Removing stm32f0xx_rcc.o(i.RCC_GetFlagStatus), (132 bytes).
    Removing stm32f0xx_rcc.o(i.RCC_GetITStatus), (72 bytes).
    Removing stm32f0xx_rcc.o(i.RCC_GetSYSCLKSource), (16 bytes).
    Removing stm32f0xx_rcc.o(i.RCC_HCLKConfig), (72 bytes).
    Removing stm32f0xx_rcc.o(i.RCC_HSEConfig), (40 bytes).
    Removing stm32f0xx_rcc.o(i.RCC_HSI14ADCRequestCmd), (48 bytes).
    Removing stm32f0xx_rcc.o(i.RCC_HSI14Cmd), (48 bytes).
    Removing stm32f0xx_rcc.o(i.RCC_HSI48Cmd), (52 bytes).
    Removing stm32f0xx_rcc.o(i.RCC_HSICmd), (48 bytes).
    Removing stm32f0xx_rcc.o(i.RCC_I2CCLKConfig), (48 bytes).
    Removing stm32f0xx_rcc.o(i.RCC_ITConfig), (68 bytes).
    Removing stm32f0xx_rcc.o(i.RCC_LSEConfig), (60 bytes).
    Removing stm32f0xx_rcc.o(i.RCC_LSEDriveConfig), (56 bytes).
    Removing stm32f0xx_rcc.o(i.RCC_LSICmd), (48 bytes).
    Removing stm32f0xx_rcc.o(i.RCC_MCOConfig), (152 bytes).
    Removing stm32f0xx_rcc.o(i.RCC_PCLKConfig), (72 bytes).
    Removing stm32f0xx_rcc.o(i.RCC_PLLCmd), (52 bytes).
    Removing stm32f0xx_rcc.o(i.RCC_PLLConfig), (196 bytes).
    Removing stm32f0xx_rcc.o(i.RCC_PREDIV1Config), (100 bytes).
    Removing stm32f0xx_rcc.o(i.RCC_RTCCLKCmd), (52 bytes).
    Removing stm32f0xx_rcc.o(i.RCC_RTCCLKConfig), (56 bytes).
    Removing stm32f0xx_rcc.o(i.RCC_SYSCLKConfig), (52 bytes).
    Removing stm32f0xx_rcc.o(i.RCC_USARTCLKConfig), (168 bytes).
    Removing stm32f0xx_rcc.o(i.RCC_USBCLKConfig), (48 bytes).
    Removing stm32f0xx_rcc.o(i.RCC_WaitForHSEStartUp), (44 bytes).
    Removing stm32f0xx_rtc.o(.rev16_text), (4 bytes).
    Removing stm32f0xx_rtc.o(.revsh_text), (4 bytes).
    Removing stm32f0xx_rtc.o(i.RTC_AlarmCmd), (120 bytes).
    Removing stm32f0xx_rtc.o(i.RTC_AlarmStructInit), (20 bytes).
    Removing stm32f0xx_rtc.o(i.RTC_AlarmSubSecondConfig), (152 bytes).
    Removing stm32f0xx_rtc.o(i.RTC_Bcd2ToByte), (16 bytes).
    Removing stm32f0xx_rtc.o(i.RTC_BypassShadowCmd), (64 bytes).
    Removing stm32f0xx_rtc.o(i.RTC_ByteToBcd2), (24 bytes).
    Removing stm32f0xx_rtc.o(i.RTC_CalibOutputCmd), (64 bytes).
    Removing stm32f0xx_rtc.o(i.RTC_CalibOutputConfig), (64 bytes).
    Removing stm32f0xx_rtc.o(i.RTC_ClearFlag), (60 bytes).
    Removing stm32f0xx_rtc.o(i.RTC_ClearITPendingBit), (56 bytes).
    Removing stm32f0xx_rtc.o(i.RTC_DateStructInit), (14 bytes).
    Removing stm32f0xx_rtc.o(i.RTC_DayLightSavingConfig), (92 bytes).
    Removing stm32f0xx_rtc.o(i.RTC_DeInit), (92 bytes).
    Removing stm32f0xx_rtc.o(i.RTC_EnterInitMode), (60 bytes).
    Removing stm32f0xx_rtc.o(i.RTC_ExitInitMode), (16 bytes).
    Removing stm32f0xx_rtc.o(i.RTC_GetAlarm), (140 bytes).
    Removing stm32f0xx_rtc.o(i.RTC_GetAlarmSubSecond), (16 bytes).
    Removing stm32f0xx_rtc.o(i.RTC_GetDate), (96 bytes).
    Removing stm32f0xx_rtc.o(i.RTC_GetFlagStatus), (120 bytes).
    Removing stm32f0xx_rtc.o(i.RTC_GetITStatus), (116 bytes).
    Removing stm32f0xx_rtc.o(i.RTC_GetStoreOperation), (16 bytes).
    Removing stm32f0xx_rtc.o(i.RTC_GetSubSecond), (12 bytes).
    Removing stm32f0xx_rtc.o(i.RTC_GetTime), (100 bytes).
    Removing stm32f0xx_rtc.o(i.RTC_GetTimeStamp), (160 bytes).
    Removing stm32f0xx_rtc.o(i.RTC_GetTimeStampSubSecond), (12 bytes).
    Removing stm32f0xx_rtc.o(i.RTC_GetWakeUpCounter), (12 bytes).
    Removing stm32f0xx_rtc.o(i.RTC_ITConfig), (112 bytes).
    Removing stm32f0xx_rtc.o(i.RTC_Init), (136 bytes).
    Removing stm32f0xx_rtc.o(i.RTC_OutputConfig), (100 bytes).
    Removing stm32f0xx_rtc.o(i.RTC_OutputTypeConfig), (52 bytes).
    Removing stm32f0xx_rtc.o(i.RTC_ReadBackupRegister), (60 bytes).
    Removing stm32f0xx_rtc.o(i.RTC_RefClockCmd), (84 bytes).
    Removing stm32f0xx_rtc.o(i.RTC_SetAlarm), (516 bytes).
    Removing stm32f0xx_rtc.o(i.RTC_SetDate), (316 bytes).
    Removing stm32f0xx_rtc.o(i.RTC_SetTime), (340 bytes).
    Removing stm32f0xx_rtc.o(i.RTC_SetWakeUpCounter), (52 bytes).
    Removing stm32f0xx_rtc.o(i.RTC_SmoothCalibConfig), (148 bytes).
    Removing stm32f0xx_rtc.o(i.RTC_StructInit), (14 bytes).
    Removing stm32f0xx_rtc.o(i.RTC_SynchroShiftConfig), (128 bytes).
    Removing stm32f0xx_rtc.o(i.RTC_TamperCmd), (72 bytes).
    Removing stm32f0xx_rtc.o(i.RTC_TamperFilterConfig), (68 bytes).
    Removing stm32f0xx_rtc.o(i.RTC_TamperPinsPrechargeDuration), (68 bytes).
    Removing stm32f0xx_rtc.o(i.RTC_TamperPullUpCmd), (48 bytes).
    Removing stm32f0xx_rtc.o(i.RTC_TamperSamplingFreqConfig), (96 bytes).
    Removing stm32f0xx_rtc.o(i.RTC_TamperTriggerConfig), (72 bytes).
    Removing stm32f0xx_rtc.o(i.RTC_TimeStampCmd), (92 bytes).
    Removing stm32f0xx_rtc.o(i.RTC_TimeStampOnTamperDetectionCmd), (44 bytes).
    Removing stm32f0xx_rtc.o(i.RTC_TimeStructInit), (12 bytes).
    Removing stm32f0xx_rtc.o(i.RTC_WaitForSynchro), (80 bytes).
    Removing stm32f0xx_rtc.o(i.RTC_WakeUpClockConfig), (76 bytes).
    Removing stm32f0xx_rtc.o(i.RTC_WakeUpCmd), (104 bytes).
    Removing stm32f0xx_rtc.o(i.RTC_WriteBackupRegister), (64 bytes).
    Removing stm32f0xx_rtc.o(i.RTC_WriteProtectionCmd), (44 bytes).
    Removing stm32f0xx_rtc.o(.conststring), (70 bytes).
    Removing stm32f0xx_spi.o(.rev16_text), (4 bytes).
    Removing stm32f0xx_spi.o(.revsh_text), (4 bytes).
    Removing stm32f0xx_spi.o(i.I2S_Cmd), (72 bytes).
    Removing stm32f0xx_spi.o(i.I2S_Init), (368 bytes).
    Removing stm32f0xx_spi.o(i.I2S_StructInit), (18 bytes).
    Removing stm32f0xx_spi.o(i.SPI_BiDirectionalLineConfig), (88 bytes).
    Removing stm32f0xx_spi.o(i.SPI_CRCLengthConfig), (84 bytes).
    Removing stm32f0xx_spi.o(i.SPI_CalculateCRC), (84 bytes).
    Removing stm32f0xx_spi.o(i.SPI_Cmd), (76 bytes).
    Removing stm32f0xx_spi.o(i.SPI_DataSizeConfig), (172 bytes).
    Removing stm32f0xx_spi.o(i.SPI_GetCRC), (68 bytes).
    Removing stm32f0xx_spi.o(i.SPI_GetCRCPolynomial), (44 bytes).
    Removing stm32f0xx_spi.o(i.SPI_GetReceptionFIFOStatus), (10 bytes).
    Removing stm32f0xx_spi.o(i.SPI_GetTransmissionFIFOStatus), (10 bytes).
    Removing stm32f0xx_spi.o(i.SPI_I2S_ClearFlag), (64 bytes).
    Removing stm32f0xx_spi.o(i.SPI_I2S_DMACmd), (96 bytes).
    Removing stm32f0xx_spi.o(i.SPI_I2S_DeInit), (76 bytes).
    Removing stm32f0xx_spi.o(i.SPI_I2S_GetFlagStatus), (104 bytes).
    Removing stm32f0xx_spi.o(i.SPI_I2S_GetITStatus), (116 bytes).
    Removing stm32f0xx_spi.o(i.SPI_I2S_ITConfig), (108 bytes).
    Removing stm32f0xx_spi.o(i.SPI_I2S_ReceiveData16), (4 bytes).
    Removing stm32f0xx_spi.o(i.SPI_I2S_SendData16), (48 bytes).
    Removing stm32f0xx_spi.o(i.SPI_Init), (416 bytes).
    Removing stm32f0xx_spi.o(i.SPI_LastDMATransferCmd), (100 bytes).
    Removing stm32f0xx_spi.o(i.SPI_NSSInternalSoftwareConfig), (88 bytes).
    Removing stm32f0xx_spi.o(i.SPI_NSSPulseModeCmd), (76 bytes).
    Removing stm32f0xx_spi.o(i.SPI_ReceiveData8), (4 bytes).
    Removing stm32f0xx_spi.o(i.SPI_RxFIFOThresholdConfig), (84 bytes).
    Removing stm32f0xx_spi.o(i.SPI_SSOutputCmd), (76 bytes).
    Removing stm32f0xx_spi.o(i.SPI_SendData8), (44 bytes).
    Removing stm32f0xx_spi.o(i.SPI_StructInit), (28 bytes).
    Removing stm32f0xx_spi.o(i.SPI_TIModeCmd), (76 bytes).
    Removing stm32f0xx_spi.o(i.SPI_TransmitCRC), (52 bytes).
    Removing stm32f0xx_spi.o(.conststring), (70 bytes).
    Removing stm32f0xx_syscfg.o(.rev16_text), (4 bytes).
    Removing stm32f0xx_syscfg.o(.revsh_text), (4 bytes).
    Removing stm32f0xx_syscfg.o(i.SYSCFG_BreakConfig), (44 bytes).
    Removing stm32f0xx_syscfg.o(i.SYSCFG_ClearFlag), (40 bytes).
    Removing stm32f0xx_syscfg.o(i.SYSCFG_DMAChannelRemapConfig), (144 bytes).
    Removing stm32f0xx_syscfg.o(i.SYSCFG_DeInit), (36 bytes).
    Removing stm32f0xx_syscfg.o(i.SYSCFG_EXTILineConfig), (148 bytes).
    Removing stm32f0xx_syscfg.o(i.SYSCFG_GetFlagStatus), (44 bytes).
    Removing stm32f0xx_syscfg.o(i.SYSCFG_GetPendingIT), (616 bytes).
    Removing stm32f0xx_syscfg.o(i.SYSCFG_I2CFastModePlusConfig), (104 bytes).
    Removing stm32f0xx_syscfg.o(i.SYSCFG_IRDAEnvSelection), (48 bytes).
    Removing stm32f0xx_syscfg.o(i.SYSCFG_MemoryRemapConfig), (44 bytes).
    Removing stm32f0xx_syscfg.o(.conststring), (73 bytes).
    Removing stm32f0xx_tim.o(.rev16_text), (4 bytes).
    Removing stm32f0xx_tim.o(.revsh_text), (4 bytes).
    Removing stm32f0xx_tim.o(i.TI1_Config), (40 bytes).
    Removing stm32f0xx_tim.o(i.TI2_Config), (48 bytes).
    Removing stm32f0xx_tim.o(i.TIM_ARRPreloadConfig), (144 bytes).
    Removing stm32f0xx_tim.o(i.TIM_BDTRConfig), (252 bytes).
    Removing stm32f0xx_tim.o(i.TIM_BDTRStructInit), (18 bytes).
    Removing stm32f0xx_tim.o(i.TIM_CCPreloadControl), (96 bytes).
    Removing stm32f0xx_tim.o(i.TIM_CCxCmd), (132 bytes).
    Removing stm32f0xx_tim.o(i.TIM_CCxNCmd), (124 bytes).
    Removing stm32f0xx_tim.o(i.TIM_ClearFlag), (140 bytes).
    Removing stm32f0xx_tim.o(i.TIM_ClearITPendingBit), (136 bytes).
    Removing stm32f0xx_tim.o(i.TIM_ClearOC1Ref), (120 bytes).
    Removing stm32f0xx_tim.o(i.TIM_ClearOC2Ref), (92 bytes).
    Removing stm32f0xx_tim.o(i.TIM_ClearOC3Ref), (80 bytes).
    Removing stm32f0xx_tim.o(i.TIM_ClearOC4Ref), (84 bytes).
    Removing stm32f0xx_tim.o(i.TIM_Cmd), (148 bytes).
    Removing stm32f0xx_tim.o(i.TIM_CounterModeConfig), (92 bytes).
    Removing stm32f0xx_tim.o(i.TIM_CtrlPWMOutputs), (104 bytes).
    Removing stm32f0xx_tim.o(i.TIM_DMACmd), (160 bytes).
    Removing stm32f0xx_tim.o(i.TIM_DMAConfig), (340 bytes).
    Removing stm32f0xx_tim.o(i.TIM_DeInit), (264 bytes).
    Removing stm32f0xx_tim.o(i.TIM_ETRClockMode1Config), (160 bytes).
    Removing stm32f0xx_tim.o(i.TIM_ETRClockMode2Config), (152 bytes).
    Removing stm32f0xx_tim.o(i.TIM_ETRConfig), (144 bytes).
    Removing stm32f0xx_tim.o(i.TIM_EncoderInterfaceConfig), (164 bytes).
    Removing stm32f0xx_tim.o(i.TIM_ForcedOC1Config), (120 bytes).
    Removing stm32f0xx_tim.o(i.TIM_ForcedOC2Config), (96 bytes).
    Removing stm32f0xx_tim.o(i.TIM_ForcedOC3Config), (80 bytes).
    Removing stm32f0xx_tim.o(i.TIM_ForcedOC4Config), (88 bytes).
    Removing stm32f0xx_tim.o(i.TIM_GenerateEvent), (132 bytes).
    Removing stm32f0xx_tim.o(i.TIM_GetCapture1), (92 bytes).
    Removing stm32f0xx_tim.o(i.TIM_GetCapture2), (64 bytes).
    Removing stm32f0xx_tim.o(i.TIM_GetCapture3), (52 bytes).
    Removing stm32f0xx_tim.o(i.TIM_GetCapture4), (52 bytes).
    Removing stm32f0xx_tim.o(i.TIM_GetCounter), (112 bytes).
    Removing stm32f0xx_tim.o(i.TIM_GetFlagStatus), (196 bytes).
    Removing stm32f0xx_tim.o(i.TIM_GetITStatus), (176 bytes).
    Removing stm32f0xx_tim.o(i.TIM_GetPrescaler), (112 bytes).
    Removing stm32f0xx_tim.o(i.TIM_ICInit), (528 bytes).
    Removing stm32f0xx_tim.o(i.TIM_ICStructInit), (16 bytes).
    Removing stm32f0xx_tim.o(i.TIM_ITConfig), (164 bytes).
    Removing stm32f0xx_tim.o(i.TIM_ITRxExternalClockConfig), (104 bytes).
    Removing stm32f0xx_tim.o(i.TIM_InternalClockConfig), (68 bytes).
    Removing stm32f0xx_tim.o(i.TIM_OC1FastConfig), (120 bytes).
    Removing stm32f0xx_tim.o(i.TIM_OC1Init), (364 bytes).
    Removing stm32f0xx_tim.o(i.TIM_OC1NPolarityConfig), (92 bytes).
    Removing stm32f0xx_tim.o(i.TIM_OC1PolarityConfig), (120 bytes).
    Removing stm32f0xx_tim.o(i.TIM_OC1PreloadConfig), (120 bytes).
    Removing stm32f0xx_tim.o(i.TIM_OC2FastConfig), (96 bytes).
    Removing stm32f0xx_tim.o(i.TIM_OC2Init), (364 bytes).
    Removing stm32f0xx_tim.o(i.TIM_OC2NPolarityConfig), (64 bytes).
    Removing stm32f0xx_tim.o(i.TIM_OC2PolarityConfig), (92 bytes).
    Removing stm32f0xx_tim.o(i.TIM_OC2PreloadConfig), (96 bytes).
    Removing stm32f0xx_tim.o(i.TIM_OC3FastConfig), (80 bytes).
    Removing stm32f0xx_tim.o(i.TIM_OC3Init), (344 bytes).
    Removing stm32f0xx_tim.o(i.TIM_OC3NPolarityConfig), (68 bytes).
    Removing stm32f0xx_tim.o(i.TIM_OC3PolarityConfig), (88 bytes).
    Removing stm32f0xx_tim.o(i.TIM_OC3PreloadConfig), (80 bytes).
    Removing stm32f0xx_tim.o(i.TIM_OC4FastConfig), (88 bytes).
    Removing stm32f0xx_tim.o(i.TIM_OC4Init), (244 bytes).
    Removing stm32f0xx_tim.o(i.TIM_OC4PolarityConfig), (88 bytes).
    Removing stm32f0xx_tim.o(i.TIM_OC4PreloadConfig), (88 bytes).
    Removing stm32f0xx_tim.o(i.TIM_OCStructInit), (20 bytes).
    Removing stm32f0xx_tim.o(i.TIM_PWMIConfig), (156 bytes).
    Removing stm32f0xx_tim.o(i.TIM_PrescalerConfig), (136 bytes).
    Removing stm32f0xx_tim.o(i.TIM_RemapConfig), (64 bytes).
    Removing stm32f0xx_tim.o(i.TIM_SelectCCDMA), (116 bytes).
    Removing stm32f0xx_tim.o(i.TIM_SelectCOM), (96 bytes).
    Removing stm32f0xx_tim.o(i.TIM_SelectHallSensor), (84 bytes).
    Removing stm32f0xx_tim.o(i.TIM_SelectInputTrigger), (116 bytes).
    Removing stm32f0xx_tim.o(i.TIM_SelectMasterSlaveMode), (96 bytes).
    Removing stm32f0xx_tim.o(i.TIM_SelectOCREFClear), (84 bytes).
    Removing stm32f0xx_tim.o(i.TIM_SelectOCxM), (204 bytes).
    Removing stm32f0xx_tim.o(i.TIM_SelectOnePulseMode), (144 bytes).
    Removing stm32f0xx_tim.o(i.TIM_SelectOutputTrigger), (140 bytes).
    Removing stm32f0xx_tim.o(i.TIM_SelectSlaveMode), (104 bytes).
    Removing stm32f0xx_tim.o(i.TIM_SetAutoreload), (112 bytes).
    Removing stm32f0xx_tim.o(i.TIM_SetClockDivision), (140 bytes).
    Removing stm32f0xx_tim.o(i.TIM_SetCompare1), (96 bytes).
    Removing stm32f0xx_tim.o(i.TIM_SetCompare2), (64 bytes).
    Removing stm32f0xx_tim.o(i.TIM_SetCompare3), (56 bytes).
    Removing stm32f0xx_tim.o(i.TIM_SetCompare4), (56 bytes).
    Removing stm32f0xx_tim.o(i.TIM_SetCounter), (112 bytes).
    Removing stm32f0xx_tim.o(i.TIM_SetIC1Prescaler), (132 bytes).
    Removing stm32f0xx_tim.o(i.TIM_SetIC2Prescaler), (108 bytes).
    Removing stm32f0xx_tim.o(i.TIM_SetIC3Prescaler), (92 bytes).
    Removing stm32f0xx_tim.o(i.TIM_SetIC4Prescaler), (100 bytes).
    Removing stm32f0xx_tim.o(i.TIM_TIxExternalClockConfig), (148 bytes).
    Removing stm32f0xx_tim.o(i.TIM_TimeBaseInit), (256 bytes).
    Removing stm32f0xx_tim.o(i.TIM_TimeBaseStructInit), (18 bytes).
    Removing stm32f0xx_tim.o(i.TIM_UpdateDisableConfig), (144 bytes).
    Removing stm32f0xx_tim.o(i.TIM_UpdateRequestConfig), (144 bytes).
    Removing stm32f0xx_tim.o(.conststring), (70 bytes).
    Removing stm32f0xx_usart.o(.rev16_text), (4 bytes).
    Removing stm32f0xx_usart.o(.revsh_text), (4 bytes).
    Removing stm32f0xx_usart.o(i.USART_AddressDetectionConfig), (136 bytes).
    Removing stm32f0xx_usart.o(i.USART_AutoBaudRateCmd), (88 bytes).
    Removing stm32f0xx_usart.o(i.USART_AutoBaudRateConfig), (92 bytes).
    Removing stm32f0xx_usart.o(i.USART_ClearFlag), (184 bytes).
    Removing stm32f0xx_usart.o(i.USART_ClearITPendingBit), (240 bytes).
    Removing stm32f0xx_usart.o(i.USART_ClockInit), (220 bytes).
    Removing stm32f0xx_usart.o(i.USART_ClockStructInit), (12 bytes).
    Removing stm32f0xx_usart.o(i.USART_DECmd), (140 bytes).
    Removing stm32f0xx_usart.o(i.USART_DEPolarityConfig), (140 bytes).
    Removing stm32f0xx_usart.o(i.USART_DMACmd), (160 bytes).
    Removing stm32f0xx_usart.o(i.USART_DMAReceptionErrorConfig), (140 bytes).
    Removing stm32f0xx_usart.o(i.USART_DataInvCmd), (140 bytes).
    Removing stm32f0xx_usart.o(i.USART_DeInit), (232 bytes).
    Removing stm32f0xx_usart.o(i.USART_DirectionModeCmd), (156 bytes).
    Removing stm32f0xx_usart.o(i.USART_GetITStatus), (304 bytes).
    Removing stm32f0xx_usart.o(i.USART_HalfDuplexCmd), (136 bytes).
    Removing stm32f0xx_usart.o(i.USART_ITConfig), (288 bytes).
    Removing stm32f0xx_usart.o(i.USART_InvPinCmd), (160 bytes).
    Removing stm32f0xx_usart.o(i.USART_IrDACmd), (88 bytes).
    Removing stm32f0xx_usart.o(i.USART_IrDAConfig), (88 bytes).
    Removing stm32f0xx_usart.o(i.USART_LINBreakDetectLengthConfig), (88 bytes).
    Removing stm32f0xx_usart.o(i.USART_LINCmd), (88 bytes).
    Removing stm32f0xx_usart.o(i.USART_MSBFirstCmd), (140 bytes).
    Removing stm32f0xx_usart.o(i.USART_MuteModeCmd), (140 bytes).
    Removing stm32f0xx_usart.o(i.USART_MuteModeWakeUpConfig), (140 bytes).
    Removing stm32f0xx_usart.o(i.USART_OneBitMethodCmd), (140 bytes).
    Removing stm32f0xx_usart.o(i.USART_OverSampling8Cmd), (136 bytes).
    Removing stm32f0xx_usart.o(i.USART_OverrunDetectionConfig), (140 bytes).
    Removing stm32f0xx_usart.o(i.USART_ReceiveData), (108 bytes).
    Removing stm32f0xx_usart.o(i.USART_ReceiverTimeOutCmd), (88 bytes).
    Removing stm32f0xx_usart.o(i.USART_RequestCmd), (168 bytes).
    Removing stm32f0xx_usart.o(i.USART_STOPModeCmd), (88 bytes).
    Removing stm32f0xx_usart.o(i.USART_SWAPPinCmd), (140 bytes).
    Removing stm32f0xx_usart.o(i.USART_SetAddress), (120 bytes).
    Removing stm32f0xx_usart.o(i.USART_SetAutoRetryCount), (88 bytes).
    Removing stm32f0xx_usart.o(i.USART_SetBlockLength), (72 bytes).
    Removing stm32f0xx_usart.o(i.USART_SetDEAssertionTime), (136 bytes).
    Removing stm32f0xx_usart.o(i.USART_SetDEDeassertionTime), (136 bytes).
    Removing stm32f0xx_usart.o(i.USART_SetGuardTime), (68 bytes).
    Removing stm32f0xx_usart.o(i.USART_SetPrescaler), (68 bytes).
    Removing stm32f0xx_usart.o(i.USART_SetReceiverTimeOut), (88 bytes).
    Removing stm32f0xx_usart.o(i.USART_SmartCardCmd), (88 bytes).
    Removing stm32f0xx_usart.o(i.USART_SmartCardNACKCmd), (88 bytes).
    Removing stm32f0xx_usart.o(i.USART_StopModeWakeUpSourceConfig), (96 bytes).
    Removing stm32f0xx_usart.o(i.USART_StructInit), (22 bytes).
    Removing stm32f0xx_wwdg.o(.rev16_text), (4 bytes).
    Removing stm32f0xx_wwdg.o(.revsh_text), (4 bytes).
    Removing stm32f0xx_wwdg.o(i.WWDG_ClearFlag), (12 bytes).
    Removing stm32f0xx_wwdg.o(i.WWDG_DeInit), (22 bytes).
    Removing stm32f0xx_wwdg.o(i.WWDG_Enable), (36 bytes).
    Removing stm32f0xx_wwdg.o(i.WWDG_EnableIT), (16 bytes).
    Removing stm32f0xx_wwdg.o(i.WWDG_GetFlagStatus), (20 bytes).
    Removing stm32f0xx_wwdg.o(i.WWDG_SetCounter), (36 bytes).
    Removing stm32f0xx_wwdg.o(i.WWDG_SetPrescaler), (56 bytes).
    Removing stm32f0xx_wwdg.o(i.WWDG_SetWindowValue), (52 bytes).
    Removing stm32f0xx_wwdg.o(.conststring), (71 bytes).
    Removing system_stm32f0xx.o(.rev16_text), (4 bytes).
    Removing system_stm32f0xx.o(.revsh_text), (4 bytes).
    Removing system_stm32f0xx.o(i.SystemCoreClockUpdate), (108 bytes).
    Removing startup_stm32f030.o(HEAP), (512 bytes).
    Removing asmplatformconfig.o(.rev16_text), (4 bytes).
    Removing asmplatformconfig.o(.revsh_text), (4 bytes).
    Removing dadd.o(.text), (356 bytes).
    Removing dmul.o(.text), (208 bytes).
    Removing ddiv.o(.text), (240 bytes).
    Removing dfixul.o(.text), (64 bytes).
    Removing cdrcmple.o(.text), (40 bytes).
    Removing depilogue.o(.text), (190 bytes).
    Removing depilogue.o(i.__ARM_clz), (46 bytes).

526 unused section(s) (total 46822 bytes) removed from the image.

==============================================================================

Image Symbol Table

    Local Symbols

    Symbol Name                              Value     Ov Type        Size  Object(Section)

    ../clib/microlib/division.c              0x00000000   Number         0  uidiv.o ABSOLUTE
    ../clib/microlib/division.c              0x00000000   Number         0  uldiv.o ABSOLUTE
    ../clib/microlib/init/entry.s            0x00000000   Number         0  entry10b.o ABSOLUTE
    ../clib/microlib/init/entry.s            0x00000000   Number         0  entry11a.o ABSOLUTE
    ../clib/microlib/init/entry.s            0x00000000   Number         0  entry.o ABSOLUTE
    ../clib/microlib/init/entry.s            0x00000000   Number         0  entry7a.o ABSOLUTE
    ../clib/microlib/init/entry.s            0x00000000   Number         0  entry8b.o ABSOLUTE
    ../clib/microlib/init/entry.s            0x00000000   Number         0  entry11b.o ABSOLUTE
    ../clib/microlib/init/entry.s            0x00000000   Number         0  entry7b.o ABSOLUTE
    ../clib/microlib/init/entry.s            0x00000000   Number         0  entry5.o ABSOLUTE
    ../clib/microlib/init/entry.s            0x00000000   Number         0  entry9a.o ABSOLUTE
    ../clib/microlib/init/entry.s            0x00000000   Number         0  entry8a.o ABSOLUTE
    ../clib/microlib/init/entry.s            0x00000000   Number         0  entry9b.o ABSOLUTE
    ../clib/microlib/init/entry.s            0x00000000   Number         0  entry2.o ABSOLUTE
    ../clib/microlib/init/entry.s            0x00000000   Number         0  entry10a.o ABSOLUTE
    ../clib/microlib/longlong.c              0x00000000   Number         0  llushr.o ABSOLUTE
    ../clib/microlib/longlong.c              0x00000000   Number         0  llsshr.o ABSOLUTE
    ../clib/microlib/longlong.c              0x00000000   Number         0  llshl.o ABSOLUTE
    ../clib/microlib/printf/printf.c         0x00000000   Number         0  printfb.o ABSOLUTE
    ../clib/microlib/printf/printf.c         0x00000000   Number         0  printf6.o ABSOLUTE
    ../clib/microlib/printf/printf.c         0x00000000   Number         0  printfa.o ABSOLUTE
    ../clib/microlib/printf/printf.c         0x00000000   Number         0  printf7.o ABSOLUTE
    ../clib/microlib/printf/printf.c         0x00000000   Number         0  printf2.o ABSOLUTE
    ../clib/microlib/printf/printf.c         0x00000000   Number         0  printf5.o ABSOLUTE
    ../clib/microlib/printf/printf.c         0x00000000   Number         0  printf4.o ABSOLUTE
    ../clib/microlib/printf/printf.c         0x00000000   Number         0  printf3.o ABSOLUTE
    ../clib/microlib/printf/printf.c         0x00000000   Number         0  printf1.o ABSOLUTE
    ../clib/microlib/printf/printf.c         0x00000000   Number         0  printf8.o ABSOLUTE
    ../clib/microlib/printf/printf.c         0x00000000   Number         0  printf0.o ABSOLUTE
    ../clib/microlib/printf/stubs.s          0x00000000   Number         0  stubs.o ABSOLUTE
    ../clib/microlib/stdio/streams.c         0x00000000   Number         0  stdout.o ABSOLUTE
    ../clib/microlib/stubs.s                 0x00000000   Number         0  iusefp.o ABSOLUTE
    ../fplib/microlib/fpadd.c                0x00000000   Number         0  dadd.o ABSOLUTE
    ../fplib/microlib/fpdiv.c                0x00000000   Number         0  ddiv.o ABSOLUTE
    ../fplib/microlib/fpepilogue.c           0x00000000   Number         0  depilogue.o ABSOLUTE
    ../fplib/microlib/fpfix.c                0x00000000   Number         0  dfixul.o ABSOLUTE
    ../fplib/microlib/fpmul.c                0x00000000   Number         0  dmul.o ABSOLUTE
    ..\AMS32F030\Libraries\CMSIS\Device\ST\STM32F0xx\Source\Templates\arm\startup_stm32f030.s 0x00000000   Number         0  startup_stm32f030.o ABSOLUTE
    ..\AMS32F030\Libraries\CMSIS\Device\ST\STM32F0xx\Source\Templates\system_stm32f0xx.c 0x00000000   Number         0  system_stm32f0xx.o ABSOLUTE
    ..\AMS32F030\Libraries\STM32F0xx_StdPeriph_Driver\src\stm32f0xx_adc.c 0x00000000   Number         0  stm32f0xx_adc.o ABSOLUTE
    ..\AMS32F030\Libraries\STM32F0xx_StdPeriph_Driver\src\stm32f0xx_crc.c 0x00000000   Number         0  stm32f0xx_crc.o ABSOLUTE
    ..\AMS32F030\Libraries\STM32F0xx_StdPeriph_Driver\src\stm32f0xx_dbgmcu.c 0x00000000   Number         0  stm32f0xx_dbgmcu.o ABSOLUTE
    ..\AMS32F030\Libraries\STM32F0xx_StdPeriph_Driver\src\stm32f0xx_dma.c 0x00000000   Number         0  stm32f0xx_dma.o ABSOLUTE
    ..\AMS32F030\Libraries\STM32F0xx_StdPeriph_Driver\src\stm32f0xx_exti.c 0x00000000   Number         0  stm32f0xx_exti.o ABSOLUTE
    ..\AMS32F030\Libraries\STM32F0xx_StdPeriph_Driver\src\stm32f0xx_flash.c 0x00000000   Number         0  stm32f0xx_flash.o ABSOLUTE
    ..\AMS32F030\Libraries\STM32F0xx_StdPeriph_Driver\src\stm32f0xx_gpio.c 0x00000000   Number         0  stm32f0xx_gpio.o ABSOLUTE
    ..\AMS32F030\Libraries\STM32F0xx_StdPeriph_Driver\src\stm32f0xx_i2c.c 0x00000000   Number         0  stm32f0xx_i2c.o ABSOLUTE
    ..\AMS32F030\Libraries\STM32F0xx_StdPeriph_Driver\src\stm32f0xx_iwdg.c 0x00000000   Number         0  stm32f0xx_iwdg.o ABSOLUTE
    ..\AMS32F030\Libraries\STM32F0xx_StdPeriph_Driver\src\stm32f0xx_misc.c 0x00000000   Number         0  stm32f0xx_misc.o ABSOLUTE
    ..\AMS32F030\Libraries\STM32F0xx_StdPeriph_Driver\src\stm32f0xx_pwr.c 0x00000000   Number         0  stm32f0xx_pwr.o ABSOLUTE
    ..\AMS32F030\Libraries\STM32F0xx_StdPeriph_Driver\src\stm32f0xx_rcc.c 0x00000000   Number         0  stm32f0xx_rcc.o ABSOLUTE
    ..\AMS32F030\Libraries\STM32F0xx_StdPeriph_Driver\src\stm32f0xx_rtc.c 0x00000000   Number         0  stm32f0xx_rtc.o ABSOLUTE
    ..\AMS32F030\Libraries\STM32F0xx_StdPeriph_Driver\src\stm32f0xx_spi.c 0x00000000   Number         0  stm32f0xx_spi.o ABSOLUTE
    ..\AMS32F030\Libraries\STM32F0xx_StdPeriph_Driver\src\stm32f0xx_syscfg.c 0x00000000   Number         0  stm32f0xx_syscfg.o ABSOLUTE
    ..\AMS32F030\Libraries\STM32F0xx_StdPeriph_Driver\src\stm32f0xx_tim.c 0x00000000   Number         0  stm32f0xx_tim.o ABSOLUTE
    ..\AMS32F030\Libraries\STM32F0xx_StdPeriph_Driver\src\stm32f0xx_usart.c 0x00000000   Number         0  stm32f0xx_usart.o ABSOLUTE
    ..\AMS32F030\Libraries\STM32F0xx_StdPeriph_Driver\src\stm32f0xx_wwdg.c 0x00000000   Number         0  stm32f0xx_wwdg.o ABSOLUTE
    ..\AMS32F030\Platform\AsmPlatformconfig.c 0x00000000   Number         0  asmplatformconfig.o ABSOLUTE
    ..\AMS32F030\Platform\stm32f0xx_it.c     0x00000000   Number         0  stm32f0xx_it.o ABSOLUTE
    ..\Function\main.c                       0x00000000   Number         0  main.o ABSOLUTE
    ..\Function\timeout_api.c                0x00000000   Number         0  timeout_api.o ABSOLUTE
    ..\\AMS32F030\\Libraries\\CMSIS\\Device\\ST\\STM32F0xx\\Source\\Templates\\system_stm32f0xx.c 0x00000000   Number         0  system_stm32f0xx.o ABSOLUTE
    ..\\AMS32F030\\Libraries\\STM32F0xx_StdPeriph_Driver\\src\\stm32f0xx_adc.c 0x00000000   Number         0  stm32f0xx_adc.o ABSOLUTE
    ..\\AMS32F030\\Libraries\\STM32F0xx_StdPeriph_Driver\\src\\stm32f0xx_crc.c 0x00000000   Number         0  stm32f0xx_crc.o ABSOLUTE
    ..\\AMS32F030\\Libraries\\STM32F0xx_StdPeriph_Driver\\src\\stm32f0xx_dbgmcu.c 0x00000000   Number         0  stm32f0xx_dbgmcu.o ABSOLUTE
    ..\\AMS32F030\\Libraries\\STM32F0xx_StdPeriph_Driver\\src\\stm32f0xx_dma.c 0x00000000   Number         0  stm32f0xx_dma.o ABSOLUTE
    ..\\AMS32F030\\Libraries\\STM32F0xx_StdPeriph_Driver\\src\\stm32f0xx_exti.c 0x00000000   Number         0  stm32f0xx_exti.o ABSOLUTE
    ..\\AMS32F030\\Libraries\\STM32F0xx_StdPeriph_Driver\\src\\stm32f0xx_flash.c 0x00000000   Number         0  stm32f0xx_flash.o ABSOLUTE
    ..\\AMS32F030\\Libraries\\STM32F0xx_StdPeriph_Driver\\src\\stm32f0xx_gpio.c 0x00000000   Number         0  stm32f0xx_gpio.o ABSOLUTE
    ..\\AMS32F030\\Libraries\\STM32F0xx_StdPeriph_Driver\\src\\stm32f0xx_i2c.c 0x00000000   Number         0  stm32f0xx_i2c.o ABSOLUTE
    ..\\AMS32F030\\Libraries\\STM32F0xx_StdPeriph_Driver\\src\\stm32f0xx_iwdg.c 0x00000000   Number         0  stm32f0xx_iwdg.o ABSOLUTE
    ..\\AMS32F030\\Libraries\\STM32F0xx_StdPeriph_Driver\\src\\stm32f0xx_misc.c 0x00000000   Number         0  stm32f0xx_misc.o ABSOLUTE
    ..\\AMS32F030\\Libraries\\STM32F0xx_StdPeriph_Driver\\src\\stm32f0xx_pwr.c 0x00000000   Number         0  stm32f0xx_pwr.o ABSOLUTE
    ..\\AMS32F030\\Libraries\\STM32F0xx_StdPeriph_Driver\\src\\stm32f0xx_rcc.c 0x00000000   Number         0  stm32f0xx_rcc.o ABSOLUTE
    ..\\AMS32F030\\Libraries\\STM32F0xx_StdPeriph_Driver\\src\\stm32f0xx_rtc.c 0x00000000   Number         0  stm32f0xx_rtc.o ABSOLUTE
    ..\\AMS32F030\\Libraries\\STM32F0xx_StdPeriph_Driver\\src\\stm32f0xx_spi.c 0x00000000   Number         0  stm32f0xx_spi.o ABSOLUTE
    ..\\AMS32F030\\Libraries\\STM32F0xx_StdPeriph_Driver\\src\\stm32f0xx_syscfg.c 0x00000000   Number         0  stm32f0xx_syscfg.o ABSOLUTE
    ..\\AMS32F030\\Libraries\\STM32F0xx_StdPeriph_Driver\\src\\stm32f0xx_tim.c 0x00000000   Number         0  stm32f0xx_tim.o ABSOLUTE
    ..\\AMS32F030\\Libraries\\STM32F0xx_StdPeriph_Driver\\src\\stm32f0xx_usart.c 0x00000000   Number         0  stm32f0xx_usart.o ABSOLUTE
    ..\\AMS32F030\\Libraries\\STM32F0xx_StdPeriph_Driver\\src\\stm32f0xx_wwdg.c 0x00000000   Number         0  stm32f0xx_wwdg.o ABSOLUTE
    ..\\AMS32F030\\Platform\\AsmPlatformconfig.c 0x00000000   Number         0  asmplatformconfig.o ABSOLUTE
    ..\\Function\\main.c                     0x00000000   Number         0  main.o ABSOLUTE
    ..\\Function\\timeout_api.c              0x00000000   Number         0  timeout_api.o ABSOLUTE
    cdrcmple.s                               0x00000000   Number         0  cdrcmple.o ABSOLUTE
    dc.s                                     0x00000000   Number         0  dc.o ABSOLUTE
    handlers.s                               0x00000000   Number         0  handlers.o ABSOLUTE
    init.s                                   0x00000000   Number         0  init.o ABSOLUTE
    RESET                                    0x08000000   Section      180  startup_stm32f030.o(RESET)
    .ARM.Collect$$$$00000000                 0x080000b4   Section        0  entry.o(.ARM.Collect$$$$00000000)
    .ARM.Collect$$$$00000001                 0x080000b4   Section        4  entry2.o(.ARM.Collect$$$$00000001)
    .ARM.Collect$$$$00000004                 0x080000b8   Section        4  entry5.o(.ARM.Collect$$$$00000004)
    .ARM.Collect$$$$00000008                 0x080000bc   Section        0  entry7b.o(.ARM.Collect$$$$00000008)
    .ARM.Collect$$$$0000000A                 0x080000bc   Section        0  entry8b.o(.ARM.Collect$$$$0000000A)
    .ARM.Collect$$$$0000000B                 0x080000bc   Section        8  entry9a.o(.ARM.Collect$$$$0000000B)
    .ARM.Collect$$$$0000000D                 0x080000c4   Section        0  entry10a.o(.ARM.Collect$$$$0000000D)
    .ARM.Collect$$$$0000000F                 0x080000c4   Section        0  entry11a.o(.ARM.Collect$$$$0000000F)
    .ARM.Collect$$$$00002712                 0x080000c4   Section        4  entry2.o(.ARM.Collect$$$$00002712)
    __lit__00000000                          0x080000c4   Data           4  entry2.o(.ARM.Collect$$$$00002712)
    .text                                    0x080000c8   Section       88  startup_stm32f030.o(.text)
    .text                                    0x08000120   Section        0  uidiv.o(.text)
    .text                                    0x0800014c   Section       36  init.o(.text)
    i.GPIO_Init                              0x08000170   Section        0  stm32f0xx_gpio.o(i.GPIO_Init)
    i.GPIO_PinAFConfig                       0x08000290   Section        0  stm32f0xx_gpio.o(i.GPIO_PinAFConfig)
    i.HardFault_Handler                      0x08000374   Section        0  stm32f0xx_it.o(i.HardFault_Handler)
    i.NMI_Handler                            0x08000376   Section        0  stm32f0xx_it.o(i.NMI_Handler)
    i.NVIC_SetPriority                       0x08000378   Section        0  asmplatformconfig.o(i.NVIC_SetPriority)
    NVIC_SetPriority                         0x08000379   Thumb Code    60  asmplatformconfig.o(i.NVIC_SetPriority)
    i.PendSV_Handler                         0x080003bc   Section        0  stm32f0xx_it.o(i.PendSV_Handler)
    i.RCC_AHBPeriphClockCmd                  0x080003c0   Section        0  stm32f0xx_rcc.o(i.RCC_AHBPeriphClockCmd)
    i.RCC_APB2PeriphClockCmd                 0x0800040c   Section        0  stm32f0xx_rcc.o(i.RCC_APB2PeriphClockCmd)
    i.RCC_GetClocksFreq                      0x08000458   Section        0  stm32f0xx_rcc.o(i.RCC_GetClocksFreq)
    i.SVC_Handler                            0x080005d0   Section        0  stm32f0xx_it.o(i.SVC_Handler)
    i.SetSysClock                            0x080005d4   Section        0  system_stm32f0xx.o(i.SetSysClock)
    SetSysClock                              0x080005d5   Thumb Code   138  system_stm32f0xx.o(i.SetSysClock)
    i.SysTick_Handler                        0x08000668   Section        0  stm32f0xx_it.o(i.SysTick_Handler)
    i.SystemInit                             0x08000678   Section        0  system_stm32f0xx.o(i.SystemInit)
    i.System_Systick_Init                    0x080006d8   Section        0  asmplatformconfig.o(i.System_Systick_Init)
    i.USART_Cmd                              0x08000760   Section        0  stm32f0xx_usart.o(i.USART_Cmd)
    i.USART_GetFlagStatus                    0x080007e8   Section        0  stm32f0xx_usart.o(i.USART_GetFlagStatus)
    i.USART_Init                             0x080008e0   Section        0  stm32f0xx_usart.o(i.USART_Init)
    i.USART_SendData                         0x08000a7c   Section        0  stm32f0xx_usart.o(i.USART_SendData)
    i.Usart_Debug_Init                       0x08000b00   Section        0  asmplatformconfig.o(i.Usart_Debug_Init)
    i.__0printf$3                            0x08000b88   Section        0  printf3.o(i.__0printf$3)
    i.__scatterload_copy                     0x08000ba8   Section       14  handlers.o(i.__scatterload_copy)
    i.__scatterload_null                     0x08000bb6   Section        2  handlers.o(i.__scatterload_null)
    i.__scatterload_zeroinit                 0x08000bb8   Section       14  handlers.o(i.__scatterload_zeroinit)
    i._printf_core                           0x08000bc8   Section        0  printf3.o(i._printf_core)
    _printf_core                             0x08000bc9   Thumb Code   456  printf3.o(i._printf_core)
    i.assert_failed                          0x08000d94   Section        0  main.o(i.assert_failed)
    i.fputc                                  0x08000dd0   Section        0  asmplatformconfig.o(i.fputc)
    i.main                                   0x08000df4   Section        0  main.o(i.main)
    .conststring                             0x08000e08   Section       71  stm32f0xx_gpio.o(.conststring)
    .conststring                             0x08000e50   Section       70  stm32f0xx_rcc.o(.conststring)
    .conststring                             0x08000e98   Section       72  stm32f0xx_usart.o(.conststring)
    .data                                    0x20000000   Section        4  timeout_api.o(.data)
    .data                                    0x20000004   Section       16  stm32f0xx_rcc.o(.data)
    APBAHBPrescTable                         0x20000004   Data          16  stm32f0xx_rcc.o(.data)
    .data                                    0x20000014   Section       20  system_stm32f0xx.o(.data)
    .data                                    0x20000028   Section        4  stdout.o(.data)
    STACK                                    0x20000030   Section     1024  startup_stm32f030.o(STACK)

    Global Symbols

    Symbol Name                              Value     Ov Type        Size  Object(Section)

    BuildAttributes$$THM_ISAv3M$S$PE$A:L22$X:L11$S22$IEEE1$IW$USESV6$~STKCKD$USESV7$~SHL$OSPACE$ROPI$EBA8$MICROLIB$REQ8$PRES8$EABIv2 0x00000000   Number         0  anon$$obj.o ABSOLUTE
    __ARM_use_no_argv                        0x00000000   Number         0  main.o ABSOLUTE
    _printf_a                                0x00000000   Number         0  stubs.o ABSOLUTE
    _printf_c                                0x00000000   Number         0  stubs.o ABSOLUTE
    _printf_charcount                        0x00000000   Number         0  stubs.o ABSOLUTE
    _printf_d                                0x00000000   Number         0  stubs.o ABSOLUTE
    _printf_e                                0x00000000   Number         0  stubs.o ABSOLUTE
    _printf_f                                0x00000000   Number         0  stubs.o ABSOLUTE
    _printf_flags                            0x00000000   Number         0  stubs.o ABSOLUTE
    _printf_fp_dec                           0x00000000   Number         0  stubs.o ABSOLUTE
    _printf_fp_hex                           0x00000000   Number         0  stubs.o ABSOLUTE
    _printf_g                                0x00000000   Number         0  stubs.o ABSOLUTE
    _printf_i                                0x00000000   Number         0  stubs.o ABSOLUTE
    _printf_int_dec                          0x00000000   Number         0  stubs.o ABSOLUTE
    _printf_l                                0x00000000   Number         0  stubs.o ABSOLUTE
    _printf_lc                               0x00000000   Number         0  stubs.o ABSOLUTE
    _printf_ll                               0x00000000   Number         0  stubs.o ABSOLUTE
    _printf_lld                              0x00000000   Number         0  stubs.o ABSOLUTE
    _printf_lli                              0x00000000   Number         0  stubs.o ABSOLUTE
    _printf_llo                              0x00000000   Number         0  stubs.o ABSOLUTE
    _printf_llu                              0x00000000   Number         0  stubs.o ABSOLUTE
    _printf_llx                              0x00000000   Number         0  stubs.o ABSOLUTE
    _printf_longlong_dec                     0x00000000   Number         0  stubs.o ABSOLUTE
    _printf_longlong_hex                     0x00000000   Number         0  stubs.o ABSOLUTE
    _printf_longlong_oct                     0x00000000   Number         0  stubs.o ABSOLUTE
    _printf_ls                               0x00000000   Number         0  stubs.o ABSOLUTE
    _printf_mbtowc                           0x00000000   Number         0  stubs.o ABSOLUTE
    _printf_n                                0x00000000   Number         0  stubs.o ABSOLUTE
    _printf_o                                0x00000000   Number         0  stubs.o ABSOLUTE
    _printf_p                                0x00000000   Number         0  stubs.o ABSOLUTE
    _printf_percent                          0x00000000   Number         0  stubs.o ABSOLUTE
    _printf_pre_padding                      0x00000000   Number         0  stubs.o ABSOLUTE
    _printf_return_value                     0x00000000   Number         0  stubs.o ABSOLUTE
    _printf_s                                0x00000000   Number         0  stubs.o ABSOLUTE
    _printf_sizespec                         0x00000000   Number         0  stubs.o ABSOLUTE
    _printf_str                              0x00000000   Number         0  stubs.o ABSOLUTE
    _printf_truncate_signed                  0x00000000   Number         0  stubs.o ABSOLUTE
    _printf_truncate_unsigned                0x00000000   Number         0  stubs.o ABSOLUTE
    _printf_u                                0x00000000   Number         0  stubs.o ABSOLUTE
    _printf_wc                               0x00000000   Number         0  stubs.o ABSOLUTE
    _printf_wctomb                           0x00000000   Number         0  stubs.o ABSOLUTE
    _printf_widthprec                        0x00000000   Number         0  stubs.o ABSOLUTE
    _printf_x                                0x00000000   Number         0  stubs.o ABSOLUTE
    __cpp_initialize__aeabi_                  - Undefined Weak Reference
    __cxa_finalize                            - Undefined Weak Reference
    __decompress                              - Undefined Weak Reference
    _clock_init                               - Undefined Weak Reference
    _microlib_exit                            - Undefined Weak Reference
    __Vectors_Size                           0x000000b4   Number         0  startup_stm32f030.o ABSOLUTE
    __Vectors                                0x08000000   Data           4  startup_stm32f030.o(RESET)
    __Vectors_End                            0x080000b4   Data           0  startup_stm32f030.o(RESET)
    __main                                   0x080000b5   Thumb Code     0  entry.o(.ARM.Collect$$$$00000000)
    _main_stk                                0x080000b5   Thumb Code     0  entry2.o(.ARM.Collect$$$$00000001)
    _main_scatterload                        0x080000b9   Thumb Code     0  entry5.o(.ARM.Collect$$$$00000004)
    __main_after_scatterload                 0x080000bd   Thumb Code     0  entry5.o(.ARM.Collect$$$$00000004)
    _main_clock                              0x080000bd   Thumb Code     0  entry7b.o(.ARM.Collect$$$$00000008)
    _main_cpp_init                           0x080000bd   Thumb Code     0  entry8b.o(.ARM.Collect$$$$0000000A)
    _main_init                               0x080000bd   Thumb Code     0  entry9a.o(.ARM.Collect$$$$0000000B)
    __rt_final_cpp                           0x080000c5   Thumb Code     0  entry10a.o(.ARM.Collect$$$$0000000D)
    __rt_final_exit                          0x080000c5   Thumb Code     0  entry11a.o(.ARM.Collect$$$$0000000F)
    Reset_Handler                            0x080000c9   Thumb Code    38  startup_stm32f030.o(.text)
    ADC1_IRQHandler                          0x080000f9   Thumb Code     0  startup_stm32f030.o(.text)
    DMA1_Channel1_IRQHandler                 0x080000f9   Thumb Code     0  startup_stm32f030.o(.text)
    DMA1_Channel2_3_IRQHandler               0x080000f9   Thumb Code     0  startup_stm32f030.o(.text)
    DMA1_Channel4_5_IRQHandler               0x080000f9   Thumb Code     0  startup_stm32f030.o(.text)
    EXTI0_1_IRQHandler                       0x080000f9   Thumb Code     0  startup_stm32f030.o(.text)
    EXTI2_3_IRQHandler                       0x080000f9   Thumb Code     0  startup_stm32f030.o(.text)
    EXTI4_15_IRQHandler                      0x080000f9   Thumb Code     0  startup_stm32f030.o(.text)
    FLASH_IRQHandler                         0x080000f9   Thumb Code     0  startup_stm32f030.o(.text)
    I2C1_IRQHandler                          0x080000f9   Thumb Code     0  startup_stm32f030.o(.text)
    I2C2_IRQHandler                          0x080000f9   Thumb Code     0  startup_stm32f030.o(.text)
    RCC_IRQHandler                           0x080000f9   Thumb Code     0  startup_stm32f030.o(.text)
    RTC_IRQHandler                           0x080000f9   Thumb Code     0  startup_stm32f030.o(.text)
    SPI1_IRQHandler                          0x080000f9   Thumb Code     0  startup_stm32f030.o(.text)
    SPI2_IRQHandler                          0x080000f9   Thumb Code     0  startup_stm32f030.o(.text)
    TIM14_IRQHandler                         0x080000f9   Thumb Code     0  startup_stm32f030.o(.text)
    TIM15_IRQHandler                         0x080000f9   Thumb Code     0  startup_stm32f030.o(.text)
    TIM16_IRQHandler                         0x080000f9   Thumb Code     0  startup_stm32f030.o(.text)
    TIM17_IRQHandler                         0x080000f9   Thumb Code     0  startup_stm32f030.o(.text)
    TIM1_BRK_UP_TRG_COM_IRQHandler           0x080000f9   Thumb Code     0  startup_stm32f030.o(.text)
    TIM1_CC_IRQHandler                       0x080000f9   Thumb Code     0  startup_stm32f030.o(.text)
    TIM3_IRQHandler                          0x080000f9   Thumb Code     0  startup_stm32f030.o(.text)
    USART1_IRQHandler                        0x080000f9   Thumb Code     0  startup_stm32f030.o(.text)
    USART2_IRQHandler                        0x080000f9   Thumb Code     0  startup_stm32f030.o(.text)
    WWDG_IRQHandler                          0x080000f9   Thumb Code     0  startup_stm32f030.o(.text)
    __aeabi_uidiv                            0x08000121   Thumb Code     0  uidiv.o(.text)
    __aeabi_uidivmod                         0x08000121   Thumb Code    44  uidiv.o(.text)
    __scatterload                            0x0800014d   Thumb Code    28  init.o(.text)
    __scatterload_rt2                        0x0800014d   Thumb Code     0  init.o(.text)
    GPIO_Init                                0x08000171   Thumb Code   262  stm32f0xx_gpio.o(i.GPIO_Init)
    GPIO_PinAFConfig                         0x08000291   Thumb Code   200  stm32f0xx_gpio.o(i.GPIO_PinAFConfig)
    HardFault_Handler                        0x08000375   Thumb Code     2  stm32f0xx_it.o(i.HardFault_Handler)
    NMI_Handler                              0x08000377   Thumb Code     2  stm32f0xx_it.o(i.NMI_Handler)
    PendSV_Handler                           0x080003bd   Thumb Code     2  stm32f0xx_it.o(i.PendSV_Handler)
    RCC_AHBPeriphClockCmd                    0x080003c1   Thumb Code    58  stm32f0xx_rcc.o(i.RCC_AHBPeriphClockCmd)
    RCC_APB2PeriphClockCmd                   0x0800040d   Thumb Code    58  stm32f0xx_rcc.o(i.RCC_APB2PeriphClockCmd)
    RCC_GetClocksFreq                        0x08000459   Thumb Code   346  stm32f0xx_rcc.o(i.RCC_GetClocksFreq)
    SVC_Handler                              0x080005d1   Thumb Code     2  stm32f0xx_it.o(i.SVC_Handler)
    SysTick_Handler                          0x08000669   Thumb Code    10  stm32f0xx_it.o(i.SysTick_Handler)
    SystemInit                               0x08000679   Thumb Code    84  system_stm32f0xx.o(i.SystemInit)
    System_Systick_Init                      0x080006d9   Thumb Code    70  asmplatformconfig.o(i.System_Systick_Init)
    USART_Cmd                                0x08000761   Thumb Code   100  stm32f0xx_usart.o(i.USART_Cmd)
    USART_GetFlagStatus                      0x080007e9   Thumb Code   206  stm32f0xx_usart.o(i.USART_GetFlagStatus)
    USART_Init                               0x080008e1   Thumb Code   360  stm32f0xx_usart.o(i.USART_Init)
    USART_SendData                           0x08000a7d   Thumb Code    86  stm32f0xx_usart.o(i.USART_SendData)
    Usart_Debug_Init                         0x08000b01   Thumb Code   106  asmplatformconfig.o(i.Usart_Debug_Init)
    __0printf$3                              0x08000b89   Thumb Code    24  printf3.o(i.__0printf$3)
    __1printf$3                              0x08000b89   Thumb Code     0  printf3.o(i.__0printf$3)
    __2printf                                0x08000b89   Thumb Code     0  printf3.o(i.__0printf$3)
    __scatterload_copy                       0x08000ba9   Thumb Code    14  handlers.o(i.__scatterload_copy)
    __scatterload_null                       0x08000bb7   Thumb Code     2  handlers.o(i.__scatterload_null)
    __scatterload_zeroinit                   0x08000bb9   Thumb Code    14  handlers.o(i.__scatterload_zeroinit)
    assert_failed                            0x08000d95   Thumb Code    12  main.o(i.assert_failed)
    fputc                                    0x08000dd1   Thumb Code    30  asmplatformconfig.o(i.fputc)
    main                                     0x08000df5   Thumb Code    18  main.o(i.main)
    Region$$Table$$Base                      0x08000ee0   Number         0  anon$$obj.o(Region$$Table)
    Region$$Table$$Limit                     0x08000f00   Number         0  anon$$obj.o(Region$$Table)
    CORET_Systick_Count                      0x20000000   Data           4  timeout_api.o(.data)
    SystemCoreClock                          0x20000014   Data           4  system_stm32f0xx.o(.data)
    AHBPrescTable                            0x20000018   Data          16  system_stm32f0xx.o(.data)
    __stdout                                 0x20000028   Data           4  stdout.o(.data)
    __initial_sp                             0x20000430   Data           0  startup_stm32f030.o(STACK)



==============================================================================

Memory Map of the image

  Image Entry point : 0x080000b5

  Load Region LR_IROM1 (Base: 0x08000000, Size: 0x00000f2c, Max: 0x00008000, ABSOLUTE)

    Execution Region ER_IROM1 (Exec base: 0x08000000, Load base: 0x08000000, Size: 0x00000f00, Max: 0x00008000, ABSOLUTE)

    Exec Addr    Load Addr    Size         Type   Attr      Idx    E Section Name        Object

    0x08000000   0x08000000   0x000000b4   Data   RO         3305    RESET               startup_stm32f030.o
    0x080000b4   0x080000b4   0x00000000   Code   RO         3351  * .ARM.Collect$$$$00000000  mc_p.l(entry.o)
    0x080000b4   0x080000b4   0x00000004   Code   RO         3617    .ARM.Collect$$$$00000001  mc_p.l(entry2.o)
    0x080000b8   0x080000b8   0x00000004   Code   RO         3620    .ARM.Collect$$$$00000004  mc_p.l(entry5.o)
    0x080000bc   0x080000bc   0x00000000   Code   RO         3622    .ARM.Collect$$$$00000008  mc_p.l(entry7b.o)
    0x080000bc   0x080000bc   0x00000000   Code   RO         3624    .ARM.Collect$$$$0000000A  mc_p.l(entry8b.o)
    0x080000bc   0x080000bc   0x00000008   Code   RO         3625    .ARM.Collect$$$$0000000B  mc_p.l(entry9a.o)
    0x080000c4   0x080000c4   0x00000000   Code   RO         3627    .ARM.Collect$$$$0000000D  mc_p.l(entry10a.o)
    0x080000c4   0x080000c4   0x00000000   Code   RO         3629    .ARM.Collect$$$$0000000F  mc_p.l(entry11a.o)
    0x080000c4   0x080000c4   0x00000004   Code   RO         3618    .ARM.Collect$$$$00002712  mc_p.l(entry2.o)
    0x080000c8   0x080000c8   0x00000058   Code   RO         3306    .text               startup_stm32f030.o
    0x08000120   0x08000120   0x0000002c   Code   RO         3354    .text               mc_p.l(uidiv.o)
    0x0800014c   0x0800014c   0x00000024   Code   RO         3645    .text               mc_p.l(init.o)
    0x08000170   0x08000170   0x00000120   Code   RO          903    i.GPIO_Init         stm32f0xx_gpio.o
    0x08000290   0x08000290   0x000000e4   Code   RO          904    i.GPIO_PinAFConfig  stm32f0xx_gpio.o
    0x08000374   0x08000374   0x00000002   Code   RO         3226    i.HardFault_Handler  stm32f0xx_it.o
    0x08000376   0x08000376   0x00000002   Code   RO         3227    i.NMI_Handler       stm32f0xx_it.o
    0x08000378   0x08000378   0x00000044   Code   RO         3312    i.NVIC_SetPriority  asmplatformconfig.o
    0x080003bc   0x080003bc   0x00000002   Code   RO         3228    i.PendSV_Handler    stm32f0xx_it.o
    0x080003be   0x080003be   0x00000002   PAD
    0x080003c0   0x080003c0   0x0000004c   Code   RO         1428    i.RCC_AHBPeriphClockCmd  stm32f0xx_rcc.o
    0x0800040c   0x0800040c   0x0000004c   Code   RO         1432    i.RCC_APB2PeriphClockCmd  stm32f0xx_rcc.o
    0x08000458   0x08000458   0x00000178   Code   RO         1442    i.RCC_GetClocksFreq  stm32f0xx_rcc.o
    0x080005d0   0x080005d0   0x00000002   Code   RO         3229    i.SVC_Handler       stm32f0xx_it.o
    0x080005d2   0x080005d2   0x00000002   PAD
    0x080005d4   0x080005d4   0x00000094   Code   RO         3268    i.SetSysClock       system_stm32f0xx.o
    0x08000668   0x08000668   0x00000010   Code   RO         3230    i.SysTick_Handler   stm32f0xx_it.o
    0x08000678   0x08000678   0x00000060   Code   RO         3270    i.SystemInit        system_stm32f0xx.o
    0x080006d8   0x080006d8   0x00000088   Code   RO         3313    i.System_Systick_Init  asmplatformconfig.o
    0x08000760   0x08000760   0x00000088   Code   RO         2863    i.USART_Cmd         stm32f0xx_usart.o
    0x080007e8   0x080007e8   0x000000f8   Code   RO         2871    i.USART_GetFlagStatus  stm32f0xx_usart.o
    0x080008e0   0x080008e0   0x0000019c   Code   RO         2875    i.USART_Init        stm32f0xx_usart.o
    0x08000a7c   0x08000a7c   0x00000084   Code   RO         2892    i.USART_SendData    stm32f0xx_usart.o
    0x08000b00   0x08000b00   0x00000088   Code   RO         3314    i.Usart_Debug_Init  asmplatformconfig.o
    0x08000b88   0x08000b88   0x00000020   Code   RO         3445    i.__0printf$3       mc_p.l(printf3.o)
    0x08000ba8   0x08000ba8   0x0000000e   Code   RO         3659    i.__scatterload_copy  mc_p.l(handlers.o)
    0x08000bb6   0x08000bb6   0x00000002   Code   RO         3660    i.__scatterload_null  mc_p.l(handlers.o)
    0x08000bb8   0x08000bb8   0x0000000e   Code   RO         3661    i.__scatterload_zeroinit  mc_p.l(handlers.o)
    0x08000bc6   0x08000bc6   0x00000002   PAD
    0x08000bc8   0x08000bc8   0x000001cc   Code   RO         3452    i._printf_core      mc_p.l(printf3.o)
    0x08000d94   0x08000d94   0x0000003c   Code   RO            3    i.assert_failed     main.o
    0x08000dd0   0x08000dd0   0x00000024   Code   RO         3315    i.fputc             asmplatformconfig.o
    0x08000df4   0x08000df4   0x00000012   Code   RO            4    i.main              main.o
    0x08000e06   0x08000e06   0x00000002   PAD
    0x08000e08   0x08000e08   0x00000047   Data   RO          915    .conststring        stm32f0xx_gpio.o
    0x08000e4f   0x08000e4f   0x00000001   PAD
    0x08000e50   0x08000e50   0x00000046   Data   RO         1468    .conststring        stm32f0xx_rcc.o
    0x08000e96   0x08000e96   0x00000002   PAD
    0x08000e98   0x08000e98   0x00000048   Data   RO         2905    .conststring        stm32f0xx_usart.o
    0x08000ee0   0x08000ee0   0x00000020   Data   RO         3657    Region$$Table       anon$$obj.o


    Execution Region RW_IRAM1 (Exec base: 0x20000000, Load base: 0x08000f00, Size: 0x00000430, Max: 0x00001000, ABSOLUTE)

    Exec Addr    Load Addr    Size         Type   Attr      Idx    E Section Name        Object

    0x20000000   0x08000f00   0x00000004   Data   RW          145    .data               timeout_api.o
    0x20000004   0x08000f04   0x00000010   Data   RW         1469    .data               stm32f0xx_rcc.o
    0x20000014   0x08000f14   0x00000014   Data   RW         3271    .data               system_stm32f0xx.o
    0x20000028   0x08000f28   0x00000004   Data   RW         3631    .data               mc_p.l(stdout.o)
    0x2000002c   0x08000f2c   0x00000004   PAD
    0x20000030        -       0x00000400   Zero   RW         3303    STACK               startup_stm32f030.o


==============================================================================

Image component sizes


      Code (inc. data)   RO Data    RW Data    ZI Data      Debug   Object Name

       376        110          0          0          0       8013   asmplatformconfig.o
        78         48          0          0          0     191867   main.o
        88         38        180          0       1024        728   startup_stm32f030.o
       516         54         71          0          0       2171   stm32f0xx_gpio.o
        24          6          0          0          0       2099   stm32f0xx_it.o
       528         66         70         16          0       3417   stm32f0xx_rcc.o
       928        176         72          0          0       3960   stm32f0xx_usart.o
       244         22          0         20          0       2029   system_stm32f0xx.o
         0          0          0          4          0       1146   timeout_api.o

    ----------------------------------------------------------------------
      2788        520        428         40       1024     215430   Object Totals
         0          0         32          0          0          0   (incl. Generated)
         6          0          3          0          0          0   (incl. Padding)

    ----------------------------------------------------------------------

      Code (inc. data)   RO Data    RW Data    ZI Data      Debug   Library Member Name

         0          0          0          0          0          0   entry.o
         0          0          0          0          0          0   entry10a.o
         0          0          0          0          0          0   entry11a.o
         8          4          0          0          0          0   entry2.o
         4          0          0          0          0          0   entry5.o
         0          0          0          0          0          0   entry7b.o
         0          0          0          0          0          0   entry8b.o
         8          4          0          0          0          0   entry9a.o
        30          0          0          0          0          0   handlers.o
        36          8          0          0          0         68   init.o
       492         12          0          0          0        168   printf3.o
         0          0          0          4          0          0   stdout.o
        44          0          0          0          0         72   uidiv.o

    ----------------------------------------------------------------------
       624         28          0          4          4        308   Library Totals
         2          0          0          0          4          0   (incl. Padding)

    ----------------------------------------------------------------------

      Code (inc. data)   RO Data    RW Data    ZI Data      Debug   Library Name

       622         28          0          4          0        308   mc_p.l

    ----------------------------------------------------------------------
       624         28          0          4          4        308   Library Totals

    ----------------------------------------------------------------------

==============================================================================


      Code (inc. data)   RO Data    RW Data    ZI Data      Debug   

      3412        548        428         44       1028     214966   Grand Totals
      3412        548        428         44       1028     214966   ELF Image Totals
      3412        548        428         44          0          0   ROM Totals

==============================================================================

    Total RO  Size (Code + RO Data)                 3840 (   3.75kB)
    Total RW  Size (RW Data + ZI Data)              1072 (   1.05kB)
    Total ROM Size (Code + RO Data + RW Data)       3884 (   3.79kB)

==============================================================================

