Component: ARM Compiler 5.06 update 6 (build 750) Tool: armlink [4d35ed]

==============================================================================

Section Cross References

    timeout_api.o(i.ChangeTimerPeriod) refers to timeout_api.o(.data) for .data
    timeout_api.o(i.CheckTimer) refers to timeout_api.o(.data) for .data
    timeout_api.o(i.GetPassTime) refers to timeout_api.o(.data) for .data
    timeout_api.o(i.IsTimeOut) refers to timeout_api.o(.data) for .data
    timeout_api.o(i.PastTimeGet) refers to timeout_api.o(.data) for .data
    timeout_api.o(i.StartTimer) refers to timeout_api.o(.data) for .data
    timeout_api.o(i.TimeOutSet) refers to timeout_api.o(.data) for .data
    timeout_api.o(i.WaitMs) refers to uidiv.o(.text) for __aeabi_uidivmod
    timeout_api.o(i.WaitMs) refers to timeout_api.o(.data) for .data
    main.o(i.assert_failed) refers to printf5.o(i.__0printf$5) for __2printf
    main.o(i.main) refers to asmplatformconfig.o(i.Usart_Debug_Init) for Usart_Debug_Init
    main.o(i.main) refers to asmplatformconfig.o(i.System_Systick_Init) for System_Systick_Init
    main.o(i.main) refers to asmplatformconfig.o(i.Pwm_SaveConfig) for Pwm_SaveConfig
    main.o(i.main) refers to timeout_api.o(i.TimeOutSet) for TimeOutSet
    main.o(i.main) refers to single_pwm_led.o(i.Led_DispInit) for Led_DispInit
    main.o(i.main) refers to single_pwm_led.o(i.Led_DispStateSet) for Led_DispStateSet
    main.o(i.main) refers to gpio_key.o(i.GpioKeyInit) for GpioKeyInit
    main.o(i.main) refers to asmplatformconfig.o(i.System_WaterPump_Init) for System_WaterPump_Init
    main.o(i.main) refers to single_pwm_light.o(i.Light_DispInit) for Light_DispInit
    main.o(i.main) refers to single_pwm_light.o(i.Light_DispStateSet) for Light_DispStateSet
    main.o(i.main) refers to asmplatformconfig.o(i.Display) for Display
    main.o(i.main) refers to gpio_key.o(i.GpioKeyScan) for GpioKeyScan
    main.o(i.main) refers to asmplatformconfig.o(i.System_WaterPump_Control) for System_WaterPump_Control
    main.o(i.main) refers to timeout_api.o(i.IsTimeOut) for IsTimeOut
    main.o(i.main) refers to uidiv.o(.text) for __aeabi_uidivmod
    main.o(i.main) refers to asmplatformconfig.o(i.WaterPump_WorkStateDetect) for WaterPump_WorkStateDetect
    main.o(i.main) refers to main.o(.data) for .data
    main.o(i.main) refers to main.o(.constdata) for .constdata
    single_pwm_led.o(i.Led_DispAutoChange) refers to single_pwm_led.o(i.__ARM_common_switch8) for __ARM_common_switch8
    single_pwm_led.o(i.Led_DispAutoChange) refers to uidiv.o(.text) for __aeabi_uidivmod
    single_pwm_led.o(i.Led_DispAutoChange) refers to timeout_api.o(i.ChangeTimerPeriod) for ChangeTimerPeriod
    single_pwm_led.o(i.Led_DispAutoChange) refers to memseta.o(.text) for __aeabi_memclr4
    single_pwm_led.o(i.Led_DispAutoChange) refers to single_pwm_led.o(.data) for .data
    single_pwm_led.o(i.Led_DispAutoChange) refers to single_pwm_led.o(.bss) for .bss
    single_pwm_led.o(i.Led_DispInit) refers to single_pwm_led.o(i.Led_ScanGpioConfig) for Led_ScanGpioConfig
    single_pwm_led.o(i.Led_DispInit) refers to stm32f0xx_pwm.o(i.PwmConfigChannel) for PwmConfigChannel
    single_pwm_led.o(i.Led_DispInit) refers to stm32f0xx_pwm.o(i.PwmEnableChannel) for PwmEnableChannel
    single_pwm_led.o(i.Led_DispInit) refers to timeout_api.o(i.InitTimer) for InitTimer
    single_pwm_led.o(i.Led_DispInit) refers to timeout_api.o(i.StartTimer) for StartTimer
    single_pwm_led.o(i.Led_DispInit) refers to memseta.o(.text) for __aeabi_memclr4
    single_pwm_led.o(i.Led_DispInit) refers to single_pwm_led.o(i.Led_DispStateSet) for Led_DispStateSet
    single_pwm_led.o(i.Led_DispInit) refers to printf5.o(i.__0printf$5) for __2printf
    single_pwm_led.o(i.Led_DispInit) refers to single_pwm_led.o(.constdata) for .constdata
    single_pwm_led.o(i.Led_DispInit) refers to single_pwm_led.o(i.Led_DispAutoChange) for Led_DispAutoChange
    single_pwm_led.o(i.Led_DispInit) refers to single_pwm_led.o(.bss) for .bss
    single_pwm_led.o(i.Led_DispScan) refers to stm32f0xx_gpio.o(i.GPIO_ResetBits) for GPIO_ResetBits
    single_pwm_led.o(i.Led_DispScan) refers to uidiv.o(.text) for __aeabi_uidivmod
    single_pwm_led.o(i.Led_DispScan) refers to stm32f0xx_pwm.o(i.PwmConfigChannel) for PwmConfigChannel
    single_pwm_led.o(i.Led_DispScan) refers to stm32f0xx_gpio.o(i.GPIO_SetBits) for GPIO_SetBits
    single_pwm_led.o(i.Led_DispScan) refers to single_pwm_led.o(.constdata) for .constdata
    single_pwm_led.o(i.Led_DispScan) refers to single_pwm_led.o(.data) for .data
    single_pwm_led.o(i.Led_DispScan) refers to single_pwm_led.o(.bss) for .bss
    single_pwm_led.o(i.Led_DispStateSet) refers to single_pwm_led.o(.data) for .data
    single_pwm_led.o(i.Led_Display) refers to timeout_api.o(i.CheckTimer) for CheckTimer
    single_pwm_led.o(i.Led_Display) refers to single_pwm_led.o(.bss) for .bss
[...]
    Removing stm32f0xx_i2c.o(i.I2C_Cmd), (76 bytes).
    Removing stm32f0xx_i2c.o(i.I2C_DMACmd), (104 bytes).
    Removing stm32f0xx_i2c.o(i.I2C_DeInit), (60 bytes).
    Removing stm32f0xx_i2c.o(i.I2C_DualAddressCmd), (76 bytes).
    Removing stm32f0xx_i2c.o(i.I2C_ExtendedClockTimeoutCmd), (72 bytes).
    Removing stm32f0xx_i2c.o(i.I2C_GeneralCallCmd), (76 bytes).
    Removing stm32f0xx_i2c.o(i.I2C_GenerateSTART), (80 bytes).
    Removing stm32f0xx_i2c.o(i.I2C_GenerateSTOP), (80 bytes).
    Removing stm32f0xx_i2c.o(i.I2C_GetAddressMatched), (52 bytes).
    Removing stm32f0xx_i2c.o(i.I2C_GetFlagStatus), (144 bytes).
    Removing stm32f0xx_i2c.o(i.I2C_GetITStatus), (168 bytes).
    Removing stm32f0xx_i2c.o(i.I2C_GetPEC), (36 bytes).
    Removing stm32f0xx_i2c.o(i.I2C_GetTransferDirection), (60 bytes).
    Removing stm32f0xx_i2c.o(i.I2C_ITConfig), (100 bytes).
    Removing stm32f0xx_i2c.o(i.I2C_IdleClockTimeoutCmd), (68 bytes).
    Removing stm32f0xx_i2c.o(i.I2C_Init), (260 bytes).
    Removing stm32f0xx_i2c.o(i.I2C_MasterRequestConfig), (80 bytes).
    Removing stm32f0xx_i2c.o(i.I2C_NumberOfBytesConfig), (56 bytes).
    Removing stm32f0xx_i2c.o(i.I2C_OwnAddress2Config), (124 bytes).
    Removing stm32f0xx_i2c.o(i.I2C_PECRequestCmd), (68 bytes).
    Removing stm32f0xx_i2c.o(i.I2C_ReadRegister), (108 bytes).
    Removing stm32f0xx_i2c.o(i.I2C_ReceiveData), (48 bytes).
    Removing stm32f0xx_i2c.o(i.I2C_ReloadCmd), (80 bytes).
    Removing stm32f0xx_i2c.o(i.I2C_SMBusAlertCmd), (68 bytes).
    Removing stm32f0xx_i2c.o(i.I2C_SendData), (48 bytes).
    Removing stm32f0xx_i2c.o(i.I2C_SlaveAddressConfig), (80 bytes).
    Removing stm32f0xx_i2c.o(i.I2C_SlaveByteControlCmd), (76 bytes).
    Removing stm32f0xx_i2c.o(i.I2C_SoftwareResetCmd), (60 bytes).
    Removing stm32f0xx_i2c.o(i.I2C_StopModeCmd), (68 bytes).
    Removing stm32f0xx_i2c.o(i.I2C_StretchClockCmd), (76 bytes).
    Removing stm32f0xx_i2c.o(i.I2C_StructInit), (22 bytes).
    Removing stm32f0xx_i2c.o(i.I2C_TimeoutAConfig), (68 bytes).
    Removing stm32f0xx_i2c.o(i.I2C_TimeoutBConfig), (72 bytes).
    Removing stm32f0xx_i2c.o(i.I2C_TransferHandling), (164 bytes).
    Removing stm32f0xx_i2c.o(.conststring), (70 bytes).
    Removing stm32f0xx_iwdg.o(.rev16_text), (4 bytes).
    Removing stm32f0xx_iwdg.o(.revsh_text), (4 bytes).
    Removing stm32f0xx_iwdg.o(i.IWDG_Enable), (16 bytes).
    Removing stm32f0xx_iwdg.o(i.IWDG_GetFlagStatus), (52 bytes).
    Removing stm32f0xx_iwdg.o(i.IWDG_ReloadCounter), (16 bytes).
    Removing stm32f0xx_iwdg.o(i.IWDG_SetPrescaler), (52 bytes).
    Removing stm32f0xx_iwdg.o(i.IWDG_SetReload), (36 bytes).
    Removing stm32f0xx_iwdg.o(i.IWDG_SetWindowValue), (36 bytes).
    Removing stm32f0xx_iwdg.o(i.IWDG_WriteAccessCmd), (40 bytes).
    Removing stm32f0xx_iwdg.o(.conststring), (71 bytes).
    Removing stm32f0xx_misc.o(.rev16_text), (4 bytes).
    Removing stm32f0xx_misc.o(.revsh_text), (4 bytes).
    Removing stm32f0xx_misc.o(i.NVIC_Init), (116 bytes).
    Removing stm32f0xx_misc.o(i.NVIC_SystemLPConfig), (68 bytes).
    Removing stm32f0xx_misc.o(i.SysTick_CLKSourceConfig), (44 bytes).
    Removing stm32f0xx_misc.o(.conststring), (71 bytes).
    Removing stm32f0xx_pwr.o(.rev16_text), (4 bytes).
    Removing stm32f0xx_pwr.o(.revsh_text), (4 bytes).
    Removing stm32f0xx_pwr.o(i.PWR_BackupAccessCmd), (44 bytes).
    Removing stm32f0xx_pwr.o(i.PWR_ClearFlag), (44 bytes).
    Removing stm32f0xx_pwr.o(i.PWR_DeInit), (22 bytes).
    Removing stm32f0xx_pwr.o(i.PWR_EnterSTANDBYMode), (32 bytes).
    Removing stm32f0xx_pwr.o(i.PWR_EnterSTOPMode), (112 bytes).
    Removing stm32f0xx_pwr.o(i.PWR_EnterSleepMode), (56 bytes).
    Removing stm32f0xx_pwr.o(i.PWR_GetFlagStatus), (56 bytes).
    Removing stm32f0xx_pwr.o(i.PWR_PVDCmd), (44 bytes).
    Removing stm32f0xx_pwr.o(i.PWR_PVDLevelConfig), (64 bytes).
    Removing stm32f0xx_pwr.o(i.PWR_WakeUpPinCmd), (108 bytes).
    Removing stm32f0xx_pwr.o(.conststring), (70 bytes).
    Removing stm32f0xx_rcc.o(.rev16_text), (4 bytes).
    Removing stm32f0xx_rcc.o(.revsh_text), (4 bytes).
    Removing stm32f0xx_rcc.o(i.RCC_ADCCLKConfig), (84 bytes).
    Removing stm32f0xx_rcc.o(i.RCC_AHBPeriphResetCmd), (76 bytes).
    Removing stm32f0xx_rcc.o(i.RCC_AdjustHSI14CalibrationValue), (44 bytes).
    Removing stm32f0xx_rcc.o(i.RCC_AdjustHSICalibrationValue), (44 bytes).
    Removing stm32f0xx_rcc.o(i.RCC_BackupResetCmd), (48 bytes).
    Removing stm32f0xx_rcc.o(i.RCC_CECCLKConfig), (48 bytes).
    Removing stm32f0xx_rcc.o(i.RCC_ClearFlag), (20 bytes).
    Removing stm32f0xx_rcc.o(i.RCC_ClearITPendingBit), (32 bytes).
    Removing stm32f0xx_rcc.o(i.RCC_ClockSecuritySystemCmd), (52 bytes).
    Removing stm32f0xx_rcc.o(i.RCC_DeInit), (92 bytes).
    Removing stm32f0xx_rcc.o(i.RCC_GetFlagStatus), (132 bytes).
    Removing stm32f0xx_rcc.o(i.RCC_GetITStatus), (72 bytes).
    Removing stm32f0xx_rcc.o(i.RCC_GetSYSCLKSource), (16 bytes).
    Removing stm32f0xx_rcc.o(i.RCC_HCLKConfig), (72 bytes).
    Removing stm32f0xx_rcc.o(i.RCC_HSEConfig), (40 bytes).
    Removing stm32f0xx_rcc.o(i.RCC_HSI14ADCRequestCmd), (48 bytes).
    Removing stm32f0xx_rcc.o(i.RCC_HSI14Cmd), (48 bytes).
    Removing stm32f0xx_rcc.o(i.RCC_HSI48Cmd), (52 bytes).
    Removing stm32f0xx_rcc.o(i.RCC_HSICmd), (48 bytes).
    Removing stm32f0xx_rcc.o(i.RCC_I2CCLKConfig), (48 bytes).
    Removing stm32f0xx_rcc.o(i.RCC_ITConfig), (68 bytes).
    Removing stm32f0xx_rcc.o(i.RCC_LSEConfig), (60 bytes).
    Removing stm32f0xx_rcc.o(i.RCC_LSEDriveConfig), (56 bytes).
    Removing stm32f0xx_rcc.o(i.RCC_LSICmd), (48 bytes).
    Removing stm32f0xx_rcc.o(i.RCC_MCOConfig), (152 bytes).
    Removing stm32f0xx_rcc.o(i.RCC_PCLKConfig), (72 bytes).
    Removing stm32f0xx_rcc.o(i.RCC_PLLCmd), (52 bytes).
    Removing stm32f0xx_rcc.o(i.RCC_PLLConfig), (196 bytes).
    Removing stm32f0xx_rcc.o(i.RCC_PREDIV1Config), (100 bytes).
    Removing stm32f0xx_rcc.o(i.RCC_RTCCLKCmd), (52 bytes).
    Removing stm32f0xx_rcc.o(i.RCC_RTCCLKConfig), (56 bytes).
    Removing stm32f0xx_rcc.o(i.RCC_SYSCLKConfig), (52 bytes).
    Removing stm32f0xx_rcc.o(i.RCC_USARTCLKConfig), (168 bytes).
    Removing stm32f0xx_rcc.o(i.RCC_USBCLKConfig), (48 bytes).
    Removing stm32f0xx_rcc.o(i.RCC_WaitForHSEStartUp), (44 bytes).
    Removing stm32f0xx_rtc.o(.rev16_text), (4 bytes).
    Removing stm32f0xx_rtc.o(.revsh_text), (4 bytes).
    Removing stm32f0xx_rtc.o(i.RTC_AlarmCmd), (120 bytes).
    Removing stm32f0xx_rtc.o(i.RTC_AlarmStructInit), (20 bytes).
    Removing stm32f0xx_rtc.o(i.RTC_AlarmSubSecondConfig), (152 bytes).
    Removing stm32f0xx_rtc.o(i.RTC_Bcd2ToByte), (16 bytes).
    Removing stm32f0xx_rtc.o(i.RTC_BypassShadowCmd), (64 bytes).
    Removing stm32f0xx_rtc.o(i.RTC_ByteToBcd2), (24 bytes).
    Removing stm32f0xx_rtc.o(i.RTC_CalibOutputCmd), (64 bytes).
    Removing stm32f0xx_rtc.o(i.RTC_CalibOutputConfig), (64 bytes).
    Removing stm32f0xx_rtc.o(i.RTC_ClearFlag), (60 bytes).
    Removing stm32f0xx_rtc.o(i.RTC_ClearITPendingBit), (56 bytes).
    Removing stm32f0xx_rtc.o(i.RTC_DateStructInit), (14 bytes).
    Removing stm32f0xx_rtc.o(i.RTC_DayLightSavingConfig), (92 bytes).
    Removing stm32f0xx_rtc.o(i.RTC_DeInit), (92 bytes).
    Removing stm32f0xx_rtc.o(i.RTC_EnterInitMode), (60 bytes).
    Removing stm32f0xx_rtc.o(i.RTC_ExitInitMode), (16 bytes).
    Removing stm32f0xx_rtc.o(i.RTC_GetAlarm), (140 bytes).
    Removing stm32f0xx_rtc.o(i.RTC_GetAlarmSubSecond), (16 bytes).
    Removing stm32f0xx_rtc.o(i.RTC_GetDate), (96 bytes).
    Removing stm32f0xx_rtc.o(i.RTC_GetFlagStatus), (120 bytes).
    Removing stm32f0xx_rtc.o(i.RTC_GetITStatus), (116 bytes).
    Removing stm32f0xx_rtc.o(i.RTC_GetStoreOperation), (16 bytes).
    Removing stm32f0xx_rtc.o(i.RTC_GetSubSecond), (12 bytes).
    Removing stm32f0xx_rtc.o(i.RTC_GetTime), (100 bytes).
    Removing stm32f0xx_rtc.o(i.RTC_GetTimeStamp), (160 bytes).
    Removing stm32f0xx_rtc.o(i.RTC_GetTimeStampSubSecond), (12 bytes).
    Removing stm32f0xx_rtc.o(i.RTC_GetWakeUpCounter), (12 bytes).
    Removing stm32f0xx_rtc.o(i.RTC_ITConfig), (112 bytes).
    Removing stm32f0xx_rtc.o(i.RTC_Init), (136 bytes).
    Removing stm32f0xx_rtc.o(i.RTC_OutputConfig), (100 bytes).
    Removing stm32f0xx_rtc.o(i.RTC_OutputTypeConfig), (52 bytes).
    Removing stm32f0xx_rtc.o(i.RTC_ReadBackupRegister), (60 bytes).
    Removing stm32f0xx_rtc.o(i.RTC_RefClockCmd), (84 bytes).
    Removing stm32f0xx_rtc.o(i.RTC_SetAlarm), (516 bytes).
    Removing stm32f0xx_rtc.o(i.RTC_SetDate), (316 bytes).
    Removing stm32f0xx_rtc.o(i.RTC_SetTime), (340 bytes).
    Removing stm32f0xx_rtc.o(i.RTC_SetWakeUpCounter), (52 bytes).
    Removing stm32f0xx_rtc.o(i.RTC_SmoothCalibConfig), (148 bytes).
    Removing stm32f0xx_rtc.o(i.RTC_StructInit), (14 bytes).
    Removing stm32f0xx_rtc.o(i.RTC_SynchroShiftConfig), (128 bytes).
    Removing stm32f0xx_rtc.o(i.RTC_TamperCmd), (72 bytes).
    Removing stm32f0xx_rtc.o(i.RTC_TamperFilterConfig), (68 bytes).
    Removing stm32f0xx_rtc.o(i.RTC_TamperPinsPrechargeDuration), (68 bytes).
    Removing stm32f0xx_rtc.o(i.RTC_TamperPullUpCmd), (48 bytes).
    Removing stm32f0xx_rtc.o(i.RTC_TamperSamplingFreqConfig), (96 bytes).
    Removing stm32f0xx_rtc.o(i.RTC_TamperTriggerConfig), (72 bytes).
    Removing stm32f0xx_rtc.o(i.RTC_TimeStampCmd), (92 bytes).
    Removing stm32f0xx_rtc.o(i.RTC_TimeStampOnTamperDetectionCmd), (44 bytes).
    Removing stm32f0xx_rtc.o(i.RTC_TimeStructInit), (12 bytes).
    Removing stm32f0xx_rtc.o(i.RTC_WaitForSynchro), (80 bytes).
    Removing stm32f0xx_rtc.o(i.RTC_WakeUpClockConfig), (76 bytes).
    Removing stm32f0xx_rtc.o(i.RTC_WakeUpCmd), (104 bytes).
    Removing stm32f0xx_rtc.o(i.RTC_WriteBackupRegister), (64 bytes).
    Removing stm32f0xx_rtc.o(i.RTC_WriteProtectionCmd), (44 bytes).
    Removing stm32f0xx_rtc.o(.conststring), (70 bytes).
    Removing stm32f0xx_spi.o(.rev16_text), (4 bytes).
    Removing stm32f0xx_spi.o(.revsh_text), (4 bytes).
    Removing stm32f0xx_spi.o(i.I2S_Cmd), (72 bytes).
    Removing stm32f0xx_spi.o(i.I2S_Init), (368 bytes).
    Removing stm32f0xx_spi.o(i.I2S_StructInit), (18 bytes).
    Removing stm32f0xx_spi.o(i.SPI_BiDirectionalLineConfig), (88 bytes).
    Removing stm32f0xx_spi.o(i.SPI_CRCLengthConfig), (84 bytes).
    Removing stm32f0xx_spi.o(i.SPI_CalculateCRC), (84 bytes).
    Removing stm32f0xx_spi.o(i.SPI_Cmd), (76 bytes).
    Removing stm32f0xx_spi.o(i.SPI_DataSizeConfig), (172 bytes).
    Removing stm32f0xx_spi.o(i.SPI_GetCRC), (68 bytes).
    Removing stm32f0xx_spi.o(i.SPI_GetCRCPolynomial), (44 bytes).
    Removing stm32f0xx_spi.o(i.SPI_GetReceptionFIFOStatus), (10 bytes).
    Removing stm32f0xx_spi.o(i.SPI_GetTransmissionFIFOStatus), (10 bytes).
    Removing stm32f0xx_spi.o(i.SPI_I2S_ClearFlag), (64 bytes).
    Removing stm32f0xx_spi.o(i.SPI_I2S_DMACmd), (96 bytes).
    Removing stm32f0xx_spi.o(i.SPI_I2S_DeInit), (76 bytes).
    Removing stm32f0xx_spi.o(i.SPI_I2S_GetFlagStatus), (104 bytes).
    Removing stm32f0xx_spi.o(i.SPI_I2S_GetITStatus), (116 bytes).
    Removing stm32f0xx_spi.o(i.SPI_I2S_ITConfig), (108 bytes).
    Removing stm32f0xx_spi.o(i.SPI_I2S_ReceiveData16), (4 bytes).
    Removing stm32f0xx_spi.o(i.SPI_I2S_SendData16), (48 bytes).
    Removing stm32f0xx_spi.o(i.SPI_Init), (416 bytes).
    Removing stm32f0xx_spi.o(i.SPI_LastDMATransferCmd), (100 bytes).
    Removing stm32f0xx_spi.o(i.SPI_NSSInternalSoftwareConfig), (88 bytes).
    Removing stm32f0xx_spi.o(i.SPI_NSSPulseModeCmd), (76 bytes).
    Removing stm32f0xx_spi.o(i.SPI_ReceiveData8), (4 bytes).
    Removing stm32f0xx_spi.o(i.SPI_RxFIFOThresholdConfig), (84 bytes).
    Removing stm32f0xx_spi.o(i.SPI_SSOutputCmd), (76 bytes).
    Removing stm32f0xx_spi.o(i.SPI_SendData8), (44 bytes).
    Removing stm32f0xx_spi.o(i.SPI_StructInit), (28 bytes).
    Removing stm32f0xx_spi.o(i.SPI_TIModeCmd), (76 bytes).
    Removing stm32f0xx_spi.o(i.SPI_TransmitCRC), (52 bytes).
    Removing stm32f0xx_spi.o(.conststring), (70 bytes).
    Removing stm32f0xx_syscfg.o(.rev16_text), (4 bytes).
    Removing stm32f0xx_syscfg.o(.revsh_text), (4 bytes).
    Removing stm32f0xx_syscfg.o(i.SYSCFG_BreakConfig), (44 bytes).
    Removing stm32f0xx_syscfg.o(i.SYSCFG_ClearFlag), (40 bytes).
    Removing stm32f0xx_syscfg.o(i.SYSCFG_DMAChannelRemapConfig), (144 bytes).
    Removing stm32f0xx_syscfg.o(i.SYSCFG_DeInit), (36 bytes).
    Removing stm32f0xx_syscfg.o(i.SYSCFG_EXTILineConfig), (148 bytes).
    Removing stm32f0xx_syscfg.o(i.SYSCFG_GetFlagStatus), (44 bytes).
    Removing stm32f0xx_syscfg.o(i.SYSCFG_GetPendingIT), (616 bytes).
    Removing stm32f0xx_syscfg.o(i.SYSCFG_I2CFastModePlusConfig), (104 bytes).
    Removing stm32f0xx_syscfg.o(i.SYSCFG_IRDAEnvSelection), (48 bytes).
    Removing stm32f0xx_syscfg.o(i.SYSCFG_MemoryRemapConfig), (44 bytes).
    Removing stm32f0xx_syscfg.o(.conststring), (73 bytes).
    Removing stm32f0xx_tim.o(.rev16_text), (4 bytes).
    Removing stm32f0xx_tim.o(.revsh_text), (4 bytes).
    Removing stm32f0xx_tim.o(i.TI1_Config), (40 bytes).
    Removing stm32f0xx_tim.o(i.TI2_Config), (48 bytes).
    Removing stm32f0xx_tim.o(i.TIM_ARRPreloadConfig), (144 bytes).
    Removing stm32f0xx_tim.o(i.TIM_BDTRConfig), (252 bytes).
    Removing stm32f0xx_tim.o(i.TIM_BDTRStructInit), (18 bytes).
    Removing stm32f0xx_tim.o(i.TIM_CCPreloadControl), (96 bytes).
    Removing stm32f0xx_tim.o(i.TIM_CCxNCmd), (124 bytes).
    Removing stm32f0xx_tim.o(i.TIM_ClearFlag), (140 bytes).
    Removing stm32f0xx_tim.o(i.TIM_ClearITPendingBit), (136 bytes).
    Removing stm32f0xx_tim.o(i.TIM_ClearOC1Ref), (120 bytes).
    Removing stm32f0xx_tim.o(i.TIM_ClearOC2Ref), (92 bytes).
    Removing stm32f0xx_tim.o(i.TIM_ClearOC3Ref), (80 bytes).
    Removing stm32f0xx_tim.o(i.TIM_ClearOC4Ref), (84 bytes).
    Removing stm32f0xx_tim.o(i.TIM_DMACmd), (160 bytes).
    Removing stm32f0xx_tim.o(i.TIM_DMAConfig), (340 bytes).
    Removing stm32f0xx_tim.o(i.TIM_DeInit), (264 bytes).
    Removing stm32f0xx_tim.o(i.TIM_ETRClockMode1Config), (160 bytes).
    Removing stm32f0xx_tim.o(i.TIM_ETRClockMode2Config), (152 bytes).
    Removing stm32f0xx_tim.o(i.TIM_ETRConfig), (144 bytes).
    Removing stm32f0xx_tim.o(i.TIM_EncoderInterfaceConfig), (164 bytes).
    Removing stm32f0xx_tim.o(i.TIM_ForcedOC1Config), (120 bytes).
    Removing stm32f0xx_tim.o(i.TIM_ForcedOC2Config), (96 bytes).
    Removing stm32f0xx_tim.o(i.TIM_ForcedOC3Config), (80 bytes).
    Removing stm32f0xx_tim.o(i.TIM_ForcedOC4Config), (88 bytes).
    Removing stm32f0xx_tim.o(i.TIM_GenerateEvent), (132 bytes).
    Removing stm32f0xx_tim.o(i.TIM_GetCapture1), (92 bytes).
    Removing stm32f0xx_tim.o(i.TIM_GetCapture2), (64 bytes).
    Removing stm32f0xx_tim.o(i.TIM_GetCapture3), (52 bytes).
    Removing stm32f0xx_tim.o(i.TIM_GetCapture4), (52 bytes).
    Removing stm32f0xx_tim.o(i.TIM_GetCounter), (112 bytes).
    Removing stm32f0xx_tim.o(i.TIM_GetFlagStatus), (196 bytes).
    Removing stm32f0xx_tim.o(i.TIM_GetITStatus), (176 bytes).
    Removing stm32f0xx_tim.o(i.TIM_GetPrescaler), (112 bytes).
    Removing stm32f0xx_tim.o(i.TIM_ICInit), (528 bytes).
    Removing stm32f0xx_tim.o(i.TIM_ICStructInit), (16 bytes).
    Removing stm32f0xx_tim.o(i.TIM_ITConfig), (164 bytes).
    Removing stm32f0xx_tim.o(i.TIM_ITRxExternalClockConfig), (104 bytes).
    Removing stm32f0xx_tim.o(i.TIM_InternalClockConfig), (68 bytes).
    Removing stm32f0xx_tim.o(i.TIM_OC1FastConfig), (120 bytes).
    Removing stm32f0xx_tim.o(i.TIM_OC1Init), (364 bytes).
    Removing stm32f0xx_tim.o(i.TIM_OC1NPolarityConfig), (92 bytes).
    Removing stm32f0xx_tim.o(i.TIM_OC1PreloadConfig), (120 bytes).
    Removing stm32f0xx_tim.o(i.TIM_OC2FastConfig), (96 bytes).
    Removing stm32f0xx_tim.o(i.TIM_OC2Init), (364 bytes).
    Removing stm32f0xx_tim.o(i.TIM_OC2NPolarityConfig), (64 bytes).
    Removing stm32f0xx_tim.o(i.TIM_OC2PreloadConfig), (96 bytes).
    Removing stm32f0xx_tim.o(i.TIM_OC3FastConfig), (80 bytes).
    Removing stm32f0xx_tim.o(i.TIM_OC3Init), (344 bytes).
    Removing stm32f0xx_tim.o(i.TIM_OC3NPolarityConfig), (68 bytes).
    Removing stm32f0xx_tim.o(i.TIM_OC3PreloadConfig), (80 bytes).
    Removing stm32f0xx_tim.o(i.TIM_OC4FastConfig), (88 bytes).
    Removing stm32f0xx_tim.o(i.TIM_OC4Init), (244 bytes).
    Removing stm32f0xx_tim.o(i.TIM_OC4PreloadConfig), (88 bytes).
    Removing stm32f0xx_tim.o(i.TIM_OCStructInit), (20 bytes).
    Removing stm32f0xx_tim.o(i.TIM_PWMIConfig), (156 bytes).
    Removing stm32f0xx_tim.o(i.TIM_RemapConfig), (64 bytes).
    Removing stm32f0xx_tim.o(i.TIM_SelectCCDMA), (116 bytes).
    Removing stm32f0xx_tim.o(i.TIM_SelectCOM), (96 bytes).
    Removing stm32f0xx_tim.o(i.TIM_SelectHallSensor), (84 bytes).
    Removing stm32f0xx_tim.o(i.TIM_SelectInputTrigger), (116 bytes).
    Removing stm32f0xx_tim.o(i.TIM_SelectMasterSlaveMode), (96 bytes).
    Removing stm32f0xx_tim.o(i.TIM_SelectOCREFClear), (84 bytes).
    Removing stm32f0xx_tim.o(i.TIM_SelectOnePulseMode), (144 bytes).
    Removing stm32f0xx_tim.o(i.TIM_SelectOutputTrigger), (140 bytes).
    Removing stm32f0xx_tim.o(i.TIM_SelectSlaveMode), (104 bytes).
    Removing stm32f0xx_tim.o(i.TIM_SetCounter), (112 bytes).
    Removing stm32f0xx_tim.o(i.TIM_SetIC1Prescaler), (132 bytes).
    Removing stm32f0xx_tim.o(i.TIM_SetIC2Prescaler), (108 bytes).
    Removing stm32f0xx_tim.o(i.TIM_SetIC3Prescaler), (92 bytes).
    Removing stm32f0xx_tim.o(i.TIM_SetIC4Prescaler), (100 bytes).
    Removing stm32f0xx_tim.o(i.TIM_TIxExternalClockConfig), (148 bytes).
    Removing stm32f0xx_tim.o(i.TIM_TimeBaseInit), (256 bytes).
    Removing stm32f0xx_tim.o(i.TIM_TimeBaseStructInit), (18 bytes).
    Removing stm32f0xx_tim.o(i.TIM_UpdateDisableConfig), (144 bytes).
    Removing stm32f0xx_tim.o(i.TIM_UpdateRequestConfig), (144 bytes).
    Removing stm32f0xx_usart.o(.rev16_text), (4 bytes).
    Removing stm32f0xx_usart.o(.revsh_text), (4 bytes).
    Removing stm32f0xx_usart.o(i.USART_AddressDetectionConfig), (136 bytes).
    Removing stm32f0xx_usart.o(i.USART_AutoBaudRateCmd), (88 bytes).
    Removing stm32f0xx_usart.o(i.USART_AutoBaudRateConfig), (92 bytes).
    Removing stm32f0xx_usart.o(i.USART_ClearFlag), (184 bytes).
    Removing stm32f0xx_usart.o(i.USART_ClearITPendingBit), (240 bytes).
    Removing stm32f0xx_usart.o(i.USART_ClockInit), (220 bytes).
    Removing stm32f0xx_usart.o(i.USART_ClockStructInit), (12 bytes).
    Removing stm32f0xx_usart.o(i.USART_DECmd), (140 bytes).
    Removing stm32f0xx_usart.o(i.USART_DEPolarityConfig), (140 bytes).
    Removing stm32f0xx_usart.o(i.USART_DMACmd), (160 bytes).
    Removing stm32f0xx_usart.o(i.USART_DMAReceptionErrorConfig), (140 bytes).
    Removing stm32f0xx_usart.o(i.USART_DataInvCmd), (140 bytes).
    Removing stm32f0xx_usart.o(i.USART_DirectionModeCmd), (156 bytes).
    Removing stm32f0xx_usart.o(i.USART_GetITStatus), (304 bytes).
    Removing stm32f0xx_usart.o(i.USART_HalfDuplexCmd), (136 bytes).
    Removing stm32f0xx_usart.o(i.USART_ITConfig), (288 bytes).
    Removing stm32f0xx_usart.o(i.USART_InvPinCmd), (160 bytes).
    Removing stm32f0xx_usart.o(i.USART_IrDACmd), (88 bytes).
    Removing stm32f0xx_usart.o(i.USART_IrDAConfig), (88 bytes).
    Removing stm32f0xx_usart.o(i.USART_LINBreakDetectLengthConfig), (88 bytes).
    Removing stm32f0xx_usart.o(i.USART_LINCmd), (88 bytes).
    Removing stm32f0xx_usart.o(i.USART_MSBFirstCmd), (140 bytes).
    Removing stm32f0xx_usart.o(i.USART_MuteModeCmd), (140 bytes).
    Removing stm32f0xx_usart.o(i.USART_MuteModeWakeUpConfig), (140 bytes).
    Removing stm32f0xx_usart.o(i.USART_OneBitMethodCmd), (140 bytes).
    Removing stm32f0xx_usart.o(i.USART_OverSampling8Cmd), (136 bytes).
    Removing stm32f0xx_usart.o(i.USART_OverrunDetectionConfig), (140 bytes).
    Removing stm32f0xx_usart.o(i.USART_ReceiveData), (108 bytes).
    Removing stm32f0xx_usart.o(i.USART_ReceiverTimeOutCmd), (88 bytes).
    Removing stm32f0xx_usart.o(i.USART_RequestCmd), (168 bytes).
    Removing stm32f0xx_usart.o(i.USART_STOPModeCmd), (88 bytes).
    Removing stm32f0xx_usart.o(i.USART_SWAPPinCmd), (140 bytes).
    Removing stm32f0xx_usart.o(i.USART_SetAddress), (120 bytes).
    Removing stm32f0xx_usart.o(i.USART_SetAutoRetryCount), (88 bytes).
    Removing stm32f0xx_usart.o(i.USART_SetBlockLength), (72 bytes).
    Removing stm32f0xx_usart.o(i.USART_SetDEAssertionTime), (136 bytes).
    Removing stm32f0xx_usart.o(i.USART_SetDEDeassertionTime), (136 bytes).
    Removing stm32f0xx_usart.o(i.USART_SetGuardTime), (68 bytes).
    Removing stm32f0xx_usart.o(i.USART_SetPrescaler), (68 bytes).
    Removing stm32f0xx_usart.o(i.USART_SetReceiverTimeOut), (88 bytes).
    Removing stm32f0xx_usart.o(i.USART_SmartCardCmd), (88 bytes).
    Removing stm32f0xx_usart.o(i.USART_SmartCardNACKCmd), (88 bytes).
    Removing stm32f0xx_usart.o(i.USART_StopModeWakeUpSourceConfig), (96 bytes).
    Removing stm32f0xx_usart.o(i.USART_StructInit), (22 bytes).
    Removing stm32f0xx_wwdg.o(.rev16_text), (4 bytes).
    Removing stm32f0xx_wwdg.o(.revsh_text), (4 bytes).
    Removing stm32f0xx_wwdg.o(i.WWDG_ClearFlag), (12 bytes).
    Removing stm32f0xx_wwdg.o(i.WWDG_DeInit), (22 bytes).
    Removing stm32f0xx_wwdg.o(i.WWDG_Enable), (36 bytes).
    Removing stm32f0xx_wwdg.o(i.WWDG_EnableIT), (16 bytes).
    Removing stm32f0xx_wwdg.o(i.WWDG_GetFlagStatus), (20 bytes).
    Removing stm32f0xx_wwdg.o(i.WWDG_SetCounter), (36 bytes).
    Removing stm32f0xx_wwdg.o(i.WWDG_SetPrescaler), (56 bytes).
    Removing stm32f0xx_wwdg.o(i.WWDG_SetWindowValue), (52 bytes).
    Removing stm32f0xx_wwdg.o(.conststring), (71 bytes).
    Removing stm32f0xx_it.o(.rev16_text), (4 bytes).
    Removing stm32f0xx_it.o(.revsh_text), (4 bytes).
    Removing system_stm32f0xx.o(.rev16_text), (4 bytes).
    Removing system_stm32f0xx.o(.revsh_text), (4 bytes).
    Removing system_stm32f0xx.o(i.SystemCoreClockUpdate), (116 bytes).
    Removing startup_stm32f030.o(HEAP), (512 bytes).
    Removing asmplatformconfig.o(.rev16_text), (4 bytes).
    Removing asmplatformconfig.o(.revsh_text), (4 bytes).
    Removing stm32072b_eval.o(.rev16_text), (4 bytes).
    Removing stm32072b_eval.o(.revsh_text), (4 bytes).
    Removing stm32072b_eval.o(i.LM75_LowLevel_DeInit), (84 bytes).
    Removing stm32072b_eval.o(i.LM75_LowLevel_Init), (116 bytes).
    Removing stm32072b_eval.o(i.SD_LowLevel_DeInit), (116 bytes).
    Removing stm32072b_eval.o(i.SD_LowLevel_Init), (228 bytes).
    Removing stm32072b_eval.o(i.STM_EVAL_COMInit), (152 bytes).
    Removing stm32072b_eval.o(i.STM_EVAL_LEDInit), (68 bytes).
    Removing stm32072b_eval.o(i.STM_EVAL_LEDOff), (24 bytes).
    Removing stm32072b_eval.o(i.STM_EVAL_LEDOn), (24 bytes).
    Removing stm32072b_eval.o(i.STM_EVAL_LEDToggle), (28 bytes).
    Removing stm32072b_eval.o(i.STM_EVAL_PBGetState), (28 bytes).
    Removing stm32072b_eval.o(i.STM_EVAL_PBInit), (148 bytes).
    Removing stm32072b_eval.o(i.STM_SPI_WriteRead), (52 bytes).
    Removing stm32072b_eval.o(i.sEE_LowLevel_DeInit), (72 bytes).
    Removing stm32072b_eval.o(i.sEE_LowLevel_Init), (92 bytes).
    Removing stm32072b_eval.o(.constdata), (132 bytes).
    Removing stm32072b_eval.o(.data), (52 bytes).
    Removing stm32f0xx_pwm.o(.rev16_text), (4 bytes).
    Removing stm32f0xx_pwm.o(.revsh_text), (4 bytes).
    Removing stm32f0xx_pwm.o(i.PwmDisableChannel), (288 bytes).
    Removing gpio_key.o(.rev16_text), (4 bytes).
    Removing gpio_key.o(.revsh_text), (4 bytes).
    Removing gpio_key.o(.constdata), (10 bytes).
    Removing dadd.o(.text), (356 bytes).
    Removing dmul.o(.text), (208 bytes).
    Removing ddiv.o(.text), (240 bytes).
    Removing dfixul.o(.text), (64 bytes).
    Removing cdrcmple.o(.text), (40 bytes).
    Removing depilogue.o(.text), (190 bytes).
    Removing depilogue.o(i.__ARM_clz), (46 bytes).

516 unused section(s) (total 44992 bytes) removed from the image.

==============================================================================

Image Symbol Table

    Local Symbols

    Symbol Name                              Value     Ov Type        Size  Object(Section)

    ../clib/microlib/division.c              0x00000000   Number         0  idiv.o ABSOLUTE
    ../clib/microlib/division.c              0x00000000   Number         0  uidiv.o ABSOLUTE
    ../clib/microlib/division.c              0x00000000   Number         0  uldiv.o ABSOLUTE
    ../clib/microlib/init/entry.s            0x00000000   Number         0  entry8b.o ABSOLUTE
    ../clib/microlib/init/entry.s            0x00000000   Number         0  entry10b.o ABSOLUTE
    ../clib/microlib/init/entry.s            0x00000000   Number         0  entry.o ABSOLUTE
    ../clib/microlib/init/entry.s            0x00000000   Number         0  entry7b.o ABSOLUTE
    ../clib/microlib/init/entry.s            0x00000000   Number         0  entry7a.o ABSOLUTE
    ../clib/microlib/init/entry.s            0x00000000   Number         0  entry5.o ABSOLUTE
    ../clib/microlib/init/entry.s            0x00000000   Number         0  entry10a.o ABSOLUTE
    ../clib/microlib/init/entry.s            0x00000000   Number         0  entry2.o ABSOLUTE
    ../clib/microlib/init/entry.s            0x00000000   Number         0  entry8a.o ABSOLUTE
    ../clib/microlib/init/entry.s            0x00000000   Number         0  entry9b.o ABSOLUTE
    ../clib/microlib/init/entry.s            0x00000000   Number         0  entry11a.o ABSOLUTE
    ../clib/microlib/init/entry.s            0x00000000   Number         0  entry9a.o ABSOLUTE
    ../clib/microlib/init/entry.s            0x00000000   Number         0  entry11b.o ABSOLUTE
    ../clib/microlib/longlong.c              0x00000000   Number         0  llshl.o ABSOLUTE
    ../clib/microlib/longlong.c              0x00000000   Number         0  llsshr.o ABSOLUTE
    ../clib/microlib/longlong.c              0x00000000   Number         0  llushr.o ABSOLUTE
    ../clib/microlib/printf/printf.c         0x00000000   Number         0  printf6.o ABSOLUTE
    ../clib/microlib/printf/printf.c         0x00000000   Number         0  printf7.o ABSOLUTE
    ../clib/microlib/printf/printf.c         0x00000000   Number         0  printf8.o ABSOLUTE
    ../clib/microlib/printf/printf.c         0x00000000   Number         0  printfa.o ABSOLUTE
    ../clib/microlib/printf/printf.c         0x00000000   Number         0  printf3.o ABSOLUTE
    ../clib/microlib/printf/printf.c         0x00000000   Number         0  printf0.o ABSOLUTE
    ../clib/microlib/printf/printf.c         0x00000000   Number         0  printf1.o ABSOLUTE
    ../clib/microlib/printf/printf.c         0x00000000   Number         0  printf2.o ABSOLUTE
    ../clib/microlib/printf/printf.c         0x00000000   Number         0  printfb.o ABSOLUTE
    ../clib/microlib/printf/printf.c         0x00000000   Number         0  printf4.o ABSOLUTE
    ../clib/microlib/printf/printf.c         0x00000000   Number         0  printf5.o ABSOLUTE
    ../clib/microlib/printf/stubs.s          0x00000000   Number         0  stubs.o ABSOLUTE
    ../clib/microlib/stdio/streams.c         0x00000000   Number         0  stdout.o ABSOLUTE
    ../clib/microlib/string/memset.c         0x00000000   Number         0  memseta.o ABSOLUTE
    ../clib/microlib/stubs.s                 0x00000000   Number         0  iusefp.o ABSOLUTE
    ../fplib/microlib/fpadd.c                0x00000000   Number         0  dadd.o ABSOLUTE
    ../fplib/microlib/fpdiv.c                0x00000000   Number         0  ddiv.o ABSOLUTE
    ../fplib/microlib/fpepilogue.c           0x00000000   Number         0  depilogue.o ABSOLUTE
    ../fplib/microlib/fpfix.c                0x00000000   Number         0  dfixul.o ABSOLUTE
    ../fplib/microlib/fpmul.c                0x00000000   Number         0  dmul.o ABSOLUTE
    ..\AMS32F030\Libraries\CMSIS\Device\ST\STM32F0xx\Source\Templates\arm\startup_stm32f030.s 0x00000000   Number         0  startup_stm32f030.o ABSOLUTE
    ..\AMS32F030\Libraries\CMSIS\Device\ST\STM32F0xx\Source\Templates\system_stm32f0xx.c 0x00000000   Number         0  system_stm32f0xx.o ABSOLUTE
    ..\AMS32F030\Libraries\STM32F0xx_StdPeriph_Driver\src\stm32f0xx_adc.c 0x00000000   Number         0  stm32f0xx_adc.o ABSOLUTE
    ..\AMS32F030\Libraries\STM32F0xx_StdPeriph_Driver\src\stm32f0xx_crc.c 0x00000000   Number         0  stm32f0xx_crc.o ABSOLUTE
    ..\AMS32F030\Libraries\STM32F0xx_StdPeriph_Driver\src\stm32f0xx_dbgmcu.c 0x00000000   Number         0  stm32f0xx_dbgmcu.o ABSOLUTE
    ..\AMS32F030\Libraries\STM32F0xx_StdPeriph_Driver\src\stm32f0xx_dma.c 0x00000000   Number         0  stm32f0xx_dma.o ABSOLUTE
    ..\AMS32F030\Libraries\STM32F0xx_StdPeriph_Driver\src\stm32f0xx_exti.c 0x00000000   Number         0  stm32f0xx_exti.o ABSOLUTE
    ..\AMS32F030\Libraries\STM32F0xx_StdPeriph_Driver\src\stm32f0xx_flash.c 0x00000000   Number         0  stm32f0xx_flash.o ABSOLUTE
    ..\AMS32F030\Libraries\STM32F0xx_StdPeriph_Driver\src\stm32f0xx_gpio.c 0x00000000   Number         0  stm32f0xx_gpio.o ABSOLUTE
    ..\AMS32F030\Libraries\STM32F0xx_StdPeriph_Driver\src\stm32f0xx_i2c.c 0x00000000   Number         0  stm32f0xx_i2c.o ABSOLUTE
    ..\AMS32F030\Libraries\STM32F0xx_StdPeriph_Driver\src\stm32f0xx_iwdg.c 0x00000000   Number         0  stm32f0xx_iwdg.o ABSOLUTE
    ..\AMS32F030\Libraries\STM32F0xx_StdPeriph_Driver\src\stm32f0xx_misc.c 0x00000000   Number         0  stm32f0xx_misc.o ABSOLUTE
    ..\AMS32F030\Libraries\STM32F0xx_StdPeriph_Driver\src\stm32f0xx_pwr.c 0x00000000   Number         0  stm32f0xx_pwr.o ABSOLUTE
    ..\AMS32F030\Libraries\STM32F0xx_StdPeriph_Driver\src\stm32f0xx_rcc.c 0x00000000   Number         0  stm32f0xx_rcc.o ABSOLUTE
    ..\AMS32F030\Libraries\STM32F0xx_StdPeriph_Driver\src\stm32f0xx_rtc.c 0x00000000   Number         0  stm32f0xx_rtc.o ABSOLUTE
    ..\AMS32F030\Libraries\STM32F0xx_StdPeriph_Driver\src\stm32f0xx_spi.c 0x00000000   Number         0  stm32f0xx_spi.o ABSOLUTE
    ..\AMS32F030\Libraries\STM32F0xx_StdPeriph_Driver\src\stm32f0xx_syscfg.c 0x00000000   Number         0  stm32f0xx_syscfg.o ABSOLUTE
    ..\AMS32F030\Libraries\STM32F0xx_StdPeriph_Driver\src\stm32f0xx_tim.c 0x00000000   Number         0  stm32f0xx_tim.o ABSOLUTE
    ..\AMS32F030\Libraries\STM32F0xx_StdPeriph_Driver\src\stm32f0xx_usart.c 0x00000000   Number         0  stm32f0xx_usart.o ABSOLUTE
    ..\AMS32F030\Libraries\STM32F0xx_StdPeriph_Driver\src\stm32f0xx_wwdg.c 0x00000000   Number         0  stm32f0xx_wwdg.o ABSOLUTE
    ..\AMS32F030\Platform\AsmPlatformconfig.c 0x00000000   Number         0  asmplatformconfig.o ABSOLUTE
    ..\AMS32F030\Platform\gpio_key.c         0x00000000   Number         0  gpio_key.o ABSOLUTE
    ..\AMS32F030\Platform\stm32f0xx_it.c     0x00000000   Number         0  stm32f0xx_it.o ABSOLUTE
    ..\AMS32F030\Platform\stm32f0xx_pwm.c    0x00000000   Number         0  stm32f0xx_pwm.o ABSOLUTE
    ..\AMS32F030\Utilities\STM32_EVAL\STM32072B_EVAL\stm32072b_eval.c 0x00000000   Number         0  stm32072b_eval.o ABSOLUTE
    ..\Function\main.c                       0x00000000   Number         0  main.o ABSOLUTE
    ..\Function\single_pwm_led.c             0x00000000   Number         0  single_pwm_led.o ABSOLUTE
    ..\Function\single_pwm_light.c           0x00000000   Number         0  single_pwm_light.o ABSOLUTE
    ..\Function\timeout_api.c                0x00000000   Number         0  timeout_api.o ABSOLUTE
    ..\\AMS32F030\\Libraries\\CMSIS\\Device\\ST\\STM32F0xx\\Source\\Templates\\system_stm32f0xx.c 0x00000000   Number         0  system_stm32f0xx.o ABSOLUTE
    ..\\AMS32F030\\Libraries\\STM32F0xx_StdPeriph_Driver\\src\\stm32f0xx_adc.c 0x00000000   Number         0  stm32f0xx_adc.o ABSOLUTE
    ..\\AMS32F030\\Libraries\\STM32F0xx_StdPeriph_Driver\\src\\stm32f0xx_crc.c 0x00000000   Number         0  stm32f0xx_crc.o ABSOLUTE
    ..\\AMS32F030\\Libraries\\STM32F0xx_StdPeriph_Driver\\src\\stm32f0xx_dbgmcu.c 0x00000000   Number         0  stm32f0xx_dbgmcu.o ABSOLUTE
    ..\\AMS32F030\\Libraries\\STM32F0xx_StdPeriph_Driver\\src\\stm32f0xx_dma.c 0x00000000   Number         0  stm32f0xx_dma.o ABSOLUTE
    ..\\AMS32F030\\Libraries\\STM32F0xx_StdPeriph_Driver\\src\\stm32f0xx_exti.c 0x00000000   Number         0  stm32f0xx_exti.o ABSOLUTE
    ..\\AMS32F030\\Libraries\\STM32F0xx_StdPeriph_Driver\\src\\stm32f0xx_flash.c 0x00000000   Number         0  stm32f0xx_flash.o ABSOLUTE
    ..\\AMS32F030\\Libraries\\STM32F0xx_StdPeriph_Driver\\src\\stm32f0xx_gpio.c 0x00000000   Number         0  stm32f0xx_gpio.o ABSOLUTE
    ..\\AMS32F030\\Libraries\\STM32F0xx_StdPeriph_Driver\\src\\stm32f0xx_i2c.c 0x00000000   Number         0  stm32f0xx_i2c.o ABSOLUTE
    ..\\AMS32F030\\Libraries\\STM32F0xx_StdPeriph_Driver\\src\\stm32f0xx_iwdg.c 0x00000000   Number         0  stm32f0xx_iwdg.o ABSOLUTE
    ..\\AMS32F030\\Libraries\\STM32F0xx_StdPeriph_Driver\\src\\stm32f0xx_misc.c 0x00000000   Number         0  stm32f0xx_misc.o ABSOLUTE
    ..\\AMS32F030\\Libraries\\STM32F0xx_StdPeriph_Driver\\src\\stm32f0xx_pwr.c 0x00000000   Number         0  stm32f0xx_pwr.o ABSOLUTE
    ..\\AMS32F030\\Libraries\\STM32F0xx_StdPeriph_Driver\\src\\stm32f0xx_rcc.c 0x00000000   Number         0  stm32f0xx_rcc.o ABSOLUTE
    ..\\AMS32F030\\Libraries\\STM32F0xx_StdPeriph_Driver\\src\\stm32f0xx_rtc.c 0x00000000   Number         0  stm32f0xx_rtc.o ABSOLUTE
    ..\\AMS32F030\\Libraries\\STM32F0xx_StdPeriph_Driver\\src\\stm32f0xx_spi.c 0x00000000   Number         0  stm32f0xx_spi.o ABSOLUTE
    ..\\AMS32F030\\Libraries\\STM32F0xx_StdPeriph_Driver\\src\\stm32f0xx_syscfg.c 0x00000000   Number         0  stm32f0xx_syscfg.o ABSOLUTE
    ..\\AMS32F030\\Libraries\\STM32F0xx_StdPeriph_Driver\\src\\stm32f0xx_tim.c 0x00000000   Number         0  stm32f0xx_tim.o ABSOLUTE
    ..\\AMS32F030\\Libraries\\STM32F0xx_StdPeriph_Driver\\src\\stm32f0xx_usart.c 0x00000000   Number         0  stm32f0xx_usart.o ABSOLUTE
    ..\\AMS32F030\\Libraries\\STM32F0xx_StdPeriph_Driver\\src\\stm32f0xx_wwdg.c 0x00000000   Number         0  stm32f0xx_wwdg.o ABSOLUTE
    ..\\AMS32F030\\Platform\\AsmPlatformconfig.c 0x00000000   Number         0  asmplatformconfig.o ABSOLUTE
    ..\\AMS32F030\\Platform\\gpio_key.c      0x00000000   Number         0  gpio_key.o ABSOLUTE
    ..\\AMS32F030\\Platform\\stm32f0xx_it.c  0x00000000   Number         0  stm32f0xx_it.o ABSOLUTE
    ..\\AMS32F030\\Platform\\stm32f0xx_pwm.c 0x00000000   Number         0  stm32f0xx_pwm.o ABSOLUTE
    ..\\AMS32F030\\Utilities\\STM32_EVAL\\STM32072B_EVAL\\stm32072b_eval.c 0x00000000   Number         0  stm32072b_eval.o ABSOLUTE
    ..\\Function\\main.c                     0x00000000   Number         0  main.o ABSOLUTE
    ..\\Function\\single_pwm_led.c           0x00000000   Number         0  single_pwm_led.o ABSOLUTE
    ..\\Function\\single_pwm_light.c         0x00000000   Number         0  single_pwm_light.o ABSOLUTE
    ..\\Function\\timeout_api.c              0x00000000   Number         0  timeout_api.o ABSOLUTE
    cdrcmple.s                               0x00000000   Number         0  cdrcmple.o ABSOLUTE
    dc.s                                     0x00000000   Number         0  dc.o ABSOLUTE
    handlers.s                               0x00000000   Number         0  handlers.o ABSOLUTE
    init.s                                   0x00000000   Number         0  init.o ABSOLUTE
    RESET                                    0x08000000   Section      180  startup_stm32f030.o(RESET)
    .ARM.Collect$$$$00000000                 0x080000b4   Section        0  entry.o(.ARM.Collect$$$$00000000)
    .ARM.Collect$$$$00000001                 0x080000b4   Section        4  entry2.o(.ARM.Collect$$$$00000001)
    .ARM.Collect$$$$00000004                 0x080000b8   Section        4  entry5.o(.ARM.Collect$$$$00000004)
    .ARM.Collect$$$$00000008                 0x080000bc   Section        0  entry7b.o(.ARM.Collect$$$$00000008)
    .ARM.Collect$$$$0000000A                 0x080000bc   Section        0  entry8b.o(.ARM.Collect$$$$0000000A)
    .ARM.Collect$$$$0000000B                 0x080000bc   Section        8  entry9a.o(.ARM.Collect$$$$0000000B)
    .ARM.Collect$$$$0000000D                 0x080000c4   Section        0  entry10a.o(.ARM.Collect$$$$0000000D)
    .ARM.Collect$$$$0000000F                 0x080000c4   Section        0  entry11a.o(.ARM.Collect$$$$0000000F)
    .ARM.Collect$$$$00002712                 0x080000c4   Section        4  entry2.o(.ARM.Collect$$$$00002712)
    __lit__00000000                          0x080000c4   Data           4  entry2.o(.ARM.Collect$$$$00002712)
    .text                                    0x080000c8   Section       88  startup_stm32f030.o(.text)
    .text                                    0x08000120   Section        0  uidiv.o(.text)
    .text                                    0x0800014c   Section        0  idiv.o(.text)
    .text                                    0x08000174   Section        0  memseta.o(.text)
    .text                                    0x08000198   Section        0  uldiv.o(.text)
    .text                                    0x080001f8   Section       36  init.o(.text)
    .text                                    0x0800021c   Section        0  llshl.o(.text)
    .text                                    0x0800023c   Section        0  llushr.o(.text)
    i.ADC_ChannelConfig                      0x08000260   Section        0  stm32f0xx_adc.o(i.ADC_ChannelConfig)
    i.ADC_Cmd                                0x080002c8   Section        0  stm32f0xx_adc.o(i.ADC_Cmd)
    i.ADC_DeInit                             0x08000304   Section        0  stm32f0xx_adc.o(i.ADC_DeInit)
    i.ADC_GetCalibrationFactor               0x08000334   Section        0  stm32f0xx_adc.o(i.ADC_GetCalibrationFactor)
    i.ADC_GetConversionValue                 0x08000380   Section        0  stm32f0xx_adc.o(i.ADC_GetConversionValue)
    i.ADC_GetFlagStatus                      0x080003a4   Section        0  stm32f0xx_adc.o(i.ADC_GetFlagStatus)
    i.ADC_Init                               0x08000428   Section        0  stm32f0xx_adc.o(i.ADC_Init)
    i.ADC_StartOfConversion                  0x08000500   Section        0  stm32f0xx_adc.o(i.ADC_StartOfConversion)
    i.ADC_StructInit                         0x08000528   Section        0  stm32f0xx_adc.o(i.ADC_StructInit)
    i.ChangeTimerPeriod                      0x08000538   Section        0  timeout_api.o(i.ChangeTimerPeriod)
    i.CheckTimer                             0x0800054c   Section        0  timeout_api.o(i.CheckTimer)
    i.Display                                0x08000580   Section        0  asmplatformconfig.o(i.Display)
    i.DisplayScan                            0x0800058c   Section        0  asmplatformconfig.o(i.DisplayScan)
    i.GPIO_Init                              0x08000598   Section        0  stm32f0xx_gpio.o(i.GPIO_Init)
    i.GPIO_PinAFConfig                       0x080006b8   Section        0  stm32f0xx_gpio.o(i.GPIO_PinAFConfig)
    i.GPIO_ReadInputDataBit                  0x0800079c   Section        0  stm32f0xx_gpio.o(i.GPIO_ReadInputDataBit)
    i.GPIO_ResetBits                         0x08000858   Section        0  stm32f0xx_gpio.o(i.GPIO_ResetBits)
    i.GPIO_SetBits                           0x080008b8   Section        0  stm32f0xx_gpio.o(i.GPIO_SetBits)
    i.GpioKeyInit                            0x08000918   Section        0  gpio_key.o(i.GpioKeyInit)
    i.GpioKeyScan                            0x08000940   Section        0  gpio_key.o(i.GpioKeyScan)
    i.HardFault_Handler                      0x080009e0   Section        0  stm32f0xx_it.o(i.HardFault_Handler)
    i.InitTimer                              0x080009e2   Section        0  timeout_api.o(i.InitTimer)
    i.IsTimeOut                              0x080009f0   Section        0  timeout_api.o(i.IsTimeOut)
    i.Led_DispAutoChange                     0x08000a1c   Section        0  single_pwm_led.o(i.Led_DispAutoChange)
    Led_DispAutoChange                       0x08000a1d   Thumb Code   418  single_pwm_led.o(i.Led_DispAutoChange)
    i.Led_DispInit                           0x08000bc8   Section        0  single_pwm_led.o(i.Led_DispInit)
    i.Led_DispScan                           0x08000c48   Section        0  single_pwm_led.o(i.Led_DispScan)
    i.Led_DispStateSet                       0x08000cd4   Section        0  single_pwm_led.o(i.Led_DispStateSet)
    i.Led_Display                            0x08000cf0   Section        0  single_pwm_led.o(i.Led_Display)
    i.Led_ScanGpioConfig                     0x08000d00   Section        0  single_pwm_led.o(i.Led_ScanGpioConfig)
    Led_ScanGpioConfig                       0x08000d01   Thumb Code    64  single_pwm_led.o(i.Led_ScanGpioConfig)
    i.Light_DispAutoChange                   0x08000d44   Section        0  single_pwm_light.o(i.Light_DispAutoChange)
    Light_DispAutoChange                     0x08000d45   Thumb Code   184  single_pwm_light.o(i.Light_DispAutoChange)
    i.Light_DispInit                         0x08000e04   Section        0  single_pwm_light.o(i.Light_DispInit)
    i.Light_DispScan                         0x08000e7c   Section        0  single_pwm_light.o(i.Light_DispScan)
    i.Light_DispStateSet                     0x08000ec0   Section        0  single_pwm_light.o(i.Light_DispStateSet)
    i.Light_Display                          0x08000ed0   Section        0  single_pwm_light.o(i.Light_Display)
    i.NMI_Handler                            0x08000ee0   Section        0  stm32f0xx_it.o(i.NMI_Handler)
    i.NVIC_SetPriority                       0x08000ee4   Section        0  asmplatformconfig.o(i.NVIC_SetPriority)
    NVIC_SetPriority                         0x08000ee5   Thumb Code    60  asmplatformconfig.o(i.NVIC_SetPriority)
    i.PendSV_Handler                         0x08000f28   Section        0  stm32f0xx_it.o(i.PendSV_Handler)
    i.PwmConfigChannel                       0x08000f2c   Section        0  stm32f0xx_pwm.o(i.PwmConfigChannel)
    i.PwmEnableChannel                       0x08001110   Section        0  stm32f0xx_pwm.o(i.PwmEnableChannel)
    i.Pwm_SaveConfig                         0x0800124c   Section        0  asmplatformconfig.o(i.Pwm_SaveConfig)
    i.RCC_AHBPeriphClockCmd                  0x0800126c   Section        0  stm32f0xx_rcc.o(i.RCC_AHBPeriphClockCmd)
    i.RCC_APB1PeriphClockCmd                 0x080012b8   Section        0  stm32f0xx_rcc.o(i.RCC_APB1PeriphClockCmd)
    i.RCC_APB1PeriphResetCmd                 0x08001304   Section        0  stm32f0xx_rcc.o(i.RCC_APB1PeriphResetCmd)
    i.RCC_APB2PeriphClockCmd                 0x08001350   Section        0  stm32f0xx_rcc.o(i.RCC_APB2PeriphClockCmd)
    i.RCC_APB2PeriphResetCmd                 0x0800139c   Section        0  stm32f0xx_rcc.o(i.RCC_APB2PeriphResetCmd)
    i.RCC_GetClocksFreq                      0x080013e8   Section        0  stm32f0xx_rcc.o(i.RCC_GetClocksFreq)
    i.SVC_Handler                            0x08001564   Section        0  stm32f0xx_it.o(i.SVC_Handler)
    i.SetSysClock                            0x08001568   Section        0  system_stm32f0xx.o(i.SetSysClock)
    SetSysClock                              0x08001569   Thumb Code   138  system_stm32f0xx.o(i.SetSysClock)
    i.StartTimer                             0x080015fc   Section        0  timeout_api.o(i.StartTimer)
    i.SysTick_Handler                        0x08001610   Section        0  stm32f0xx_it.o(i.SysTick_Handler)
    i.SystemInit                             0x08001624   Section        0  system_stm32f0xx.o(i.SystemInit)
    i.System_Systick_Init                    0x08001684   Section        0  asmplatformconfig.o(i.System_Systick_Init)
    i.System_WaterPump_Control               0x0800170c   Section        0  asmplatformconfig.o(i.System_WaterPump_Control)
    i.System_WaterPump_Init                  0x0800172c   Section        0  asmplatformconfig.o(i.System_WaterPump_Init)
    i.TIM16_IRQHandler                       0x080017d0   Section        0  stm32f0xx_it.o(i.TIM16_IRQHandler)
    i.TIM_CCxCmd                             0x080017d4   Section        0  stm32f0xx_tim.o(i.TIM_CCxCmd)
    i.TIM_Cmd                                0x08001858   Section        0  stm32f0xx_tim.o(i.TIM_Cmd)
    i.TIM_CounterModeConfig                  0x080018ec   Section        0  stm32f0xx_tim.o(i.TIM_CounterModeConfig)
    i.TIM_CtrlPWMOutputs                     0x08001948   Section        0  stm32f0xx_tim.o(i.TIM_CtrlPWMOutputs)
    i.TIM_OC1PolarityConfig                  0x080019b0   Section        0  stm32f0xx_tim.o(i.TIM_OC1PolarityConfig)
    i.TIM_OC2PolarityConfig                  0x08001a28   Section        0  stm32f0xx_tim.o(i.TIM_OC2PolarityConfig)
    i.TIM_OC3PolarityConfig                  0x08001a84   Section        0  stm32f0xx_tim.o(i.TIM_OC3PolarityConfig)
    i.TIM_OC4PolarityConfig                  0x08001adc   Section        0  stm32f0xx_tim.o(i.TIM_OC4PolarityConfig)
    i.TIM_PrescalerConfig                    0x08001b34   Section        0  stm32f0xx_tim.o(i.TIM_PrescalerConfig)
    i.TIM_SelectOCxM                         0x08001bbc   Section        0  stm32f0xx_tim.o(i.TIM_SelectOCxM)
    i.TIM_SetAutoreload                      0x08001c88   Section        0  stm32f0xx_tim.o(i.TIM_SetAutoreload)
    i.TIM_SetClockDivision                   0x08001cf8   Section        0  stm32f0xx_tim.o(i.TIM_SetClockDivision)
    i.TIM_SetCompare1                        0x08001d84   Section        0  stm32f0xx_tim.o(i.TIM_SetCompare1)
    i.TIM_SetCompare2                        0x08001de4   Section        0  stm32f0xx_tim.o(i.TIM_SetCompare2)
    i.TIM_SetCompare3                        0x08001e24   Section        0  stm32f0xx_tim.o(i.TIM_SetCompare3)
    i.TIM_SetCompare4                        0x08001e5c   Section        0  stm32f0xx_tim.o(i.TIM_SetCompare4)
    i.TimeOutSet                             0x08001e94   Section        0  timeout_api.o(i.TimeOutSet)
    i.USART_Cmd                              0x08001ea4   Section        0  stm32f0xx_usart.o(i.USART_Cmd)
    i.USART_DeInit                           0x08001f2c   Section        0  stm32f0xx_usart.o(i.USART_DeInit)
    i.USART_GetFlagStatus                    0x08002014   Section        0  stm32f0xx_usart.o(i.USART_GetFlagStatus)
    i.USART_Init                             0x0800210c   Section        0  stm32f0xx_usart.o(i.USART_Init)
    i.USART_SendData                         0x080022a8   Section        0  stm32f0xx_usart.o(i.USART_SendData)
    i.Usart_Debug_Init                       0x0800232c   Section        0  asmplatformconfig.o(i.Usart_Debug_Init)
    i.WaterPump_WorkStateDetect              0x080023b8   Section        0  asmplatformconfig.o(i.WaterPump_WorkStateDetect)
    i.__0printf$5                            0x08002448   Section        0  printf5.o(i.__0printf$5)
    i.__ARM_common_switch8                   0x08002468   Section        0  single_pwm_led.o(i.__ARM_common_switch8)
    i.__scatterload_copy                     0x08002482   Section       14  handlers.o(i.__scatterload_copy)
    i.__scatterload_null                     0x08002490   Section        2  handlers.o(i.__scatterload_null)
    i.__scatterload_zeroinit                 0x08002492   Section       14  handlers.o(i.__scatterload_zeroinit)
    i._printf_core                           0x080024a0   Section        0  printf5.o(i._printf_core)
    _printf_core                             0x080024a1   Thumb Code   688  printf5.o(i._printf_core)
    i.assert_failed                          0x0800277c   Section        0  main.o(i.assert_failed)
    i.fputc                                  0x080027b8   Section        0  asmplatformconfig.o(i.fputc)
    i.main                                   0x080027dc   Section        0  main.o(i.main)
    .constdata                               0x08002930   Section      368  main.o(.constdata)
    .constdata                               0x08002aa0   Section      216  single_pwm_led.o(.constdata)
    .constdata                               0x08002b78   Section       72  single_pwm_light.o(.constdata)
    .constdata                               0x08002bc0   Section       14  asmplatformconfig.o(.constdata)
    .constdata                               0x08002bd0   Section      208  stm32f0xx_pwm.o(.constdata)
    .conststring                             0x08002ca0   Section       70  stm32f0xx_adc.o(.conststring)
    .conststring                             0x08002ce8   Section       71  stm32f0xx_gpio.o(.conststring)
    .conststring                             0x08002d30   Section       70  stm32f0xx_rcc.o(.conststring)
    .conststring                             0x08002d78   Section       70  stm32f0xx_tim.o(.conststring)
    .conststring                             0x08002dc0   Section       72  stm32f0xx_usart.o(.conststring)
    .data                                    0x20000000   Section        4  timeout_api.o(.data)
    .data                                    0x20000004   Section       12  main.o(.data)
    CurWorkMode                              0x20000004   Data           1  main.o(.data)
    WaveAutoIndex                            0x20000005   Data           1  main.o(.data)
    WaveAutoSwitchTimer                      0x20000008   Data           8  main.o(.data)
    .data                                    0x20000010   Section       12  single_pwm_led.o(.data)
    Temp                                     0x20000010   Data           1  single_pwm_led.o(.data)
    Duty                                     0x20000011   Data           1  single_pwm_led.o(.data)
    CurParam                                 0x20000012   Data           1  single_pwm_led.o(.data)
    CurColor                                 0x20000013   Data           1  single_pwm_led.o(.data)
    Flip                                     0x20000014   Data           1  single_pwm_led.o(.data)
    LedScanIndex                             0x20000015   Data           1  single_pwm_led.o(.data)
    CurDispState                             0x20000016   Data           1  single_pwm_led.o(.data)
    CurDispColor                             0x20000017   Data           1  single_pwm_led.o(.data)
    CurDispTimer                             0x20000018   Data           4  single_pwm_led.o(.data)
    .data                                    0x2000001c   Section       12  single_pwm_light.o(.data)
    Duty                                     0x2000001c   Data           1  single_pwm_light.o(.data)
    CurParam                                 0x2000001d   Data           1  single_pwm_light.o(.data)
    Flip                                     0x2000001e   Data           1  single_pwm_light.o(.data)
    CurDispState                             0x2000001f   Data           1  single_pwm_light.o(.data)
    Light_ScanParam                          0x20000020   Data           2  single_pwm_light.o(.data)
    CurDispTimer                             0x20000024   Data           4  single_pwm_light.o(.data)
    .data                                    0x20000028   Section       16  stm32f0xx_rcc.o(.data)
    APBAHBPrescTable                         0x20000028   Data          16  stm32f0xx_rcc.o(.data)
    .data                                    0x20000038   Section       20  system_stm32f0xx.o(.data)
    .data                                    0x2000004c   Section       12  asmplatformconfig.o(.data)
    CurIndex                                 0x2000004c   Data           1  asmplatformconfig.o(.data)
    PrevIndex                                0x2000004d   Data           1  asmplatformconfig.o(.data)
    WaterPumpDetTimer                        0x20000050   Data           8  asmplatformconfig.o(.data)
    .data                                    0x20000058   Section      104  stm32f0xx_pwm.o(.data)
    .data                                    0x200000c0   Section       12  gpio_key.o(.data)
    PowerKeyWaitTimer                        0x200000c4   Data           8  gpio_key.o(.data)
    .data                                    0x200000cc   Section        4  stdout.o(.data)
    .bss                                     0x200000d0   Section       40  single_pwm_led.o(.bss)
    Led_ScanParam                            0x200000d0   Data          24  single_pwm_led.o(.bss)
    Led_DispChangeTime                       0x200000e8   Data          16  single_pwm_led.o(.bss)
    .bss                                     0x200000f8   Section       16  single_pwm_light.o(.bss)
    Light_DispChangeTime                     0x200000f8   Data          16  single_pwm_light.o(.bss)
    STACK                                    0x20000108   Section     1024  startup_stm32f030.o(STACK)

    Global Symbols

    Symbol Name                              Value     Ov Type        Size  Object(Section)

    BuildAttributes$$THM_ISAv3M$S$PE$A:L22$X:L11$S22$IEEE1$IW$USESV6$~STKCKD$USESV7$~SHL$OSPACE$ROPI$EBA8$MICROLIB$REQ8$PRES8$EABIv2 0x00000000   Number         0  anon$$obj.o ABSOLUTE
    __ARM_use_no_argv                        0x00000000   Number         0  main.o ABSOLUTE
    _printf_a                                0x00000000   Number         0  stubs.o ABSOLUTE
    _printf_c                                0x00000000   Number         0  stubs.o ABSOLUTE
    _printf_charcount                        0x00000000   Number         0  stubs.o ABSOLUTE
    _printf_d                                0x00000000   Number         0  stubs.o ABSOLUTE
    _printf_e                                0x00000000   Number         0  stubs.o ABSOLUTE
    _printf_f                                0x00000000   Number         0  stubs.o ABSOLUTE
    _printf_flags                            0x00000000   Number         0  stubs.o ABSOLUTE
    _printf_fp_dec                           0x00000000   Number         0  stubs.o ABSOLUTE
    _printf_fp_hex                           0x00000000   Number         0  stubs.o ABSOLUTE
    _printf_g                                0x00000000   Number         0  stubs.o ABSOLUTE
    _printf_i                                0x00000000   Number         0  stubs.o ABSOLUTE
    _printf_int_dec                          0x00000000   Number         0  stubs.o ABSOLUTE
    _printf_l                                0x00000000   Number         0  stubs.o ABSOLUTE
    _printf_lc                               0x00000000   Number         0  stubs.o ABSOLUTE
    _printf_ll                               0x00000000   Number         0  stubs.o ABSOLUTE
    _printf_lld                              0x00000000   Number         0  stubs.o ABSOLUTE
    _printf_lli                              0x00000000   Number         0  stubs.o ABSOLUTE
    _printf_llo                              0x00000000   Number         0  stubs.o ABSOLUTE
    _printf_llu                              0x00000000   Number         0  stubs.o ABSOLUTE
    _printf_llx                              0x00000000   Number         0  stubs.o ABSOLUTE
    _printf_longlong_dec                     0x00000000   Number         0  stubs.o ABSOLUTE
    _printf_longlong_hex                     0x00000000   Number         0  stubs.o ABSOLUTE
    _printf_longlong_oct                     0x00000000   Number         0  stubs.o ABSOLUTE
    _printf_ls                               0x00000000   Number         0  stubs.o ABSOLUTE
    _printf_mbtowc                           0x00000000   Number         0  stubs.o ABSOLUTE
    _printf_n                                0x00000000   Number         0  stubs.o ABSOLUTE
    _printf_o                                0x00000000   Number         0  stubs.o ABSOLUTE
    _printf_p                                0x00000000   Number         0  stubs.o ABSOLUTE
    _printf_percent                          0x00000000   Number         0  stubs.o ABSOLUTE
    _printf_pre_padding                      0x00000000   Number         0  stubs.o ABSOLUTE
    _printf_return_value                     0x00000000   Number         0  stubs.o ABSOLUTE
    _printf_s                                0x00000000   Number         0  stubs.o ABSOLUTE
    _printf_sizespec                         0x00000000   Number         0  stubs.o ABSOLUTE
    _printf_str                              0x00000000   Number         0  stubs.o ABSOLUTE
    _printf_truncate_signed                  0x00000000   Number         0  stubs.o ABSOLUTE
    _printf_truncate_unsigned                0x00000000   Number         0  stubs.o ABSOLUTE
    _printf_u                                0x00000000   Number         0  stubs.o ABSOLUTE
    _printf_wc                               0x00000000   Number         0  stubs.o ABSOLUTE
    _printf_wctomb                           0x00000000   Number         0  stubs.o ABSOLUTE
    _printf_widthprec                        0x00000000   Number         0  stubs.o ABSOLUTE
    _printf_x                                0x00000000   Number         0  stubs.o ABSOLUTE
    __cpp_initialize__aeabi_                  - Undefined Weak Reference
    __cxa_finalize                            - Undefined Weak Reference
    __decompress                              - Undefined Weak Reference
    _clock_init                               - Undefined Weak Reference
    _microlib_exit                            - Undefined Weak Reference
    __Vectors_Size                           0x000000b4   Number         0  startup_stm32f030.o ABSOLUTE
    __Vectors                                0x08000000   Data           4  startup_stm32f030.o(RESET)
    __Vectors_End                            0x080000b4   Data           0  startup_stm32f030.o(RESET)
    __main                                   0x080000b5   Thumb Code     0  entry.o(.ARM.Collect$$$$00000000)
    _main_stk                                0x080000b5   Thumb Code     0  entry2.o(.ARM.Collect$$$$00000001)
    _main_scatterload                        0x080000b9   Thumb Code     0  entry5.o(.ARM.Collect$$$$00000004)
    __main_after_scatterload                 0x080000bd   Thumb Code     0  entry5.o(.ARM.Collect$$$$00000004)
    _main_clock                              0x080000bd   Thumb Code     0  entry7b.o(.ARM.Collect$$$$00000008)
    _main_cpp_init                           0x080000bd   Thumb Code     0  entry8b.o(.ARM.Collect$$$$0000000A)
    _main_init                               0x080000bd   Thumb Code     0  entry9a.o(.ARM.Collect$$$$0000000B)
    __rt_final_cpp                           0x080000c5   Thumb Code     0  entry10a.o(.ARM.Collect$$$$0000000D)
    __rt_final_exit                          0x080000c5   Thumb Code     0  entry11a.o(.ARM.Collect$$$$0000000F)
    Reset_Handler                            0x080000c9   Thumb Code    38  startup_stm32f030.o(.text)
    ADC1_IRQHandler                          0x080000f9   Thumb Code     0  startup_stm32f030.o(.text)
    DMA1_Channel1_IRQHandler                 0x080000f9   Thumb Code     0  startup_stm32f030.o(.text)
    DMA1_Channel2_3_IRQHandler               0x080000f9   Thumb Code     0  startup_stm32f030.o(.text)
    DMA1_Channel4_5_IRQHandler               0x080000f9   Thumb Code     0  startup_stm32f030.o(.text)
    EXTI0_1_IRQHandler                       0x080000f9   Thumb Code     0  startup_stm32f030.o(.text)
    EXTI2_3_IRQHandler                       0x080000f9   Thumb Code     0  startup_stm32f030.o(.text)
    EXTI4_15_IRQHandler                      0x080000f9   Thumb Code     0  startup_stm32f030.o(.text)
    FLASH_IRQHandler                         0x080000f9   Thumb Code     0  startup_stm32f030.o(.text)
    I2C1_IRQHandler                          0x080000f9   Thumb Code     0  startup_stm32f030.o(.text)
    I2C2_IRQHandler                          0x080000f9   Thumb Code     0  startup_stm32f030.o(.text)
    RCC_IRQHandler                           0x080000f9   Thumb Code     0  startup_stm32f030.o(.text)
    RTC_IRQHandler                           0x080000f9   Thumb Code     0  startup_stm32f030.o(.text)
    SPI1_IRQHandler                          0x080000f9   Thumb Code     0  startup_stm32f030.o(.text)
    SPI2_IRQHandler                          0x080000f9   Thumb Code     0  startup_stm32f030.o(.text)
    TIM14_IRQHandler                         0x080000f9   Thumb Code     0  startup_stm32f030.o(.text)
    TIM15_IRQHandler                         0x080000f9   Thumb Code     0  startup_stm32f030.o(.text)
    TIM17_IRQHandler                         0x080000f9   Thumb Code     0  startup_stm32f030.o(.text)
    TIM1_BRK_UP_TRG_COM_IRQHandler           0x080000f9   Thumb Code     0  startup_stm32f030.o(.text)
    TIM1_CC_IRQHandler                       0x080000f9   Thumb Code     0  startup_stm32f030.o(.text)
    TIM3_IRQHandler                          0x080000f9   Thumb Code     0  startup_stm32f030.o(.text)
    USART1_IRQHandler                        0x080000f9   Thumb Code     0  startup_stm32f030.o(.text)
    USART2_IRQHandler                        0x080000f9   Thumb Code     0  startup_stm32f030.o(.text)
    WWDG_IRQHandler                          0x080000f9   Thumb Code     0  startup_stm32f030.o(.text)
    __aeabi_uidiv                            0x08000121   Thumb Code     0  uidiv.o(.text)
    __aeabi_uidivmod                         0x08000121   Thumb Code    44  uidiv.o(.text)
    __aeabi_idiv                             0x0800014d   Thumb Code     0  idiv.o(.text)
    __aeabi_idivmod                          0x0800014d   Thumb Code    40  idiv.o(.text)
    __aeabi_memset                           0x08000175   Thumb Code    14  memseta.o(.text)
    __aeabi_memset4                          0x08000175   Thumb Code     0  memseta.o(.text)
    __aeabi_memset8                          0x08000175   Thumb Code     0  memseta.o(.text)
    __aeabi_memclr                           0x08000183   Thumb Code     4  memseta.o(.text)
    __aeabi_memclr4                          0x08000183   Thumb Code     0  memseta.o(.text)
    __aeabi_memclr8                          0x08000183   Thumb Code     0  memseta.o(.text)
    _memset$wrapper                          0x08000187   Thumb Code    18  memseta.o(.text)
    __aeabi_uldivmod                         0x08000199   Thumb Code    96  uldiv.o(.text)
    __scatterload                            0x080001f9   Thumb Code    28  init.o(.text)
    __scatterload_rt2                        0x080001f9   Thumb Code     0  init.o(.text)
    __aeabi_llsl                             0x0800021d   Thumb Code    32  llshl.o(.text)
    _ll_shift_l                              0x0800021d   Thumb Code     0  llshl.o(.text)
    __aeabi_llsr                             0x0800023d   Thumb Code    34  llushr.o(.text)
    _ll_ushift_r                             0x0800023d   Thumb Code     0  llushr.o(.text)
    ADC_ChannelConfig                        0x08000261   Thumb Code    92  stm32f0xx_adc.o(i.ADC_ChannelConfig)
    ADC_Cmd                                  0x080002c9   Thumb Code    52  stm32f0xx_adc.o(i.ADC_Cmd)
    ADC_DeInit                               0x08000305   Thumb Code    38  stm32f0xx_adc.o(i.ADC_DeInit)
    ADC_GetCalibrationFactor                 0x08000335   Thumb Code    64  stm32f0xx_adc.o(i.ADC_GetCalibrationFactor)
    ADC_GetConversionValue                   0x08000381   Thumb Code    26  stm32f0xx_adc.o(i.ADC_GetConversionValue)
    ADC_GetFlagStatus                        0x080003a5   Thumb Code   116  stm32f0xx_adc.o(i.ADC_GetFlagStatus)
    ADC_Init                                 0x08000429   Thumb Code   204  stm32f0xx_adc.o(i.ADC_Init)
    ADC_StartOfConversion                    0x08000501   Thumb Code    28  stm32f0xx_adc.o(i.ADC_StartOfConversion)
    ADC_StructInit                           0x08000529   Thumb Code    16  stm32f0xx_adc.o(i.ADC_StructInit)
    ChangeTimerPeriod                        0x08000539   Thumb Code    16  timeout_api.o(i.ChangeTimerPeriod)
    CheckTimer                               0x0800054d   Thumb Code    46  timeout_api.o(i.CheckTimer)
    Display                                  0x08000581   Thumb Code    12  asmplatformconfig.o(i.Display)
    DisplayScan                              0x0800058d   Thumb Code    12  asmplatformconfig.o(i.DisplayScan)
    GPIO_Init                                0x08000599   Thumb Code   262  stm32f0xx_gpio.o(i.GPIO_Init)
    GPIO_PinAFConfig                         0x080006b9   Thumb Code   200  stm32f0xx_gpio.o(i.GPIO_PinAFConfig)
    GPIO_ReadInputDataBit                    0x0800079d   Thumb Code   162  stm32f0xx_gpio.o(i.GPIO_ReadInputDataBit)
    GPIO_ResetBits                           0x08000859   Thumb Code    72  stm32f0xx_gpio.o(i.GPIO_ResetBits)
    GPIO_SetBits                             0x080008b9   Thumb Code    72  stm32f0xx_gpio.o(i.GPIO_SetBits)
    GpioKeyInit                              0x08000919   Thumb Code    40  gpio_key.o(i.GpioKeyInit)
    GpioKeyScan                              0x08000941   Thumb Code   152  gpio_key.o(i.GpioKeyScan)
    HardFault_Handler                        0x080009e1   Thumb Code     2  stm32f0xx_it.o(i.HardFault_Handler)
    InitTimer                                0x080009e3   Thumb Code    12  timeout_api.o(i.InitTimer)
    IsTimeOut                                0x080009f1   Thumb Code    40  timeout_api.o(i.IsTimeOut)
    Led_DispInit                             0x08000bc9   Thumb Code    88  single_pwm_led.o(i.Led_DispInit)
    Led_DispScan                             0x08000c49   Thumb Code   124  single_pwm_led.o(i.Led_DispScan)
    Led_DispStateSet                         0x08000cd5   Thumb Code    24  single_pwm_led.o(i.Led_DispStateSet)
    Led_Display                              0x08000cf1   Thumb Code    10  single_pwm_led.o(i.Led_Display)
    Light_DispInit                           0x08000e05   Thumb Code    80  single_pwm_light.o(i.Light_DispInit)
    Light_DispScan                           0x08000e7d   Thumb Code    58  single_pwm_light.o(i.Light_DispScan)
    Light_DispStateSet                       0x08000ec1   Thumb Code    12  single_pwm_light.o(i.Light_DispStateSet)
    Light_Display                            0x08000ed1   Thumb Code    10  single_pwm_light.o(i.Light_Display)
    NMI_Handler                              0x08000ee1   Thumb Code     2  stm32f0xx_it.o(i.NMI_Handler)
    PendSV_Handler                           0x08000f29   Thumb Code     2  stm32f0xx_it.o(i.PendSV_Handler)
    PwmConfigChannel                         0x08000f2d   Thumb Code   436  stm32f0xx_pwm.o(i.PwmConfigChannel)
    PwmEnableChannel                         0x08001111   Thumb Code   284  stm32f0xx_pwm.o(i.PwmEnableChannel)
    Pwm_SaveConfig                           0x0800124d   Thumb Code    26  asmplatformconfig.o(i.Pwm_SaveConfig)
    RCC_AHBPeriphClockCmd                    0x0800126d   Thumb Code    58  stm32f0xx_rcc.o(i.RCC_AHBPeriphClockCmd)
    RCC_APB1PeriphClockCmd                   0x080012b9   Thumb Code    58  stm32f0xx_rcc.o(i.RCC_APB1PeriphClockCmd)
    RCC_APB1PeriphResetCmd                   0x08001305   Thumb Code    58  stm32f0xx_rcc.o(i.RCC_APB1PeriphResetCmd)
    RCC_APB2PeriphClockCmd                   0x08001351   Thumb Code    58  stm32f0xx_rcc.o(i.RCC_APB2PeriphClockCmd)
    RCC_APB2PeriphResetCmd                   0x0800139d   Thumb Code    58  stm32f0xx_rcc.o(i.RCC_APB2PeriphResetCmd)
    RCC_GetClocksFreq                        0x080013e9   Thumb Code   348  stm32f0xx_rcc.o(i.RCC_GetClocksFreq)
    SVC_Handler                              0x08001565   Thumb Code     2  stm32f0xx_it.o(i.SVC_Handler)
    StartTimer                               0x080015fd   Thumb Code    14  timeout_api.o(i.StartTimer)
    SysTick_Handler                          0x08001611   Thumb Code    16  stm32f0xx_it.o(i.SysTick_Handler)
    SystemInit                               0x08001625   Thumb Code    84  system_stm32f0xx.o(i.SystemInit)
    System_Systick_Init                      0x08001685   Thumb Code    70  asmplatformconfig.o(i.System_Systick_Init)
    System_WaterPump_Control                 0x0800170d   Thumb Code    30  asmplatformconfig.o(i.System_WaterPump_Control)
    System_WaterPump_Init                    0x0800172d   Thumb Code   158  asmplatformconfig.o(i.System_WaterPump_Init)
    TIM16_IRQHandler                         0x080017d1   Thumb Code     2  stm32f0xx_it.o(i.TIM16_IRQHandler)
    TIM_CCxCmd                               0x080017d5   Thumb Code    98  stm32f0xx_tim.o(i.TIM_CCxCmd)
    TIM_Cmd                                  0x08001859   Thumb Code   106  stm32f0xx_tim.o(i.TIM_Cmd)
    TIM_CounterModeConfig                    0x080018ed   Thumb Code    78  stm32f0xx_tim.o(i.TIM_CounterModeConfig)
    TIM_CtrlPWMOutputs                       0x08001949   Thumb Code    78  stm32f0xx_tim.o(i.TIM_CtrlPWMOutputs)
    TIM_OC1PolarityConfig                    0x080019b1   Thumb Code    88  stm32f0xx_tim.o(i.TIM_OC1PolarityConfig)
    TIM_OC2PolarityConfig                    0x08001a29   Thumb Code    72  stm32f0xx_tim.o(i.TIM_OC2PolarityConfig)
    TIM_OC3PolarityConfig                    0x08001a85   Thumb Code    66  stm32f0xx_tim.o(i.TIM_OC3PolarityConfig)
    TIM_OC4PolarityConfig                    0x08001add   Thumb Code    66  stm32f0xx_tim.o(i.TIM_OC4PolarityConfig)
    TIM_PrescalerConfig                      0x08001b35   Thumb Code    98  stm32f0xx_tim.o(i.TIM_PrescalerConfig)
    TIM_SelectOCxM                           0x08001bbd   Thumb Code   172  stm32f0xx_tim.o(i.TIM_SelectOCxM)
    TIM_SetAutoreload                        0x08001c89   Thumb Code    76  stm32f0xx_tim.o(i.TIM_SetAutoreload)
    TIM_SetClockDivision                     0x08001cf9   Thumb Code   102  stm32f0xx_tim.o(i.TIM_SetClockDivision)
    TIM_SetCompare1                          0x08001d85   Thumb Code    62  stm32f0xx_tim.o(i.TIM_SetCompare1)
    TIM_SetCompare2                          0x08001de5   Thumb Code    44  stm32f0xx_tim.o(i.TIM_SetCompare2)
    TIM_SetCompare3                          0x08001e25   Thumb Code    38  stm32f0xx_tim.o(i.TIM_SetCompare3)
    TIM_SetCompare4                          0x08001e5d   Thumb Code    38  stm32f0xx_tim.o(i.TIM_SetCompare4)
    TimeOutSet                               0x08001e95   Thumb Code    10  timeout_api.o(i.TimeOutSet)
    USART_Cmd                                0x08001ea5   Thumb Code   100  stm32f0xx_usart.o(i.USART_Cmd)
    USART_DeInit                             0x08001f2d   Thumb Code   196  stm32f0xx_usart.o(i.USART_DeInit)
    USART_GetFlagStatus                      0x08002015   Thumb Code   206  stm32f0xx_usart.o(i.USART_GetFlagStatus)
    USART_Init                               0x0800210d   Thumb Code   360  stm32f0xx_usart.o(i.USART_Init)
    USART_SendData                           0x080022a9   Thumb Code    86  stm32f0xx_usart.o(i.USART_SendData)
    Usart_Debug_Init                         0x0800232d   Thumb Code   112  asmplatformconfig.o(i.Usart_Debug_Init)
    WaterPump_WorkStateDetect                0x080023b9   Thumb Code   128  asmplatformconfig.o(i.WaterPump_WorkStateDetect)
    __0printf$5                              0x08002449   Thumb Code    24  printf5.o(i.__0printf$5)
    __1printf$5                              0x08002449   Thumb Code     0  printf5.o(i.__0printf$5)
    __2printf                                0x08002449   Thumb Code     0  printf5.o(i.__0printf$5)
    __ARM_common_switch8                     0x08002469   Thumb Code    26  single_pwm_led.o(i.__ARM_common_switch8)
    __scatterload_copy                       0x08002483   Thumb Code    14  handlers.o(i.__scatterload_copy)
    __scatterload_null                       0x08002491   Thumb Code     2  handlers.o(i.__scatterload_null)
    __scatterload_zeroinit                   0x08002493   Thumb Code    14  handlers.o(i.__scatterload_zeroinit)
    assert_failed                            0x0800277d   Thumb Code    12  main.o(i.assert_failed)
    fputc                                    0x080027b9   Thumb Code    30  asmplatformconfig.o(i.fputc)
    main                                     0x080027dd   Thumb Code   322  main.o(i.main)
    Light_WorkState                          0x08002930   Data          32  main.o(.constdata)
    WAVE_OPERATION_DATA                      0x08002950   Data         336  main.o(.constdata)
    Gpio_Define                              0x08002aa0   Data         144  single_pwm_led.o(.constdata)
    Pwm_Define                               0x08002b30   Data          12  single_pwm_led.o(.constdata)
    PwmColorTable                            0x08002b3c   Data          60  single_pwm_led.o(.constdata)
    Light_Define                             0x08002b78   Data          12  single_pwm_light.o(.constdata)
    LightColorTable                          0x08002b84   Data          60  single_pwm_light.o(.constdata)
    PWMOUT_GPIO_CLK_ARRY                     0x08002bd0   Data         104  stm32f0xx_pwm.o(.constdata)
    PWMOUT_GPIO_NUM_ARRY                     0x08002c38   Data          52  stm32f0xx_pwm.o(.constdata)
    PWMOUT_PIN_SOUR_ARRY                     0x08002c6c   Data          26  stm32f0xx_pwm.o(.constdata)
    PWMOUT_PIN_AFX_ARRY                      0x08002c86   Data          26  stm32f0xx_pwm.o(.constdata)
    Region$$Table$$Base                      0x08002e08   Number         0  anon$$obj.o(Region$$Table)
    Region$$Table$$Limit                     0x08002e28   Number         0  anon$$obj.o(Region$$Table)
    CORET_Systick_Count                      0x20000000   Data           4  timeout_api.o(.data)
    SystemCoreClock                          0x20000038   Data           4  system_stm32f0xx.o(.data)
    AHBPrescTable                            0x2000003c   Data          16  system_stm32f0xx.o(.data)
    PWMOUT_GPIO_PORT_ARRY                    0x20000058   Data         104  stm32f0xx_pwm.o(.data)
    PowerKeyState                            0x200000c0   Data           1  gpio_key.o(.data)
    __stdout                                 0x200000cc   Data           4  stdout.o(.data)
    __initial_sp                             0x20000508   Data           0  startup_stm32f030.o(STACK)



==============================================================================

Memory Map of the image

  Image Entry point : 0x080000b5

  Load Region LR_IROM1 (Base: 0x08000000, Size: 0x00002ef8, Max: 0x00008000, ABSOLUTE)

    Execution Region ER_IROM1 (Exec base: 0x08000000, Load base: 0x08000000, Size: 0x00002e28, Max: 0x00008000, ABSOLUTE)

    Exec Addr    Load Addr    Size         Type   Attr      Idx    E Section Name        Object

    0x08000000   0x08000000   0x000000b4   Data   RO         3447    RESET               startup_stm32f030.o
    0x080000b4   0x080000b4   0x00000000   Code   RO         3699  * .ARM.Collect$$$$00000000  mc_p.l(entry.o)
    0x080000b4   0x080000b4   0x00000004   Code   RO         3969    .ARM.Collect$$$$00000001  mc_p.l(entry2.o)
    0x080000b8   0x080000b8   0x00000004   Code   RO         3972    .ARM.Collect$$$$00000004  mc_p.l(entry5.o)
    0x080000bc   0x080000bc   0x00000000   Code   RO         3974    .ARM.Collect$$$$00000008  mc_p.l(entry7b.o)
    0x080000bc   0x080000bc   0x00000000   Code   RO         3976    .ARM.Collect$$$$0000000A  mc_p.l(entry8b.o)
    0x080000bc   0x080000bc   0x00000008   Code   RO         3977    .ARM.Collect$$$$0000000B  mc_p.l(entry9a.o)
    0x080000c4   0x080000c4   0x00000000   Code   RO         3979    .ARM.Collect$$$$0000000D  mc_p.l(entry10a.o)
    0x080000c4   0x080000c4   0x00000000   Code   RO         3981    .ARM.Collect$$$$0000000F  mc_p.l(entry11a.o)
    0x080000c4   0x080000c4   0x00000004   Code   RO         3970    .ARM.Collect$$$$00002712  mc_p.l(entry2.o)
    0x080000c8   0x080000c8   0x00000058   Code   RO         3448    .text               startup_stm32f030.o
    0x08000120   0x08000120   0x0000002c   Code   RO         3702    .text               mc_p.l(uidiv.o)
    0x0800014c   0x0800014c   0x00000028   Code   RO         3704    .text               mc_p.l(idiv.o)
    0x08000174   0x08000174   0x00000024   Code   RO         3706    .text               mc_p.l(memseta.o)
    0x08000198   0x08000198   0x00000060   Code   RO         3984    .text               mc_p.l(uldiv.o)
    0x080001f8   0x080001f8   0x00000024   Code   RO         3997    .text               mc_p.l(init.o)
    0x0800021c   0x0800021c   0x00000020   Code   RO         3999    .text               mc_p.l(llshl.o)
    0x0800023c   0x0800023c   0x00000022   Code   RO         4001    .text               mc_p.l(llushr.o)
    0x0800025e   0x0800025e   0x00000002   PAD
    0x08000260   0x08000260   0x00000068   Code   RO          343    i.ADC_ChannelConfig  stm32f0xx_adc.o
    0x080002c8   0x080002c8   0x0000003c   Code   RO          347    i.ADC_Cmd           stm32f0xx_adc.o
    0x08000304   0x08000304   0x00000030   Code   RO          351    i.ADC_DeInit        stm32f0xx_adc.o
    0x08000334   0x08000334   0x0000004c   Code   RO          353    i.ADC_GetCalibrationFactor  stm32f0xx_adc.o
    0x08000380   0x08000380   0x00000024   Code   RO          354    i.ADC_GetConversionValue  stm32f0xx_adc.o
    0x080003a4   0x080003a4   0x00000084   Code   RO          355    i.ADC_GetFlagStatus  stm32f0xx_adc.o
    0x08000428   0x08000428   0x000000d8   Code   RO          358    i.ADC_Init          stm32f0xx_adc.o
    0x08000500   0x08000500   0x00000028   Code   RO          361    i.ADC_StartOfConversion  stm32f0xx_adc.o
    0x08000528   0x08000528   0x00000010   Code   RO          363    i.ADC_StructInit    stm32f0xx_adc.o
    0x08000538   0x08000538   0x00000014   Code   RO            3    i.ChangeTimerPeriod  timeout_api.o
    0x0800054c   0x0800054c   0x00000034   Code   RO            4    i.CheckTimer        timeout_api.o
    0x08000580   0x08000580   0x0000000c   Code   RO         3454    i.Display           asmplatformconfig.o
    0x0800058c   0x0800058c   0x0000000c   Code   RO         3455    i.DisplayScan       asmplatformconfig.o
    0x08000598   0x08000598   0x00000120   Code   RO         1028    i.GPIO_Init         stm32f0xx_gpio.o
    0x080006b8   0x080006b8   0x000000e4   Code   RO         1029    i.GPIO_PinAFConfig  stm32f0xx_gpio.o
    0x0800079c   0x0800079c   0x000000bc   Code   RO         1032    i.GPIO_ReadInputDataBit  stm32f0xx_gpio.o
    0x08000858   0x08000858   0x00000060   Code   RO         1035    i.GPIO_ResetBits    stm32f0xx_gpio.o
    0x080008b8   0x080008b8   0x00000060   Code   RO         1036    i.GPIO_SetBits      stm32f0xx_gpio.o
    0x08000918   0x08000918   0x00000028   Code   RO         3671    i.GpioKeyInit       gpio_key.o
    0x08000940   0x08000940   0x000000a0   Code   RO         3672    i.GpioKeyScan       gpio_key.o
    0x080009e0   0x080009e0   0x00000002   Code   RO         3353    i.HardFault_Handler  stm32f0xx_it.o
    0x080009e2   0x080009e2   0x0000000c   Code   RO            6    i.InitTimer         timeout_api.o
    0x080009ee   0x080009ee   0x00000002   PAD
    0x080009f0   0x080009f0   0x0000002c   Code   RO            7    i.IsTimeOut         timeout_api.o
    0x08000a1c   0x08000a1c   0x000001ac   Code   RO          235    i.Led_DispAutoChange  single_pwm_led.o
    0x08000bc8   0x08000bc8   0x00000080   Code   RO          236    i.Led_DispInit      single_pwm_led.o
    0x08000c48   0x08000c48   0x0000008c   Code   RO          237    i.Led_DispScan      single_pwm_led.o
    0x08000cd4   0x08000cd4   0x0000001c   Code   RO          238    i.Led_DispStateSet  single_pwm_led.o
    0x08000cf0   0x08000cf0   0x00000010   Code   RO          239    i.Led_Display       single_pwm_led.o
    0x08000d00   0x08000d00   0x00000044   Code   RO          240    i.Led_ScanGpioConfig  single_pwm_led.o
    0x08000d44   0x08000d44   0x000000c0   Code   RO          290    i.Light_DispAutoChange  single_pwm_light.o
    0x08000e04   0x08000e04   0x00000078   Code   RO          291    i.Light_DispInit    single_pwm_light.o
    0x08000e7c   0x08000e7c   0x00000044   Code   RO          292    i.Light_DispScan    single_pwm_light.o
    0x08000ec0   0x08000ec0   0x00000010   Code   RO          293    i.Light_DispStateSet  single_pwm_light.o
    0x08000ed0   0x08000ed0   0x00000010   Code   RO          294    i.Light_Display     single_pwm_light.o
    0x08000ee0   0x08000ee0   0x00000002   Code   RO         3354    i.NMI_Handler       stm32f0xx_it.o
    0x08000ee2   0x08000ee2   0x00000002   PAD
    0x08000ee4   0x08000ee4   0x00000044   Code   RO         3456    i.NVIC_SetPriority  asmplatformconfig.o
    0x08000f28   0x08000f28   0x00000002   Code   RO         3355    i.PendSV_Handler    stm32f0xx_it.o
    0x08000f2a   0x08000f2a   0x00000002   PAD
    0x08000f2c   0x08000f2c   0x000001e4   Code   RO         3635    i.PwmConfigChannel  stm32f0xx_pwm.o
    0x08001110   0x08001110   0x0000013c   Code   RO         3637    i.PwmEnableChannel  stm32f0xx_pwm.o
    0x0800124c   0x0800124c   0x00000020   Code   RO         3457    i.Pwm_SaveConfig    asmplatformconfig.o
    0x0800126c   0x0800126c   0x0000004c   Code   RO         1553    i.RCC_AHBPeriphClockCmd  stm32f0xx_rcc.o
    0x080012b8   0x080012b8   0x0000004c   Code   RO         1555    i.RCC_APB1PeriphClockCmd  stm32f0xx_rcc.o
    0x08001304   0x08001304   0x0000004c   Code   RO         1556    i.RCC_APB1PeriphResetCmd  stm32f0xx_rcc.o
    0x08001350   0x08001350   0x0000004c   Code   RO         1557    i.RCC_APB2PeriphClockCmd  stm32f0xx_rcc.o
    0x0800139c   0x0800139c   0x0000004c   Code   RO         1558    i.RCC_APB2PeriphResetCmd  stm32f0xx_rcc.o
    0x080013e8   0x080013e8   0x0000017c   Code   RO         1567    i.RCC_GetClocksFreq  stm32f0xx_rcc.o
    0x08001564   0x08001564   0x00000002   Code   RO         3356    i.SVC_Handler       stm32f0xx_it.o
    0x08001566   0x08001566   0x00000002   PAD
    0x08001568   0x08001568   0x00000094   Code   RO         3410    i.SetSysClock       system_stm32f0xx.o
    0x080015fc   0x080015fc   0x00000014   Code   RO            9    i.StartTimer        timeout_api.o
    0x08001610   0x08001610   0x00000014   Code   RO         3357    i.SysTick_Handler   stm32f0xx_it.o
    0x08001624   0x08001624   0x00000060   Code   RO         3412    i.SystemInit        system_stm32f0xx.o
    0x08001684   0x08001684   0x00000088   Code   RO         3458    i.System_Systick_Init  asmplatformconfig.o
    0x0800170c   0x0800170c   0x0000001e   Code   RO         3459    i.System_WaterPump_Control  asmplatformconfig.o
    0x0800172a   0x0800172a   0x00000002   PAD
    0x0800172c   0x0800172c   0x000000a4   Code   RO         3460    i.System_WaterPump_Init  asmplatformconfig.o
    0x080017d0   0x080017d0   0x00000002   Code   RO         3358    i.TIM16_IRQHandler  stm32f0xx_it.o
    0x080017d2   0x080017d2   0x00000002   PAD
    0x080017d4   0x080017d4   0x00000084   Code   RO         2428    i.TIM_CCxCmd        stm32f0xx_tim.o
    0x08001858   0x08001858   0x00000094   Code   RO         2436    i.TIM_Cmd           stm32f0xx_tim.o
    0x080018ec   0x080018ec   0x0000005c   Code   RO         2437    i.TIM_CounterModeConfig  stm32f0xx_tim.o
    0x08001948   0x08001948   0x00000068   Code   RO         2438    i.TIM_CtrlPWMOutputs  stm32f0xx_tim.o
    0x080019b0   0x080019b0   0x00000078   Code   RO         2467    i.TIM_OC1PolarityConfig  stm32f0xx_tim.o
    0x08001a28   0x08001a28   0x0000005c   Code   RO         2472    i.TIM_OC2PolarityConfig  stm32f0xx_tim.o
    0x08001a84   0x08001a84   0x00000058   Code   RO         2477    i.TIM_OC3PolarityConfig  stm32f0xx_tim.o
    0x08001adc   0x08001adc   0x00000058   Code   RO         2481    i.TIM_OC4PolarityConfig  stm32f0xx_tim.o
    0x08001b34   0x08001b34   0x00000088   Code   RO         2485    i.TIM_PrescalerConfig  stm32f0xx_tim.o
    0x08001bbc   0x08001bbc   0x000000cc   Code   RO         2493    i.TIM_SelectOCxM    stm32f0xx_tim.o
    0x08001c88   0x08001c88   0x00000070   Code   RO         2497    i.TIM_SetAutoreload  stm32f0xx_tim.o
    0x08001cf8   0x08001cf8   0x0000008c   Code   RO         2498    i.TIM_SetClockDivision  stm32f0xx_tim.o
    0x08001d84   0x08001d84   0x00000060   Code   RO         2499    i.TIM_SetCompare1   stm32f0xx_tim.o
    0x08001de4   0x08001de4   0x00000040   Code   RO         2500    i.TIM_SetCompare2   stm32f0xx_tim.o
    0x08001e24   0x08001e24   0x00000038   Code   RO         2501    i.TIM_SetCompare3   stm32f0xx_tim.o
    0x08001e5c   0x08001e5c   0x00000038   Code   RO         2502    i.TIM_SetCompare4   stm32f0xx_tim.o
    0x08001e94   0x08001e94   0x00000010   Code   RO           10    i.TimeOutSet        timeout_api.o
    0x08001ea4   0x08001ea4   0x00000088   Code   RO         2988    i.USART_Cmd         stm32f0xx_usart.o
    0x08001f2c   0x08001f2c   0x000000e8   Code   RO         2994    i.USART_DeInit      stm32f0xx_usart.o
    0x08002014   0x08002014   0x000000f8   Code   RO         2996    i.USART_GetFlagStatus  stm32f0xx_usart.o
    0x0800210c   0x0800210c   0x0000019c   Code   RO         3000    i.USART_Init        stm32f0xx_usart.o
    0x080022a8   0x080022a8   0x00000084   Code   RO         3017    i.USART_SendData    stm32f0xx_usart.o
    0x0800232c   0x0800232c   0x0000008c   Code   RO         3461    i.Usart_Debug_Init  asmplatformconfig.o
    0x080023b8   0x080023b8   0x00000090   Code   RO         3462    i.WaterPump_WorkStateDetect  asmplatformconfig.o
    0x08002448   0x08002448   0x00000020   Code   RO         3841    i.__0printf$5       mc_p.l(printf5.o)
    0x08002468   0x08002468   0x0000001a   Code   RO          282    i.__ARM_common_switch8  single_pwm_led.o
    0x08002482   0x08002482   0x0000000e   Code   RO         4011    i.__scatterload_copy  mc_p.l(handlers.o)
    0x08002490   0x08002490   0x00000002   Code   RO         4012    i.__scatterload_null  mc_p.l(handlers.o)
    0x08002492   0x08002492   0x0000000e   Code   RO         4013    i.__scatterload_zeroinit  mc_p.l(handlers.o)
    0x080024a0   0x080024a0   0x000002dc   Code   RO         3848    i._printf_core      mc_p.l(printf5.o)
    0x0800277c   0x0800277c   0x0000003c   Code   RO          205    i.assert_failed     main.o
    0x080027b8   0x080027b8   0x00000024   Code   RO         3463    i.fputc             asmplatformconfig.o
    0x080027dc   0x080027dc   0x00000154   Code   RO          206    i.main              main.o
    0x08002930   0x08002930   0x00000170   Data   RO          207    .constdata          main.o
    0x08002aa0   0x08002aa0   0x000000d8   Data   RO          242    .constdata          single_pwm_led.o
    0x08002b78   0x08002b78   0x00000048   Data   RO          296    .constdata          single_pwm_light.o
    0x08002bc0   0x08002bc0   0x0000000e   Data   RO         3464    .constdata          asmplatformconfig.o
    0x08002bce   0x08002bce   0x00000002   PAD
    0x08002bd0   0x08002bd0   0x000000d0   Data   RO         3638    .constdata          stm32f0xx_pwm.o
    0x08002ca0   0x08002ca0   0x00000046   Data   RO          368    .conststring        stm32f0xx_adc.o
    0x08002ce6   0x08002ce6   0x00000002   PAD
    0x08002ce8   0x08002ce8   0x00000047   Data   RO         1040    .conststring        stm32f0xx_gpio.o
    0x08002d2f   0x08002d2f   0x00000001   PAD
    0x08002d30   0x08002d30   0x00000046   Data   RO         1593    .conststring        stm32f0xx_rcc.o
    0x08002d76   0x08002d76   0x00000002   PAD
    0x08002d78   0x08002d78   0x00000046   Data   RO         2513    .conststring        stm32f0xx_tim.o
    0x08002dbe   0x08002dbe   0x00000002   PAD
    0x08002dc0   0x08002dc0   0x00000048   Data   RO         3030    .conststring        stm32f0xx_usart.o
    0x08002e08   0x08002e08   0x00000020   Data   RO         4009    Region$$Table       anon$$obj.o


    Execution Region RW_IRAM1 (Exec base: 0x20000000, Load base: 0x08002e28, Size: 0x00000508, Max: 0x00001000, ABSOLUTE)

    Exec Addr    Load Addr    Size         Type   Attr      Idx    E Section Name        Object

    0x20000000   0x08002e28   0x00000004   Data   RW           12    .data               timeout_api.o
    0x20000004   0x08002e2c   0x0000000c   Data   RW          208    .data               main.o
    0x20000010   0x08002e38   0x0000000c   Data   RW          243    .data               single_pwm_led.o
    0x2000001c   0x08002e44   0x0000000c   Data   RW          297    .data               single_pwm_light.o
    0x20000028   0x08002e50   0x00000010   Data   RW         1594    .data               stm32f0xx_rcc.o
    0x20000038   0x08002e60   0x00000014   Data   RW         3413    .data               system_stm32f0xx.o
    0x2000004c   0x08002e74   0x0000000c   Data   RW         3465    .data               asmplatformconfig.o
    0x20000058   0x08002e80   0x00000068   Data   RW         3639    .data               stm32f0xx_pwm.o
    0x200000c0   0x08002ee8   0x0000000c   Data   RW         3674    .data               gpio_key.o
    0x200000cc   0x08002ef4   0x00000004   Data   RW         3983    .data               mc_p.l(stdout.o)
    0x200000d0        -       0x00000028   Zero   RW          241    .bss                single_pwm_led.o
    0x200000f8        -       0x00000010   Zero   RW          295    .bss                single_pwm_light.o
    0x20000108        -       0x00000400   Zero   RW         3445    STACK               startup_stm32f030.o


==============================================================================

Image component sizes


      Code (inc. data)   RO Data    RW Data    ZI Data      Debug   Object Name

       774        136         14         12          0      12119   asmplatformconfig.o
       200          8          0         12          0       1992   gpio_key.o
       400         66        368         12          0       2041   main.o
       834         90        216         12         40       4882   single_pwm_led.o
       412         68         72         12         16       3642   single_pwm_light.o
        88         38        180          0       1024        728   startup_stm32f030.o
       728         92         70          0          0       6555   stm32f0xx_adc.o
       896        128         71          0          0       4291   stm32f0xx_gpio.o
        30          4          0          0          0       2550   stm32f0xx_it.o
       800         80        208        104          0       3345   stm32f0xx_pwm.o
       760        122         70         16          0       5536   stm32f0xx_rcc.o
      1728        446         70          0          0      12066   stm32f0xx_tim.o
      1160        212         72          0          0       4731   stm32f0xx_usart.o
       244         22          0         20          0       2029   system_stm32f0xx.o
       164         26          0          4          0     225881   timeout_api.o

    ----------------------------------------------------------------------
      9230       1538       1452        204       1080     292388   Object Totals
         0          0         32          0          0          0   (incl. Generated)
        12          0          9          0          0          0   (incl. Padding)

    ----------------------------------------------------------------------

      Code (inc. data)   RO Data    RW Data    ZI Data      Debug   Library Member Name

         0          0          0          0          0          0   entry.o
         0          0          0          0          0          0   entry10a.o
         0          0          0          0          0          0   entry11a.o
         8          4          0          0          0          0   entry2.o
         4          0          0          0          0          0   entry5.o
         0          0          0          0          0          0   entry7b.o
         0          0          0          0          0          0   entry8b.o
         8          4          0          0          0          0   entry9a.o
        30          0          0          0          0          0   handlers.o
        40          0          0          0          0         72   idiv.o
        36          8          0          0          0         68   init.o
        32          0          0          0          0         68   llshl.o
        34          0          0          0          0         68   llushr.o
        36          0          0          0          0        100   memseta.o
       764         52          0          0          0        168   printf5.o
         0          0          0          4          0          0   stdout.o
        44          0          0          0          0         72   uidiv.o
        96          0          0          0          0         84   uldiv.o

    ----------------------------------------------------------------------
      1134         68          0          4          0        700   Library Totals
         2          0          0          0          0          0   (incl. Padding)

    ----------------------------------------------------------------------

      Code (inc. data)   RO Data    RW Data    ZI Data      Debug   Library Name

      1132         68          0          4          0        700   mc_p.l

    ----------------------------------------------------------------------
      1134         68          0          4          0        700   Library Totals

    ----------------------------------------------------------------------

==============================================================================


      Code (inc. data)   RO Data    RW Data    ZI Data      Debug   

     10364       1606       1452        208       1080     289456   Grand Totals
     10364       1606       1452        208       1080     289456   ELF Image Totals
     10364       1606       1452        208          0          0   ROM Totals

==============================================================================

    Total RO  Size (Code + RO Data)                11816 (  11.54kB)
    Total RW  Size (RW Data + ZI Data)              1288 (   1.26kB)
    Total ROM Size (Code + RO Data + RW Data)      12024 (  11.74kB)

==============================================================================

