
File: common_alexa.a(common_alexa.o)
ELF Header:
  Magic:   7f 45 4c 46 01 01 01 00 00 00 00 00 00 00 00 00 
  Class:                             ELF32
  Data:                              2's complement, little endian
  Version:                           1 (current)
  OS/ABI:                            UNIX - System V
  ABI Version:                       0
  Type:                              REL (Relocatable file)
  Machine:                           MIPS R3000
  Version:                           0x1
  Entry point address:               0x0
  Start of program headers:          0 (bytes into file)
  Start of section headers:          15204 (bytes into file)
  Flags:                             0x50001001, noreorder, o32, mips32
  Size of this header:               52 (bytes)
  Size of program headers:           0 (bytes)
  Number of program headers:         0
  Size of section headers:           40 (bytes)
  Number of section headers:         36
  Section header string table index: 33

Section Headers:
  [Nr] Name              Type            Addr     Off    Size   ES Flg Lk Inf Al
  [ 0]                   NULL            00000000 000000 000000 00      0   0  0
  [ 1] .text             PROGBITS        00000000 000034 000000 00  AX  0   0  4
  [ 2] .data             PROGBITS        00000000 000034 000000 00  WA  0   0  1
  [ 3] .bss              NOBITS          00000000 000034 000004 00  WA  0   0  4
  [ 4] .reginfo          MIPS_REGINFO    00000000 000034 000018 18      0   0  4
  [ 5] .pdr              PROGBITS        00000000 00004c 000120 00      0   0  4
  [ 6] .rel.pdr          REL             00000000 00465c 000048 08     34   5  4
  [ 7] .mdebug.abi32     PROGBITS        00000000 00016c 000000 00      0   0  1
  [ 8] .debug_abbrev     MIPS_DWARF      00000000 00016c 0001f0 00      0   0  1
  [ 9] .debug_info       MIPS_DWARF      00000000 00035c 0016b3 00      0   0  1
  [10] .rel.debug_info   REL             00000000 0046a4 000c78 08     34   9  4
  [11] .debug_line       MIPS_DWARF      00000000 001a0f 0001f2 00      0   0  1
  [12] .rel.debug_line   REL             00000000 00531c 000028 08     34  11  4
  [13] .linkplay.const   PROGBITS        00000000 001c04 000018 00   A  0   0  4
  [14] .rel.linkplay.con REL             00000000 005344 000028 08     34  13  4
  [15] .linkplay.alexast PROGBITS        00000000 001c1c 000254 00  AX  0   0  4
  [16] .rel.linkplay.ale REL             00000000 00536c 000090 08     34  15  4
  [17] .linkplay.playton PROGBITS        00000000 001e70 000044 00  AX  0   0  4
  [18] .rel.linkplay.pla REL             00000000 0053fc 000020 08     34  17  4
  [19] .linkplay.dsp     PROGBITS        00000000 001eb4 000050 00  AX  0   0  4
  [20] .rel.linkplay.dsp REL             00000000 00541c 000008 08     34  19  4
  [21] .linkplay.alexapr PROGBITS        00000000 001f04 00015c 00  AX  0   0  4
  [22] .rel.linkplay.ale REL             00000000 005424 000018 08     34  21  4
  [23] .linkplay.ble     PROGBITS        00000000 002060 000024 00  AX  0   0  4
  [24] .rel.linkplay.ble REL             00000000 00543c 000008 08     34  23  4
  [25] .debug_frame      MIPS_DWARF      00000000 002084 00010c 00      0   0  4
  [26] .rel.debug_frame  REL             00000000 005444 000090 08     34  25  4
  [27] .debug_pubnames   MIPS_DWARF      00000000 002190 000100 00      0   0  1
  [28] .rel.debug_pubnam REL             00000000 0054d4 000008 08     34  27  4
  [29] .debug_aranges    MIPS_DWARF      00000000 002290 000068 00      0   0  1
  [30] .rel.debug_arange REL             00000000 0054dc 000058 08     34  29  4
  [31] .debug_str        MIPS_DWARF      00000000 0022f8 0016f5 01  MS  0   0  1
  [32] .comment          PROGBITS        00000000 0039ed 00002b 00      0   0  1
  [33] .shstrtab         STRTAB          00000000 003a18 000149 00      0   0  1
  [34] .symtab           SYMTAB          00000000 004104 000360 10     35  33  4
  [35] .strtab           STRTAB          00000000 004464 0001f8 00      0   0  1
Key to Flags:
  W (write), A (alloc), X (execute), M (merge), S (strings)
  I (info), L (link order), G (group), x (unknown)
  O (extra OS processing required) o (OS specific), p (processor specific)
