Archive member included because of file (symbol)

./../../../psp_rel/lib/asr.a(LpMain.o)
                              ./../../lib/common_view_manager.o (lp_init)
./../../../psp_rel/lib/asr.a(lp_command_deal.o)
                              ./../../../psp_rel/lib/asr.a(LpMain.o) (lp_send_trigger_cmd)
./../../../psp_rel/lib/asr.a(lp_command_parser.o)
                              ./../../../psp_rel/lib/asr.a(LpMain.o) (lp_smart_command_parser_init)
./../../../psp_rel/lib/asr.a(lp_smart_common.o)
                              ./../../../psp_rel/lib/asr.a(LpMain.o) (lp_record_notify_start)
./../../../psp_rel/lib/asr.a(lp_smart_secret.o)
                              ./../../../psp_rel/lib/asr.a(LpMain.o) (check_chipid)
./../../../psp_rel/lib/asr.a(sa2Controller.o)
                              ./../../../psp_rel/lib/asr.a(lp_command_deal.o) (sa2_get_version)
./../../../psp_rel/lib/asr.a(c02Controller.o)
                              ./../../../psp_rel/lib/asr.a(lp_command_deal.o) (DSPGetVersion)

Memory Configuration

Name             Origin             Length             Attributes
*default*        0x0000000000000000 0xffffffffffffffff

Linker script and memory map

LOAD ./../../../psp_rel/lib/asr.a
LOAD ./../../../psp_rel/include/link_base.xn
                0x0000000000000000                DRV_GROUP_STG_BASE = 0x0
                0x0000000000000001                DRV_GROUP_STG_CARD = 0x1
                0x0000000000000002                DRV_GROUP_STG_UHOST = 0x2
                0x0000000000000003                DRV_GROUP_FAT32 = 0x3
                0x0000000000000004                DRV_GROUP_EXFAT = 0x4
                0x0000000000000005                DRV_GROUP_UD = 0x5
                0x0000000000000006                DRV_GROUP_LCD = 0x6
                0x0000000000000007                DRV_GROUP_FM = 0x7
                0x0000000000000008                DRV_GROUP_KEY = 0x8
                0x0000000000000009                DRV_GROUP_CCD = 0x9
                0x000000000000000a                DRV_GROUP_AUDIO_DEVICE = 0xa
                0x000000000000000b                DRV_GROUP_TTS = 0xb
                0x000000000000000c                DRV_GROUP_BT = 0xc
                0x000000000000000f                DRV_GROUP_SYS = 0xf
                0x000000000003ffff                SRAM_SIZE_MASK = 0x3ffff
                0x000000009fc00000                RDATA_ADDR_BASE = 0x9fc00000
                0x00000000bfc00000                RCODE_ADDR_BASE = 0xbfc00000
                0x0000000000000001                KERNEL_BANK_A = 0x1
                0x0000000000000002                KERNEL_BANK_B = 0x2
                0x0000000000000003                KERNEL_BANK_C = 0x3
                0x0000000000040000                BANK_SPACE = 0x40000
                0x0000000000000000                FRONT_AP = 0x0
                0x0000000000000001                BACK_AP = 0x1
                0x0000000000000002                PROCESS_MANAGER_AP = 0x2
                0x0000000000000000                FRONT_CODEC = 0x0
                0x0000000000000001                BACK_CODEC = 0x1
                0x0000000000000040                AP_BANK_FRONT_CONTROL_1 = 0x40
                0x0000000000000048                AP_BANK_FRONT_UI_1 = 0x48
                0x0000000000000050                AP_BANK_FRONT_BASAL = 0x50
                0x0000000000000058                AP_BANK_FRONT_CODEC = 0x58
                0x0000000000000060                AP_BANK_BACK_CONTROL_1 = 0x60
                0x0000000000000068                AP_BANK_BACK_BASAL = 0x68
                0x0000000000000070                AP_BANK_BACK_CODEC = 0x70
                0x0000000000000078                AP_BANK_FRONT_ENHANCED_1 = 0x78
                0x0000000000000071                AP_BANK_FRONT_ENHANCED_2 = 0x71
                0x000000000000007a                AP_BANK_BACK_ENHANCED_1 = 0x7a
                0x000000000000007b                AP_BANK_BACK_ENHANCED_2 = 0x7b
                0x0000000000000072                AP_BANK_BTENGINE_CONTROL_1 = 0x72
                0x0000000000000073                AP_BANK_BTENGINE_LIB_1 = 0x73
                0x0000000000000074                AP_BANK_BTENGINE_LIB_2 = 0x74
                0x0000000000000075                AP_BANK_BTENGINE_EXTEND_1 = 0x75
                0x0000000000000076                AP_BANK_BTENGINE_EXTEND_2 = 0x76
                0x0000000000000077                AP_BANK_BTENGINE_EXTEND_3 = 0x77
                0x000000000000007c                AP_BANK_BTENGINE_EXTEND_4 = 0x7c
                0x0000000000000079                AP_BANK_BTENGINE_EXTEND_5 = 0x79
                0x000000000000007f                AP_BANK_MANAGER = 0x7f
                0x0000000000000041                AP_BANK_AUTOTEST = 0x41
                0x0000000000000000                SROM_BROM_ADDR = 0x0
                0x0000000000002600                SROM_BROM_SIZE = 0x2600
                0x0000000000002600                SROM_SPINOR_ADDR = (SROM_BROM_ADDR + SROM_BROM_SIZE)
                0x0000000000000c00                SROM_SPINOR_SIZE = 0xc00
                0x0000000000003200                SROM_TWI_ADDR = (SROM_SPINOR_ADDR + SROM_SPINOR_SIZE)
                0x0000000000000700                SROM_TWI_SIZE = 0x700
                0x0000000000003900                SROM_STUB_ADDR = (SROM_TWI_ADDR + SROM_TWI_SIZE)
                0x0000000000000700                SROM_STUB_SIZE = 0x700
                0x0000000000000e00                SROM_SPINOR_SIZE_MDY = 0xe00
                0x0000000000003400                SROM_TWI_ADDR_MDY = (SROM_SPINOR_ADDR + SROM_SPINOR_SIZE_MDY)
                0x0000000000000700                SROM_TWI_SIZE_MDY = 0x700
                0x0000000000003b00                SROM_STUB_ADDR_MDY = (SROM_TWI_ADDR_MDY + SROM_TWI_SIZE_MDY)
                0x0000000000000500                SROM_STUB_SIZE_MDY = 0x500
                0x0000000000004000                SROM_KERNEL_ADDR = (SROM_STUB_ADDR + SROM_STUB_SIZE)
                0x0000000000004000                SROM_KERNEL_SIZE = 0x4000
                0x000000000000c000                SROM_FS_ADDR = 0xc000
                0x0000000000001c00                SROM_FS_SIZE = 0x1c00
                0x000000000000dc00                SROM_SPINOR1_ADDR = (SROM_FS_ADDR + SROM_FS_SIZE)
                0x0000000000000400                SROM_SPINOR1_SIZE = 0x400
                0x0000000000008000                SRAM_OS_RCODE_ADDR = 0x8000
                0x0000000000000c00                SRAM_OS_RCODE_SIZE = 0xc00
                0x0000000000008c00                SRAM_SPINOR_RCODE_ADDR = 0x8c00
                0x0000000000000400                SRAM_SPINOR_RCODE_SIZE = 0x400
                0x0000000000009000                SRAM_BANK_A_ADDR = 0x9000
                0x0000000000000400                SRAM_BANK_A_SIZE = 0x400
                0x0000000000009400                SRAM_BANK_B_ADDR = 0x9400
                0x0000000000000800                SRAM_BANK_B_SIZE = 0x800
                0x0000000000009c00                SRAM_UI_RCODE_ADDR = 0x9c00
                0x0000000000000300                SRAM_UI_RCODE_SIZE = 0x300
                0x0000000000009f00                SRAM_AUDIO_GLOBAL_DATA_ADDR = 0x9f00
                0x0000000000000060                SRAM_AUDIO_GLOBAL_DATA_SIZE = 0x60
                0x0000000000009f60                SRAM_UHOST_GLOBAL_DATA_ADDR = 0x9f60
                0x0000000000000010                SRAM_UHOST_GLOBAL_DATA_SIZE = 0x10
                0x0000000000009f70                SRAM_CARD_GLOBAL_DATA_ADDR = 0x9f70
                0x0000000000000010                SRAM_CARD_GLOBAL_DATA_SIZE = 0x10
                0x0000000000009f80                SRAM_SYS_SHARE_DATA_ADDR = 0x9f80
                0x0000000000000040                SRAM_SYS_SHARE_DATA_SIZE = 0x40
                0x0000000000009fc0                SRAM_RAM6_CCD_GLOBAL_DATA_ADDR = 0x9fc0
                0x0000000000000040                SRAM_RAM6_CCD_GLOBAL_DATA_SIZE = 0x40
                0x000000000000a000                SRAM_BT_LIB1_BANK_ADDR = 0xa000
                0x0000000000000800                SRAM_BT_LIB1_BANK_SIZE = 0x800
                0x000000000000a800                SRAM_BT_EXT1_BANK_ADDR = (SRAM_BT_LIB1_BANK_ADDR + SRAM_BT_LIB1_BANK_SIZE)
                0x0000000000000800                SRAM_BT_EXT1_BANK_SIZE = 0x800
                0x000000000000b000                SRAM_BT_EXT2_BANK_ADDR = (SRAM_BT_EXT1_BANK_ADDR + SRAM_BT_EXT1_BANK_SIZE)
                0x0000000000000800                SRAM_BT_EXT2_BANK_SIZE = 0x800
                0x000000000000f000                SRAM_BT_STACK_RCODE1_ADDR = 0xf000
                0x0000000000000a00                SRAM_BT_STACK_RCODE1_SIZE = 0xa00
                0x000000000000b000                SRAM_AP_BANK_MANAGER_ADDR = SRAM_BT_EXT2_BANK_ADDR
                0x0000000000000800                SRAM_AP_BANK_MANAGER_SIZE = SRAM_BT_EXT2_BANK_SIZE
                0x000000000000be00                SRAM_KEY_MESSAGE_DATA_ADDR = 0xbe00
                0x0000000000000100                SRAM_KEY_MESSAGE_DATA_SIZE = 0x100
                0x000000000000bf00                SRAM_UI_DATA_ADDR = 0xbf00
                0x0000000000000100                SRAM_UI_DATA_SIZE = 0x100
                0x0000000000010000                SRAM_BT_CONTROLLER_RCODE_ADDR = 0x10000
                0x0000000000000500                SRAM_BT_CONTROLLER_RCODE_SIZE = 0x500
                0x0000000000010500                SRAM_COMMON_BT_MANAGER_RCODE = (SRAM_BT_CONTROLLER_RCODE_ADDR + SRAM_BT_CONTROLLER_RCODE_SIZE)
                0x0000000000000b00                SRAM_COMMON_BT_MANAGER_SIZE = 0xb00
                0x0000000000011000                SRAM_BT_BACK_RCODE_ADDR = (SRAM_COMMON_BT_MANAGER_RCODE + SRAM_COMMON_BT_MANAGER_SIZE)
                0x0000000000002900                SRAM_BT_BACK_RCODE_SIZE = 0x2900
                0x00000000000140d0                SRAM_IRQ_PRINT_BUFFER_ADDR = 0x140d0
                0x0000000000000130                SRAM_IRQ_PRINT_BUFFER_SIZE = 0x130
                0x0000000000013900                SRAM_BT_LIB2_BANK_ADDR = 0x13900
                0x0000000000000d00                SRAM_BT_LIB2_BANK_SIZE = 0xd00
                0x0000000000013900                SRAM_BT_EXT3_BANK_ADDR = SRAM_BT_LIB2_BANK_ADDR
                0x0000000000000d00                SRAM_BT_EXT3_BANK_SIZE = SRAM_BT_LIB2_BANK_SIZE
                0x0000000000021e00                SRAM_BT_EXT4_BANK_ADDR = 0x21e00
                0x0000000000000600                SRAM_BT_EXT4_BANK_SIZE = 0x600
                0x0000000000014600                SRAM_BT_EXT5_BANK_ADDR = 0x14600
                0x0000000000000600                SRAM_BT_EXT5_BANK_SIZE = 0x600
                0x000000000000fa00                SRAM_COM_DAE_RCODE_ADDR = 0xfa00
                0x0000000000000100                SRAM_COM_DAE_RCODE_SIZE = 0x100
                0x000000000000fb00                SRAM_BTCALL_EXT_RCODE_ADDR = 0xfb00
                0x0000000000000100                SRAM_BTCALL_EXT_RCODE_SIZE = 0x100
                0x000000000001e900                SRAM_AP_FRONT_RCODE_ADDR = 0x1e900
                0x0000000000000800                SRAM_AP_FRONT_RCODE_SIZE = 0x800
                0x0000000000016c00                SRAM_FS_RCODE_ADDR = 0x16c00
                0x0000000000000800                SRAM_FS_RCODE_SIZE = 0x800
                0x0000000000017400                SRAM_CARD_UD_RCODE_ADDR = 0x17400
                0x0000000000000c00                SRAM_CARD_UD_RCODE_SIZE = 0xc00
                0x0000000000017400                SRAM_UHOST_UD_RCODE_ADDR = SRAM_CARD_UD_RCODE_ADDR
                0x0000000000000c00                SRAM_UHOST_UD_RCODE_SIZE = SRAM_CARD_UD_RCODE_SIZE
                0x0000000000016c00                SRAM_USOUND_RCODE_ADDR = 0x16c00
                0x0000000000002800                SRAM_USOUND_RCODE_SIZE = 0x2800
                0x0000000000016c00                SRAM_BTSTACK_AVDTP_DATA_ADDR = 0x16c00
                0x0000000000002980                SRAM_BTSTACK_AVDTP_DATA_SIZE = 0x2980
                0x0000000000016c00                SRAM_BTCALL_CALLRING_BUF_ADDR = 0x16c00
                0x0000000000001000                SRAM_BTCALL_CALLRING_BUF_SIZE = 0x1000
                0x0000000000016c00                SRAM_BTCALL_ASQT_BUF_ADDR = 0x16c00
                0x0000000000002800                SRAM_BTCALL_ASQT_BUF_SIZE = 0x2800
                0x0000000000018000                SRAM_FS_DATA_ADDR = 0x18000
                0x0000000000000300                SRAM_FS_DATA_SIZE = 0x300
                0x0000000000018300                SRAM_FS_BUF_ADDR = 0x18300
                0x0000000000000a00                SRAM_FS_BUF_SIZE = 0xa00
                0x0000000000018d00                SRAM_CARD_UD_CACHE_ADDR = 0x18d00
                0x0000000000000800                SRAM_CARD_UD_CACHE_SIZE = 0x800
                0x0000000000018d00                SRAM_UHOST_UD_CACHE_ADDR = SRAM_CARD_UD_CACHE_ADDR
                0x0000000000000800                SRAM_UHOST_UD_CACHE_SIZE = SRAM_CARD_UD_CACHE_SIZE
                0x0000000000019500                SRAM_CARD_DATA_ADDR = 0x19500
                0x0000000000000080                SRAM_CARD_DATA_SIZE = 0x80
                0x0000000000019500                SRAM_UHOST_DATA_ADDR = SRAM_CARD_DATA_ADDR
                0x0000000000000080                SRAM_UHOST_DATA_SIZE = SRAM_CARD_DATA_SIZE
                0x0000000000019580                SRAM_AP_BACK_DATA_ADDR = 0x19580
                0x0000000000000400                SRAM_AP_BACK_DATA_SIZE = 0x400
                0x0000000000019980                SRAM_AP_FRONT_DATA_ADDR = 0x19980
                0x0000000000000700                SRAM_AP_FRONT_DATA_SIZE = 0x700
                0x000000000001a080                SRAM_APPLIB_GLOBAL_DATA_ADDR = 0x1a080
                0x0000000000000040                SRAM_APPLIB_GLOBAL_DATA_SIZE = 0x40
                0x000000000001a0c0                SRAM_APPLIB_DATA_ADDR = 0x1a0c0
                0x0000000000000200                SRAM_APPLIB_DATA_SIZE = 0x200
                0x000000000001a2c0                SRAM_BTMANAGER_DATA_ADDR = 0x1a2c0
                0x0000000000000140                SRAM_BTMANAGER_DATA_SIZE = 0x140
                0x000000000001a400                SRAM_OS_DATA_ADDR = 0x1a400
                0x0000000000000880                SRAM_OS_DATA_SIZE = 0x880
                0x000000000001ac80                SRAM_OS_HEAP_ADDR = 0x1ac80
                0x0000000000000680                SRAM_OS_HEAP_SIZE = 0x680
                0x000000000001b300                SRAM_AP_MANAGER_RCODE_ADDR = 0x1b300
                0x0000000000000100                SRAM_AP_MANAGER_RCODE_SIZE = 0x100
                0x000000000001b400                SRAM_OS_SD_SWAP_BUF_ADDR = 0x1b400
                0x0000000000000200                SRAM_OS_SD_SWAP_BUF_SIZE = 0x200
                0x000000000001b600                SRAM_OS_TASK_STACK_ADDR = 0x1b600
                0x0000000000001e00                SRAM_OS_TASK_STACK_SIZE = 0x1e00
                0x000000000001d500                SRAM_BANK_C_ADDR = 0x1d500
                0x0000000000000400                SRAM_BANK_C_SIZE = 0x400
                0x000000000001d900                SRAM_BT_HCI_BUF_ADDR = 0x1d900
                0x0000000000001000                SRAM_BT_HCI_BUF_SIZE = 0x1000
                0x0000000000016400                SRAM_BT_UART_BUF_ADDR = 0x16400
                0x0000000000000800                SRAM_BT_UART_BUF_SIZE = 0x800
                0x000000000001f100                SRAM_BT_RCODE_DATA_ADDR = 0x1f100
                0x0000000000000700                SRAM_BT_RCODE_DATA_SIZE = 0x700
                0x000000000001f800                SRAM_KEY_MESSAGE_RCODE_ADDR = 0x1f800
                0x0000000000000800                SRAM_KEY_MESSAGE_RCODE_SIZE = 0x800
                0x0000000000020000                SRAM_DSP_IRQ_TABLE_ADDR = 0x20000
                0x0000000000000120                SRAM_DSP_IRQ_TABLE_SIZE = 0x120
                0x0000000000020120                SRAM_RAM2_RESEVER_ADDR = 0x20120
                0x00000000000000e0                SRAM_RAM2_RESEVER_SIZE = 0xe0
                0x0000000000020200                SRAM_AP_BANK_FRONT_CONTROL_ADDR = 0x20200
                0x0000000000000800                SRAM_AP_BANK_FRONT_CONTROL_SIZE = 0x800
                0x0000000000020a00                SRAM_KERNEL_XSYS_ADDR = 0x20a00
                0x0000000000000e00                SRAM_KERNEL_XSYS_SIZE = 0xe00
                0x0000000000021800                SRAM_AP_BACK_BASAL_RCODE_ADDR = 0x21800
                0x0000000000000600                SRAM_AP_BACK_BASAL_RCODE_SIZE = 0x600
                0x0000000000021e00                SRAM_AP_BANK_BACK_BASAL_ADDR = 0x21e00
                0x0000000000000600                SRAM_AP_BANK_BACK_BASAL_SIZE = 0x600
                0x0000000000022400                SRAM_BT_HEAD_ADDR = 0x22400
                0x0000000000003400                SRAM_BT_HEAD_SIZE = 0x3400
                0x0000000000025000                SRAM_UART_STUB_RCODE_ADDR = 0x25000
                0x0000000000000800                SRAM_UART_STUB_RCODE_SIZE = 0x800
                0x0000000000027e00                SRAM_AP_FRONT_BASAL_RCODE_ADDR = 0x27e00
                0x0000000000000400                SRAM_AP_FRONT_BASAL_RCODE_SIZE = 0x400
                0x000000000000b000                SRAM_AP_BANK_FRONT_BASAL_ADDR = 0xb000
                0x0000000000000800                SRAM_AP_BANK_FRONT_BASAL_SIZE = 0x800
                0x0000000000025800                SRAM_AP_BANK_FRONT_UI_ADDR = 0x25800
                0x0000000000000800                SRAM_AP_BANK_FRONT_UI_SIZE = 0x800
                0x0000000000026000                SRAM_AP_RCP_COMMAND_BUFFER_ADDR = 0x26000
                0x0000000000000220                SRAM_AP_RCP_COMMAND_BUFFER_SIZE = 0x220
                0x0000000000026000                SRAM_AP_BACK_RCODE_ADDR = 0x26000
                0x0000000000000800                SRAM_AP_BACK_RCODE_SIZE = 0x800
                0x0000000000026800                SRAM_AP_BANK_BACK_CONTROL_ADDR = 0x26800
                0x0000000000000800                SRAM_AP_BANK_BACK_CONTROL_SIZE = 0x800
                0x0000000000027000                SRAM_RAM2_RESEVER2_ADDR = 0x27000
                0x0000000000000e00                SRAM_RAM2_RESEVER2_SIZE = 0xe00
                0x0000000000027e00                SRAM_BTPLAY_MMM_RCODE2_ADDR = 0x27e00
                0x0000000000000e00                SRAM_BTPLAY_MMM_RCODE2_SIZE = 0xe00
                0x0000000000028c00                SRAM_BTPLAY_SWAP_BUFFER_ADDR = 0x28c00
                0x0000000000000400                SRAM_BTPLAY_SWAP_BUFFER_SIZE = 0x400
                0x0000000000028200                SRAM_AP_BACK_CODEC_RCODE_ADDR = 0x28200
                0x0000000000000a00                SRAM_AP_BACK_CODEC_RCODE_SIZE = 0xa00
                0x0000000000028c00                SRAM_AP_BANK_BACK_CODEC_ADDR = 0x28c00
                0x0000000000000400                SRAM_AP_BANK_BACK_CODEC_SIZE = 0x400
                0x0000000000029000                SRAM_AP_BACK_AL_RCODE_1_ADDR = 0x29000
                0x0000000000007000                SRAM_AP_BACK_AL_RCODE_1_SIZE = 0x7000
                0x000000000002e000                SRAM_AP_BANK_BACK_AL_4_ADDR = 0x2e000
                0x0000000000002000                SRAM_AP_BANK_BACK_AL_4_SIZE = 0x2000
                0x0000000000030000                SRAM_AP_BANK_BACK_AL_1_ADDR = 0x30000
                0x0000000000004000                SRAM_AP_BANK_BACK_AL_1_SIZE = 0x4000
                0x0000000000034000                SRAM_AP_BACK_AL_RCODE_2_ADDR = 0x34000
                0x0000000000002000                SRAM_AP_BACK_AL_RCODE_2_SIZE = 0x2000
                0x0000000000036000                SRAM_AP_BANK_BACK_AL_2_ADDR = 0x36000
                0x0000000000002000                SRAM_AP_BANK_BACK_AL_2_SIZE = 0x2000
                0x0000000000038000                SRAM_AP_BANK_BACK_AL_3_ADDR = 0x38000
                0x0000000000004000                SRAM_AP_BANK_BACK_AL_3_SIZE = 0x4000
                0x000000000000e000                SRAM_ASRC_BUF_0_ADDR = 0xe000
                0x0000000000000e00                SRAM_ASRC_BUF_0_SIZE = 0xe00
                0x000000000000f000                SRAM_ASRC_BUF_1_ADDR = 0xf000
                0x0000000000000c00                SRAM_ASRC_BUF_1_SIZE = 0xc00
                0x000000000000fc00                SRAM_CARD_BUF_0_ADDR = 0xfc00
                0x0000000000000200                SRAM_CARD_BUF_0_SIZE = 0x200
                0x000000000000fe00                SRAM_CARD_BUF_1_ADDR = 0xfe00
                0x0000000000000200                SRAM_CARD_BUF_1_SIZE = 0x200
                0x000000000000fc00                SRAM_CARD_FIFO_ADDR = SRAM_CARD_BUF_0_ADDR
                0x0000000000000400                SRAM_CARD_FIFO_SIZE = (SRAM_CARD_BUF_0_SIZE + SRAM_CARD_BUF_1_SIZE)
                0x000000000003c000                SRAM_PCMRAM_0_ADDR = 0x3c000
                0x0000000000001000                SRAM_PCMRAM_0_SIZE = 0x1000
                0x000000000003d000                SRAM_PCMRAM_1_ADDR = 0x3d000
                0x0000000000001000                SRAM_PCMRAM_1_SIZE = 0x1000
                0x000000000003e000                SRAM_PCMRAM_2_ADDR = 0x3e000
                0x0000000000001000                SRAM_PCMRAM_2_SIZE = 0x1000
                0x000000000003c000                SRAM_PCMRAM_H5_FIFO_ADDR = SRAM_PCMRAM_0_ADDR
                0x0000000000001000                SRAM_PCMRAM_H5_FIFO_SIZE = SRAM_PCMRAM_0_SIZE
                0x000000000003d000                SRAM_PCMRAM_PCMFIFO_ADDR = SRAM_PCMRAM_1_ADDR
                0x0000000000002000                SRAM_PCMRAM_FIFO_SIZE = (SRAM_PCMRAM_1_SIZE + SRAM_PCMRAM_2_SIZE)
                0x000000000003f000                SRAM_URAM_0_ADDR = 0x3f000
                0x0000000000000800                SRAM_URAM_0_SIZE = 0x800
                0x000000000003f800                SRAM_URAM_1_ADDR = 0x3f800
                0x0000000000000800                SRAM_URAM_1_SIZE = 0x800
                0x000000000003f000                SRAM_URAM_UDISK_FIFO_ADDR = SRAM_URAM_0_ADDR
                0x0000000000001000                SRAM_URAM_UDISK_FIFO_SIZE = (SRAM_URAM_0_SIZE + SRAM_URAM_1_SIZE)
                0x000000000003f800                SRAM_URAM_UHOST_FIFO_ADDR = SRAM_URAM_1_ADDR
                0x0000000000000800                SRAM_URAM_UHOST_FIFO_SIZE = SRAM_URAM_1_SIZE
                0x0000000000026800                SRAM_AP_BANK_FRONT_ENHANCED_1_ADDR = SRAM_AP_BANK_BACK_CONTROL_ADDR
                0x0000000000000800                SRAM_AP_BANK_FRONT_ENHANCED_1_SIZE = 0x800
                0x0000000000000000                SRAM_AP_BANK_FRONT_ENHANCED_2_ADDR = 0x0
                0x0000000000000000                SRAM_AP_BANK_FRONT_ENHANCED_2_SIZE = 0x0
                0x0000000000021e00                SRAM_AP_BANK_BACK_ENHANCED_1_ADDR = SRAM_AP_BANK_BACK_BASAL_ADDR
                0x0000000000000600                SRAM_AP_BANK_BACK_ENHANCED_1_SIZE = SRAM_AP_BANK_BACK_BASAL_SIZE
                0x0000000000028a00                SRAM_AP_BANK_BACK_ENHANCED_2_ADDR = 0x28a00
                0x0000000000000600                SRAM_AP_BANK_BACK_ENHANCED_2_SIZE = 0x600
                0x0000000000000000                SRAM_AP_BANK_FRONT_CODEC_ADDR = 0x0
                0x0000000000000000                SRAM_AP_BANK_FRONT_CODEC_SIZE = 0x0
                0x000000000003b800                SRAM_TTS_DRV_RCODE_ADDR = 0x3b800
                0x0000000000000800                SRAM_TTS_DRV_RCODE_SIZE = 0x800
                0x0000000000019580                SRAM_FM_ENG_RDATA_ADDR = SRAM_AP_BACK_DATA_ADDR
                0x0000000000000200                SRAM_FM_ENG_RDATA_SIZE = 0x200
                0x0000000000016c00                SRAM_FM_DRV_RCODE_ADDR = SRAM_FS_RCODE_ADDR
                0x0000000000000800                SRAM_FM_DRV_RCODE_SIZE = 0x800
                0x0000000000019780                SRAM_FM_DRV_RDATA_ADDR = (SRAM_FM_ENG_RDATA_ADDR + SRAM_FM_ENG_RDATA_SIZE)
                0x0000000000000200                SRAM_FM_DRV_RDATA_SIZE = (SRAM_AP_BACK_DATA_SIZE - SRAM_FM_ENG_RDATA_SIZE)
                0x0000000000021800                SRAM_AP_USB_DEVICE_RCODE_ADDR = 0x21800
                0x0000000000004000                SRAM_AP_USB_DEVICE_RCODE_SIZE = SRAM_AP_BANK_BACK_AL_1_SIZE
                0x0000000000040000                SRAM_INVALID_RCODE_ADDR = 0x40000
                0x0000000000000000                AP_INDEX = FRONT_AP
                0x000000000001e900                SRAM_TEXT_ADDR = SRAM_AP_FRONT_RCODE_ADDR
                0x00000000bfc1e900                RCODE_TEXT_ADDR = (RCODE_ADDR_BASE + SRAM_TEXT_ADDR)
                0x0000000000000800                RCODE_SIZE = SRAM_AP_FRONT_RCODE_SIZE
                0x0000000000019980                SRAM_DATA_ADDR = SRAM_AP_FRONT_DATA_ADDR
                0x000000009fc19980                RDATA_DATA_ADDR = (RDATA_ADDR_BASE + SRAM_DATA_ADDR)
                0x0000000000000700                DATA_BSS_SIZE = SRAM_AP_FRONT_DATA_SIZE
                0x0000000040020200                BANK_CONTROL_1_ADDR_BASE = ((AP_BANK_FRONT_CONTROL_1 << 0x18) + SRAM_AP_BANK_FRONT_CONTROL_ADDR)
                0x0000000000000800                BANK_CONTROL_SIZE = SRAM_AP_BANK_FRONT_CONTROL_SIZE
                0x0000000000040000                AP_BANK_SPACE = BANK_SPACE

.text           0x00000000bfc1e900      0x800
 sys_op_entry.o(.text)
 .text          0x00000000bfc1e900        0x4 ./../../../psp_rel/lib/sys_op_entry.o
                0x00000000bfc1e901                sys_op_entry
 libc_op_entry.o(.text)
 .text          0x00000000bfc1e904        0x4 ./../../../psp_rel/lib/libc_op_entry.o
                0x00000000bfc1e905                libc_op_entry
 audio_device_op_entry.o(.text)
 .text          0x00000000bfc1e908        0x4 ./../../../psp_rel/lib/audio_device_op_entry.o
                0x00000000bfc1e909                audio_device_op_entry
 key_op_entry.o(.text)
 .text          0x00000000bfc1e90c        0x4 ./../../../psp_rel/lib/key_op_entry.o
                0x00000000bfc1e90d                key_op_entry
 lcd_op_entry.o(.text)
 .text          0x00000000bfc1e910        0x4 ./../../../psp_rel/lib/lcd_op_entry.o
                0x00000000bfc1e911                lcd_op_entry
 tts_op_entry.o(.text)
 .text          0x00000000bfc1e914        0x4 ./../../../psp_rel/lib/tts_op_entry.o
                0x00000000bfc1e915                tts_op_entry
 ccd_op_entry.o(.text)
 .text          0x00000000bfc1e918        0x4 ./../../../psp_rel/lib/ccd_op_entry.o
                0x00000000bfc1e919                ccd_op_entry
 base_op_entry.o(.text)
 .text          0x00000000bfc1e91c        0x4 ./../../../psp_rel/lib/base_op_entry.o
                0x00000000bfc1e91d                base_op_entry
 stub_mod_cmd.o(.text)
 .text          0x00000000bfc1e920        0x4 ./../../../psp_rel/lib/stub_mod_cmd.o
                0x00000000bfc1e921                stub_mod_cmd
 app_timer_rcode.o(.text)
 .text          0x00000000bfc1e924      0x11c ./../../lib/app_timer_rcode.o
                0x00000000bfc1e925                handle_timers
 message_rcode.o(.text)
 .text          0x00000000bfc1ea40       0x98 ./../../lib/message_rcode.o
                0x00000000bfc1ea75                get_app_msg
                0x00000000bfc1ea41                get_sys_msg
 message_key_rcode.o(.text)
 .text          0x00000000bfc1ead8       0xa4 ./../../lib/message_key_rcode.o
                0x00000000bfc1ead9                get_gui_msg
 common_view_loop.o(.text .rodata)
 .text          0x00000000bfc1eb7c       0xdc ./../../lib/common_view_loop.o
                0x00000000bfc1eb7d                com_view_loop
 common_view_manager.o(.rcode)
 .rcode         0x00000000bfc1ec58       0x3c ./../../lib/common_view_manager.o
                0x00000000bfc1ec59                com_view_update
 radio_rcode.o(.text .rodata)
 .text          0x00000000bfc1ec94      0x170 ./obj/radio_rcode.o
                0x00000000bfc1edcd                radio_get_freq
                0x00000000bfc1ecdd                radio_send_sync_msg
                0x00000000bfc1ede9                release_mute_timer
                0x00000000bfc1eda1                radio_send_msg
                0x00000000bfc1ecb9                whether_in_list
                0x00000000bfc1ec95                should_be_passed
 .rodata        0x00000000bfc1ee04       0x18 ./obj/radio_rcode.o
                0x00000000bfc1ee04                freq_passed
 radio_global_data.o(.rodata)
 .rodata        0x00000000bfc1ee1c       0x18 ./obj/radio_global_data.o
                0x00000000bfc1ee1c                min_freq
                0x00000000bfc1ee28                max_freq
 radio_rcp_deal.o(.rodata)
 .rodata        0x00000000bfc1ee34       0x58 ./obj/radio_rcp_deal.o
                0x00000000bfc1ee34                radio_rcp_cmd_cb_tbl
 radio_playing_keydeal.o(.rodata.ke_maplist)
 .rodata.ke_maplist
                0x00000000bfc1ee8c       0x60 ./obj/radio_playing_keydeal.o
                0x00000000bfc1ee8c                radio_play_ke_maplist
 radio_view_digit.o(.rodata.ke_maplist)
 .rodata.ke_maplist
                0x00000000bfc1eeec       0x18 ./obj/radio_view_digit.o
                0x00000000bfc1eeec                radio_digit_ke_maplist
 radio_view_hard_search.o(.rodata.ke_maplist)
 .rodata.ke_maplist
                0x00000000bfc1ef04       0x48 ./obj/radio_view_hard_search.o
                0x00000000bfc1ef04                radio_search_ke_maplist
 radio_rcp_deal.o(.rcode)
 .rcode         0x00000000bfc1ef4c       0x8c ./obj/radio_rcp_deal.o
                0x00000000bfc1ef4d                radio_get_global_rcp_info
                0x0000000000000800                . = RCODE_SIZE
 *fill*         0x00000000bfc1efd8      0x128 00
 *fill*         0x00000000bfc1f100        0x0 00

.bss            0x000000009fc19980      0x5c8
                0x000000009fc19980                bss_begin = <code 340> (.)
 applib_app_data.o(.bss)
 .bss           0x000000009fc19980       0x1c ./../../lib/applib_app_data.o
                0x000000009fc1998c                g_app_timer_id
                0x000000009fc19988                g_app_timer_vector
                0x000000009fc19998                g_app_timer_count
                0x000000009fc19990                g_this_app_info
                0x000000009fc19994                thread_mutex
                0x000000009fc19980                g_this_gui_msg_hook
                0x000000009fc19984                g_this_app_msg_hook
                0x000000009fc1998d                g_this_app_timer_tag
 common_func_data.o(.bss)
 .bss           0x000000009fc1999c       0x98 ./../../lib/common_func_data.o
                0x000000009fc19a24                g_standby_exit_flag
                0x000000009fc199a4                g_p_set_calendar
                0x000000009fc19a27                g_need_reset_controller_timeout
                0x000000009fc19a1c                g_standby_enter_cb
                0x000000009fc19a20                g_standby_exit_cb
                0x000000009fc199dc                g_view_manager_infor
                0x000000009fc19a30                prev_next_ch_timer_id
                0x000000009fc19a25                g_esd_restart_flag
                0x000000009fc1999c                sys_comval
                0x000000009fc19a31                g_prev_next_ch_start
                0x000000009fc19a04                g_low_power_var
                0x000000009fc199a8                g_p_set_alarm
                0x000000009fc199fd                sys_counter_timer_id
                0x000000009fc19a28                g_neednot_tts_play_timeout
                0x000000009fc19a26                g_need_auto_connect_timeout
                0x000000009fc19a29                g_neednot_tts_play_reset
                0x000000009fc199fc                this_filter_key_value
                0x000000009fc199e8                g_ota_restore_data
                0x000000009fc199fe                peripheral_detect_timer_id
                0x000000009fc199ac                g_view_infor
                0x000000009fc19a00                g_detect_card_force_flag
                0x000000009fc199e4                g_p_view_ke
                0x000000009fc199ff                g_ignore_switch_mute
                0x000000009fc19a2c                g_APKsend_pakg_num
                0x000000009fc199a0                g_p_clock_show
 radio_main.o(.bss)
 radio_global_data.o(.bss)
 .bss           0x000000009fc19a34      0x50c ./obj/radio_global_data.o
                0x000000009fc19d5c                g_engine_status
                0x000000009fc19a34                radio_app_timer_vector
                0x000000009fc19f25                g_search_throd
                0x000000009fc19f26                g_enter_param
                0x000000009fc19cb8                pfreq
                0x000000009fc19d68                g_comval
                0x000000009fc19f34                g_search_current_freq
                0x000000009fc19f3a                g_neednot_freq_tts_play
                0x000000009fc19f1c                startfreq
                0x000000009fc19f3d                g_searching_flag
                0x000000009fc19aa8                g_radio_scene
                0x000000009fc19f28                g_freq_tts_sec_ids
                0x000000009fc19f39                g_first_enter_play
                0x000000009fc19f3c                g_playing_flag
                0x000000009fc19f3b                g_radio_init_flag
                0x000000009fc19f20                g_digital_buf
                0x000000009fc19f3f                g_radio_from_alarm
                0x000000009fc19aa4                alarmfm_end_time
                0x000000009fc19aac                g_radio_config
                0x000000009fc19f38                g_digit_input_flag
                0x000000009fc19cbc                Auto_tab
                0x000000009fc19f3e                g_next_prev_flag
                0x000000009fc19f24                g_digital_count
                0x000000009fc19aa7                alarmfm_volume
 radio_rcp_deal.o(.bss)
 radio_set_funcs.o(.bss)
 .bss           0x000000009fc19f40        0x1 ./obj/radio_set_funcs.o
                0x000000009fc19f40                s_mute_count
 *(.sbss)
 *(.common)
 *(common)
 *fill*         0x000000009fc19f41        0x3 00
 .bss           0x000000009fc19f44        0x4 ./../../lib/common_rcp_func.o

.data           0x000000009fc19f48      0x138
                0x000000009fc19f48                bss_end = <code 340> (.)
 radio_main.o(.data)
 radio_global_data.o(.data)
 .data          0x000000009fc19f48        0x1 ./obj/radio_global_data.o
                0x000000009fc19f48                g_mute_set_timer
 radio_rcp_deal.o(.data)
 radio_rcode.o(.data)
 *.o(.data)
 .data          0x000000009fc19f49        0x1 ./obj/radio_scene_playing.o
                0x000000009fc19f49                fm_eg_channel_sel
 *fill*         0x000000009fc19f4a        0x2 00
 .data          0x000000009fc19f4c        0xc ./../../lib/common_rcp_func.o
                0x000000009fc19f50                bat_val_tap
                0x0000000000000138                . = (DATA_BSS_SIZE - (bss_end - bss_begin))
 *fill*         0x000000009fc19f58      0x128 00
 *fill*         0x000000009fc1a080        0x0 00
                0x0000000040020200                . = BANK_CONTROL_1_ADDR_BASE
                0x0000000000020200                OFFSET = (. & 0x3ffff)

BANK_CONTROL_1_0
                0x0000000040020200      0x800
 ctor.o(.text .rodata)
 .text          0x0000000040020200       0xcc ./../../../psp_rel/lib/ctor.o
                0x0000000040020201                process_start
                0x0000000040020231                __start
 radio_set_funcs.o(.text .rodata)
 .text          0x00000000400202cc      0x1a0 ./obj/radio_set_funcs.o
                0x0000000040020435                radio_set_band
                0x0000000040020359                radio_set_freq
                0x0000000040020301                radio_set_mute
                0x00000000400202e9                radio_connect_ain
                0x0000000040020451                radio_set_throd
                0x00000000400202cd                radio_modul_open
 radio_control.o(.text .rodata)
                0x0000000000000800                . = BANK_CONTROL_SIZE
 *fill*         0x000000004002046c      0x594 00
 *fill*         0x0000000040020a00        0x0 00
                0x0000000040065800                . = (((. + AP_BANK_SPACE) & ~ ((AP_BANK_SPACE - 0x1))) + OFFSET)

BANK_CONTROL_1_1
                0x0000000040060200      0x800
 radio_main.o(.text .rodata)
 .text          0x0000000040060200      0x560 ./obj/radio_main.o
                0x0000000040060241                init_point_freq
                0x0000000040060701                radio_freq_tts_play
                0x000000004006036d                radio_app_init
                0x0000000040060339                radio_save_cfg
                0x0000000040060435                radio_scene_dispatch
                0x0000000040060221                get_end_freq
                0x0000000040060511                main
                0x00000000400603e9                radio_app_exit
                0x00000000400605ed                radio_tts_fm_freq
                0x0000000040060201                get_start_freq
                0x0000000040060275                radio_load_cfg
 .rodata        0x0000000040060760       0x40 ./obj/radio_main.o
                0x0000000040060780                end_border_freq
                0x0000000040060760                start_border_freq
                0x0000000000000800                . = BANK_CONTROL_SIZE
 *fill*         0x00000000400607a0      0x260 00
 *fill*         0x0000000040060a00        0x0 00
                0x00000000400a5800                . = (((. + AP_BANK_SPACE) & ~ ((AP_BANK_SPACE - 0x1))) + OFFSET)

BANK_CONTROL_1_2
                0x00000000400a0200      0x800
 radio_scene_playing_deal.o(.text .rodata .xdata)
 .text          0x00000000400a0200       0x48 ./obj/radio_scene_playing_deal.o
                0x00000000400a0201                playing_loop_deal
 radio_view_play_search.o(.text)
 .text          0x00000000400a0248        0x8 ./obj/radio_view_play_search.o
                0x00000000400a024d                radio_play_main_view
                0x0000000000000800                . = BANK_CONTROL_SIZE
 *fill*         0x00000000400a0250      0x7b0 00
 *fill*         0x00000000400a0a00        0x0 00
                0x00000000400e5800                . = (((. + AP_BANK_SPACE) & ~ ((AP_BANK_SPACE - 0x1))) + OFFSET)

BANK_CONTROL_1_3
                0x00000000400e0200      0x800
 radio_view_station.o(.text .xdata)
 .text          0x00000000400e0200       0x68 ./obj/radio_view_station.o
                0x00000000400e0201                show_station_num
                0x00000000400e0205                __radio_station_view_redraw
                0x00000000400e021d                radio_station_msg_view
                0x00000000400e023d                radio_station_create_msg_view
 radio_view_digit.o(.text .xdata)
 .text          0x00000000400e0268       0x94 ./obj/radio_view_digit.o
                0x00000000400e0285                radio_digit_key_deal_number_play
                0x00000000400e0269                radio_digit_key_deal_number_input
                0x00000000400e02a5                radio_digit_sub_view
                0x00000000400e029d                show_digital_set
                0x00000000400e02c9                radio_digit_create_sub_view
                0x00000000400e02a1                __radio_digit_view_redraw
 radio_view_error.o(.text .xdata)
 radio_view_play_search.o(.bank)
 .bank          0x00000000400e02fc       0x30 ./obj/radio_view_play_search.o
                0x00000000400e02fd                radio_play_create_main_view
 radio_view_hard_search.o(.bank)
 .bank          0x00000000400e032c       0x3c ./obj/radio_view_hard_search.o
                0x00000000400e032d                search_key_deal_cancel_search
                0x00000000400e0335                radio_hard_search_create_main_view
 radio_view_soft_search.o(.bank)
 .bank          0x00000000400e0368       0x34 ./obj/radio_view_soft_search.o
                0x00000000400e0369                radio_soft_search_create_main_view
                0x0000000000000800                . = BANK_CONTROL_SIZE
 *fill*         0x00000000400e039c      0x664 00
 *fill*         0x00000000400e0a00        0x0 00
                0x0000000040125800                . = (((. + AP_BANK_SPACE) & ~ ((AP_BANK_SPACE - 0x1))) + OFFSET)

BANK_CONTROL_1_4
                0x0000000040120200      0x800
 radio_playing_keydeal.o(.text .rodata .xdata)
 .text          0x0000000040120200      0x508 ./obj/radio_playing_keydeal.o
                0x0000000040120401                radio_play_key_deal_next_freq
                0x000000004012059d                radio_digital_to_chanel
                0x0000000040120229                radio_play_key_deal_auto_search
                0x0000000040120215                radio_play_key_deal_seek_prev
                0x00000000401203dd                radio_play_key_deal_prev_freq
                0x000000004012024d                radio_play_key_deal_play_pause
                0x0000000040120315                change_freq
                0x0000000040120579                radio_play_key_deal_switch_next_preset
                0x0000000040120201                radio_play_key_deal_seek_next
                0x0000000040120425                select_station
                0x0000000040120555                radio_play_key_deal_switch_prev_preset
                0x0000000040120691                radio_play_key_digital_sure
                0x00000000401202bd                radio_play_key_deal_play_mute
                0x0000000000000800                . = BANK_CONTROL_SIZE
 *fill*         0x0000000040120708      0x2f8 00
 *fill*         0x0000000040120a00        0x0 00
                0x0000000040165800                . = (((. + AP_BANK_SPACE) & ~ ((AP_BANK_SPACE - 0x1))) + OFFSET)

BANK_CONTROL_1_5
                0x0000000040160200      0x800
 radio_playing_keydeal.o(.text.bank2)
 .text.bank2    0x0000000040160200      0x1c0 ./obj/radio_playing_keydeal.o
                0x0000000040160391                radio_play_key_deal_number_input
                0x0000000040160335                radio_play_key_digital_store
                0x0000000040160201                radio_do_switch_band
                0x00000000401602f9                radio_play_key_deal_switch_band
                0x0000000000000800                . = BANK_CONTROL_SIZE
 *fill*         0x00000000401603c0      0x640 00
 *fill*         0x0000000040160a00        0x0 00
                0x00000000401a5800                . = (((. + AP_BANK_SPACE) & ~ ((AP_BANK_SPACE - 0x1))) + OFFSET)

BANK_CONTROL_1_6
                0x00000000401a0200      0x800
 radio_soft_search_deal.o(.text .rodata .xdata)
 .text          0x00000000401a0200      0x458 ./obj/radio_soft_search_deal.o
                0x00000000401a0285                deal_soft_manual_search
                0x00000000401a025d                radio_set_softseek
                0x00000000401a0201                Dec2Hex
                0x00000000401a0415                deal_soft_auto_seek
 radio_view_soft_search.o(.text)
 .text          0x00000000401a0658        0x8 ./obj/radio_view_soft_search.o
                0x00000000401a065d                radio_soft_search_main_view
                0x0000000000000800                . = BANK_CONTROL_SIZE
 *fill*         0x00000000401a0660      0x3a0 00
 *fill*         0x00000000401a0a00        0x0 00
                0x00000000401e5800                . = (((. + AP_BANK_SPACE) & ~ ((AP_BANK_SPACE - 0x1))) + OFFSET)

BANK_CONTROL_1_7
                0x00000000401e0200      0x800
 radio_hard_search_deal.o(.text .rodata .xdata)
 .text          0x00000000401e0200      0x4b8 ./obj/radio_hard_search_deal.o
                0x00000000401e025d                radio_set_hardseek
                0x00000000401e0231                radio_get_seekflag
                0x00000000401e0279                deal_hard_manual_search
                0x00000000401e0219                radio_break_hardseek
                0x00000000401e0439                deal_hard_auto_seek
 radio_view_hard_search.o(.text)
 .text          0x00000000401e06b8        0x8 ./obj/radio_view_hard_search.o
                0x00000000401e06bd                radio_hard_search_main_view
                0x0000000000000800                . = BANK_CONTROL_SIZE
 *fill*         0x00000000401e06c0      0x340 00
 *fill*         0x00000000401e0a00        0x0 00
                0x0000000040225800                . = (((. + AP_BANK_SPACE) & ~ ((AP_BANK_SPACE - 0x1))) + OFFSET)

BANK_CONTROL_1_8
                0x0000000040220200      0x800
 radio_hard_search_deal.o(.text.bank2)
                0x0000000000000800                . = BANK_CONTROL_SIZE
 *fill*         0x0000000040220200      0x800 00
 *fill*         0x0000000040220a00        0x0 00
                0x0000000040265800                . = (((. + AP_BANK_SPACE) & ~ ((AP_BANK_SPACE - 0x1))) + OFFSET)

BANK_CONTROL_1_9
                0x0000000040260200      0x800
 radio_scene_playing.o(.text .rodata .xdata)
 .text          0x0000000040260200      0x2a8 ./obj/radio_scene_playing.o
                0x00000000402602dd                radio_scene_playing
                0x00000000402602ad                scene_play_init
                0x0000000040260221                radio_engine_create
                0x0000000040260201                radio_engine_kill
                0x0000000040260245                radio_engine_init
 radio_auto_search_start.o(.text .rodata)
 .text          0x00000000402604a8      0x208 ./obj/radio_auto_search_start.o
                0x00000000402605a1                radio_scene_auto_search
                0x0000000040260505                radio_auto_search_exit
                0x00000000402604a9                radio_auto_search_init
 radio_manual_search.o(.text .rodata .xdata)
 .text          0x00000000402606b0      0x190 ./obj/radio_manual_search.o
                0x000000004026079d                radio_scene_manual_search
                0x00000000402606b1                scene_manual_search_init
                0x00000000402606e9                scene_manual_search_exit
                0x0000000000000800                . = BANK_CONTROL_SIZE
 *fill*         0x0000000040260840      0x1c0 00
 *fill*         0x0000000040260a00        0x0 00
                0x00000000402a5800                . = (((. + AP_BANK_SPACE) & ~ ((AP_BANK_SPACE - 0x1))) + OFFSET)

BANK_CONTROL_1_10
                0x00000000402a0200      0x800
 radio_rcp_deal.o(.text .xdata)
 .text          0x00000000402a0200      0x2b4 ./obj/radio_rcp_deal.o
                0x00000000402a042d                radio_apk_key_mute
                0x00000000402a02b1                radio_get_station_name
                0x00000000402a021d                radio_rcp_var_exit
                0x00000000402a03a9                radio_apk_key_stop_search
                0x00000000402a02b5                radio_set_station_band
                0x00000000402a0385                radio_apk_key_search
                0x00000000402a03fd                radio_apk_key_chsub
                0x00000000402a0231                radio_get_station_list
                0x00000000402a02f9                radio_set_station_freq
                0x00000000402a03cd                radio_apk_key_chadd
                0x00000000402a0201                radio_rcp_var_init
 .xdata         0x00000000402a04b4      0x210 ./obj/radio_rcp_deal.o
                0x00000000402a04b4                radio_rcp_buffer
                0x0000000000000800                . = BANK_CONTROL_SIZE
 *fill*         0x00000000402a06c4      0x33c 00
 *fill*         0x00000000402a0a00        0x0 00
LOAD ./../common/common_front.xn
LOAD ./../../../psp_rel/include/link_base.xn
                0x0000000000000000                DRV_GROUP_STG_BASE = 0x0
                0x0000000000000001                DRV_GROUP_STG_CARD = 0x1
                0x0000000000000002                DRV_GROUP_STG_UHOST = 0x2
                0x0000000000000003                DRV_GROUP_FAT32 = 0x3
                0x0000000000000004                DRV_GROUP_EXFAT = 0x4
                0x0000000000000005                DRV_GROUP_UD = 0x5
                0x0000000000000006                DRV_GROUP_LCD = 0x6
                0x0000000000000007                DRV_GROUP_FM = 0x7
                0x0000000000000008                DRV_GROUP_KEY = 0x8
                0x0000000000000009                DRV_GROUP_CCD = 0x9
                0x000000000000000a                DRV_GROUP_AUDIO_DEVICE = 0xa
                0x000000000000000b                DRV_GROUP_TTS = 0xb
                0x000000000000000c                DRV_GROUP_BT = 0xc
                0x000000000000000f                DRV_GROUP_SYS = 0xf
                0x000000000003ffff                SRAM_SIZE_MASK = 0x3ffff
                0x000000009fc00000                RDATA_ADDR_BASE = 0x9fc00000
                0x00000000bfc00000                RCODE_ADDR_BASE = 0xbfc00000
                0x0000000000000001                KERNEL_BANK_A = 0x1
                0x0000000000000002                KERNEL_BANK_B = 0x2
                0x0000000000000003                KERNEL_BANK_C = 0x3
                0x0000000000040000                BANK_SPACE = 0x40000
                0x0000000000000000                FRONT_AP = 0x0
                0x0000000000000001                BACK_AP = 0x1
                0x0000000000000002                PROCESS_MANAGER_AP = 0x2
                0x0000000000000000                FRONT_CODEC = 0x0
                0x0000000000000001                BACK_CODEC = 0x1
                0x0000000000000040                AP_BANK_FRONT_CONTROL_1 = 0x40
                0x0000000000000048                AP_BANK_FRONT_UI_1 = 0x48
                0x0000000000000050                AP_BANK_FRONT_BASAL = 0x50
                0x0000000000000058                AP_BANK_FRONT_CODEC = 0x58
                0x0000000000000060                AP_BANK_BACK_CONTROL_1 = 0x60
                0x0000000000000068                AP_BANK_BACK_BASAL = 0x68
                0x0000000000000070                AP_BANK_BACK_CODEC = 0x70
                0x0000000000000078                AP_BANK_FRONT_ENHANCED_1 = 0x78
                0x0000000000000071                AP_BANK_FRONT_ENHANCED_2 = 0x71
                0x000000000000007a                AP_BANK_BACK_ENHANCED_1 = 0x7a
                0x000000000000007b                AP_BANK_BACK_ENHANCED_2 = 0x7b
                0x0000000000000072                AP_BANK_BTENGINE_CONTROL_1 = 0x72
                0x0000000000000073                AP_BANK_BTENGINE_LIB_1 = 0x73
                0x0000000000000074                AP_BANK_BTENGINE_LIB_2 = 0x74
                0x0000000000000075                AP_BANK_BTENGINE_EXTEND_1 = 0x75
                0x0000000000000076                AP_BANK_BTENGINE_EXTEND_2 = 0x76
                0x0000000000000077                AP_BANK_BTENGINE_EXTEND_3 = 0x77
                0x000000000000007c                AP_BANK_BTENGINE_EXTEND_4 = 0x7c
                0x0000000000000079                AP_BANK_BTENGINE_EXTEND_5 = 0x79
                0x000000000000007f                AP_BANK_MANAGER = 0x7f
                0x0000000000000041                AP_BANK_AUTOTEST = 0x41
                0x0000000000000000                SROM_BROM_ADDR = 0x0
                0x0000000000002600                SROM_BROM_SIZE = 0x2600
                0x0000000000002600                SROM_SPINOR_ADDR = (SROM_BROM_ADDR + SROM_BROM_SIZE)
                0x0000000000000c00                SROM_SPINOR_SIZE = 0xc00
                0x0000000000003200                SROM_TWI_ADDR = (SROM_SPINOR_ADDR + SROM_SPINOR_SIZE)
                0x0000000000000700                SROM_TWI_SIZE = 0x700
                0x0000000000003900                SROM_STUB_ADDR = (SROM_TWI_ADDR + SROM_TWI_SIZE)
                0x0000000000000700                SROM_STUB_SIZE = 0x700
                0x0000000000000e00                SROM_SPINOR_SIZE_MDY = 0xe00
                0x0000000000003400                SROM_TWI_ADDR_MDY = (SROM_SPINOR_ADDR + SROM_SPINOR_SIZE_MDY)
                0x0000000000000700                SROM_TWI_SIZE_MDY = 0x700
                0x0000000000003b00                SROM_STUB_ADDR_MDY = (SROM_TWI_ADDR_MDY + SROM_TWI_SIZE_MDY)
                0x0000000000000500                SROM_STUB_SIZE_MDY = 0x500
                0x0000000000004000                SROM_KERNEL_ADDR = (SROM_STUB_ADDR + SROM_STUB_SIZE)
                0x0000000000004000                SROM_KERNEL_SIZE = 0x4000
                0x000000000000c000                SROM_FS_ADDR = 0xc000
                0x0000000000001c00                SROM_FS_SIZE = 0x1c00
                0x000000000000dc00                SROM_SPINOR1_ADDR = (SROM_FS_ADDR + SROM_FS_SIZE)
                0x0000000000000400                SROM_SPINOR1_SIZE = 0x400
                0x0000000000008000                SRAM_OS_RCODE_ADDR = 0x8000
                0x0000000000000c00                SRAM_OS_RCODE_SIZE = 0xc00
                0x0000000000008c00                SRAM_SPINOR_RCODE_ADDR = 0x8c00
                0x0000000000000400                SRAM_SPINOR_RCODE_SIZE = 0x400
                0x0000000000009000                SRAM_BANK_A_ADDR = 0x9000
                0x0000000000000400                SRAM_BANK_A_SIZE = 0x400
                0x0000000000009400                SRAM_BANK_B_ADDR = 0x9400
                0x0000000000000800                SRAM_BANK_B_SIZE = 0x800
                0x0000000000009c00                SRAM_UI_RCODE_ADDR = 0x9c00
                0x0000000000000300                SRAM_UI_RCODE_SIZE = 0x300
                0x0000000000009f00                SRAM_AUDIO_GLOBAL_DATA_ADDR = 0x9f00
                0x0000000000000060                SRAM_AUDIO_GLOBAL_DATA_SIZE = 0x60
                0x0000000000009f60                SRAM_UHOST_GLOBAL_DATA_ADDR = 0x9f60
                0x0000000000000010                SRAM_UHOST_GLOBAL_DATA_SIZE = 0x10
                0x0000000000009f70                SRAM_CARD_GLOBAL_DATA_ADDR = 0x9f70
                0x0000000000000010                SRAM_CARD_GLOBAL_DATA_SIZE = 0x10
                0x0000000000009f80                SRAM_SYS_SHARE_DATA_ADDR = 0x9f80
                0x0000000000000040                SRAM_SYS_SHARE_DATA_SIZE = 0x40
                0x0000000000009fc0                SRAM_RAM6_CCD_GLOBAL_DATA_ADDR = 0x9fc0
                0x0000000000000040                SRAM_RAM6_CCD_GLOBAL_DATA_SIZE = 0x40
                0x000000000000a000                SRAM_BT_LIB1_BANK_ADDR = 0xa000
                0x0000000000000800                SRAM_BT_LIB1_BANK_SIZE = 0x800
                0x000000000000a800                SRAM_BT_EXT1_BANK_ADDR = (SRAM_BT_LIB1_BANK_ADDR + SRAM_BT_LIB1_BANK_SIZE)
                0x0000000000000800                SRAM_BT_EXT1_BANK_SIZE = 0x800
                0x000000000000b000                SRAM_BT_EXT2_BANK_ADDR = (SRAM_BT_EXT1_BANK_ADDR + SRAM_BT_EXT1_BANK_SIZE)
                0x0000000000000800                SRAM_BT_EXT2_BANK_SIZE = 0x800
                0x000000000000f000                SRAM_BT_STACK_RCODE1_ADDR = 0xf000
                0x0000000000000a00                SRAM_BT_STACK_RCODE1_SIZE = 0xa00
                0x000000000000b000                SRAM_AP_BANK_MANAGER_ADDR = SRAM_BT_EXT2_BANK_ADDR
                0x0000000000000800                SRAM_AP_BANK_MANAGER_SIZE = SRAM_BT_EXT2_BANK_SIZE
                0x000000000000be00                SRAM_KEY_MESSAGE_DATA_ADDR = 0xbe00
                0x0000000000000100                SRAM_KEY_MESSAGE_DATA_SIZE = 0x100
                0x000000000000bf00                SRAM_UI_DATA_ADDR = 0xbf00
                0x0000000000000100                SRAM_UI_DATA_SIZE = 0x100
                0x0000000000010000                SRAM_BT_CONTROLLER_RCODE_ADDR = 0x10000
                0x0000000000000500                SRAM_BT_CONTROLLER_RCODE_SIZE = 0x500
                0x0000000000010500                SRAM_COMMON_BT_MANAGER_RCODE = (SRAM_BT_CONTROLLER_RCODE_ADDR + SRAM_BT_CONTROLLER_RCODE_SIZE)
                0x0000000000000b00                SRAM_COMMON_BT_MANAGER_SIZE = 0xb00
                0x0000000000011000                SRAM_BT_BACK_RCODE_ADDR = (SRAM_COMMON_BT_MANAGER_RCODE + SRAM_COMMON_BT_MANAGER_SIZE)
                0x0000000000002900                SRAM_BT_BACK_RCODE_SIZE = 0x2900
                0x00000000000140d0                SRAM_IRQ_PRINT_BUFFER_ADDR = 0x140d0
                0x0000000000000130                SRAM_IRQ_PRINT_BUFFER_SIZE = 0x130
                0x0000000000013900                SRAM_BT_LIB2_BANK_ADDR = 0x13900
                0x0000000000000d00                SRAM_BT_LIB2_BANK_SIZE = 0xd00
                0x0000000000013900                SRAM_BT_EXT3_BANK_ADDR = SRAM_BT_LIB2_BANK_ADDR
                0x0000000000000d00                SRAM_BT_EXT3_BANK_SIZE = SRAM_BT_LIB2_BANK_SIZE
                0x0000000000021e00                SRAM_BT_EXT4_BANK_ADDR = 0x21e00
                0x0000000000000600                SRAM_BT_EXT4_BANK_SIZE = 0x600
                0x0000000000014600                SRAM_BT_EXT5_BANK_ADDR = 0x14600
                0x0000000000000600                SRAM_BT_EXT5_BANK_SIZE = 0x600
                0x000000000000fa00                SRAM_COM_DAE_RCODE_ADDR = 0xfa00
                0x0000000000000100                SRAM_COM_DAE_RCODE_SIZE = 0x100
                0x000000000000fb00                SRAM_BTCALL_EXT_RCODE_ADDR = 0xfb00
                0x0000000000000100                SRAM_BTCALL_EXT_RCODE_SIZE = 0x100
                0x000000000001e900                SRAM_AP_FRONT_RCODE_ADDR = 0x1e900
                0x0000000000000800                SRAM_AP_FRONT_RCODE_SIZE = 0x800
                0x0000000000016c00                SRAM_FS_RCODE_ADDR = 0x16c00
                0x0000000000000800                SRAM_FS_RCODE_SIZE = 0x800
                0x0000000000017400                SRAM_CARD_UD_RCODE_ADDR = 0x17400
                0x0000000000000c00                SRAM_CARD_UD_RCODE_SIZE = 0xc00
                0x0000000000017400                SRAM_UHOST_UD_RCODE_ADDR = SRAM_CARD_UD_RCODE_ADDR
                0x0000000000000c00                SRAM_UHOST_UD_RCODE_SIZE = SRAM_CARD_UD_RCODE_SIZE
                0x0000000000016c00                SRAM_USOUND_RCODE_ADDR = 0x16c00
                0x0000000000002800                SRAM_USOUND_RCODE_SIZE = 0x2800
                0x0000000000016c00                SRAM_BTSTACK_AVDTP_DATA_ADDR = 0x16c00
                0x0000000000002980                SRAM_BTSTACK_AVDTP_DATA_SIZE = 0x2980
                0x0000000000016c00                SRAM_BTCALL_CALLRING_BUF_ADDR = 0x16c00
                0x0000000000001000                SRAM_BTCALL_CALLRING_BUF_SIZE = 0x1000
                0x0000000000016c00                SRAM_BTCALL_ASQT_BUF_ADDR = 0x16c00
                0x0000000000002800                SRAM_BTCALL_ASQT_BUF_SIZE = 0x2800
                0x0000000000018000                SRAM_FS_DATA_ADDR = 0x18000
                0x0000000000000300                SRAM_FS_DATA_SIZE = 0x300
                0x0000000000018300                SRAM_FS_BUF_ADDR = 0x18300
                0x0000000000000a00                SRAM_FS_BUF_SIZE = 0xa00
                0x0000000000018d00                SRAM_CARD_UD_CACHE_ADDR = 0x18d00
                0x0000000000000800                SRAM_CARD_UD_CACHE_SIZE = 0x800
                0x0000000000018d00                SRAM_UHOST_UD_CACHE_ADDR = SRAM_CARD_UD_CACHE_ADDR
                0x0000000000000800                SRAM_UHOST_UD_CACHE_SIZE = SRAM_CARD_UD_CACHE_SIZE
                0x0000000000019500                SRAM_CARD_DATA_ADDR = 0x19500
                0x0000000000000080                SRAM_CARD_DATA_SIZE = 0x80
                0x0000000000019500                SRAM_UHOST_DATA_ADDR = SRAM_CARD_DATA_ADDR
                0x0000000000000080                SRAM_UHOST_DATA_SIZE = SRAM_CARD_DATA_SIZE
                0x0000000000019580                SRAM_AP_BACK_DATA_ADDR = 0x19580
                0x0000000000000400                SRAM_AP_BACK_DATA_SIZE = 0x400
                0x0000000000019980                SRAM_AP_FRONT_DATA_ADDR = 0x19980
                0x0000000000000700                SRAM_AP_FRONT_DATA_SIZE = 0x700
                0x000000000001a080                SRAM_APPLIB_GLOBAL_DATA_ADDR = 0x1a080
                0x0000000000000040                SRAM_APPLIB_GLOBAL_DATA_SIZE = 0x40
                0x000000000001a0c0                SRAM_APPLIB_DATA_ADDR = 0x1a0c0
                0x0000000000000200                SRAM_APPLIB_DATA_SIZE = 0x200
                0x000000000001a2c0                SRAM_BTMANAGER_DATA_ADDR = 0x1a2c0
                0x0000000000000140                SRAM_BTMANAGER_DATA_SIZE = 0x140
                0x000000000001a400                SRAM_OS_DATA_ADDR = 0x1a400
                0x0000000000000880                SRAM_OS_DATA_SIZE = 0x880
                0x000000000001ac80                SRAM_OS_HEAP_ADDR = 0x1ac80
                0x0000000000000680                SRAM_OS_HEAP_SIZE = 0x680
                0x000000000001b300                SRAM_AP_MANAGER_RCODE_ADDR = 0x1b300
                0x0000000000000100                SRAM_AP_MANAGER_RCODE_SIZE = 0x100
                0x000000000001b400                SRAM_OS_SD_SWAP_BUF_ADDR = 0x1b400
                0x0000000000000200                SRAM_OS_SD_SWAP_BUF_SIZE = 0x200
                0x000000000001b600                SRAM_OS_TASK_STACK_ADDR = 0x1b600
                0x0000000000001e00                SRAM_OS_TASK_STACK_SIZE = 0x1e00
                0x000000000001d500                SRAM_BANK_C_ADDR = 0x1d500
                0x0000000000000400                SRAM_BANK_C_SIZE = 0x400
                0x000000000001d900                SRAM_BT_HCI_BUF_ADDR = 0x1d900
                0x0000000000001000                SRAM_BT_HCI_BUF_SIZE = 0x1000
                0x0000000000016400                SRAM_BT_UART_BUF_ADDR = 0x16400
                0x0000000000000800                SRAM_BT_UART_BUF_SIZE = 0x800
                0x000000000001f100                SRAM_BT_RCODE_DATA_ADDR = 0x1f100
                0x0000000000000700                SRAM_BT_RCODE_DATA_SIZE = 0x700
                0x000000000001f800                SRAM_KEY_MESSAGE_RCODE_ADDR = 0x1f800
                0x0000000000000800                SRAM_KEY_MESSAGE_RCODE_SIZE = 0x800
                0x0000000000020000                SRAM_DSP_IRQ_TABLE_ADDR = 0x20000
                0x0000000000000120                SRAM_DSP_IRQ_TABLE_SIZE = 0x120
                0x0000000000020120                SRAM_RAM2_RESEVER_ADDR = 0x20120
                0x00000000000000e0                SRAM_RAM2_RESEVER_SIZE = 0xe0
                0x0000000000020200                SRAM_AP_BANK_FRONT_CONTROL_ADDR = 0x20200
                0x0000000000000800                SRAM_AP_BANK_FRONT_CONTROL_SIZE = 0x800
                0x0000000000020a00                SRAM_KERNEL_XSYS_ADDR = 0x20a00
                0x0000000000000e00                SRAM_KERNEL_XSYS_SIZE = 0xe00
                0x0000000000021800                SRAM_AP_BACK_BASAL_RCODE_ADDR = 0x21800
                0x0000000000000600                SRAM_AP_BACK_BASAL_RCODE_SIZE = 0x600
                0x0000000000021e00                SRAM_AP_BANK_BACK_BASAL_ADDR = 0x21e00
                0x0000000000000600                SRAM_AP_BANK_BACK_BASAL_SIZE = 0x600
                0x0000000000022400                SRAM_BT_HEAD_ADDR = 0x22400
                0x0000000000003400                SRAM_BT_HEAD_SIZE = 0x3400
                0x0000000000025000                SRAM_UART_STUB_RCODE_ADDR = 0x25000
                0x0000000000000800                SRAM_UART_STUB_RCODE_SIZE = 0x800
                0x0000000000027e00                SRAM_AP_FRONT_BASAL_RCODE_ADDR = 0x27e00
                0x0000000000000400                SRAM_AP_FRONT_BASAL_RCODE_SIZE = 0x400
                0x000000000000b000                SRAM_AP_BANK_FRONT_BASAL_ADDR = 0xb000
                0x0000000000000800                SRAM_AP_BANK_FRONT_BASAL_SIZE = 0x800
                0x0000000000025800                SRAM_AP_BANK_FRONT_UI_ADDR = 0x25800
                0x0000000000000800                SRAM_AP_BANK_FRONT_UI_SIZE = 0x800
                0x0000000000026000                SRAM_AP_RCP_COMMAND_BUFFER_ADDR = 0x26000
                0x0000000000000220                SRAM_AP_RCP_COMMAND_BUFFER_SIZE = 0x220
                0x0000000000026000                SRAM_AP_BACK_RCODE_ADDR = 0x26000
                0x0000000000000800                SRAM_AP_BACK_RCODE_SIZE = 0x800
                0x0000000000026800                SRAM_AP_BANK_BACK_CONTROL_ADDR = 0x26800
                0x0000000000000800                SRAM_AP_BANK_BACK_CONTROL_SIZE = 0x800
                0x0000000000027000                SRAM_RAM2_RESEVER2_ADDR = 0x27000
                0x0000000000000e00                SRAM_RAM2_RESEVER2_SIZE = 0xe00
                0x0000000000027e00                SRAM_BTPLAY_MMM_RCODE2_ADDR = 0x27e00
                0x0000000000000e00                SRAM_BTPLAY_MMM_RCODE2_SIZE = 0xe00
                0x0000000000028c00                SRAM_BTPLAY_SWAP_BUFFER_ADDR = 0x28c00
                0x0000000000000400                SRAM_BTPLAY_SWAP_BUFFER_SIZE = 0x400
                0x0000000000028200                SRAM_AP_BACK_CODEC_RCODE_ADDR = 0x28200
                0x0000000000000a00                SRAM_AP_BACK_CODEC_RCODE_SIZE = 0xa00
                0x0000000000028c00                SRAM_AP_BANK_BACK_CODEC_ADDR = 0x28c00
                0x0000000000000400                SRAM_AP_BANK_BACK_CODEC_SIZE = 0x400
                0x0000000000029000                SRAM_AP_BACK_AL_RCODE_1_ADDR = 0x29000
                0x0000000000007000                SRAM_AP_BACK_AL_RCODE_1_SIZE = 0x7000
                0x000000000002e000                SRAM_AP_BANK_BACK_AL_4_ADDR = 0x2e000
                0x0000000000002000                SRAM_AP_BANK_BACK_AL_4_SIZE = 0x2000
                0x0000000000030000                SRAM_AP_BANK_BACK_AL_1_ADDR = 0x30000
                0x0000000000004000                SRAM_AP_BANK_BACK_AL_1_SIZE = 0x4000
                0x0000000000034000                SRAM_AP_BACK_AL_RCODE_2_ADDR = 0x34000
                0x0000000000002000                SRAM_AP_BACK_AL_RCODE_2_SIZE = 0x2000
                0x0000000000036000                SRAM_AP_BANK_BACK_AL_2_ADDR = 0x36000
                0x0000000000002000                SRAM_AP_BANK_BACK_AL_2_SIZE = 0x2000
                0x0000000000038000                SRAM_AP_BANK_BACK_AL_3_ADDR = 0x38000
                0x0000000000004000                SRAM_AP_BANK_BACK_AL_3_SIZE = 0x4000
                0x000000000000e000                SRAM_ASRC_BUF_0_ADDR = 0xe000
                0x0000000000000e00                SRAM_ASRC_BUF_0_SIZE = 0xe00
                0x000000000000f000                SRAM_ASRC_BUF_1_ADDR = 0xf000
                0x0000000000000c00                SRAM_ASRC_BUF_1_SIZE = 0xc00
                0x000000000000fc00                SRAM_CARD_BUF_0_ADDR = 0xfc00
                0x0000000000000200                SRAM_CARD_BUF_0_SIZE = 0x200
                0x000000000000fe00                SRAM_CARD_BUF_1_ADDR = 0xfe00
                0x0000000000000200                SRAM_CARD_BUF_1_SIZE = 0x200
                0x000000000000fc00                SRAM_CARD_FIFO_ADDR = SRAM_CARD_BUF_0_ADDR
                0x0000000000000400                SRAM_CARD_FIFO_SIZE = (SRAM_CARD_BUF_0_SIZE + SRAM_CARD_BUF_1_SIZE)
                0x000000000003c000                SRAM_PCMRAM_0_ADDR = 0x3c000
                0x0000000000001000                SRAM_PCMRAM_0_SIZE = 0x1000
                0x000000000003d000                SRAM_PCMRAM_1_ADDR = 0x3d000
                0x0000000000001000                SRAM_PCMRAM_1_SIZE = 0x1000
                0x000000000003e000                SRAM_PCMRAM_2_ADDR = 0x3e000
                0x0000000000001000                SRAM_PCMRAM_2_SIZE = 0x1000
                0x000000000003c000                SRAM_PCMRAM_H5_FIFO_ADDR = SRAM_PCMRAM_0_ADDR
                0x0000000000001000                SRAM_PCMRAM_H5_FIFO_SIZE = SRAM_PCMRAM_0_SIZE
                0x000000000003d000                SRAM_PCMRAM_PCMFIFO_ADDR = SRAM_PCMRAM_1_ADDR
                0x0000000000002000                SRAM_PCMRAM_FIFO_SIZE = (SRAM_PCMRAM_1_SIZE + SRAM_PCMRAM_2_SIZE)
                0x000000000003f000                SRAM_URAM_0_ADDR = 0x3f000
                0x0000000000000800                SRAM_URAM_0_SIZE = 0x800
                0x000000000003f800                SRAM_URAM_1_ADDR = 0x3f800
                0x0000000000000800                SRAM_URAM_1_SIZE = 0x800
                0x000000000003f000                SRAM_URAM_UDISK_FIFO_ADDR = SRAM_URAM_0_ADDR
                0x0000000000001000                SRAM_URAM_UDISK_FIFO_SIZE = (SRAM_URAM_0_SIZE + SRAM_URAM_1_SIZE)
                0x000000000003f800                SRAM_URAM_UHOST_FIFO_ADDR = SRAM_URAM_1_ADDR
                0x0000000000000800                SRAM_URAM_UHOST_FIFO_SIZE = SRAM_URAM_1_SIZE
                0x0000000000026800                SRAM_AP_BANK_FRONT_ENHANCED_1_ADDR = SRAM_AP_BANK_BACK_CONTROL_ADDR
                0x0000000000000800                SRAM_AP_BANK_FRONT_ENHANCED_1_SIZE = 0x800
                0x0000000000000000                SRAM_AP_BANK_FRONT_ENHANCED_2_ADDR = 0x0
                0x0000000000000000                SRAM_AP_BANK_FRONT_ENHANCED_2_SIZE = 0x0
                0x0000000000021e00                SRAM_AP_BANK_BACK_ENHANCED_1_ADDR = SRAM_AP_BANK_BACK_BASAL_ADDR
                0x0000000000000600                SRAM_AP_BANK_BACK_ENHANCED_1_SIZE = SRAM_AP_BANK_BACK_BASAL_SIZE
                0x0000000000028a00                SRAM_AP_BANK_BACK_ENHANCED_2_ADDR = 0x28a00
                0x0000000000000600                SRAM_AP_BANK_BACK_ENHANCED_2_SIZE = 0x600
                0x0000000000000000                SRAM_AP_BANK_FRONT_CODEC_ADDR = 0x0
                0x0000000000000000                SRAM_AP_BANK_FRONT_CODEC_SIZE = 0x0
                0x000000000003b800                SRAM_TTS_DRV_RCODE_ADDR = 0x3b800
                0x0000000000000800                SRAM_TTS_DRV_RCODE_SIZE = 0x800
                0x0000000000019580                SRAM_FM_ENG_RDATA_ADDR = SRAM_AP_BACK_DATA_ADDR
                0x0000000000000200                SRAM_FM_ENG_RDATA_SIZE = 0x200
                0x0000000000016c00                SRAM_FM_DRV_RCODE_ADDR = SRAM_FS_RCODE_ADDR
                0x0000000000000800                SRAM_FM_DRV_RCODE_SIZE = 0x800
                0x0000000000019780                SRAM_FM_DRV_RDATA_ADDR = (SRAM_FM_ENG_RDATA_ADDR + SRAM_FM_ENG_RDATA_SIZE)
                0x0000000000000200                SRAM_FM_DRV_RDATA_SIZE = (SRAM_AP_BACK_DATA_SIZE - SRAM_FM_ENG_RDATA_SIZE)
                0x0000000000021800                SRAM_AP_USB_DEVICE_RCODE_ADDR = 0x21800
                0x0000000000004000                SRAM_AP_USB_DEVICE_RCODE_SIZE = SRAM_AP_BANK_BACK_AL_1_SIZE
                0x0000000000040000                SRAM_INVALID_RCODE_ADDR = 0x40000
                0x000000000001e900                SRAM_TEXT_ADDR = SRAM_AP_FRONT_RCODE_ADDR
                0x0000000000019980                SRAM_DATA_ADDR = SRAM_AP_FRONT_DATA_ADDR
                0x00000000bfc1e900                RCODE_TEXT_ADDR = (RCODE_ADDR_BASE + SRAM_TEXT_ADDR)
                0x00000000bfc10500                RCODE_TEXT1_ADDR = (RCODE_ADDR_BASE + SRAM_COMMON_BT_MANAGER_RCODE)
                0x000000009fc19980                RDATA_DATA_ADDR = (RDATA_ADDR_BASE + SRAM_DATA_ADDR)
                0x00000000bfc16400                RCODE_TEXT2_ADDR = (RCODE_ADDR_BASE + SRAM_BT_UART_BUF_ADDR)
                0x0000000000000800                RCODE_TEXT2_SIZE = SRAM_BT_UART_BUF_SIZE
                0x000000009fc1a080                APPLIB_GLOBAL_DATA_ADDR = (RDATA_ADDR_BASE + SRAM_APPLIB_GLOBAL_DATA_ADDR)
                0x000000009fc1a0c0                APPLIB_DATA_ADDR = (RDATA_ADDR_BASE + SRAM_APPLIB_DATA_ADDR)
                0x000000009fc26000                RCP_COMMAND_BUFFER_ADDR = (RDATA_ADDR_BASE + SRAM_AP_RCP_COMMAND_BUFFER_ADDR)
                0x000000009fc1a2c0                BSMANAGER_DATA_ADDR = (RDATA_ADDR_BASE + SRAM_BTMANAGER_DATA_ADDR)
                0x0000000000000040                APPLIB_GLOBAL_DATA_SIZE = SRAM_APPLIB_GLOBAL_DATA_SIZE
                0x0000000000000200                APPLIB_DATA_SIZE = SRAM_APPLIB_DATA_SIZE
                0x0000000000000140                BTMANAGER_DATA_SIZE = SRAM_BTMANAGER_DATA_SIZE
                0x0000000040020200                BANK_CONTROL_1_ADDR_BASE = ((AP_BANK_FRONT_CONTROL_1 << 0x18) + SRAM_AP_BANK_FRONT_CONTROL_ADDR)
                0x0000000048025800                BANK_UI_1_ADDR_BASE = ((AP_BANK_FRONT_UI_1 << 0x18) + SRAM_AP_BANK_FRONT_UI_ADDR)
                0x0000000000000800                BANK_CONTROL_SIZE = SRAM_AP_BANK_FRONT_CONTROL_SIZE
                0x0000000000000800                BANK_UI_SIZE = SRAM_AP_BANK_FRONT_UI_SIZE
                0x0000000000040000                AP_BANK_SPACE = BANK_SPACE

.text1          0x00000000bfc10500      0xa68
 bt_common_manager_deal.o(.rcode)
 .rcode         0x00000000bfc10500      0x530 ./../../lib/bt_common_manager_deal.o
                0x00000000bfc10911                com_btmanager_loop
                0x00000000bfc108bd                com_btmanager_sniff_handle
                0x00000000bfc1053d                check_a2dp_status
                0x00000000bfc1074d                com_btmanager_hfp_handle
                0x00000000bfc107d1                com_btmanager_battery_handle
                0x00000000bfc10885                check_sniff_status
                0x00000000bfc105b1                com_btmanager_discoverable_handle
                0x00000000bfc1063d                com_btmanager_mod_change
                0x00000000bfc10675                com_btmanager_a2dp_handle
                0x00000000bfc10501                get_bt_stack_info
 common_rcp_dispatch.o(.rcode)
 .rcode         0x00000000bfc10a30      0x100 ./../../lib/common_rcp_dispatch.o
                0x00000000bfc10a31                com_rcp_dispatch
 common_rcp_dispatch_block.o(.rcode)
 .rcode         0x00000000bfc10b30       0xb8 ./../../lib/common_rcp_dispatch_block.o
                0x00000000bfc10b31                com_check_valid_rcp
                0x00000000bfc10b6d                com_rcp_cmd_dispatch
 common_rcp_dispatch_misc.o(.rcode)
 .rcode         0x00000000bfc10be8       0x18 ./../../lib/common_rcp_dispatch_misc.o
                0x00000000bfc10be9                com_rcp_cmd_dispatch_before_hook
 common_rcp_func.o(.rcode)
 .rcode         0x00000000bfc10c00      0x188 ./../../lib/common_rcp_func.o
                0x00000000bfc10c01                com_get_com_info
                0x00000000bfc10d65                com_get_global_rcp_info
 bt_common_sppble.o(.rcode)
 .rcode         0x00000000bfc10d88      0x114 ./../../lib/bt_common_sppble.o
                0x00000000bfc10df1                com_btmanager_sppble_read
                0x00000000bfc10d89                com_btmanager_sppble_copy_rcp
 message_bank_send_btmanager.o(.text .rodata .xdata)
 .text          0x00000000bfc10e9c       0xb4 ./../../lib/message_bank_send_btmanager.o
                0x00000000bfc10e9d                send_sync_msg_btmanager
 common_alexa.o(.linkplay.const)
 .linkplay.const
                0x00000000bfc10f50       0x18 ./../../lib/common_alexa.o
                0x00000000bfc10f50                g_lp_func_cb
OUTPUT(radio.exe elf32-tradlittlemips)
                0x000000009fc1a080                . = APPLIB_GLOBAL_DATA_ADDR

APPLIB_GLOBAL_DATA
                0x000000009fc1a080       0x40
 applib_globe_data.o(.applib_globe_data.g_app_info_vector)
 .applib_globe_data.g_app_info_vector
                0x000000009fc1a080       0x10 ./../../lib/applib_globe_data.o
                0x000000009fc1a080                g_app_info_vector
                0x000000009fc1a090                . = 0x10
 applib_globe_data.o(.applib_globe_data.config_fp)
 .applib_globe_data.config_fp
                0x000000009fc1a090        0x4 ./../../lib/applib_globe_data.o
                0x000000009fc1a090                config_fp
                0x000000009fc1a094                . = 0x14
 applib_globe_data.o(.applib_globe_data.g_app_info_state_all)
 .applib_globe_data.g_app_info_state_all
                0x000000009fc1a094       0x24 ./../../lib/applib_globe_data.o
                0x000000009fc1a0b4                g_neednot_tts_play_timeout1
                0x000000009fc1a094                g_app_info_state_all
                0x000000009fc1a0b0                g_customer_state
                0x0000000000000040                . = APPLIB_GLOBAL_DATA_SIZE
 *fill*         0x000000009fc1a0b8        0x8 00
 *fill*         0x000000009fc1a0c0        0x0 00
                0x000000009fc1a0c0                . = APPLIB_DATA_ADDR

APPLIB_DATA     0x000000009fc1a0c0      0x200
 applib_globe_data_com.o(.g_app_info_state)
 .g_app_info_state
                0x000000009fc1a0c0       0x18 ./../../lib/applib_globe_data_com.o
                0x000000009fc1a0c0                g_app_info_state
 applib_globe_data_com.o(.gl_rcp_buffer)
 .gl_rcp_buffer
                0x000000009fc1a0d8        0x4 ./../../lib/applib_globe_data_com.o
                0x000000009fc1a0d8                g_rcp_default_long_buffer
 applib_globe_data_com.o(.gl_com_data)
 .gl_com_data   0x000000009fc1a0dc       0xe0 ./../../lib/applib_globe_data_com.o
                0x000000009fc1a188                g_OTA_var
                0x000000009fc1a0dc                g_sys_counter
                0x000000009fc1a0e8                g_buffer_gui_msg
                0x000000009fc1a0f0                g_buffer_app_msg
                0x000000009fc1a100                g_com_app_timer_vct
                0x000000009fc1a18c                g_ap_switch_var
                0x000000009fc1a185                g_discrete_led_a23_available
                0x000000009fc1a1b0                g_config_var
                0x000000009fc1a184                g_rcp_ctrl_quit_flag
                0x000000009fc1a1b8                g_esd_cardreader_flag
                0x000000009fc1a180                g_app_last_state
 message_key_deal.o(.gl_key_data)
 .gl_key_data   0x000000009fc1a1bc       0x28 ./../../lib/message_key_deal.o
                0x000000009fc1a1bc                g_key_infor
                0x000000009fc1a1e0                g_key_hold
 common_tts.o(.gl_tts_data)
 .gl_tts_data   0x000000009fc1a1e4       0x40 ./../../lib/common_tts.o
                0x000000009fc1a1e4                g_tts_play_info
 common_keytone_play.o(.gl_kt_data)
 .gl_kt_data    0x000000009fc1a224        0xc ./../../lib/common_keytone_play.o
                0x000000009fc1a224                g_keytone_infor
[...]
 .comment       0x0000000000000d9b       0x2b ./../../lib/common_discrete_led.o
 .comment       0x0000000000000dc6       0x2b ./../../lib/common_speaker_control.o
 .comment       0x0000000000000df1       0x2b ./../../lib/common_standby.o
 .comment       0x0000000000000e1c       0x2b ./../../lib/time_alarm_clock.o
 .comment       0x0000000000000e47       0x2b ./../../lib/time_alarm_rcp_deal.o
 .comment       0x0000000000000e72       0x2b ./../../lib/time_alarm_rcp_deal_ring.o
 .comment       0x0000000000000e9d       0x2b ./../../lib/time_alarm_set_calendar.o
 .comment       0x0000000000000ec8       0x2b ./../../lib/time_alarm_set_calendar_sub.o
 .comment       0x0000000000000ef3       0x2b ./../../lib/time_alarm_set_alarm.o
 .comment       0x0000000000000f1e       0x2b ./../../lib/time_alarm_set_alarm_sub.o
 .comment       0x0000000000000f49       0x2b ./../../lib/time_alarm_alarm_ring.o
 .comment       0x0000000000000f74       0x2b ./../../lib/time_alarm_alarm_record.o
 .comment       0x0000000000000f9f       0x2b ./../../lib/common_view_key_event.o
 .comment       0x0000000000000fca       0x2b ./../../lib/common_sys_deal.o
 .comment       0x0000000000000ff5       0x2b ./../../lib/common_view_sys_event.o
 .comment       0x0000000000001020       0x2b ./../../lib/bt_common_autoconnect.o
 .comment       0x000000000000104b       0x2b ./../../lib/bt_common_manager_misc.o
 .comment       0x0000000000001076       0x2b ./../../lib/bt_common_avrcp.o
 .comment       0x00000000000010a1       0x2b ./../../lib/bt_common_hfp.o
 .comment       0x00000000000010cc       0x2b ./../../lib/bt_common_gen_addr.o
 .comment       0x00000000000010f7       0x2b ./../../lib/app_timer_bank.o
 .comment       0x0000000000001122       0x2b ./../../lib/sys_timer.o
 .comment       0x000000000000114d       0x2b ./../../lib/app_timer_bank_single.o
 .comment       0x0000000000001178       0x2b ./../../lib/common_stub_switch.o
 .comment       0x00000000000011a3       0x2b ./../../lib/common_seteq.o
 .comment       0x00000000000011ce       0x2b ./../../lib/common_setdae_init.o
 .comment       0x00000000000011f9       0x2b ./../../lib/Ota_rcp_s_cmd_deal.o
 .comment       0x0000000000001224       0x2b ./../../lib/Ota_rcp_q_cmd_deal.o
 .comment       0x000000000000124f       0x2b ./../../lib/Ota_rcp_reboot_cmd.o
 .comment       0x000000000000127a       0x2b ./../../lib/common_volume.o
 .comment       0x00000000000012a5       0x2b ./../../lib/common_waves_dae.o

.debug_abbrev   0x0000000000000000     0x2b0c
 .debug_abbrev  0x0000000000000000      0x1c7 ./obj/radio_rcode.o
 .debug_abbrev  0x00000000000001c7      0x141 ./obj/radio_global_data.o
 .debug_abbrev  0x0000000000000308      0x182 ./obj/radio_rcp_deal.o
 .debug_abbrev  0x000000000000048a      0x22e ./obj/radio_playing_keydeal.o
 .debug_abbrev  0x00000000000006b8      0x1a6 ./obj/radio_view_digit.o
 .debug_abbrev  0x000000000000085e      0x191 ./obj/radio_view_hard_search.o
 .debug_abbrev  0x00000000000009ef      0x24d ./obj/radio_main.o
 .debug_abbrev  0x0000000000000c3c      0x124 ./obj/radio_set_funcs.o
 .debug_abbrev  0x0000000000000d60      0x108 ./obj/radio_control.o
 .debug_abbrev  0x0000000000000e68       0xde ./obj/radio_scene_playing_deal.o
 .debug_abbrev  0x0000000000000f46      0x17b ./obj/radio_view_play_search.o
 .debug_abbrev  0x00000000000010c1      0x17c ./obj/radio_view_station.o
 .debug_abbrev  0x000000000000123d      0x15d ./obj/radio_view_error.o
 .debug_abbrev  0x000000000000139a      0x165 ./obj/radio_view_soft_search.o
 .debug_abbrev  0x00000000000014ff      0x240 ./obj/radio_soft_search_deal.o
 .debug_abbrev  0x000000000000173f      0x286 ./obj/radio_hard_search_deal.o
 .debug_abbrev  0x00000000000019c5      0x1d2 ./obj/radio_scene_playing.o
 .debug_abbrev  0x0000000000001b97      0x135 ./obj/radio_auto_search_start.o
 .debug_abbrev  0x0000000000001ccc      0x14e ./obj/radio_manual_search.o
 .debug_abbrev  0x0000000000001e1a      0x287 ./../../../psp_rel/lib/asr.a(LpMain.o)
 .debug_abbrev  0x00000000000020a1      0x2b7 ./../../../psp_rel/lib/asr.a(lp_command_deal.o)
 .debug_abbrev  0x0000000000002358      0x196 ./../../../psp_rel/lib/asr.a(lp_command_parser.o)
 .debug_abbrev  0x00000000000024ee      0x196 ./../../../psp_rel/lib/asr.a(lp_smart_common.o)
 .debug_abbrev  0x0000000000002684       0xfc ./../../../psp_rel/lib/asr.a(lp_smart_secret.o)
 .debug_abbrev  0x0000000000002780      0x179 ./../../../psp_rel/lib/asr.a(sa2Controller.o)
 .debug_abbrev  0x00000000000028f9      0x213 ./../../../psp_rel/lib/asr.a(c02Controller.o)

.debug_info     0x0000000000000000    0x1842a
 .debug_info    0x0000000000000000      0x90d ./obj/radio_rcode.o
 .debug_info    0x000000000000090d     0x160d ./obj/radio_global_data.o
 .debug_info    0x0000000000001f1a      0xfa8 ./obj/radio_rcp_deal.o
 .debug_info    0x0000000000002ec2      0xea2 ./obj/radio_playing_keydeal.o
 .debug_info    0x0000000000003d64     0x131f ./obj/radio_view_digit.o
 .debug_info    0x0000000000005083     0x12ac ./obj/radio_view_hard_search.o
 .debug_info    0x000000000000632f     0x19b4 ./obj/radio_main.o
 .debug_info    0x0000000000007ce3      0x5cc ./obj/radio_set_funcs.o
 .debug_info    0x00000000000082af      0x4ef ./obj/radio_control.o
 .debug_info    0x000000000000879e      0x6a2 ./obj/radio_scene_playing_deal.o
 .debug_info    0x0000000000008e40     0x1421 ./obj/radio_view_play_search.o
 .debug_info    0x000000000000a261     0x142c ./obj/radio_view_station.o
 .debug_info    0x000000000000b68d     0x127e ./obj/radio_view_error.o
 .debug_info    0x000000000000c90b     0x128c ./obj/radio_view_soft_search.o
 .debug_info    0x000000000000db97      0xcf6 ./obj/radio_soft_search_deal.o
 .debug_info    0x000000000000e88d      0xd57 ./obj/radio_hard_search_deal.o
 .debug_info    0x000000000000f5e4     0x1859 ./obj/radio_scene_playing.o
 .debug_info    0x0000000000010e3d      0x956 ./obj/radio_auto_search_start.o
 .debug_info    0x0000000000011793      0xa78 ./obj/radio_manual_search.o
 .debug_info    0x000000000001220b     0x1b61 ./../../../psp_rel/lib/asr.a(LpMain.o)
 .debug_info    0x0000000000013d6c     0x1962 ./../../../psp_rel/lib/asr.a(lp_command_deal.o)
 .debug_info    0x00000000000156ce      0xa40 ./../../../psp_rel/lib/asr.a(lp_command_parser.o)
 .debug_info    0x000000000001610e      0xa31 ./../../../psp_rel/lib/asr.a(lp_smart_common.o)
 .debug_info    0x0000000000016b3f      0x556 ./../../../psp_rel/lib/asr.a(lp_smart_secret.o)
 .debug_info    0x0000000000017095      0x74f ./../../../psp_rel/lib/asr.a(sa2Controller.o)
 .debug_info    0x00000000000177e4      0xc46 ./../../../psp_rel/lib/asr.a(c02Controller.o)

.debug_line     0x0000000000000000     0x2c19
 .debug_line    0x0000000000000000      0x149 ./obj/radio_rcode.o
 .debug_line    0x0000000000000149      0x11d ./obj/radio_global_data.o
 .debug_line    0x0000000000000266      0x1d6 ./obj/radio_rcp_deal.o
 .debug_line    0x000000000000043c      0x2d4 ./obj/radio_playing_keydeal.o
 .debug_line    0x0000000000000710      0x12c ./obj/radio_view_digit.o
 .debug_line    0x000000000000083c      0x12c ./obj/radio_view_hard_search.o
 .debug_line    0x0000000000000968      0x24e ./obj/radio_main.o
 .debug_line    0x0000000000000bb6      0x138 ./obj/radio_set_funcs.o
 .debug_line    0x0000000000000cee       0xcb ./obj/radio_control.o
 .debug_line    0x0000000000000db9       0xdf ./obj/radio_scene_playing_deal.o
 .debug_line    0x0000000000000e98      0x13b ./obj/radio_view_play_search.o
 .debug_line    0x0000000000000fd3      0x135 ./obj/radio_view_station.o
 .debug_line    0x0000000000001108      0x106 ./obj/radio_view_error.o
 .debug_line    0x000000000000120e      0x129 ./obj/radio_view_soft_search.o
 .debug_line    0x0000000000001337      0x222 ./obj/radio_soft_search_deal.o
 .debug_line    0x0000000000001559      0x265 ./obj/radio_hard_search_deal.o
 .debug_line    0x00000000000017be      0x1f1 ./obj/radio_scene_playing.o
 .debug_line    0x00000000000019af      0x15c ./obj/radio_auto_search_start.o
 .debug_line    0x0000000000001b0b      0x152 ./obj/radio_manual_search.o
 .debug_line    0x0000000000001c5d      0x2f0 ./../../../psp_rel/lib/asr.a(LpMain.o)
 .debug_line    0x0000000000001f4d      0x3e4 ./../../../psp_rel/lib/asr.a(lp_command_deal.o)
 .debug_line    0x0000000000002331      0x1ce ./../../../psp_rel/lib/asr.a(lp_command_parser.o)
 .debug_line    0x00000000000024ff      0x187 ./../../../psp_rel/lib/asr.a(lp_smart_common.o)
 .debug_line    0x0000000000002686      0x108 ./../../../psp_rel/lib/asr.a(lp_smart_secret.o)
 .debug_line    0x000000000000278e      0x1cf ./../../../psp_rel/lib/asr.a(sa2Controller.o)
 .debug_line    0x000000000000295d      0x2bc ./../../../psp_rel/lib/asr.a(c02Controller.o)

.debug_frame    0x0000000000000000     0x14fc
 .debug_frame   0x0000000000000000       0x9c ./obj/radio_rcode.o
 .debug_frame   0x000000000000009c      0x14c ./obj/radio_rcp_deal.o
 .debug_frame   0x00000000000001e8      0x1e8 ./obj/radio_playing_keydeal.o
 .debug_frame   0x00000000000003d0       0x90 ./obj/radio_view_digit.o
 .debug_frame   0x0000000000000460       0x58 ./obj/radio_view_hard_search.o
 .debug_frame   0x00000000000004b8      0x140 ./obj/radio_main.o
 .debug_frame   0x00000000000005f8       0xac ./obj/radio_set_funcs.o
 .debug_frame   0x00000000000006a4       0x28 ./obj/radio_control.o
 .debug_frame   0x00000000000006cc       0x28 ./obj/radio_scene_playing_deal.o
 .debug_frame   0x00000000000006f4       0x48 ./obj/radio_view_play_search.o
 .debug_frame   0x000000000000073c       0x68 ./obj/radio_view_station.o
 .debug_frame   0x00000000000007a4       0x58 ./obj/radio_view_error.o
 .debug_frame   0x00000000000007fc       0x48 ./obj/radio_view_soft_search.o
 .debug_frame   0x0000000000000844       0x90 ./obj/radio_soft_search_deal.o
 .debug_frame   0x00000000000008d4       0xb8 ./obj/radio_hard_search_deal.o
 .debug_frame   0x000000000000098c       0xa0 ./obj/radio_scene_playing.o
 .debug_frame   0x0000000000000a2c       0x78 ./obj/radio_auto_search_start.o
 .debug_frame   0x0000000000000aa4       0x78 ./obj/radio_manual_search.o
 .debug_frame   0x0000000000000b1c      0x2c0 ./../../../psp_rel/lib/asr.a(LpMain.o)
 .debug_frame   0x0000000000000ddc      0x1c4 ./../../../psp_rel/lib/asr.a(lp_command_deal.o)
 .debug_frame   0x0000000000000fa0       0x88 ./../../../psp_rel/lib/asr.a(lp_command_parser.o)
 .debug_frame   0x0000000000001028      0x10c ./../../../psp_rel/lib/asr.a(lp_smart_common.o)
 .debug_frame   0x0000000000001134       0x48 ./../../../psp_rel/lib/asr.a(lp_smart_secret.o)
 .debug_frame   0x000000000000117c      0x13c ./../../../psp_rel/lib/asr.a(sa2Controller.o)
 .debug_frame   0x00000000000012b8      0x244 ./../../../psp_rel/lib/asr.a(c02Controller.o)

.debug_pubnames
                0x0000000000000000     0x16af
 .debug_pubnames
                0x0000000000000000       0xa0 ./obj/radio_rcode.o
 .debug_pubnames
                0x00000000000000a0      0x21f ./obj/radio_global_data.o
 .debug_pubnames
                0x00000000000002bf      0x176 ./obj/radio_rcp_deal.o
 .debug_pubnames
                0x0000000000000435      0x255 ./obj/radio_playing_keydeal.o
 .debug_pubnames
                0x000000000000068a       0xe4 ./obj/radio_view_digit.o
 .debug_pubnames
                0x000000000000076e       0x97 ./obj/radio_view_hard_search.o
 .debug_pubnames
                0x0000000000000805      0x110 ./obj/radio_main.o
 .debug_pubnames
                0x0000000000000915       0x9b ./obj/radio_set_funcs.o
 .debug_pubnames
                0x00000000000009b0       0x2b ./obj/radio_control.o
 .debug_pubnames
                0x00000000000009db       0x28 ./obj/radio_scene_playing_deal.o
 .debug_pubnames
                0x0000000000000a03       0x4b ./obj/radio_view_play_search.o
 .debug_pubnames
                0x0000000000000a4e       0x84 ./obj/radio_view_station.o
 .debug_pubnames
                0x0000000000000ad2       0x78 ./obj/radio_view_error.o
 .debug_pubnames
                0x0000000000000b4a       0x59 ./obj/radio_view_soft_search.o
 .debug_pubnames
                0x0000000000000ba3       0x69 ./obj/radio_soft_search_deal.o
 .debug_pubnames
                0x0000000000000c0c       0x8d ./obj/radio_hard_search_deal.o
 .debug_pubnames
                0x0000000000000c99       0x98 ./obj/radio_scene_playing.o
 .debug_pubnames
                0x0000000000000d31       0x64 ./obj/radio_auto_search_start.o
 .debug_pubnames
                0x0000000000000d95       0x6a ./obj/radio_manual_search.o
 .debug_pubnames
                0x0000000000000dff      0x2ba ./../../../psp_rel/lib/asr.a(LpMain.o)
 .debug_pubnames
                0x00000000000010b9      0x1e4 ./../../../psp_rel/lib/asr.a(lp_command_deal.o)
 .debug_pubnames
                0x000000000000129d       0x84 ./../../../psp_rel/lib/asr.a(lp_command_parser.o)
 .debug_pubnames
                0x0000000000001321      0x124 ./../../../psp_rel/lib/asr.a(lp_smart_common.o)
 .debug_pubnames
                0x0000000000001445       0x35 ./../../../psp_rel/lib/asr.a(lp_smart_secret.o)
 .debug_pubnames
                0x000000000000147a       0xf2 ./../../../psp_rel/lib/asr.a(sa2Controller.o)
 .debug_pubnames
                0x000000000000156c      0x143 ./../../../psp_rel/lib/asr.a(c02Controller.o)

.debug_aranges  0x0000000000000000      0x5e8
 .debug_aranges
                0x0000000000000000       0x20 ./obj/radio_rcode.o
 .debug_aranges
                0x0000000000000020       0x28 ./obj/radio_rcp_deal.o
 .debug_aranges
                0x0000000000000048       0x40 ./obj/radio_playing_keydeal.o
 .debug_aranges
                0x0000000000000088       0x20 ./obj/radio_view_digit.o
 .debug_aranges
                0x00000000000000a8       0x30 ./obj/radio_view_hard_search.o
 .debug_aranges
                0x00000000000000d8       0x20 ./obj/radio_main.o
 .debug_aranges
                0x00000000000000f8       0x20 ./obj/radio_set_funcs.o
 .debug_aranges
                0x0000000000000118       0x20 ./obj/radio_control.o
 .debug_aranges
                0x0000000000000138       0x20 ./obj/radio_scene_playing_deal.o
 .debug_aranges
                0x0000000000000158       0x28 ./obj/radio_view_play_search.o
 .debug_aranges
                0x0000000000000180       0x20 ./obj/radio_view_station.o
 .debug_aranges
                0x00000000000001a0       0x20 ./obj/radio_view_error.o
 .debug_aranges
                0x00000000000001c0       0x28 ./obj/radio_view_soft_search.o
 .debug_aranges
                0x00000000000001e8       0x20 ./obj/radio_soft_search_deal.o
 .debug_aranges
                0x0000000000000208       0x20 ./obj/radio_hard_search_deal.o
 .debug_aranges
                0x0000000000000228       0x20 ./obj/radio_scene_playing.o
 .debug_aranges
                0x0000000000000248       0x20 ./obj/radio_auto_search_start.o
 .debug_aranges
                0x0000000000000268       0x20 ./obj/radio_manual_search.o
 .debug_aranges
                0x0000000000000288       0xe0 ./../../../psp_rel/lib/asr.a(LpMain.o)
 .debug_aranges
                0x0000000000000368       0x90 ./../../../psp_rel/lib/asr.a(lp_command_deal.o)
 .debug_aranges
                0x00000000000003f8       0x38 ./../../../psp_rel/lib/asr.a(lp_command_parser.o)
 .debug_aranges
                0x0000000000000430       0x70 ./../../../psp_rel/lib/asr.a(lp_smart_common.o)
 .debug_aranges
                0x00000000000004a0       0x30 ./../../../psp_rel/lib/asr.a(lp_smart_secret.o)
 .debug_aranges
                0x00000000000004d0       0x70 ./../../../psp_rel/lib/asr.a(sa2Controller.o)
 .debug_aranges
                0x0000000000000540       0xa8 ./../../../psp_rel/lib/asr.a(c02Controller.o)

.debug_str      0x0000000000000000     0x652b
 .debug_str     0x0000000000000000      0x71f ./obj/radio_rcode.o
                                        0x7ad (size before relaxing)
 .debug_str     0x000000000000071f      0xf1f ./obj/radio_global_data.o
                                       0x1630 (size before relaxing)
 .debug_str     0x000000000000163e      0xa0f ./obj/radio_rcp_deal.o
                                       0x1244 (size before relaxing)
 .debug_str     0x000000000000204d      0x502 ./obj/radio_playing_keydeal.o
                                       0x126b (size before relaxing)
 .debug_str     0x000000000000254f     0x208c ./obj/radio_view_digit.o
                                       0x2e69 (size before relaxing)
 .debug_str     0x00000000000045db       0xa9 ./obj/radio_view_hard_search.o
                                       0x2e39 (size before relaxing)
 .debug_str     0x0000000000004684      0x2e6 ./obj/radio_main.o
                                       0x1d8d (size before relaxing)
 .debug_str     0x000000000000496a       0x9d ./obj/radio_set_funcs.o
                                        0x5aa (size before relaxing)
 .debug_str     0x0000000000004a07       0x25 ./obj/radio_control.o
                                        0x4e0 (size before relaxing)
 .debug_str     0x0000000000004a2c       0x2d ./obj/radio_scene_playing_deal.o
                                        0xb3b (size before relaxing)
 .debug_str     0x0000000000004a59       0x63 ./obj/radio_view_play_search.o
                                       0x2f72 (size before relaxing)
 .debug_str     0x0000000000004abc       0x77 ./obj/radio_view_station.o
                                       0x2f70 (size before relaxing)
 .debug_str     0x0000000000004b33       0x69 ./obj/radio_view_error.o
                                       0x2ddc (size before relaxing)
 .debug_str     0x0000000000004b9c       0x58 ./obj/radio_view_soft_search.o
                                       0x2e1b (size before relaxing)
 .debug_str     0x0000000000004bf4       0xff ./obj/radio_soft_search_deal.o
                                        0xf72 (size before relaxing)
 .debug_str     0x0000000000004cf3       0xae ./obj/radio_hard_search_deal.o
                                        0xf9c (size before relaxing)
 .debug_str     0x0000000000004da1      0x158 ./obj/radio_scene_playing.o
                                       0x1ce5 (size before relaxing)
 .debug_str     0x0000000000004ef9       0x87 ./obj/radio_auto_search_start.o
                                        0xd8f (size before relaxing)
 .debug_str     0x0000000000004f80       0x62 ./obj/radio_manual_search.o
                                        0xebe (size before relaxing)
 .debug_str     0x0000000000004fe2      0x87b ./../../../psp_rel/lib/asr.a(LpMain.o)
                                       0x1a19 (size before relaxing)
 .debug_str     0x000000000000585d      0x262 ./../../../psp_rel/lib/asr.a(lp_command_deal.o)
                                       0x15b1 (size before relaxing)
 .debug_str     0x0000000000005abf      0x127 ./../../../psp_rel/lib/asr.a(lp_command_parser.o)
                                        0x995 (size before relaxing)
 .debug_str     0x0000000000005be6      0x4e0 ./../../../psp_rel/lib/asr.a(lp_smart_common.o)
                                        0xa3b (size before relaxing)
 .debug_str     0x00000000000060c6       0xc1 ./../../../psp_rel/lib/asr.a(lp_smart_secret.o)
                                        0x547 (size before relaxing)
 .debug_str     0x0000000000006187      0x11a ./../../../psp_rel/lib/asr.a(sa2Controller.o)
                                        0x5c0 (size before relaxing)
 .debug_str     0x00000000000062a1      0x28a ./../../../psp_rel/lib/asr.a(c02Controller.o)
                                        0x8e3 (size before relaxing)

.debug_ranges   0x0000000000000000      0x1f0
 .debug_ranges  0x0000000000000000       0x48 ./obj/radio_soft_search_deal.o
 .debug_ranges  0x0000000000000048       0x58 ./obj/radio_hard_search_deal.o
 .debug_ranges  0x00000000000000a0      0x120 ./../../../psp_rel/lib/asr.a(lp_command_deal.o)
 .debug_ranges  0x00000000000001c0       0x30 ./../../../psp_rel/lib/asr.a(lp_command_parser.o)
