<html>
<body>
<pre>
<h1>µVision Build Log</h1>
<h2>Tool Versions:</h2>
IDE-Version: ¦ÌVision V5.23.0.0
Copyright (C) 2017 ARM Ltd and ARM Germany GmbH. All rights reserved.
License Information: li zhiqing, qing, LIC=ZB430-B55XM-8F5IE-5S6GL-0WQZD-9E2K7
 
Tool Versions:
Toolchain:       MDK-ARM Plus  Version: 5.23
Toolchain Path:  D:\Keil_ARM\ARM\ARMCC\Bin
C Compiler:      Armcc.exe V5.06 update 4 (build 422)
Assembler:       Armasm.exe V5.06 update 4 (build 422)
Linker/Locator:  ArmLink.exe V5.06 update 4 (build 422)
Library Manager: ArmAr.exe V5.06 update 4 (build 422)
Hex Converter:   FromElf.exe V5.06 update 4 (build 422)
CPU DLL:         SARMCM3.DLL V5.23
Dialog DLL:      DCM.DLL V1.15.0.0
Target DLL:      UL2CM3.DLL V1.159.7.0
Dialog DLL:      TCM.DLL V1.27.0.0
 
<h2>Project:</h2>
F:\Soft_sdk\AP80 project\SN-160W_07-P04\MDK\SN-160W.uvprojx
Project File Date:  10/17/2018

<h2>Output:</h2>
*** Using Compiler 'V5.06 update 4 (build 422)', folder: 'D:\Keil_ARM\ARM\ARMCC\Bin'
Build target 'SN_160W'
compiling startup.c...
compiling coding_key.c...
compiling dev_state_machine.c...
compiling task_bt.c...
compiling dev_detect_driver.c...
compiling task_decoder.c...
compiling line_in_control.c...
compiling task_main.c...
compiling task_audio_process.c...
compiling main.c...
compiling player_control.c...
compiling radio_control.c...
compiling usb_audio_control.c...
compiling i2s_in_control.c...
compiling idle_control.c...
compiling bt_device_cfg.c...
compiling bt_hf_control.c...
compiling recorder_control.c...
compiling bt_app_ui_callback.c...
compiling rtc_control.c...
compiling bt_play_internal_api.c...
compiling bt_app_func.c...
compiling bte2prom.c...
compiling obex_spp_proc.c...
compiling ble_app_callback.c...
compiling pcm_sync.c...
compiling ir_key.c...
compiling adc_key.c...
compiling spp_app_proc.c...
compiling iic_key.c...
compiling key.c...
compiling power_key.c...
compiling gpio_key.c...
compiling ble_app_example.c...
compiling diskio.c...
compiling filesort.c...
compiling partition.c...
compiling radio.c...
compiling presearch.c...
compiling mtk_fm_drv.c...
compiling QN8035.c...
compiling i2c.c...
compiling breakpoint.c...
compiling RDA5807.c...
compiling sys_app.c...
compiling sys_vol.c...
compiling sound_remind.c...
compiling power_management.c...
compiling browser.c...
compiling mcu_circular_buf.c...
compiling get_bootup_info.c...
compiling sw_uart.c...
compiling micro_adjust.c...
compiling retarget.c...
compiling mass_test.c...
compiling upgrade_detect.c...
compiling debug_test.c...
compiling gd_flash_drv.c...
compiling eq_params.c...
compiling seg_panel.c...
compiling seg_led_disp.c...
compiling aip1629a.c...
compiling pwm_led_display.c...
compiling wifi_bt_control.c...
compiling led_display.c...
compiling wifi_control.c...
compiling wifi_uart_com.c...
linking...
Program Size: Code=549184 RO-data=178476 RW-data=6588 ZI-data=14416  
After Build - User command #1: fromelf.exe --bin -o "F:\Soft_sdk\AP80 project\SN-160W_07-P04\MDK\output\SN_160W.axf.bin" "F:\Soft_sdk\AP80 project\SN-160W_07-P04\MDK\output\SN_160W.axf"
".\output\SN_160W.axf" - 0 Error(s), 0 Warning(s).

<h2>Collection of Component include folders:</h2>
  .\RTE\_SN_160W
  D:\Keil_ARM\ARM\PACK\ARM\CMSIS\5.0.1\Device\ARM\ARMCM3\Include

<h2>Collection of Component Files used:</h2>
Build Time Elapsed:  00:00:14
</pre>
</body>
</html>
